--------- beginning of system
03-19 06:12:57.208 I/chatty  (13688): uid=10279(com.cleanmaster.mguard) AsyncTask #3 expire 67 lines
03-19 06:13:19.062 I/chatty  (17992): uid=1000(system) Binder_3 expire 18 lines
03-19 06:14:10.271 I/chatty  (13688): uid=10279(com.cleanmaster.mguard) AsyncTask #3 expire 3 lines
03-19 06:14:40.934 I/chatty  (13688): uid=10279(com.cleanmaster.mguard) AsyncTask #3 expire 2 lines
03-19 06:15:34.414 I/chatty  (13688): uid=10279(com.cleanmaster.mguard) AsyncTask #3 expire 1 line
03-19 06:15:57.141 I/chatty  (13688): uid=10279(com.cleanmaster.mguard) AsyncTask #3 expire 6 lines
03-19 06:16:38.081 W/SocketClient(17774): write error (Broken pipe)
03-19 06:16:45.850 I/chatty  (17992): uid=1000(system) Binder_D expire 18 lines
03-19 06:16:45.920 I/chatty  (17992): uid=1000(system) Binder_A expire 28 lines
03-19 06:16:46.297 I/chatty  (13688): uid=10279(com.cleanmaster.mguard) AsyncTask #3 expire 153 lines
03-19 06:17:13.720 I/chatty  (17992): uid=1000(system) Binder_1 expire 10 lines
03-19 06:17:32.587 I/chatty  (17992): uid=1000(system) Binder_2 expire 28 lines
03-19 06:17:36.332 I/chatty  (17992): uid=1000(system) WifiService expire 13 lines
03-19 06:17:48.691 I/chatty  (17992): uid=1000(system) ActivityManager expire 13 lines
03-19 06:17:55.658 I/chatty  (17992): uid=1000(system) Binder_E expire 23 lines
03-19 06:18:03.601 I/chatty  (13688): uid=10279(com.cleanmaster.mguard) AsyncTask #3 expire 3 lines
--------- beginning of main
03-19 07:44:24.108 D/AndroidRuntime(16423): >>>>>> START com.android.internal.os.RuntimeInit uid 2000 <<<<<<
03-19 07:44:24.113 D/AndroidRuntime(16423): CheckJNI is OFF
03-19 07:44:24.158 D/ICU     (16423): No timezone override file found: /data/misc/zoneinfo/current/icu/icu_tzdata.dat
03-19 07:44:24.222 I/Radio-JNI(16423): register_android_hardware_Radio DONE
03-19 07:44:24.248 D/AndroidRuntime(16423): Calling main entry com.android.commands.pm.Pm
03-19 07:44:24.284 I/art     (16423): System.exit called, status: 0
03-19 07:44:24.284 I/AndroidRuntime(16423): VM exiting with result code 0.
03-19 07:44:25.019 D/AndroidRuntime(16446): >>>>>> START com.android.internal.os.RuntimeInit uid 2000 <<<<<<
03-19 07:44:25.024 D/AndroidRuntime(16446): CheckJNI is OFF
03-19 07:44:25.068 D/ICU     (16446): No timezone override file found: /data/misc/zoneinfo/current/icu/icu_tzdata.dat
03-19 07:44:25.113 I/Radio-JNI(16446): register_android_hardware_Radio DONE
03-19 07:44:25.140 D/AndroidRuntime(16446): Calling main entry com.android.commands.pm.Pm
03-19 07:44:25.146 I/ActivityManager(17992): Force stopping com.ksmobile.launcher appid=10281 user=-1: uninstall pkg
03-19 07:44:25.146 I/ActivityManager(17992): Killing 12590:com.ksmobile.launcher:service/u0a281 (adj 11): stop com.ksmobile.launcher
03-19 07:44:25.158 I/base_log(13762): [BugReport]/ mainCode : 2001, subCode : 124, reportInfo : web_socket NetworkType : 1, ScreenOn : true,  No.0 sendHeartBeatMessage : header {
03-19 07:44:25.158 I/base_log(13762):   version: 1
03-19 07:44:25.158 I/base_log(13762):   type: kHeartbeat
03-19 07:44:25.158 I/base_log(13762): }
03-19 07:44:25.158 I/base_log(13762): ， count : 1
03-19 07:44:25.166 W/KInfoc  (13762): The data section count is not equal! table:kewl_bug_probe, count in format:3, count in data:5.
03-19 07:44:25.172 I/base_log(13762): [web_socket]/ NetworkType : 1, ScreenOn : true,  No.0 scheduleHeartBeat, heartbeat interval : 280
03-19 07:44:25.211 D/ActivityManager(17992): cleanUpApplicationRecord -- 12590
03-19 07:44:25.211 I/ActivityManager(17992): Killing 13623:com.ksmobile.launcher:wallpaper/u0a281 (adj 9): stop com.ksmobile.launcher
03-19 07:44:25.228 W/KInfoc  (13762): The data section count is not equal! table:kewl_bug_probe, count in format:3, count in data:5.
03-19 07:44:25.230 I/base_log(13762): [BugReport]/ mainCode : 2001, subCode : 124, reportInfo : web_socket NetworkType : 1, ScreenOn : true,  No.1 sendHeartBeatMessage : header {
03-19 07:44:25.230 I/base_log(13762):   version: 1
03-19 07:44:25.230 I/base_log(13762):   type: kHeartbeat
03-19 07:44:25.230 I/base_log(13762): }
03-19 07:44:25.230 I/base_log(13762): ， count : 1
03-19 07:44:25.233 I/base_log(13762): [web_socket]/ NetworkType : 1, ScreenOn : true,  No.1 scheduleHeartBeat, heartbeat interval : 280
03-19 07:44:25.258 D/GraphicsStats(17992): Buffer count: 7
03-19 07:44:25.262 I/PackageManager(17992): Removing old permission: com.ksmobile.launcher.permission.C2D_MESSAGE from package com.ksmobile.launcher
03-19 07:44:25.278 E/SQLiteLog(12246): (1032) statement aborts at 14: [INSERT INTO events(eventcrc,eventretrycount,eventtimestamp,event,inflight,tenanttoken,priority,clockcorrectionenabled) VALUES (?,?,?,?,?,?,?,?)] 
03-19 07:44:25.285 D/ConnectivityService(17992): notifyType CAP_CHANGED for NetworkAgentInfo [WIFI () - 101]
03-19 07:44:25.318 V/default_launcher(12246): checking defaut launcher....
03-19 07:44:25.371 D/ActivityManager(17992): cleanUpApplicationRecord -- 13623
03-19 07:44:25.372 I/ActivityManager(17992): Killing 12246:com.ksmobile.launcher/u0a281 (adj 0): stop com.ksmobile.launcher
03-19 07:44:25.430 I/base_log(13762): [web_socket]/ NetworkType : 1, ScreenOn : true,  No.0 kHeartbeat, count : 1
03-19 07:44:25.433 I/art     (17992): Starting a blocking GC Explicit
03-19 07:44:25.459 D/WifiService(17992): Client connection lost with reason: 4
03-19 07:44:25.459 I/WindowState(17992): WIN DEATH: Window{c3250d6 u0 com.ksmobile.launcher/com.ksmobile.launcher.insertpage.AdMobAdMainActivity}
03-19 07:44:25.460 D/ConnectivityService(17992): ConnectivityService NetworkRequestInfo binderDied(NetworkRequest [ id=152, legacyType=-1, [ Capabilities: INTERNET&NOT_RESTRICTED&TRUSTED] ], android.os.BinderProxy@8511599)
03-19 07:44:25.460 D/ConnectivityService(17992): releasing NetworkRequest NetworkRequest [ id=152, legacyType=-1, [ Capabilities: INTERNET&NOT_RESTRICTED&TRUSTED] ]
03-19 07:44:25.461 D/GraphicsStats(17992): Buffer count: 6
03-19 07:44:25.462 E/ConnectivityService(17992): RemoteException caught trying to send a callback msg for NetworkRequest [ id=152, legacyType=-1, [ Capabilities: INTERNET&NOT_RESTRICTED&TRUSTED] ]
03-19 07:44:25.462 D/ConnectivityService(17992): ConnectivityService NetworkRequestInfo binderDied(NetworkRequest [ id=151, legacyType=-1, [ Capabilities: INTERNET&NOT_RESTRICTED&TRUSTED] ], android.os.BinderProxy@c71005e)
03-19 07:44:25.462 D/ConnectivityService(17992): releasing NetworkRequest NetworkRequest [ id=151, legacyType=-1, [ Capabilities: INTERNET&NOT_RESTRICTED&TRUSTED] ]
03-19 07:44:25.462 E/ConnectivityService(17992): RemoteException caught trying to send a callback msg for NetworkRequest [ id=151, legacyType=-1, [ Capabilities: INTERNET&NOT_RESTRICTED&TRUSTED] ]
03-19 07:44:25.471 I/WindowState(17992): WIN DEATH: Window{1c63d0c u0 com.ksmobile.launcher/com.ksmobile.launcher.Launcher}
03-19 07:44:25.471 W/WindowManager(17992): Force-removing child win Window{edfc3f u0 SurfaceView} from container Window{1c63d0c u0 com.ksmobile.launcher/com.ksmobile.launcher.Launcher}
03-19 07:44:25.490 W/WindowManager(17992): Failed looking up window
03-19 07:44:25.490 W/WindowManager(17992): java.lang.IllegalArgumentException: Requested window android.os.BinderProxy@7a6174b does not exist
03-19 07:44:25.490 W/WindowManager(17992): 	at com.android.server.wm.WindowManagerService.windowForClientLocked(WindowManagerService.java:8743)
03-19 07:44:25.490 W/WindowManager(17992): 	at com.android.server.wm.WindowManagerService.windowForClientLocked(WindowManagerService.java:8734)
03-19 07:44:25.490 W/WindowManager(17992): 	at com.android.server.wm.WindowState$DeathRecipient.binderDied(WindowState.java:1209)
03-19 07:44:25.490 W/WindowManager(17992): 	at android.os.BinderProxy.sendDeathNotice(Binder.java:558)
03-19 07:44:25.490 I/WindowState(17992): WIN DEATH: null
03-19 07:44:25.495 I/base_log(13762): [web_socket]/ NetworkType : 1, ScreenOn : true,  No.1 kHeartbeat, count : 1
03-19 07:44:25.540 I/art     (17992): Explicit concurrent mark sweep GC freed 34039(1916KB) AllocSpace objects, 6(136KB) LOS objects, 31% free, 34MB/50MB, paused 1.498ms total 106.239ms
03-19 07:44:25.549 W/PackageManager(17992): Couldn't remove dex file for package:  at location /data/app/com.ksmobile.launcher-1/base.apk, retcode=-1
03-19 07:44:25.552 I/art     (16446): System.exit called, status: 0
03-19 07:44:25.552 I/AndroidRuntime(16446): VM exiting with result code 0.
03-19 07:44:25.580 E/libprocessgroup(17992): failed to kill 1 processes for processgroup 12246
03-19 07:44:25.580 D/ActivityManager(17992): cleanUpApplicationRecord -- 12246
03-19 07:44:25.581 W/ActivityManager(17992): Scheduling restart of crashed service com.ksmobile.launcher/com.ksmobile.infoc.userbehavior.UserBehaviorLogService in 1000ms
03-19 07:44:25.586 W/ActivityManager(17992): Failed trying to unstop package com.ksmobile.launcher: java.lang.IllegalArgumentException: Unknown package: com.ksmobile.launcher
03-19 07:44:25.586 W/PackageManager(17992): Package com.ksmobile.launcher is missing; assuming frozen
03-19 07:44:25.595 E/ActivityManager(17992): Failure starting process com.ksmobile.launcher
03-19 07:44:25.595 E/ActivityManager(17992): java.lang.RuntimeException: Package com.ksmobile.launcher is frozen!
03-19 07:44:25.595 E/ActivityManager(17992): 	at com.android.server.am.ActivityManagerService.startProcessLocked(ActivityManagerService.java:3273)
03-19 07:44:25.595 E/ActivityManager(17992): 	at com.android.server.am.ActivityManagerService.startProcessLocked(ActivityManagerService.java:3232)
03-19 07:44:25.595 E/ActivityManager(17992): 	at com.android.server.am.ActivityManagerService.startProcessLocked(ActivityManagerService.java:3111)
03-19 07:44:25.595 E/ActivityManager(17992): 	at com.android.server.am.ActivityStackSupervisor.startSpecificActivityLocked(ActivityStackSupervisor.java:1395)
03-19 07:44:25.595 E/ActivityManager(17992): 	at com.android.server.am.ActivityStack.resumeTopActivityInnerLocked(ActivityStack.java:2007)
03-19 07:44:25.595 E/ActivityManager(17992): 	at com.android.server.am.ActivityStack.resumeTopActivityLocked(ActivityStack.java:1554)
03-19 07:44:25.595 E/ActivityManager(17992): 	at com.android.server.am.ActivityStackSupervisor.resumeTopActivitiesLocked(ActivityStackSupervisor.java:2735)
03-19 07:44:25.595 E/ActivityManager(17992): 	at com.android.server.am.ActivityStackSupervisor.resumeTopActivitiesLocked(ActivityStackSupervisor.java:2724)
03-19 07:44:25.595 E/ActivityManager(17992): 	at com.android.server.am.ActivityManagerService.handleAppDiedLocked(ActivityManagerService.java:4603)
03-19 07:44:25.595 E/ActivityManager(17992): 	at com.android.server.am.ActivityManagerService.removeProcessLocked(ActivityManagerService.java:5960)
03-19 07:44:25.595 E/ActivityManager(17992): 	at com.android.server.am.ActivityManagerService.killPackageProcessesLocked(ActivityManagerService.java:5619)
03-19 07:44:25.595 E/ActivityManager(17992): 	at com.android.server.am.ActivityManagerService.forceStopPackageLocked(ActivityManagerService.java:5768)
03-19 07:44:25.595 E/ActivityManager(17992): 	at com.android.server.am.ActivityManagerService.-wrap1(ActivityManagerService.java)
03-19 07:44:25.595 E/ActivityManager(17992): 	at com.android.server.am.ActivityManagerService$MainHandler.handleMessage(ActivityManagerService.java:1731)
03-19 07:44:25.595 E/ActivityManager(17992): 	at android.os.Handler.dispatchMessage(Handler.java:102)
03-19 07:44:25.595 E/ActivityManager(17992): 	at android.os.Looper.loop(Looper.java:148)
03-19 07:44:25.595 E/ActivityManager(17992): 	at android.os.HandlerThread.run(HandlerThread.java:61)
03-19 07:44:25.595 E/ActivityManager(17992): 	at com.android.server.ServiceThread.run(ServiceThread.java:46)
03-19 07:44:25.595 I/ActivityManager(17992): Killing 12538:com.ksmobile.launcher:gcm_service/u0a281 (adj 8): stop com.ksmobile.launcher
03-19 07:44:25.701 D/ActivityManager(17992): cleanUpApplicationRecord -- 12538
03-19 07:44:25.701 W/ActivityManager(17992): Scheduling restart of crashed service com.ksmobile.launcher/.theme.pull.PullStubService in 1000ms
03-19 07:44:25.702 I/ActivityManager(17992):   Force finishing activity ActivityRecord{a45e0a u0 com.ksmobile.launcher/.insertpage.AdMobAdMainActivity t483}
03-19 07:44:25.703 W/ActivityManager(17992): Failed trying to unstop package com.ksmobile.launcher: java.lang.IllegalArgumentException: Unknown package: com.ksmobile.launcher
03-19 07:44:25.703 W/PackageManager(17992): Package com.ksmobile.launcher is missing; assuming frozen
03-19 07:44:25.708 E/ActivityManager(17992): Failure starting process com.ksmobile.launcher
03-19 07:44:25.708 E/ActivityManager(17992): java.lang.RuntimeException: Package com.ksmobile.launcher is frozen!
03-19 07:44:25.708 E/ActivityManager(17992): 	at com.android.server.am.ActivityManagerService.startProcessLocked(ActivityManagerService.java:3273)
03-19 07:44:25.708 E/ActivityManager(17992): 	at com.android.server.am.ActivityManagerService.startProcessLocked(ActivityManagerService.java:3232)
03-19 07:44:25.708 E/ActivityManager(17992): 	at com.android.server.am.ActivityManagerService.startProcessLocked(ActivityManagerService.java:3111)
03-19 07:44:25.708 E/ActivityManager(17992): 	at com.android.server.am.ActivityStackSupervisor.startSpecificActivityLocked(ActivityStackSupervisor.java:1395)
03-19 07:44:25.708 E/ActivityManager(17992): 	at com.android.server.am.ActivityStack.resumeTopActivityInnerLocked(ActivityStack.java:2007)
03-19 07:44:25.708 E/ActivityManager(17992): 	at com.android.server.am.ActivityStack.resumeTopActivityLocked(ActivityStack.java:1554)
03-19 07:44:25.708 E/ActivityManager(17992): 	at com.android.server.am.ActivityStack.resumeTopActivityLocked(ActivityStack.java:1537)
03-19 07:44:25.708 E/ActivityManager(17992): 	at com.android.server.am.ActivityStack.finishCurrentActivityLocked(ActivityStack.java:2989)
03-19 07:44:25.708 E/ActivityManager(17992): 	at com.android.server.am.ActivityStack.finishActivityLocked(ActivityStack.java:2917)
03-19 07:44:25.708 E/ActivityManager(17992): 	at com.android.server.am.ActivityStack.finishDisabledPackageActivitiesLocked(ActivityStack.java:4087)
03-19 07:44:25.708 E/ActivityManager(17992): 	at com.android.server.am.ActivityStackSupervisor.finishDisabledPackageActivitiesLocked(ActivityStackSupervisor.java:2680)
03-19 07:44:25.708 E/ActivityManager(17992): 	at com.android.server.am.ActivityManagerService.forceStopPackageLocked(ActivityManagerService.java:5772)
03-19 07:44:25.708 E/ActivityManager(17992): 	at com.android.server.am.ActivityManagerService.-wrap1(ActivityManagerService.java)
03-19 07:44:25.708 E/ActivityManager(17992): 	at com.android.server.am.ActivityManagerService$MainHandler.handleMessage(ActivityManagerService.java:1731)
03-19 07:44:25.708 E/ActivityManager(17992): 	at android.os.Handler.dispatchMessage(Handler.java:102)
03-19 07:44:25.708 E/ActivityManager(17992): 	at android.os.Looper.loop(Looper.java:148)
03-19 07:44:25.708 E/ActivityManager(17992): 	at android.os.HandlerThread.run(HandlerThread.java:61)
03-19 07:44:25.708 E/ActivityManager(17992): 	at com.android.server.ServiceThread.run(ServiceThread.java:46)
03-19 07:44:25.708 I/ActivityManager(17992):   Force finishing activity ActivityRecord{127f1aa u0 com.ksmobile.launcher/.Launcher t482}
03-19 07:44:25.712 I/ActivityManager(17992):   Force stopping service ServiceRecord{226b9fd u0 com.ksmobile.launcher/.theme.pull.PullStubService}
03-19 07:44:25.717 W/ActivityManager(17992): Spurious death for ProcessRecord{3e80504 0:com.ksmobile.launcher:wallpaper/u0a281}, curProc for 13623: null
03-19 07:44:25.718 E/ActivityManager(17992): Service done with onDestroy, but not inDestroying: ServiceRecord{f05c5f2 u0 com.ksmobile.launcher/.SettingService}
03-19 07:44:25.718 E/ActivityManager(17992): android.util.Log$TerribleFailure: Service done with onDestroy, but not inDestroying: ServiceRecord{f05c5f2 u0 com.ksmobile.launcher/.SettingService}
03-19 07:44:25.718 E/ActivityManager(17992): 	at android.util.Log.wtf(Log.java:291)
03-19 07:44:25.718 E/ActivityManager(17992): 	at android.util.Slog.wtfStack(Slog.java:98)
03-19 07:44:25.718 E/ActivityManager(17992): 	at com.android.server.am.ActiveServices.serviceDoneExecutingLocked(ActiveServices.java:1953)
03-19 07:44:25.718 E/ActivityManager(17992): 	at com.android.server.am.ActivityManagerService.serviceDoneExecuting(ActivityManagerService.java:16048)
03-19 07:44:25.718 E/ActivityManager(17992): 	at android.app.ActivityManagerNative.onTransact(ActivityManagerNative.java:1028)
03-19 07:44:25.718 E/ActivityManager(17992): 	at com.android.server.am.ActivityManagerService.onTransact(ActivityManagerService.java:2484)
03-19 07:44:25.718 E/ActivityManager(17992): 	at android.os.Binder.execTransact(Binder.java:453)
03-19 07:44:25.719 E/ActivityManager(17992): Service done with onDestroy, but not inDestroying: ServiceRecord{36d859e u0 com.ksmobile.launcher/.theme.ThemeService}
03-19 07:44:25.719 E/ActivityManager(17992): android.util.Log$TerribleFailure: Service done with onDestroy, but not inDestroying: ServiceRecord{36d859e u0 com.ksmobile.launcher/.theme.ThemeService}
03-19 07:44:25.719 E/ActivityManager(17992): 	at android.util.Log.wtf(Log.java:291)
03-19 07:44:25.719 E/ActivityManager(17992): 	at android.util.Slog.wtfStack(Slog.java:98)
03-19 07:44:25.719 E/ActivityManager(17992): 	at com.android.server.am.ActiveServices.serviceDoneExecutingLocked(ActiveServices.java:1953)
03-19 07:44:25.719 E/ActivityManager(17992): 	at com.android.server.am.ActivityManagerService.serviceDoneExecuting(ActivityManagerService.java:16048)
03-19 07:44:25.719 E/ActivityManager(17992): 	at android.app.ActivityManagerNative.onTransact(ActivityManagerNative.java:1028)
03-19 07:44:25.719 E/ActivityManager(17992): 	at com.android.server.am.ActivityManagerService.onTransact(ActivityManagerService.java:2484)
03-19 07:44:25.719 E/ActivityManager(17992): 	at android.os.Binder.execTransact(Binder.java:453)
03-19 07:44:25.719 W/ResourceType(17992): No known package when getting value for resource number 0x7f090078
03-19 07:44:25.727 W/ActivityManager(17992): Spurious death for ProcessRecord{803f4a7 0:com.ksmobile.launcher:service/u0a281}, curProc for 12590: null
03-19 07:44:25.727 W/ActivityManager(17992): Spurious death for ProcessRecord{2cb86c7 0:com.ksmobile.launcher:gcm_service/u0a281}, curProc for 12538: null
03-19 07:44:25.728 W/ActivityManager(17992): Spurious death for ProcessRecord{14ac29f 0:com.ksmobile.launcher/u0a281}, curProc for 12246: null
03-19 07:44:25.732 I/ActivityManager(17992): Force stopping com.ksmobile.launcher appid=10281 user=0: pkg removed
03-19 07:44:25.756 W/ResourceType(17992): No known package when getting value for resource number 0x7f0202ac
03-19 07:44:25.777 W/WindowManager(17992): Token{d1fe19b ActivityRecord{127f1aa u0 com.ksmobile.launcher/.Launcher t482 f}} failed creating starting window
03-19 07:44:25.777 W/WindowManager(17992): android.content.res.Resources$NotFoundException: Resource ID #0x7f0202ac
03-19 07:44:25.777 W/WindowManager(17992): 	at android.content.res.Resources.getValue(Resources.java:1351)
03-19 07:44:25.777 W/WindowManager(17992): 	at android.content.res.Resources.getDrawable(Resources.java:804)
03-19 07:44:25.777 W/WindowManager(17992): 	at android.content.Context.getDrawable(Context.java:458)
03-19 07:44:25.777 W/WindowManager(17992): 	at com.android.internal.widget.ToolbarWidgetWrapper.setIcon(ToolbarWidgetWrapper.java:322)
03-19 07:44:25.777 W/WindowManager(17992): 	at com.android.internal.widget.ActionBarOverlayLayout.setIcon(ActionBarOverlayLayout.java:737)
03-19 07:44:25.777 W/WindowManager(17992): 	at com.android.internal.policy.PhoneWindow.installDecor(PhoneWindow.java:4007)
03-19 07:44:25.777 W/WindowManager(17992): 	at com.android.internal.policy.PhoneWindow.getDecorView(PhoneWindow.java:1969)
03-19 07:44:25.777 W/WindowManager(17992): 	at com.android.server.policy.PhoneWindowManager.addStartingWindow(PhoneWindowManager.java:2351)
03-19 07:44:25.777 W/WindowManager(17992): 	at com.android.server.wm.WindowManagerService$H.handleMessage(WindowManagerService.java:7850)
03-19 07:44:25.777 W/WindowManager(17992): 	at android.os.Handler.dispatchMessage(Handler.java:102)
03-19 07:44:25.777 W/WindowManager(17992): 	at android.os.Looper.loop(Looper.java:148)
03-19 07:44:25.777 W/WindowManager(17992): 	at android.os.HandlerThread.run(HandlerThread.java:61)
03-19 07:44:25.777 W/WindowManager(17992): 	at com.android.server.ServiceThread.run(ServiceThread.java:46)
03-19 07:44:25.782 I/GeofencerStateMachine(18786): removeGeofences: removeRequest=RemoveGeofencingRequest[REMOVE_ALL packageName=com.ksmobile.launcher]
03-19 07:44:25.784 W/CM_OCSoundHelper( 4678): [handlePkgRemovedOrScreenSaverDisabled] Package: com.ksmobile.launcher
03-19 07:44:25.797 I/ActivityManager(17992): Exiting empty application process com.ksmobile.launcher (null)
03-19 07:44:25.798 D/ActivityManager(17992): cleanUpApplicationRecord -- 0
03-19 07:44:25.803 I/InputReader(17992): Reconfiguring input devices.  changes=0x00000010
03-19 07:44:25.842 D/Documents(11882): Update found 8 roots in 55ms
03-19 07:44:25.850 D/sRaw2PreStartCheck( 4556): [preStartCheckRunningAp] startScanAppList
03-19 07:44:25.851 I/OptimizeManager( 4556): [reset]
03-19 07:44:25.852 I/OptimizeManager( 4556): Add listener: com.lock.service.chargingdetector.a.e$1@27d0db6
03-19 07:44:25.852 I/OptimizeManager( 4556): [scan] scan status: 0
03-19 07:44:25.852 I/OptimizeManager( 4556): cloud draining app number: 7
03-19 07:44:25.852 I/PowerSaveScanner( 4556): scanProcessForScreenSaver
03-19 07:44:25.868 D/CarrierServiceBindHelper(18968): Receive action: android.intent.action.PACKAGE_REMOVED
03-19 07:44:25.924 W/Settings( 4556): Setting android_id has moved from android.provider.Settings.System to android.provider.Settings.Secure, returning read-only value.
03-19 07:44:25.928 D/JobSchedulerService(17992): Receieved: android.intent.action.PACKAGE_REMOVED
03-19 07:44:25.938 D/VoicemailCleanupService( 3979): Cleaning up data for package: com.ksmobile.launcher
03-19 07:44:25.947 I/ActivityManager(17992): Start proc 16484:com.android.musicfx/u0a18 for broadcast com.android.musicfx/.Compatibility$Receiver
03-19 07:44:26.076 W/System  (16484): ClassLoader referenced unknown path: /system/priv-app/MusicFX/lib/arm
03-19 07:44:26.086 W/ContextImpl(11824): Calling a method in the system process without a qualified user: android.app.ContextImpl.startService:1221 android.content.ContextWrapper.startService:581 android.content.ContextWrapper.startService:581 com.android.keychain.KeyChainBroadcastReceiver.onReceive:12 android.app.ActivityThread.handleReceiver:2725 
03-19 07:44:26.087 W/BoostScanEngine(16501): type=1400 audit(0.0:157868): avc: denied { getattr } for name="1" dev="proc" ino=3340272 scontext=u:r:untrusted_app:s0:c512,c768 tcontext=u:r:init:s0 tclass=dir permissive=0
03-19 07:44:26.087 W/BoostScanEngine(16501): type=1400 audit(0.0:157869): avc: denied { getattr } for name="2" dev="proc" ino=5088366 scontext=u:r:untrusted_app:s0:c512,c768 tcontext=u:r:kernel:s0 tclass=dir permissive=0
03-19 07:44:26.097 W/BoostScanEngine(16501): type=1400 audit(0.0:157870): avc: denied { getattr } for name="3" dev="proc" ino=5088367 scontext=u:r:untrusted_app:s0:c512,c768 tcontext=u:r:kernel:s0 tclass=dir permissive=0
03-19 07:44:26.097 W/BoostScanEngine(16501): type=1400 audit(0.0:157871): avc: denied { getattr } for name="7" dev="proc" ino=5088368 scontext=u:r:untrusted_app:s0:c512,c768 tcontext=u:r:kernel:s0 tclass=dir permissive=0
03-19 07:44:26.113 W/InputMethodManagerService(17992): Got RemoteException sending setActive(false) notification to pid 12246 uid 10281
03-19 07:44:26.097 W/BoostScanEngine(16501): type=1400 audit(0.0:157872): avc: denied { getattr } for name="8" dev="proc" ino=5088369 scontext=u:r:untrusted_app:s0:c512,c768 tcontext=u:r:kernel:s0 tclass=dir permissive=0
03-19 07:44:26.097 W/BoostScanEngine(16501): type=1400 audit(0.0:157873): avc: denied { getattr } for name="13" dev="proc" ino=5088370 scontext=u:r:untrusted_app:s0:c512,c768 tcontext=u:r:kernel:s0 tclass=dir permissive=0
03-19 07:44:26.116 I/GoogleInputMethod(18923): onFinishInput() : Dummy InputConnection bound
03-19 07:44:26.116 I/GoogleInputMethod(18923): onStartInput() : Dummy InputConnection bound
03-19 07:44:26.117 W/System.err( 4678): android.database.CursorIndexOutOfBoundsException: Index 0 requested, with a size of 0
03-19 07:44:26.118 W/System.err( 4678): 	at android.database.AbstractCursor.checkPosition(AbstractCursor.java:460)
03-19 07:44:26.118 W/System.err( 4678): 	at android.database.AbstractWindowedCursor.checkPosition(AbstractWindowedCursor.java:136)
03-19 07:44:26.118 W/System.err( 4678): 	at android.database.AbstractWindowedCursor.getString(AbstractWindowedCursor.java:50)
03-19 07:44:26.118 W/System.err( 4678): 	at android.database.CursorWrapper.getString(CursorWrapper.java:137)
03-19 07:44:26.118 W/System.err( 4678): 	at com.ijinshan.cleaner.bean.b.D(UninstallAppInfo.java:589)
03-19 07:44:26.118 W/System.err( 4678): 	at com.cleanmaster.func.cache.DiskCache.iT(DiskCache.java:916)
03-19 07:44:26.118 W/System.err( 4678): 	at com.cleanmaster.func.cache.DiskCache.iU(DiskCache.java:995)
03-19 07:44:26.118 W/System.err( 4678): 	at com.cleanmaster.service.LocalService.onHandleIntent(LocalService.java:20135)
03-19 07:44:26.118 W/System.err( 4678): 	at android.app.IntentService$ServiceHandler.handleMessage(IntentService.java:66)
03-19 07:44:26.118 W/System.err( 4678): 	at android.os.Handler.dispatchMessage(Handler.java:102)
03-19 07:44:26.118 W/System.err( 4678): 	at android.os.Looper.loop(Looper.java:148)
03-19 07:44:26.118 W/System.err( 4678): 	at android.os.HandlerThread.run(HandlerThread.java:61)
03-19 07:44:26.097 W/BoostScanEngine(16501): type=1400 audit(0.0:157874): avc: denied { getattr } for name="14" dev="proc" ino=5088371 scontext=u:r:untrusted_app:s0:c512,c768 tcontext=u:r:kernel:s0 tclass=dir permissive=0
03-19 07:44:26.097 W/BoostScanEngine(16501): type=1400 audit(0.0:157875): avc: denied { getattr } for name="18" dev="proc" ino=5088372 scontext=u:r:untrusted_app:s0:c512,c768 tcontext=u:r:kernel:s0 tclass=dir permissive=0
03-19 07:44:26.097 W/BoostScanEngine(16501): type=1400 audit(0.0:157876): avc: denied { getattr } for name="19" dev="proc" ino=5088373 scontext=u:r:untrusted_app:s0:c512,c768 tcontext=u:r:kernel:s0 tclass=dir permissive=0
03-19 07:44:26.097 W/BoostScanEngine(16501): type=1400 audit(0.0:157877): avc: denied { getattr } for name="20" dev="proc" ino=5088374 scontext=u:r:untrusted_app:s0:c512,c768 tcontext=u:r:kernel:s0 tclass=dir permissive=0
03-19 07:44:26.097 W/BoostScanEngine(16501): type=1400 audit(0.0:157878): avc: denied { getattr } for name="22" dev="proc" ino=5088375 scontext=u:r:untrusted_app:s0:c512,c768 tcontext=u:r:kernel:s0 tclass=dir permissive=0
03-19 07:44:26.097 W/BoostScanEngine(16501): type=1400 audit(0.0:157879): avc: denied { getattr } for name="23" dev="proc" ino=5088376 scontext=u:r:untrusted_app:s0:c512,c768 tcontext=u:r:kernel:s0 tclass=dir permissive=0
03-19 07:44:26.097 W/BoostScanEngine(16501): type=1400 audit(0.0:157880): avc: denied { getattr } for name="24" dev="proc" ino=5088377 scontext=u:r:untrusted_app:s0:c512,c768 tcontext=u:r:kernel:s0 tclass=dir permissive=0
03-19 07:44:26.097 W/BoostScanEngine(16501): type=1400 audit(0.0:157881): avc: denied { getattr } for name="25" dev="proc" ino=5088378 scontext=u:r:untrusted_app:s0:c512,c768 tcontext=u:r:kernel:s0 tclass=dir permissive=0
03-19 07:44:26.097 W/BoostScanEngine(16501): type=1400 audit(0.0:157882): avc: denied { getattr } for name="26" dev="proc" ino=5088379 scontext=u:r:untrusted_app:s0:c512,c768 tcontext=u:r:kernel:s0 tclass=dir permissive=0
03-19 07:44:26.097 W/BoostScanEngine(16501): type=1400 audit(0.0:157883): avc: denied { getattr } for name="27" dev="proc" ino=5088380 scontext=u:r:untrusted_app:s0:c512,c768 tcontext=u:r:kernel:s0 tclass=dir permissive=0
03-19 07:44:26.097 W/BoostScanEngine(16501): type=1400 audit(0.0:157884): avc: denied { getattr } for name="28" dev="proc" ino=5088381 scontext=u:r:untrusted_app:s0:c512,c768 tcontext=u:r:kernel:s0 tclass=dir permissive=0
03-19 07:44:26.097 W/BoostScanEngine(16501): type=1400 audit(0.0:157885): avc: denied { getattr } for name="29" dev="proc" ino=5088382 scontext=u:r:untrusted_app:s0:c512,c768 tcontext=u:r:kernel:s0 tclass=dir permissive=0
03-19 07:44:26.097 W/BoostScanEngine(16501): type=1400 audit(0.0:157886): avc: denied { getattr } for name="30" dev="proc" ino=5088383 scontext=u:r:untrusted_app:s0:c512,c768 tcontext=u:r:kernel:s0 tclass=dir permissive=0
03-19 07:44:26.097 W/BoostScanEngine(16501): type=1400 audit(0.0:157887): avc: denied { getattr } for name="31" dev="proc" ino=5088384 scontext=u:r:untrusted_app:s0:c512,c768 tcontext=u:r:kernel:s0 tclass=dir permissive=0
03-19 07:44:26.097 W/BoostScanEngine(16501): type=1400 audit(0.0:157888): avc: denied { getattr } for name="32" dev="proc" ino=5088385 scontext=u:r:untrusted_app:s0:c512,c768 tcontext=u:r:kernel:s0 tclass=dir permissive=0
03-19 07:44:26.097 W/BoostScanEngine(16501): type=1400 audit(0.0:157889): avc: denied { getattr } for name="33" dev="proc" ino=5088386 scontext=u:r:untrusted_app:s0:c512,c768 tcontext=u:r:kernel:s0 tclass=dir permissive=0
03-19 07:44:26.097 W/BoostScanEngine(16501): type=1400 audit(0.0:157890): avc: denied { getattr } for name="34" dev="proc" ino=5088387 scontext=u:r:untrusted_app:s0:c512,c768 tcontext=u:r:kernel:s0 tclass=dir permissive=0
03-19 07:44:26.097 W/BoostScanEngine(16501): type=1400 audit(0.0:157891): avc: denied { getattr } for name="35" dev="proc" ino=5088388 scontext=u:r:untrusted_app:s0:c512,c768 tcontext=u:r:kernel:s0 tclass=dir permissive=0
03-19 07:44:26.097 W/BoostScanEngine(16501): type=1400 audit(0.0:157892): avc: denied { getattr } for name="36" dev="proc" ino=5088389 scontext=u:r:untrusted_app:s0:c512,c768 tcontext=u:r:kernel:s0 tclass=dir permissive=0
03-19 07:44:26.097 W/BoostScanEngine(16501): type=1400 audit(0.0:157893): avc: denied { getattr } for name="37" dev="proc" ino=5088390 scontext=u:r:untrusted_app:s0:c512,c768 tcontext=u:r:kernel:s0 tclass=dir permissive=0
03-19 07:44:26.097 W/BoostScanEngine(16501): type=1400 audit(0.0:157894): avc: denied { getattr } for name="38" dev="proc" ino=5088391 scontext=u:r:untrusted_app:s0:c512,c768 tcontext=u:r:kernel:s0 tclass=dir permissive=0
03-19 07:44:26.097 W/BoostScanEngine(16501): type=1400 audit(0.0:157895): avc: denied { getattr } for name="39" dev="proc" ino=5088392 scontext=u:r:untrusted_app:s0:c512,c768 tcontext=u:r:kernel:s0 tclass=dir permissive=0
03-19 07:44:26.097 W/BoostScanEngine(16501): type=1400 audit(0.0:157896): avc: denied { getattr } for name="40" dev="proc" ino=5088393 scontext=u:r:untrusted_app:s0:c512,c768 tcontext=u:r:kernel:s0 tclass=dir permissive=0
03-19 07:44:26.097 W/BoostScanEngine(16501): type=1400 audit(0.0:157897): avc: denied { getattr } for name="41" dev="proc" ino=5088394 scontext=u:r:untrusted_app:s0:c512,c768 tcontext=u:r:kernel:s0 tclass=dir permissive=0
03-19 07:44:26.097 W/BoostScanEngine(16501): type=1400 audit(0.0:157898): avc: denied { getattr } for name="42" dev="proc" ino=5088395 scontext=u:r:untrusted_app:s0:c512,c768 tcontext=u:r:kernel:s0 tclass=dir permissive=0
03-19 07:44:26.097 W/BoostScanEngine(16501): type=1400 audit(0.0:157899): avc: denied { getattr } for name="43" dev="proc" ino=5088396 scontext=u:r:untrusted_app:s0:c512,c768 tcontext=u:r:kernel:s0 tclass=dir permissive=0
03-19 07:44:26.097 W/BoostScanEngine(16501): type=1400 audit(0.0:157900): avc: denied { getattr } for name="44" dev="proc" ino=5088397 scontext=u:r:untrusted_app:s0:c512,c768 tcontext=u:r:kernel:s0 tclass=dir permissive=0
03-19 07:44:26.097 W/BoostScanEngine(16501): type=1400 audit(0.0:157901): avc: denied { getattr } for name="45" dev="proc" ino=5088398 scontext=u:r:untrusted_app:s0:c512,c768 tcontext=u:r:kernel:s0 tclass=dir permissive=0
03-19 07:44:26.198 W/SessionLifecycleManager(23446): Handover failed. Creating new session controller.
03-19 07:44:26.235 E/NetworkScheduler(18786): Unrecognised action provided: android.intent.action.PACKAGE_REMOVED
03-19 07:44:26.240 I/OptInState(23446): There is a new client and it does not support opt-in. Dropping request.
03-19 07:44:26.284 I/Finsky  ( 4226): [1] com.google.android.finsky.wear.WearSupportService.onStartCommand(21): Starting WearSupportService for auto_uninstall
03-19 07:44:26.286 W/LocationOracle(23446): No location history returned by ContextManager
03-19 07:44:26.302 I/Finsky  ( 4226): [1] com.google.android.finsky.wear.ao.a(80): Connecting to wearable; initiated by: com.google.android.finsky.wear.WearSupportService
03-19 07:44:26.305 I/Finsky  ( 4226): [1] com.google.android.finsky.wear.WearSupportService.onStartCommand(21): Starting WearSupportService for send_installed_apps
03-19 07:44:26.320 I/MicroDetectionWorker(23446): #startMicroDetector [speakerMode: 0]
03-19 07:44:26.324 I/ContentMaintenance(18675): Pruning caches...
03-19 07:44:26.327 I/ContentMaintenance(18675): Internal cache bytes used: 0; limit: 100000000; download size: 0
03-19 07:44:26.333 I/AudioController(23446): Created new AudioSource
03-19 07:44:26.334 I/Finsky  ( 4226): [2857] com.google.android.finsky.splitinstallservice.af.run(7): No active session in storage.
03-19 07:44:26.365 I/MicroDetectionWorker(23446): onReady
03-19 07:44:26.391 I/ContentMaintenance(18675): Cache pruning complete.
03-19 07:44:26.406 I/LocationSettingsChecker(18675): Removing dialog suppression flag for package com.ksmobile.launcher
03-19 07:44:26.407 I/Icing   (18675): doRemovePackageData com.ksmobile.launcher
03-19 07:44:26.414 I/GrowthService(18675): Package com.ksmobile.launcher uninstalled. Removing from storage.
03-19 07:44:26.449 I/Finsky  ( 4226): [1] com.google.android.finsky.scheduler.JobSchedulerEngine.a(61): Scheduling job with id: 9000
03-19 07:44:26.460 I/Icing   (18675): IndexChimeraService.getServiceInterface callingPackage=com.google.android.gms componentName=AppsCorpus serviceId=32
03-19 07:44:26.461 I/Icing   (18675): IndexChimeraService.getServiceInterface callingPackage=com.google.android.gms componentName=AppsCorpus serviceId=36
03-19 07:44:26.463 I/WearableService(18786): Wearable Services not starting - Wear is not available on this device.
03-19 07:44:26.465 I/ContentMaintenance(18675): Beginning garbage collection.
03-19 07:44:26.478 W/WearableService(18786): onGetService - Wear is not available on this device.
03-19 07:44:26.487 E/Finsky  ( 4226): [1] com.google.android.finsky.wear.ar.a(3): onConnectionFailed: ConnectionResult{statusCode=API_UNAVAILABLE, resolution=null, message=null}
03-19 07:44:26.487 W/Finsky  ( 4226): [1] com.google.android.finsky.wear.ca.run(12): Dropping command=auto_uninstall due to Gms not connected
03-19 07:44:26.488 I/Finsky  ( 4226): [1] com.google.android.finsky.wear.WearSupportService.b(67): Stopping WearSupportService
03-19 07:44:26.517 W/Finsky  ( 4226): [1] com.google.android.finsky.wear.ca.run(12): Dropping command=send_installed_apps due to Gms not connected
03-19 07:44:26.517 I/Finsky  ( 4226): [1] com.google.android.finsky.wear.WearSupportService.b(67): Stopping WearSupportService
03-19 07:44:26.528 W/ctxmgr  (18786): [AclManager]No 3 for (accnt=account#-517948760#, com.google.android.gms(10010):UserVelocityProducer, vrsn=12221438, 0, 3pPkg = null ,  3pMdlId = null ,  pid = 18786). Was: 3 for 1, account#-517948760#
03-19 07:44:26.535 I/RealtimeCacheCleanup(18675): Beginning Realtime garbage collection.
03-19 07:44:26.546 I/RealtimeCacheCleanup(18675): Finished Realtime garbage collection.
03-19 07:44:26.546 I/ContentMaintenance(18675): Finished garbage collection.
03-19 07:44:26.566 I/MicroRecognitionRunner(23446): Starting detection.
03-19 07:44:26.567 I/MicrophoneInputStream(23446): mic_starting  SR : 16000 CC : 16 SO : 1999
03-19 07:44:26.569 I/AudioFlinger(17775): AudioFlinger's thread 0xb2d00000 ready to run
03-19 07:44:26.599 I/MicrophoneInputStream(23446): mic_started  SR : 16000 CC : 16 SO : 1999
03-19 07:44:26.609 D/audio_hw_primary(17775): select_devices: out_snd_device(0: none) in_snd_device(61: voice-rec-mic)
03-19 07:44:26.609 D/msm8974_platform(17775): platform_send_audio_calibration: sending audio calibration for snd_device(61) acdb_id(62)
03-19 07:44:26.610 D/        (17775): Failed to fetch the lookup information of the device 0000003E 
03-19 07:44:26.610 E/ACDB-LOADER(17775): Error: ACDB AudProc vol returned = -19
03-19 07:44:26.610 D/audio_hw_primary(17775): enable_snd_device: snd_device(61: voice-rec-mic)
03-19 07:44:26.617 D/audio_hw_primary(17775): enable_audio_route: apply and update mixer path: audio-record
03-19 07:44:26.648 W/OpenGLRenderer(18981): Incorrectly called buildLayer on View: ShortcutAndWidgetContainer, destroying layer...
03-19 07:44:26.648 W/OpenGLRenderer(18981): Incorrectly called buildLayer on View: ShortcutAndWidgetContainer, destroying layer...
03-19 07:44:26.654 I/Icing   (18675): Usage reports ok 0, Failed Usage reports 0, indexed 0, rejected 0, imm upload false
03-19 07:44:26.698 I/Icing   (18675): Usage reports ok 0, Failed Usage reports 0, indexed 0, rejected 0, imm upload false
03-19 07:44:26.702 I/MicroDetectionWorker(23446): onReady
03-19 07:44:26.721 W/Conscrypt(18786): Could not set socket write timeout: java.lang.reflect.InvocationTargetException
03-19 07:44:26.722 W/Conscrypt(18786): 	at java.lang.reflect.Method.invoke(Native Method)
03-19 07:44:26.722 W/Conscrypt(18786): 	at com.google.android.gms.org.conscrypt.Platform.setSocketWriteTimeout(com.google.android.gms@12221438@12.2.21 (438-188803320):13)
03-19 07:44:26.722 W/Conscrypt(18786): Caused by: android.system.ErrnoException: setsockopt failed: EBADF (Bad file descriptor)
03-19 07:44:26.722 W/Conscrypt(18786): 	at libcore.io.Posix.setsockoptTimeval(Native Method)
03-19 07:44:26.722 W/Conscrypt(18786): 	at libcore.io.ForwardingOs.setsockoptTimeval(ForwardingOs.java:156)
03-19 07:44:26.779 I/art     (18786): Background partial concurrent mark sweep GC freed 66059(3MB) AllocSpace objects, 3(60KB) LOS objects, 38% free, 25MB/41MB, paused 6.060ms total 146.544ms
03-19 07:44:26.794 I/PowerSaveScanner( 4556): onScanPreFinish
03-19 07:44:26.825 I/GeofencerStateMachine(18786): removeGeofences: removeRequest=RemoveGeofencingRequest[REMOVE_BY_PENDING_INTENT pendingIntent=PendingIntent[creatorPackage=com.google.android.gms], packageName=null]
03-19 07:44:26.828 I/GeofencerStateMachine(18786): removeGeofences: removeRequest=RemoveGeofencingRequest[REMOVE_BY_PENDING_INTENT pendingIntent=PendingIntent[creatorPackage=com.google.android.gms], packageName=null]
03-19 07:44:26.835 W/OptimizeManager( 4556): [UiHandler] Add 5 to list.
03-19 07:44:26.846 I/OptimizeManager( 4556): [UiHandler] Put result to listeners
03-19 07:44:26.847 D/sRaw2PreStartCheck( 4556): [preStartCheckRunningAp] onScanFinished
03-19 07:44:26.857 I/PlaceInferenceEngine(18786): [anon] Changed inference mode: 0
03-19 07:44:26.886 E/ctxmgr  (18786): [ProducerStatusImpl]updateStateForNewContextData: inactive, contextName=7
03-19 07:44:26.910 I/Places  (18786): ?: PlacesBleScanner start() with priority 2
03-19 07:44:26.910 I/PlaceInferenceEngine(18786): [anon] Changed inference mode: 1
03-19 07:44:26.921 I/Places  (18786): Converted 0 out of 28 WiFi scans
03-19 07:44:26.923 I/BeaconBle(18786): Using BLE 'L' hardware layer
03-19 07:44:26.935 W/Conscrypt(18786): Could not set socket write timeout: java.lang.reflect.InvocationTargetException
03-19 07:44:26.935 W/Conscrypt(18786): 	at java.lang.reflect.Method.invoke(Native Method)
03-19 07:44:26.935 W/Conscrypt(18786): 	at com.google.android.gms.org.conscrypt.Platform.setSocketWriteTimeout(com.google.android.gms@12221438@12.2.21 (438-188803320):13)
03-19 07:44:26.935 W/Conscrypt(18786): Caused by: android.system.ErrnoException: setsockopt failed: EBADF (Bad file descriptor)
03-19 07:44:26.935 W/Conscrypt(18786): 	at libcore.io.Posix.setsockoptTimeval(Native Method)
03-19 07:44:26.935 W/Conscrypt(18786): 	at libcore.io.ForwardingOs.setsockoptTimeval(ForwardingOs.java:156)
03-19 07:44:26.940 I/BeaconBle(18786): Client requested scan, settings=BleSettings [scanMode=ZERO_POWER, callbackType=ALL_MATCHES, reportDelayMillis=0, 1 filters, 0 clients, callingClientName=Places]
03-19 07:44:26.943 D/BluetoothAdapter(18786): STATE_OFF
03-19 07:44:26.943 D/BluetoothAdapter(18786): Calling enableBLE
03-19 07:44:26.947 I/BeaconBle(18786): ZERO_POWER is disabled.
03-19 07:44:26.947 I/BeaconBle(18786): 'L' hardware scan: scan stopped, no powered clients
03-19 07:44:26.955 I/ActivityManager(17992): Start proc 16552:com.android.bluetooth/1002 for service com.android.bluetooth/.btservice.AdapterService
03-19 07:44:27.120 I/art     (17992): Background partial concurrent mark sweep GC freed 48173(4MB) AllocSpace objects, 4(88KB) LOS objects, 31% free, 34MB/50MB, paused 9.529ms total 105.595ms
03-19 07:44:27.128 D/AdapterServiceConfig(16552): Adding HeadsetService
03-19 07:44:27.128 D/AdapterServiceConfig(16552): Adding A2dpService
03-19 07:44:27.128 D/AdapterServiceConfig(16552): Adding HidService
03-19 07:44:27.128 D/AdapterServiceConfig(16552): Adding HealthService
03-19 07:44:27.128 D/AdapterServiceConfig(16552): Adding PanService
03-19 07:44:27.128 D/AdapterServiceConfig(16552): Adding GattService
03-19 07:44:27.129 D/AdapterServiceConfig(16552): Adding BluetoothMapService
03-19 07:44:27.131 W/InputMethodManagerService(17992): Starting input on non-focused client com.android.internal.view.IInputMethodClient$Stub$Proxy@1365011 (uid=10026 pid=18981)
03-19 07:44:27.131 I/GoogleInputMethod(18923): onFinishInput() : Dummy InputConnection bound
03-19 07:44:27.132 I/GoogleInputMethod(18923): onStartInput() : Dummy InputConnection bound
03-19 07:44:27.152 D/BluetoothManagerService(17992): Added callback: android.bluetooth.IBluetoothManagerCallback$Stub$Proxy@c0f2777:true
03-19 07:44:27.153 D/BluetoothAdapterState(16552): make() - Creating AdapterState
03-19 07:44:27.127 W/Binder_D(19118): type=1400 audit(0.0:158069): avc: denied { ioctl } for path="socket:[5166116]" dev="sockfs" ino=5166116 ioctlcmd=7704 scontext=u:r:system_server:s0 tcontext=u:r:system_server:s0 tclass=unix_stream_socket permissive=0
03-19 07:44:27.127 W/Binder_D(19118): type=1400 audit(0.0:158070): avc: denied { ioctl } for path="socket:[5166116]" dev="sockfs" ino=5166116 ioctlcmd=7704 scontext=u:r:system_server:s0 tcontext=u:r:system_server:s0 tclass=unix_stream_socket permissive=0
03-19 07:44:27.157 I/BluetoothAdapterState(16552): Entering OffState
03-19 07:44:27.157 I/bt_bluedroid(16552): init
03-19 07:44:27.159 I/MicroDetector(23446): Keeping mic open: false
03-19 07:44:27.159 I/AudioController(23446): internalShutdown
03-19 07:44:27.160 I/DeviceStateChecker(23446): DeviceStateChecker cancelled
03-19 07:44:27.160 I/MicroRecognitionRunner(23446): Stopping hotword detection.
03-19 07:44:27.162 I/MicrophoneInputStream(23446): mic_close  SR : 16000 CC : 16 SO : 1999
03-19 07:44:27.170 I/bt_bte_conf(16552): bte_load_ble_conf attempt to load ble stack conf from /etc/bluetooth/ble_stack.conf
03-19 07:44:27.170 E/bt_osi_config(16552): config_new unable to open file '/etc/bluetooth/ble_stack.conf': No such file or directory
03-19 07:44:27.170 I/bt_bte_conf(16552): bte_load_ble_conf file >/etc/bluetooth/ble_stack.conf< not found
03-19 07:44:27.170 I/bt_stack_config(16552): init attempt to load stack conf from /etc/bluetooth/bt_stack.conf
03-19 07:44:27.172 I/bt_bluedroid(16552): get_profile_interface socket
03-19 07:44:27.177 I/bt_bluedroid(16552): get_profile_interface sdp
03-19 07:44:27.178 D/BluetoothAdapterProperties(16552): Address is:CC:FA:00:35:96:D6
03-19 07:44:27.178 D/BluetoothAdapterProperties(16552): Name is: Nexus 5
03-19 07:44:27.182 I/bt_bluedroid(16552): config_hci_snoop_log
03-19 07:44:27.186 I/MicroRecognitionRunner(23446): Detection finished
03-19 07:44:27.194 D/BluetoothManagerService(17992): Broadcasting onBluetoothServiceUp() to 7 receivers.
03-19 07:44:27.198 D/BluetoothAdapterState(16552): Current state: OFF, message: 0
03-19 07:44:27.201 D/BluetoothAdapterProperties(16552): Setting state to 14
03-19 07:44:27.202 I/BluetoothAdapterState(16552): Bluetooth adapter state changed: 10-> 14
03-19 07:44:27.214 D/BluetoothBondStateMachine(16552): make
03-19 07:44:27.216 I/BluetoothBondStateMachine(16552): StableState(): Entering Off State
03-19 07:44:27.218 I/BluetoothAdapterState(16552): Entering PendingCommandState
03-19 07:44:27.219 I/BtGatt.JNI(16552): classInitNative(L912): classInitNative: Success!
03-19 07:44:27.225 D/BluetoothAdapterService(16552): getAdapterService() - returning com.android.bluetooth.btservice.AdapterService@e8ff34c
03-19 07:44:27.225 D/BtGatt.DebugUtils(16552): handleDebugAction() action=null
03-19 07:44:27.226 D/BtGatt.GattService(16552): Received start request. Starting profile...
03-19 07:44:27.226 D/BtGatt.GattService(16552): start()
03-19 07:44:27.226 D/audio_hw_primary(17775): disable_audio_route: reset and update mixer path: audio-record
03-19 07:44:27.226 D/audio_hw_primary(17775): disable_snd_device: snd_device(61: voice-rec-mic)
03-19 07:44:27.227 I/bt_bluedroid(16552): get_profile_interface gatt
03-19 07:44:27.228 D/BluetoothAdapterService(16552): getAdapterService() - returning com.android.bluetooth.btservice.AdapterService@e8ff34c
03-19 07:44:27.229 D/BtGatt.AdvertiseManager(16552): advertise manager created
03-19 07:44:27.237 V/BluetoothAdapterState(16552): isTurningOff()=false
03-19 07:44:27.237 V/BluetoothAdapterState(16552): isTurningOn()=false
03-19 07:44:27.237 V/BluetoothAdapterState(16552): isBleTurningOn()=true
03-19 07:44:27.238 V/BluetoothAdapterState(16552): isBleTurningOff()=false
03-19 07:44:27.239 D/BluetoothAdapterState(16552): Current state: PENDING_COMMAND, message: 4
03-19 07:44:27.241 I/bt_bluedroid(16552): bt_bluedroid
03-19 07:44:27.241 D/bt_stack_manager(16552): event_start_up_stack is bringing up the stack.
03-19 07:44:27.243 I/bt_hci  (16552): start_up
03-19 07:44:27.256 I/bt_vendor(16552): alloc value 0xb3965e8d
03-19 07:44:27.256 I/bt_vendor(16552): init
03-19 07:44:27.256 I/bt_vnd_conf(16552): Attempt to load conf from /etc/bluetooth/bt_vendor.conf
03-19 07:44:27.256 I/bt_vnd_conf(16552): vnd_load_conf file >/etc/bluetooth/bt_vendor.conf< not found
03-19 07:44:27.291 D/bt_hci  (16552): start_up starting async portion
03-19 07:44:27.291 I/bt_hci  (16552): event_finish_startup
03-19 07:44:27.291 I/bt_hci_h4(16552): hal_open
03-19 07:44:27.291 I/bt_userial_vendor(16552): userial vendor open: opening /dev/ttyHS99
03-19 07:44:27.294 I/bt_userial_vendor(16552): device fd = 49 open
03-19 07:44:27.320 I/PlaceInferenceEngine(18786): No beacon scan available - ignoring candidates.
03-19 07:44:27.377 I/bt_hwcfg(16552): bt vendor lib: set UART baud 4000000
03-19 07:44:27.404 D/bt_hwcfg(16552): Chipset BCM4335C0
03-19 07:44:27.404 D/bt_hwcfg(16552): Target name = [BCM4335C0]
03-19 07:44:27.405 I/bt_hwcfg(16552): Found patchfile: /vendor/firmware//bcm4335c0.hcd
03-19 07:44:27.563 D/AndroidRuntime(16547): >>>>>> START com.android.internal.os.RuntimeInit uid 2000 <<<<<<
03-19 07:44:27.568 D/AndroidRuntime(16547): CheckJNI is OFF
03-19 07:44:27.614 D/ICU     (16547): No timezone override file found: /data/misc/zoneinfo/current/icu/icu_tzdata.dat
03-19 07:44:27.658 I/Radio-JNI(16547): register_android_hardware_Radio DONE
03-19 07:44:27.684 D/AndroidRuntime(16547): Calling main entry com.android.commands.pm.Pm
03-19 07:44:27.743 I/Icing   (18675): Indexing 4B50E844EC973035396D40266FAC019ADBE2375C from com.google.android.gms
03-19 07:44:27.757 I/Icing   (18675): Indexing done 4B50E844EC973035396D40266FAC019ADBE2375C
03-19 07:44:27.776 I/bt_hwcfg(16552): bt vendor lib: set UART baud 115200
03-19 07:44:27.777 D/bt_hwcfg(16552): Settlement delay -- 100 ms
03-19 07:44:27.777 I/bt_hwcfg(16552): Setting fw settlement delay to 100 
03-19 07:44:27.798 W/ctxmgr  (18786): [AclManager]No 2 for (accnt=account#-517948760#, com.google.android.gms(10010):PlacesProducer, vrsn=12221000, 0, 3pPkg = null ,  3pMdlId = null ,  pid = 18786). Was: 3 for 18, account#-517948760#
03-19 07:44:27.802 I/Finsky  ( 4226): [1] com.google.android.finsky.verifier.impl.PackageVerificationReceiver.onReceive(12): Verification requested, id = 13
03-19 07:44:27.824 W/Settings( 4226): Setting install_non_market_apps has moved from android.provider.Settings.Global to android.provider.Settings.Secure, returning read-only value.
03-19 07:44:27.881 W/PackageParser( 4226): Ignoring duplicate uses-permissions/uses-permissions-sdk-m: android.permission.USE_FINGERPRINT in package: com.ksmobile.launcher at: Binary XML file line #228
03-19 07:44:27.892 I/bt_hwcfg(16552): bt vendor lib: set UART baud 4000000
03-19 07:44:27.893 I/bt_hwcfg(16552): Setting local bd addr to CC:FA:00:35:96:D6
03-19 07:44:27.898 W/PackageParser( 4226): Unknown element under <application>: uses-permission at /data/local/tmp/launcher_2018-03-09_17-59-42_r_v52210_official%28no_channel%29_resguard.apk Binary XML file line #1743
03-19 07:44:27.899 W/PackageParser( 4226): Unknown element under <application>: uses-permission at /data/local/tmp/launcher_2018-03-09_17-59-42_r_v52210_official%28no_channel%29_resguard.apk Binary XML file line #1744
03-19 07:44:27.899 W/PackageParser( 4226): Unknown element under <application>: uses-permission at /data/local/tmp/launcher_2018-03-09_17-59-42_r_v52210_official%28no_channel%29_resguard.apk Binary XML file line #1745
03-19 07:44:27.899 W/PackageParser( 4226): Unknown element under <application>: uses-permission at /data/local/tmp/launcher_2018-03-09_17-59-42_r_v52210_official%28no_channel%29_resguard.apk Binary XML file line #1746
03-19 07:44:27.899 W/PackageParser( 4226): Unknown element under <application>: uses-permission at /data/local/tmp/launcher_2018-03-09_17-59-42_r_v52210_official%28no_channel%29_resguard.apk Binary XML file line #1747
