03-19 07:46:17.417 I/RongLog (18058): [ LibHandlerStub ] registerMessageType com.cmcm.letter.message.rong.notification.InviteJoinGroupResultMsgContent
03-19 07:46:17.420 I/RongLog (18058): [ LibHandlerStub ] registerMessageType com.cmcm.letter.message.rong.notification.InviteJoinGroupMsgContent
03-19 07:46:17.421 I/RongLog (18058): [ LibHandlerStub ] registerMessageType com.cmcm.letter.message.rong.notification.RequestJoinGroupResultMsgContent
03-19 07:46:17.424 I/RongLog (18058): [ LibHandlerStub ] registerMessageType com.cmcm.letter.message.rong.notification.RequestJoinGroupMsgContent
03-19 07:46:17.425 I/RongLog (18058): [ LibHandlerStub ] registerMessageType com.cmcm.letter.message.rong.notification.GroupInfoMsgContent
03-19 07:46:17.426 I/RongLog (18058): [ LibHandlerStub ] registerMessageType com.cmcm.letter.message.rong.notification.CreateGroupMsgContent
03-19 07:46:17.427 I/RongLog (18058): [ LibHandlerStub ] registerMessageType com.cmcm.letter.message.rong.notification.LeaveGroupMsgContent
03-19 07:46:17.428 I/RongLog (18058): [ LibHandlerStub ] registerMessageType com.cmcm.letter.message.rong.notification.DismissGroupMsgContent
03-19 07:46:17.429 I/RongLog (18058): [ LibHandlerStub ] registerMessageType com.cmcm.letter.message.rong.notification.GroupCardMsgContent
03-19 07:46:17.429 I/RongLog (18058): [ LibHandlerStub ] registerMessageType com.cmcm.letter.message.rong.notification.AdminManageMsgContent
03-19 07:46:17.431 I/RongLog (18058): [ LibHandlerStub ] registerMessageType com.kxsimon.cmvideo.chat.msgcontent.GuestCountMsgContent
03-19 07:46:17.432 I/RongLog (18058): [ LibHandlerStub ] registerMessageType com.kxsimon.cmvideo.chat.msgcontent.MaskGameGiftMsgContent
03-19 07:46:17.433 I/RongLog (18058): [ LibHandlerStub ] registerMessageType com.kxsimon.cmvideo.chat.msgcontent.MaskGameLockingMsgContent
03-19 07:46:17.436 I/RongLog (18058): [ LibHandlerStub ] registerMessageType com.kxsimon.cmvideo.chat.msgcontent.MaskGameMaskMsgContent
03-19 07:46:17.438 I/RongLog (18058): [ LibHandlerStub ] registerMessageType com.kxsimon.cmvideo.chat.msgcontent.MaskGameRefreshMsgContent
03-19 07:46:17.440 I/RongLog (18058): [ LibHandlerStub ] registerMessageType com.kxsimon.cmvideo.chat.msgcontent.MaskGameRewardMsgContent
03-19 07:46:17.441 I/RongLog (18058): [ LibHandlerStub ] registerMessageType com.kxsimon.cmvideo.chat.msgcontent.MaskGameStartMsgContent
03-19 07:46:17.442 I/RongLog (18058): [ LibHandlerStub ] registerMessageType com.kxsimon.cmvideo.chat.msgcontent.HotValueMsgContent
03-19 07:46:17.443 I/RongLog (18058): [ LibHandlerStub ] registerMessageType com.kxsimon.cmvideo.chat.msgcontent.Interact2MsgContent
03-19 07:46:17.445 I/RongLog (18058): [ LibHandlerStub ] registerMessageType com.kxsimon.cmvideo.chat.msgcontent.InteractEndMsgContent
03-19 07:46:17.446 I/RongLog (18058): [ LibHandlerStub ] registerMessageType com.kxsimon.cmvideo.chat.msgcontent.InteractEndUserMsgContent
03-19 07:46:17.446 I/RongLog (18058): [ LibHandlerStub ] registerMessageType com.kxsimon.cmvideo.chat.msgcontent.InteractEntryMsgContent
03-19 07:46:17.447 I/RongLog (18058): [ LibHandlerStub ] registerMessageType com.kxsimon.cmvideo.chat.msgcontent.InteractMsgContent
03-19 07:46:17.449 I/RongLog (18058): [ LibHandlerStub ] registerMessageType com.kxsimon.cmvideo.chat.msgcontent.InteractPreviewMsgContent
03-19 07:46:17.450 I/RongLog (18058): [ LibHandlerStub ] registerMessageType com.kxsimon.cmvideo.chat.msgcontent.InteractSuccessMsgContent
03-19 07:46:17.451 I/RongLog (18058): [ LibHandlerStub ] registerMessageType com.kxsimon.cmvideo.chat.msgcontent.InteractSuccessResendMsgContent
03-19 07:46:17.454 I/RongLog (18058): [ LibHandlerStub ] registerMessageType com.kxsimon.cmvideo.chat.msgcontent.InteractSwitch2MsgContent
03-19 07:46:17.455 I/RongLog (18058): [ LibHandlerStub ] registerMessageType com.kxsimon.cmvideo.chat.msgcontent.InteractSwitchMsgContent
03-19 07:46:17.456 I/RongLog (18058): [ LibHandlerStub ] registerMessageType com.kxsimon.cmvideo.chat.msgcontent.JoinChatroomMsgContent
03-19 07:46:17.458 I/RongLog (18058): [ LibHandlerStub ] registerMessageType com.kxsimon.cmvideo.chat.msgcontent.LeaveChatroomMsgContent
03-19 07:46:17.459 I/RongLog (18058): [ LibHandlerStub ] registerMessageType com.cmcm.letter.message.rong.GroupTxtMsgContent
03-19 07:46:17.460 I/RongLog (18058): [ LibHandlerStub ] registerMessageType com.cmcm.letter.message.rong.LetterTxtMsgContent
03-19 07:46:17.461 I/RongLog (18058): [ LibHandlerStub ] registerMessageType com.cmcm.letter.message.rong.LetterSysMsgContent
03-19 07:46:17.462 I/RongLog (18058): [ LibHandlerStub ] registerMessageType com.kxsimon.cmvideo.chat.msgcontent.LevelUpMsgContent
03-19 07:46:17.463 I/RongLog (18058): [ LibHandlerStub ] registerMessageType com.kxsimon.cmvideo.chat.msgcontent.EatGameStatusMsgContent
03-19 07:46:17.464 I/RongLog (18058): [ LibHandlerStub ] registerMessageType com.kxsimon.cmvideo.chat.msgcontent.GameGuessMsgContent
03-19 07:46:17.465 I/RongLog (18058): [ LibHandlerStub ] registerMessageType com.kxsimon.cmvideo.chat.msgcontent.LiveShareDoneUVMsgContent
03-19 07:46:17.466 I/RongLog (18058): [ LibHandlerStub ] registerMessageType com.kxsimon.cmvideo.chat.msgcontent.LiveShowMsgContent
03-19 07:46:17.467 I/RongLog (18058): [ LibHandlerStub ] registerMessageType com.kxsimon.cmvideo.chat.msgcontent.LiveShowStarMsgContent
03-19 07:46:17.470 D/IJKMEDIA(18022): IjkMediaPlayer_native_setLogLevel(3)
03-19 07:46:17.470 I/RongLog (18058): [ LibHandlerStub ] registerMessageType com.kxsimon.cmvideo.chat.msgcontent.LiveStatMsgContent
03-19 07:46:17.470 D/IJKMEDIA(18022): moncleanup
03-19 07:46:17.471 I/RongLog (18058): [ LibHandlerStub ] registerMessageType com.kxsimon.cmvideo.chat.msgcontent.LiveVideoStopMsgContent
03-19 07:46:17.472 I/RongLog (18058): [ LibHandlerStub ] registerMessageType com.kxsimon.cmvideo.chat.msgcontent.ManagerMsgContent
03-19 07:46:17.473 I/RongLog (18058): [ LibHandlerStub ] registerMessageType com.cmcm.match.message.msg.MtachFaildMsg
03-19 07:46:17.474 I/RongLog (18058): [ LibHandlerStub ] registerMessageType com.cmcm.match.message.msg.MatchActionMsg
03-19 07:46:17.475 I/RongLog (18058): [ LibHandlerStub ] registerMessageType com.cmcm.match.message.msg.MtachSuccessMsg
03-19 07:46:17.476 I/RongLog (18058): [ LibHandlerStub ] registerMessageType com.kxsimon.cmvideo.chat.msgcontent.GuardinMsgContent
03-19 07:46:17.477 I/RongLog (18058): [ LibHandlerStub ] registerMessageType com.kxsimon.cmvideo.chat.msgcontent.PraiseCountMsgContent
03-19 07:46:17.478 I/RongLog (18058): [ LibHandlerStub ] registerMessageType com.kxsimon.cmvideo.chat.msgcontent.PraiseMsgContent
03-19 07:46:17.480 I/RongLog (18058): [ LibHandlerStub ] registerMessageType com.kxsimon.cmvideo.chat.msgcontent.PromoteProductMsgContent
03-19 07:46:17.481 I/RongLog (18058): [ LibHandlerStub ] registerMessageType com.kxsimon.cmvideo.chat.msgcontent.RankAnimationMsgContent
03-19 07:46:17.482 I/RongLog (18058): [ LibHandlerStub ] registerMessageType com.kxsimon.cmvideo.chat.msgcontent.RankRefreshMsgContent
03-19 07:46:17.483 I/RongLog (18058): [ LibHandlerStub ] registerMessageType com.kxsimon.cmvideo.chat.msgcontent.ShareVideoMsgContent
03-19 07:46:17.484 I/RongLog (18058): [ LibHandlerStub ] registerMessageType com.kxsimon.cmvideo.chat.msgcontent.VidSucMsgContent
03-19 07:46:17.486 I/RongLog (18058): [ LibHandlerStub ] registerMessageType com.kxsimon.cmvideo.chat.myvoice.StarJoinChatroomBean
03-19 07:46:17.488 I/RongLog (18058): [ LibHandlerStub ] registerMessageType com.kxsimon.cmvideo.chat.msgcontent.StarMsgContent
03-19 07:46:17.490 I/RongLog (18058): [ LibHandlerStub ] registerMessageType com.kxsimon.cmvideo.chat.msgcontent.VoiceLiveThroughPopContent
03-19 07:46:17.491 I/RongLog (18058): [ LibHandlerStub ] registerMessageType com.kxsimon.cmvideo.chat.msgcontent.SystemMsgContent
03-19 07:46:17.492 I/RongLog (18058): [ LibHandlerStub ] registerMessageType com.kxsimon.cmvideo.chat.msgcontent.BonusTaskMsgContent
03-19 07:46:17.493 I/RongLog (18058): [ LibHandlerStub ] registerMessageType com.kxsimon.cmvideo.chat.msgcontent.LevelTempletStartMsgContent
03-19 07:46:17.494 I/RongLog (18058): [ LibHandlerStub ] registerMessageType com.kxsimon.cmvideo.chat.msgcontent.LevelTempletGiftMsgContent
03-19 07:46:17.495 I/RongLog (18058): [ LibHandlerStub ] registerMessageType com.cmcm.game.TempletRewardMsgContent
03-19 07:46:17.496 I/RongLog (18058): [ LibHandlerStub ] registerMessageType com.kxsimon.cmvideo.chat.msgcontent.LevelTempletStarRefreshMsgContent
03-19 07:46:17.498 I/RongLog (18058): [ LibHandlerStub ] registerMessageType com.kxsimon.cmvideo.chat.msgcontent.TopFansRankMsgContent
03-19 07:46:17.499 I/RongLog (18058): [ LibHandlerStub ] registerMessageType com.kxsimon.cmvideo.chat.msgcontent.WarAnimMsgContent
03-19 07:46:17.500 I/RongLog (18058): [ LibHandlerStub ] registerMessageType com.kxsimon.cmvideo.chat.msgcontent.WarGiftMsgContent
03-19 07:46:17.503 I/RongLog (18058): [ LibHandlerStub ] registerMessageType com.kxsimon.cmvideo.chat.msgcontent.WarRefreshMsgContent
03-19 07:46:17.505 I/RongLog (18058): [ LibHandlerStub ] registerMessageType com.kxsimon.cmvideo.chat.msgcontent.ActressAskFollowerMsgContent
03-19 07:46:17.506 I/RongLog (18058): [ LibHandlerStub ] registerMessageType com.kxsimon.cmvideo.chat.msgcontent.ChatConfigMsgContent
03-19 07:46:17.507 I/RongLog (18058): [ LibHandlerStub ] registerMessageType com.kxsimon.cmvideo.chat.msgcontent.ChatMultiMediaMsgContent
03-19 07:46:17.509 I/RongLog (18058): [ LibHandlerStub ] registerMessageType com.kxsimon.cmvideo.chat.msgcontent.GhostGameStartMsg
03-19 07:46:17.510 I/RongLog (18058): [ LibHandlerStub ] registerMessageType com.kxsimon.cmvideo.chat.msgcontent.EatGameRecommendMsgContent
03-19 07:46:17.512 I/RongLog (18058): [ LibHandlerStub ] registerMessageType com.kxsimon.cmvideo.chat.msgcontent.LiveTipsMsgContent
03-19 07:46:17.513 I/RongLog (18058): [ LibHandlerStub ] registerMessageType com.kxsimon.cmvideo.chat.msgcontent.TempletGameStartMsgContent
03-19 07:46:17.514 I/RongLog (18058): [ LibHandlerStub ] registerMessageType com.kxsimon.cmvideo.chat.msgcontent.PlanetGameStartMsgContent
03-19 07:46:17.516 E/project (16909): extsdcard==/storage/emulated/0/Android/data/com.ksmobile.launcher/files
03-19 07:46:17.518 I/RongLog (18058): [ LibHandlerStub ] registerMessageType com.kxsimon.cmvideo.chat.msgcontent.PlanetGiftMsgContent
03-19 07:46:17.517 W/Binder_6(18756): type=1400 audit(0.0:158700): avc: denied { ioctl } for path="socket:[5183560]" dev="sockfs" ino=5183560 ioctlcmd=7704 scontext=u:r:system_server:s0 tcontext=u:r:system_server:s0 tclass=unix_stream_socket permissive=0
03-19 07:46:17.517 W/Binder_6(18756): type=1400 audit(0.0:158701): avc: denied { ioctl } for path="socket:[5183560]" dev="sockfs" ino=5183560 ioctlcmd=7704 scontext=u:r:system_server:s0 tcontext=u:r:system_server:s0 tclass=unix_stream_socket permissive=0
03-19 07:46:17.520 I/RongLog (18058): [ LibHandlerStub ] registerMessageType com.kxsimon.cmvideo.chat.msgcontent.PlanetStarRefreshMsgContent
03-19 07:46:17.524 I/RongLog (18058): [ LibHandlerStub ] registerMessageType com.kxsimon.cmvideo.chat.msgcontent.UnFollowActressMsgContent
03-19 07:46:17.525 I/RongLog (18058): [ LibHandlerStub ] registerMessageType com.cmcm.game.trivia.message.TriviaGameNextQuestionContent
03-19 07:46:17.526 E/point_info(16909): onSingleTapConfirmed
03-19 07:46:17.528 I/GoogleInputMethod(18923): onFinishInput() : Dummy InputConnection bound
03-19 07:46:17.529 I/GoogleInputMethod(18923): onStartInput() : Dummy InputConnection bound
03-19 07:46:17.532 I/RongLog (18058): [ LibHandlerStub ] registerMessageType com.cmcm.game.trivia.message.TriviaGameQuestionPublishContent
03-19 07:46:17.534 I/RongLog (18058): [ LibHandlerStub ] registerMessageType com.kxsimon.cmvideo.chat.msgcontent.GiftWorldMsgContent
03-19 07:46:17.540 I/RongLog (18058): [ LibHandlerStub ] registerMessageType com.cmcm.user.bag.message.BagProduceInvalidMsg
03-19 07:46:17.542 I/RongLog (18058): [ LibHandlerStub ] registerMessageType com.cmcm.game.trivia.message.TriviaUserInviteContent
03-19 07:46:17.543 I/RongLog (18058): [ LibHandlerStub ] registerMessageType com.cmcm.game.trivia.message.TriviaGameEndContent
03-19 07:46:17.544 I/RongLog (18058): [ LibHandlerStub ] registerMessageType com.kxsimon.cmvideo.chat.msgcontent.AnchorLevelUpMsgContent
03-19 07:46:17.545 I/RongLog (18058): [ LibHandlerStub ] registerMessageType com.kxsimon.cmvideo.chat.msgcontent.ChargePrizeMsgContent
03-19 07:46:17.558 I/RongLog (18058): [ LibHandlerStub ] registerMessageType com.kxsimon.cmvideo.chat.msgcontent.CardGiftMsgContent
03-19 07:46:17.562 I/RongLog (18058): [ LibHandlerStub ] registerMessageType com.kxsimon.cmvideo.chat.msgcontent.CardChestMsgContent
03-19 07:46:17.563 I/RongLog (18058): [ LibHandlerStub ] registerMessageType com.kxsimon.cmvideo.chat.msgcontent.LiveStarEndMsgContent
03-19 07:46:17.564 I/RongLog (18058): [ LibHandlerStub ] registerMessageType com.cmcm.game.catchdoll.msg.CatchDollRankChangeContent
03-19 07:46:17.565 I/RongLog (18058): [ LibHandlerStub ] registerMessageType com.cmcm.game.catchdoll.msg.CatchDollResultMsg
03-19 07:46:17.566 I/RongLog (18058): [ LibHandlerStub ] registerMessageType com.cmcm.game.trivia.message.CatchDollPayCallBackContent
03-19 07:46:17.567 I/RongLog (18058): [ LibHandlerStub ] registerMessageType com.kxsimon.cmvideo.chat.msgcontent.RedPacketMsgContent
03-19 07:46:17.568 I/RongLog (18058): [ LibHandlerStub ] registerMessageType com.kxsimon.cmvideo.chat.msgcontent.LiveStarGiftMsgContent
03-19 07:46:17.569 I/RongLog (18058): [ LibHandlerStub ] registerMessageType com.kxsimon.cmvideo.chat.msgcontent.CouponMsgContent
03-19 07:46:17.570 I/RongLog (18058): [ LibHandlerStub ] registerMessageType com.kxsimon.cmvideo.chat.msgcontent.LiveStarStartMsgContent
03-19 07:46:17.571 I/RongLog (18058): [ LibHandlerStub ] registerMessageType com.kxsimon.cmvideo.chat.msgcontent.PokemonGiftMsgContent
03-19 07:46:17.572 I/RongLog (18058): [ LibHandlerStub ] registerMessageType com.kxsimon.cmvideo.chat.msgcontent.PokemonLvMsgContent
03-19 07:46:17.573 I/RongLog (18058): [ LibHandlerStub ] registerMessageType com.cmcm.game.trivia.message.TriviaFreeReviveContent
03-19 07:46:17.574 I/RongLog (18058): [ LibHandlerStub ] registerMessageType com.kxsimon.cmvideo.chat.vcall.sevencontrol.msg.InteractSwitchVcallMsgContent
03-19 07:46:17.575 I/RongLog (18058): [ LibHandlerStub ] registerMessageType com.kxsimon.cmvideo.chat.vcall.sevencontrol.msg.InteractSevenSuccessMsgContent
03-19 07:46:17.576 I/RongLog (18058): [ LibHandlerStub ] registerMessageType com.kxsimon.cmvideo.chat.vcall.sevencontrol.msg.InteractSevenApplyMsgContent
03-19 07:46:17.581 I/RongLog (18058): [ LibHandlerStub ] registerMessageType com.kxsimon.cmvideo.chat.vcall.sevencontrol.msg.InteractSevenEndUserMsgContent
03-19 07:46:17.582 I/RongLog (18058): [ LibHandlerStub ] registerMessageType com.kxsimon.cmvideo.chat.vcall.sevencontrol.msg.InteractSevenEndContent
03-19 07:46:17.583 I/RongLog (18058): [ LibHandlerStub ] registerMessageType com.kxsimon.cmvideo.chat.vcall.sevencontrol.msg.SevenLiveApplyCancelMsgContent
03-19 07:46:17.584 I/RongLog (18058): [ LibHandlerStub ] registerMessageType com.kxsimon.cmvideo.chat.vcall.sevencontrol.msg.SevenUserMuteMsgContent
03-19 07:46:17.585 I/RongLog (18058): [ NativeClient ] registerCmdMsgType RC:RRRspMsg
03-19 07:46:17.586 I/RongLog (18058): [ NativeClient ] registerCmdMsgType RC:RRReqMsg
03-19 07:46:17.588 I/RongLog (18058): [ NativeClient ] registerCmdMsgType RC:ReadNtf
03-19 07:46:17.588 I/RongLog (18058): [ NativeClient ] registerCmdMsgType RC:SRSMsg
03-19 07:46:17.588 I/RongLog (18058): [ NativeClient ] registerCmdMsgType RC:RcCmd
03-19 07:46:17.589 I/RongLog (18058): [ NativeClient ] registerCmdMsgType RC:TypSts
03-19 07:46:17.597 D/RongLog (18022): [ ConnectChangeReceiver ] intent : Intent { act=android.net.conn.CONNECTIVITY_CHANGE flg=0x4000010 (has extras) }
03-19 07:46:17.604 D/RongLog (18022): [ ConnectChangeReceiver ] network : true true
03-19 07:46:17.605 I/base_log(18022): [BugReport]/ mainCode : 2001, subCode : 101, reportInfo : web_socket NetworkType : 1, ScreenOn : true,  NetworkReceiver to connect
03-19 07:46:17.606 I/base_log(18022): [BugReport]/ mainCode : 2001, subCode : 125, reportInfo : web_socket NetworkType : 1, ScreenOn : true,  startCommQuery, from : 5
03-19 07:46:17.617 D/RongLog (18022): [ RongIMClient ] ConnectRunnable do connect!
03-19 07:46:17.618 D/RongLog (18022): [ RongIMClient ] onStatusChange : cur = DISCONNECTED, to = CONNECTING, retry = 0
03-19 07:46:17.618 I/record_logger(18022): ChatRoomClient::onConnectionStatusChanged:Connecting
03-19 07:46:17.627 I/cm.log.uipro(18022): [IM][D]/ RY Connect change: CONNECTING
03-19 07:46:17.628 D/RongLog (18022): [ RongIMClient ] [connect] connect
03-19 07:46:17.646 D/RongLog (18058): [ NavigationClient ] [connect] getCMPServerString appKey:e5t4ouvptfuma, token:QwiCFSlWJZ4xQ5HyV8zmdA79Veb3Dfgphz6rVAUlQFYjm1mAbUV/viuBedhYkMgvrE0SOGGWNHi5CeFWmsz9xJxxCOmeuxxwoz0TW+Uwvgw=
03-19 07:46:17.649 D/RongLog (18058): [ NavigationClient ] [connect] isCacheValid:true
03-19 07:46:17.651 D/RongLog (18058): [ NavigationClient ] [connect] cmp from cache:117.79.145.228:8005,52.35.111.246:443,52.35.111.246:8005
03-19 07:46:17.655 D/RongLog (18058): [ NativeClient ] [connect] addObserver onSuccess
03-19 07:46:17.662 D/RongLog (18058): [ NativeClient ] [connect] times = 1
03-19 07:46:17.668 D/RongLog (18058): [ NativeClient ] [connect] device info: LGE, Nexus 5, 23, 2.8.6, WIFI, 
03-19 07:46:17.670 D/RongLog (18058): [ NativeClient ] [connect] nativeObj.Connect cmp:117.79.145.228:8005
03-19 07:46:17.702 I/base_log(18022): [BugReport]/ mainCode : 2001, subCode : 117, reportInfo : web_socket NetworkType : 1, ScreenOn : true,  queryWebSocketConfig success
03-19 07:46:17.707 I/base_log(18022): [BugReport]/ mainCode : 2001, subCode : 106, reportInfo : web_socket NetworkType : 1, ScreenOn : true,  No.1 WebSocket connecting : ws://34.230.211.146:9161, retryCount : 0 , connecting source : ws_config
03-19 07:46:17.727 I/base_log(18022): [BugReport]/ mainCode : 2001, subCode : 106, reportInfo : web_socket NetworkType : 1, ScreenOn : true,  No.0 WebSocket connecting : ws://34.230.211.146:9161, retryCount : 0 , connecting source : ws_config
03-19 07:46:17.728 D/RongLog (18022): [ ReConnectService ] RECONNECT Intent { cmp=com.cmcm.live/io.rong.imlib.ReConnectService (has extras) }
03-19 07:46:17.731 D/RongLog (18022): [ RongIMClient ] [connect] reconnect mConnectionStatus :CONNECTING
03-19 07:46:17.736 E/RongLog (18022): [ RongIMClient ] [connect] client is connecting!
03-19 07:46:17.748 I/record_logger(18022): onRCLogInfoOccurred:P-reason-C;;;tcp_connect;;;ip:117.79.145.228,port:8005
03-19 07:46:17.749 I/base_log(18022): [onRCLogInfoOccurred:]/ P-reason-C;;;tcp_connect;;;ip:117.79.145.228,port:8005
03-19 07:46:17.761 W/KInfoc  (18022): The data section count is not equal! table:kewl_bug_probe, count in format:3, count in data:5.
03-19 07:46:17.765 W/KInfoc  (18022): The data section count is not equal! table:kewl_bug_probe, count in format:3, count in data:5.
03-19 07:46:17.774 W/KInfoc  (18022): The data section count is not equal! table:kewl_bug_probe, count in format:3, count in data:5.
03-19 07:46:17.778 W/KInfoc  (18022): The data section count is not equal! table:kewl_bug_probe, count in format:3, count in data:5.
03-19 07:46:17.794 I/ActivityManager(17992): Displayed com.ksmobile.launcher/.weather.WeatherDetailedActivity: +815ms
03-19 07:46:17.801 W/KInfoc  (18022): The data section count is not equal! table:kewl_bug_probe, count in format:3, count in data:5.
03-19 07:46:17.803 W/KInfoc  (18022): The data section count is not equal! table:kewl_bug_probe, count in format:3, count in data:5.
03-19 07:46:17.820 W/KInfoc  (18022): The data section count is not equal! table:kewl_bug_probe, count in format:3, count in data:5.
03-19 07:46:17.875 D/audio_hw_primary(17775): out_set_parameters: enter: usecase(1: low-latency-playback) kvpairs: routing=2
03-19 07:46:17.936 D/DynamitePackage(16909): Instantiating com.google.android.gms.ads.ChimeraAdLoaderBuilderCreatorImpl
03-19 07:46:17.943 I/Ads     (16909): Starting ad request.
03-19 07:46:17.944 I/Ads     (16909): Use AdRequest.Builder.addTestDevice("80CB0F9622AA0F3FEACB782AEFCCBA6C") to get test ads on this device.
03-19 07:46:17.944 I/Ads     (16909): Webview loading for native ads.
03-19 07:46:17.990 W/Ads     (16909): Not retrying to fetch app settings
03-19 07:46:18.060 I/record_logger(18022): onRCLogInfoOccurred:P-reason-C;;;send_connect;;;connect
03-19 07:46:18.067 W/System.err(16909): android.content.pm.PackageManager$NameNotFoundException: 1121
03-19 07:46:18.067 W/System.err(16909): 	at android.app.ApplicationPackageManager.getPackageInfo(ApplicationPackageManager.java:137)
03-19 07:46:18.067 W/System.err(16909): 	at com.ksmobile.launcher.k.a.b.a(BaseThemeHandler.java:220)
03-19 07:46:18.067 W/System.err(16909): 	at com.ksmobile.launcher.k.a.b.b(BaseThemeHandler.java:148)
03-19 07:46:18.067 W/System.err(16909): 	at com.ksmobile.launcher.k.d.a(PushInqure.java:144)
03-19 07:46:18.067 W/System.err(16909): 	at com.ksmobile.launcher.k.d.run(PushInqure.java:48)
03-19 07:46:18.067 W/System.err(16909): 	at android.os.Handler.handleCallback(Handler.java:739)
03-19 07:46:18.067 W/System.err(16909): 	at android.os.Handler.dispatchMessage(Handler.java:95)
03-19 07:46:18.067 W/System.err(16909): 	at android.os.Looper.loop(Looper.java:148)
03-19 07:46:18.067 W/System.err(16909): 	at android.os.HandlerThread.run(HandlerThread.java:61)
03-19 07:46:18.089 I/Ads     (16909): Javascript has loaded for native ads.
03-19 07:46:18.094 I/base_log(18022): [onRCLogInfoOccurred:]/ P-reason-C;;;send_connect;;;connect
03-19 07:46:18.239 I/Ads     (16909): Javascript has loaded for native ads.
03-19 07:46:18.384 W/KInfoc  (18022): The data section count is not equal! table:kewl_bug_probe, count in format:3, count in data:5.
03-19 07:46:18.386 I/base_log(18022): [BugReport]/ mainCode : 2001, subCode : 103, reportInfo : web_socket NetworkType : 1, ScreenOn : true,  No.0 WebSocket onOpen, Router : ws://34.230.211.146:9161, response : Response{protocol=http/1.1, code=101, message=Switching Protocols, url=http://34.230.211.146:9161/}
03-19 07:46:18.402 D/RongLog (18058): [ NativeClient ] [connect] operationComplete status:0
03-19 07:46:18.407 D/RongLog (18058): [ NativeClient ] [connect] tryConnect::onSuccess userId = 917877848378048512
03-19 07:46:18.408 D/RongLog (18058): [ WakeLockUtils ] startNextHeartbeat com.cmcm.live
03-19 07:46:18.434 W/UnsafeUtil(18022): platform method missing - proto runtime falling back to safer methods: java.lang.NoSuchMethodException: getByte [long]
03-19 07:46:18.434 W/UnsafeUtil(18022): platform method missing - proto runtime falling back to safer methods: java.lang.NoSuchMethodException: getByte [class java.lang.Object, long]
03-19 07:46:18.443 D/RongLog (18022): [ RongIMClient ] [connect] callback onComplete
03-19 07:46:18.444 D/RongLog (18022): [ RongIMClient ] onStatusChange : cur = CONNECTING, to = CONNECTED, retry = 0
03-19 07:46:18.446 I/record_logger(18022): ChatRoomClient::onConnectionStatusChanged:Connect Success.
03-19 07:46:18.451 I/base_log(18022): [ConnectEvent][D]/  connected success
03-19 07:46:18.461 I/art     (17992): Background partial concurrent mark sweep GC freed 63056(4MB) AllocSpace objects, 55(1156KB) LOS objects, 31% free, 34MB/50MB, paused 1.901ms total 165.801ms
03-19 07:46:18.464 I/cm.log.uipro(18022): [IM][D]/ RY Connect change: CONNECTED
03-19 07:46:18.466 I/record_logger(18022): ConnectionManager::connect to server success
03-19 07:46:18.467 D/RongLog (18022): [ RongIMClient ] reJoinChatRoom : trySize = 0
03-19 07:46:18.468 I/base_log(18022): [ConnectEvent][D]/  connected success
03-19 07:46:18.520 W/KInfoc  (18022): The data section count is not equal! table:kewl_bug_probe, count in format:3, count in data:5.
03-19 07:46:18.523 I/base_log(18022): [BugReport]/ mainCode : 2001, subCode : 123, reportInfo : web_socket NetworkType : 1, ScreenOn : true,  No.0 sendRegisterMessage : header {
03-19 07:46:18.523 I/base_log(18022):   version: 1
03-19 07:46:18.523 I/base_log(18022):   sequence: 1
03-19 07:46:18.523 I/base_log(18022):   type: kRegister
03-19 07:46:18.523 I/base_log(18022):   register {
03-19 07:46:18.523 I/base_log(18022):     userid: "917877848378048512"
03-19 07:46:18.523 I/base_log(18022):     token: "hamie127b95bda6b7908659b4cedb8c8"
03-19 07:46:18.523 I/base_log(18022):     appkey: "c1e980bb"
03-19 07:46:18.523 I/base_log(18022):   }
03-19 07:46:18.523 I/base_log(18022): }
03-19 07:46:18.523 I/base_log(18022): body: "{\"version\":\"3.8.35\",\"plat\":\"android\",\"deviceId\":\"c9987370cfa065c5\",\"hb\":\"280\"}"
03-19 07:46:18.528 W/KInfoc  (18022): The data section count is not equal! table:kewl_bug_probe, count in format:3, count in data:5.
03-19 07:46:18.531 I/base_log(18022): [BugReport]/ mainCode : 2001, subCode : 103, reportInfo : web_socket NetworkType : 1, ScreenOn : true,  No.1 WebSocket onOpen, Router : ws://34.230.211.146:9161, response : Response{protocol=http/1.1, code=101, message=Switching Protocols, url=http://34.230.211.146:9161/}
03-19 07:46:18.544 W/KInfoc  (18022): The data section count is not equal! table:kewl_bug_probe, count in format:3, count in data:5.
03-19 07:46:18.552 I/base_log(18022): [BugReport]/ mainCode : 2001, subCode : 123, reportInfo : web_socket NetworkType : 1, ScreenOn : true,  No.1 sendRegisterMessage : header {
03-19 07:46:18.552 I/base_log(18022):   version: 1
03-19 07:46:18.552 I/base_log(18022):   sequence: 1
03-19 07:46:18.552 I/base_log(18022):   type: kRegister
03-19 07:46:18.552 I/base_log(18022):   register {
03-19 07:46:18.552 I/base_log(18022):     userid: "917877848378048512"
03-19 07:46:18.552 I/base_log(18022):     token: "hamie127b95bda6b7908659b4cedb8c8"
03-19 07:46:18.552 I/base_log(18022):     appkey: "c1e980bb"
03-19 07:46:18.552 I/base_log(18022):   }
03-19 07:46:18.552 I/base_log(18022): }
03-19 07:46:18.552 I/base_log(18022): body: "{\"version\":\"3.8.35\",\"plat\":\"android\",\"deviceId\":\"c9987370cfa065c5\",\"hb\":\"280\"}"
03-19 07:46:18.555 D/audio_hw_primary(17775): out_set_parameters: enter: usecase(1: low-latency-playback) kvpairs: routing=2
03-19 07:46:18.769 W/KInfoc  (18022): The data section count is not equal! table:kewl_bug_probe, count in format:3, count in data:5.
03-19 07:46:18.772 I/base_log(18022): [BugReport]/ mainCode : 2001, subCode : 107, reportInfo : web_socket NetworkType : 1, ScreenOn : true,  No.0 register ok
03-19 07:46:18.780 I/Ads     (16909): Ad finished loading.
03-19 07:46:18.789 I/base_log(18022): [web_socket]/ NetworkType : 1, ScreenOn : true,  No.0 scheduleHeartBeat, heartbeat interval : 280
03-19 07:46:18.790 D/DynamitePackage(16909): Instantiating com.google.android.gms.ads.ChimeraNativeAdViewDelegateCreatorImpl
03-19 07:46:18.806 I/art     (16909): Rejecting re-init on previously-failed class java.lang.Class<com.facebook.ads.internal.view.d.c.a>
03-19 07:46:18.807 I/art     (16909): Rejecting re-init on previously-failed class java.lang.Class<com.facebook.ads.internal.view.d.c.a>
03-19 07:46:18.823 W/KInfoc  (18022): The data section count is not equal! table:kewl_bug_probe, count in format:3, count in data:5.
03-19 07:46:18.828 I/base_log(18022): [BugReport]/ mainCode : 2001, subCode : 107, reportInfo : web_socket NetworkType : 1, ScreenOn : true,  No.1 register ok
03-19 07:46:18.832 I/base_log(18022): [web_socket]/ NetworkType : 1, ScreenOn : true,  No.1 scheduleHeartBeat, heartbeat interval : 280
03-19 07:46:19.052 I/Ads     (16909): Ad finished loading.
03-19 07:46:19.188 I/ActivityManager(17992): Start proc 18362:com.cmcm.live:QALSERVICE/u0a278 for service com.cmcm.live/com.tencent.qalsdk.service.QalService
03-19 07:46:19.324 W/Settings(18362): Setting android_id has moved from android.provider.Settings.System to android.provider.Settings.Secure, returning read-only value.
03-19 07:46:19.351 I/RongLog (18362): [ RongIMClient ] RongIMClient
03-19 07:46:19.379 D/RongLog (18362): [ RongIMClient ] init : com.cmcm.live:QALSERVICE, com.cmcm.live
03-19 07:46:19.380 E/RongLog (18362): [ RongIMClient ] SDK should init in main process.
03-19 07:46:19.422 W/System.err(18362): java.lang.NullPointerException: Attempt to invoke virtual method 'java.lang.String[] java.lang.String.split(java.lang.String)' on a null object reference
03-19 07:46:19.423 W/System.err(18362): 	at com.siyanhui.mojif.bqlive.a.b.<init>(Unknown Source)
03-19 07:46:19.423 W/System.err(18362): 	at com.siyanhui.mojif.bqlive.a.b.<clinit>(Unknown Source)
03-19 07:46:19.423 W/System.err(18362): 	at com.siyanhui.mojif.bqlive.a.c.b(Unknown Source)
03-19 07:46:19.423 W/System.err(18362): 	at com.siyanhui.mojif.bqlive.a.c$1.handleMessage(Unknown Source)
03-19 07:46:19.423 W/System.err(18362): 	at android.os.Handler.dispatchMessage(Handler.java:102)
03-19 07:46:19.423 W/System.err(18362): 	at android.os.Looper.loop(Looper.java:148)
03-19 07:46:19.423 W/System.err(18362): 	at android.os.HandlerThread.run(HandlerThread.java:61)
03-19 07:46:19.520 D/WifiService(17992): New client listening to asynchronous messages
03-19 07:46:19.957 D//data/user/0/com.ksmobile.launcher/lib/libkcmutil.so(16909): true
03-19 07:46:20.048 E/InfocLog(16909):  read imei in getinstance, again 
03-19 07:46:20.124 D/audio_hw_primary(17775): out_set_parameters: enter: usecase(1: low-latency-playback) kvpairs: routing=2
03-19 07:46:20.163 D/AudioFlinger(17775): mixer(0xb4140000) throttle end: throttle time(4)
03-19 07:46:20.279 W/KInfoc  (16909): The data section count is not equal! table:launcher_config_success, count in format:4, count in data:6.
03-19 07:46:20.282 W/KInfoc  (16909): The data section count is not equal! table:launcher_locale_change, count in format:5, count in data:2.
03-19 07:46:20.284 W/KInfoc  (16909): The data section count is not equal! table:launcher_cold_start_in, count in format:1, count in data:3.
03-19 07:46:20.662 W/System.err(18075): java.net.SocketTimeoutException: failed to connect to /52.33.58.59 (port 8601) after 4000ms
03-19 07:46:20.662 W/System.err(18075): 	at libcore.io.IoBridge.connectErrno(IoBridge.java:169)
03-19 07:46:20.662 W/System.err(18075): 	at libcore.io.IoBridge.connect(IoBridge.java:122)
03-19 07:46:20.662 W/System.err(18075): 	at java.net.PlainSocketImpl.connect(PlainSocketImpl.java:183)
03-19 07:46:20.662 W/System.err(18075): 	at java.net.PlainSocketImpl.connect(PlainSocketImpl.java:452)
03-19 07:46:20.662 W/System.err(18075): 	at java.net.Socket.connect(Socket.java:884)
03-19 07:46:20.663 W/System.err(18075): 	at io.rong.push.core.PushClient.connect(PushClient.java:39)
03-19 07:46:20.663 W/System.err(18075): 	at io.rong.push.core.PushConnectivityManager.internalConnect(PushConnectivityManager.java:250)
03-19 07:46:20.663 W/System.err(18075): 	at io.rong.push.core.PushConnectivityManager.access$200(PushConnectivityManager.java:37)
03-19 07:46:20.663 W/System.err(18075): 	at io.rong.push.core.PushConnectivityManager$DisconnectedState.processMessage(PushConnectivityManager.java:232)
03-19 07:46:20.663 W/System.err(18075): 	at io.rong.push.common.stateMachine.StateMachine$SmHandler.processMsg(StateMachine.java:966)
03-19 07:46:20.663 W/System.err(18075): 	at io.rong.push.common.stateMachine.StateMachine$SmHandler.handleMessage(StateMachine.java:789)
03-19 07:46:20.663 W/System.err(18075): 	at android.os.Handler.dispatchMessage(Handler.java:102)
03-19 07:46:20.663 W/System.err(18075): 	at android.os.Looper.loop(Looper.java:148)
03-19 07:46:20.663 W/System.err(18075): 	at android.os.HandlerThread.run(HandlerThread.java:61)
03-19 07:46:20.844 W/KInfoc  (16909): The data section count is not equal! table:Launcher_app_install, count in format:2, count in data:4.
03-19 07:46:20.855 W/KInfoc  (16909): The data section count is not equal! table:Launcher_app_install, count in format:2, count in data:4.
03-19 07:46:20.860 W/KInfoc  (16909): The data section count is not equal! table:launcher_folder_num, count in format:3, count in data:5.
03-19 07:46:20.864 D/audio_hw_primary(17775): out_set_parameters: enter: usecase(1: low-latency-playback) kvpairs: routing=2
03-19 07:46:20.864 W/KInfoc  (16909): The data section count is not equal! table:launcher_folder_fclassify, count in format:2, count in data:4.
03-19 07:46:20.874 W/KInfoc  (16909): The data section count is not equal! table:launcher_folder_fclassify, count in format:2, count in data:4.
03-19 07:46:20.879 W/KInfoc  (16909): The data section count is not equal! table:launcher_folder_fclassify, count in format:2, count in data:4.
03-19 07:46:20.884 W/KInfoc  (16909): The data section count is not equal! table:launcher_folder_fclassify, count in format:2, count in data:4.
03-19 07:46:20.889 W/KInfoc  (16909): The data section count is not equal! table:launcher_in_sd, count in format:2, count in data:4.
03-19 07:46:20.893 W/KInfoc  (16909): The data section count is not equal! table:launcher_folder_fclassify, count in format:2, count in data:4.
03-19 07:46:20.896 W/KInfoc  (16909): The data section count is not equal! table:launcher_folder_network_error, count in format:2, count in data:4.
03-19 07:46:20.901 D/AudioFlinger(17775): mixer(0xb4140000) throttle end: throttle time(4)
03-19 07:46:20.904 W/KInfoc  (16909): The data section count is not equal! table:launcher_start_time, count in format:3, count in data:5.
03-19 07:46:20.908 W/KInfoc  (16909): The data section count is not equal! table:launcher_load_time, count in format:2, count in data:4.
03-19 07:46:21.206 W/KInfoc  (16909): The data section count is not equal! table:launcher_wea_request, count in format:1, count in data:3.
03-19 07:46:21.217 W/KInfoc  (16909): The data section count is not equal! table:launcher_wea_loc_success, count in format:7, count in data:8.
03-19 07:46:21.287 W/KInfoc  (16909): The data section count is not equal! table:launcher_mover_widgeticon_num, count in format:1, count in data:3.
03-19 07:46:21.604 D/audio_hw_primary(17775): out_set_parameters: enter: usecase(1: low-latency-playback) kvpairs: routing=2
03-19 07:46:21.641 D/AudioFlinger(17775): mixer(0xb4140000) throttle end: throttle time(4)
03-19 07:46:22.344 D/audio_hw_primary(17775): out_set_parameters: enter: usecase(1: low-latency-playback) kvpairs: routing=2
03-19 07:46:22.381 D/AudioFlinger(17775): mixer(0xb4140000) throttle end: throttle time(4)
03-19 07:46:22.527 W/KInfoc  (16909): The data section count is not equal! table:launcher_theme_pushicon, count in format:1, count in data:3.
03-19 07:46:22.716 W/KInfoc  (16909): The data section count is not equal! table:launcher_screen_layout, count in format:2, count in data:4.
03-19 07:46:22.967 W/KInfoc  (16909): The data section count is not equal! table:launcher_theme_pushicon, count in format:1, count in data:3.
03-19 07:46:23.012 W/KInfoc  (16909): The data section count is not equal! table:launcher_app_pushicon, count in format:3, count in data:5.
03-19 07:46:23.062 W/KInfoc  (16909): The data section count is not equal! table:launcher_app_pushicon, count in format:3, count in data:5.
03-19 07:46:23.094 D/audio_hw_primary(17775): out_set_parameters: enter: usecase(1: low-latency-playback) kvpairs: routing=2
03-19 07:46:23.095 W/KInfoc  (16909): The data section count is not equal! table:launcher_app_pushicon, count in format:3, count in data:5.
03-19 07:46:23.129 W/KInfoc  (16909): The data section count is not equal! table:launcher_app_pushicon, count in format:3, count in data:5.
03-19 07:46:23.243 W/KInfoc  (16909): The data section count is not equal! table:launcher_app_pushicon, count in format:3, count in data:5.
03-19 07:46:23.268 W/KInfoc  (16909): The data section count is not equal! table:launcher_app_pushicon, count in format:3, count in data:5.
03-19 07:46:23.662 W/KInfoc  (16909): The data section count is not equal! table:launcher_popup_channel, count in format:2, count in data:4.
03-19 07:46:24.122 W/KInfoc  (16909): The data section count is not equal! table:launcher_wea_fail_info, count in format:4, count in data:6.
03-19 07:46:24.126 W/KInfoc  (16909): The data section count is not equal! table:launcher_wea_request, count in format:1, count in data:3.
03-19 07:46:24.131 W/KInfoc  (16909): The data section count is not equal! table:launcher_setting_default_select_new, count in format:2, count in data:4.
03-19 07:46:24.163 D/KInfocBatchReporter(16909):  [ BATCH REPORT ]
03-19 07:46:24.163 D/KInfocBatchReporter(16909): com.ksmobile.infoc.c.d@3663ef3
03-19 07:46:24.504 E/InfocLog(16909): https upload infoc data [common]
03-19 07:46:24.504 E/InfocLog(16909): result=1
03-19 07:46:24.504 E/InfocLog(16909): time=1521459986
03-19 07:46:24.508 D/KInfocBatchReporter(16909):     * SUCCESS
03-19 07:46:24.513 D/KInfocBatchReporter(16909):  * REPORT SUCCESS : DC+H=31 DC=30 SIZE=545
03-19 07:46:24.667 W/Binder_10(20640): type=1400 audit(0.0:158702): avc: denied { ioctl } for path="socket:[5183560]" dev="sockfs" ino=5183560 ioctlcmd=7704 scontext=u:r:system_server:s0 tcontext=u:r:system_server:s0 tclass=unix_stream_socket permissive=0
03-19 07:46:24.667 W/Binder_10(20640): type=1400 audit(0.0:158703): avc: denied { ioctl } for path="socket:[5183560]" dev="sockfs" ino=5183560 ioctlcmd=7704 scontext=u:r:system_server:s0 tcontext=u:r:system_server:s0 tclass=unix_stream_socket permissive=0
03-19 07:46:24.721 I/GoogleInputMethod(18923): onFinishInput() : Dummy InputConnection bound
03-19 07:46:24.721 I/GoogleInputMethod(18923): onStartInput() : Dummy InputConnection bound
03-19 07:46:24.743 W/InputEventSender(16909): Failed to send key event on channel 'ClientState{8333a67 uid 10282 pid 16909} (server)'.  status=-11
03-19 07:46:24.743 W/InputMethodManager(16909): Unable to send input event to IME: com.google.android.inputmethod.latin/com.android.inputmethod.latin.LatinIME dropping: KeyEvent { action=ACTION_DOWN, keyCode=KEYCODE_DPAD_DOWN, scanCode=0, metaState=0, flags=0x400, repeatCount=0, eventTime=516382223, downTime=516382223, deviceId=-1, source=0x101 }
03-19 07:46:24.743 W/InputEventSender(16909): Failed to send key event on channel 'ClientState{8333a67 uid 10282 pid 16909} (server)'.  status=-11
03-19 07:46:24.743 W/InputMethodManager(16909): Unable to send input event to IME: com.google.android.inputmethod.latin/com.android.inputmethod.latin.LatinIME dropping: KeyEvent { action=ACTION_UP, keyCode=KEYCODE_DPAD_DOWN, scanCode=0, metaState=0, flags=0x400, repeatCount=0, eventTime=516382223, downTime=516382223, deviceId=-1, source=0x101 }
03-19 07:46:24.743 W/InputEventSender(16909): Failed to send key event on channel 'ClientState{8333a67 uid 10282 pid 16909} (server)'.  status=-11
03-19 07:46:24.743 W/InputMethodManager(16909): Unable to send input event to IME: com.google.android.inputmethod.latin/com.android.inputmethod.latin.LatinIME dropping: KeyEvent { action=ACTION_DOWN, keyCode=KEYCODE_DPAD_DOWN, scanCode=0, metaState=0, flags=0x400, repeatCount=0, eventTime=516382223, downTime=516382223, deviceId=-1, source=0x101 }
03-19 07:46:24.743 W/InputEventSender(16909): Failed to send key event on channel 'ClientState{8333a67 uid 10282 pid 16909} (server)'.  status=-11
03-19 07:46:24.743 W/InputMethodManager(16909): Unable to send input event to IME: com.google.android.inputmethod.latin/com.android.inputmethod.latin.LatinIME dropping: KeyEvent { action=ACTION_UP, keyCode=KEYCODE_DPAD_DOWN, scanCode=0, metaState=0, flags=0x400, repeatCount=0, eventTime=516382223, downTime=516382223, deviceId=-1, source=0x101 }
03-19 07:46:24.743 W/InputEventSender(16909): Failed to send key event on channel 'ClientState{8333a67 uid 10282 pid 16909} (server)'.  status=-11
03-19 07:46:24.743 W/InputMethodManager(16909): Unable to send input event to IME: com.google.android.inputmethod.latin/com.android.inputmethod.latin.LatinIME dropping: KeyEvent { action=ACTION_DOWN, keyCode=KEYCODE_DPAD_DOWN, scanCode=0, metaState=0, flags=0x400, repeatCount=0, eventTime=516382223, downTime=516382223, deviceId=-1, source=0x101 }
03-19 07:46:24.743 W/InputEventSender(16909): Failed to send key event on channel 'ClientState{8333a67 uid 10282 pid 16909} (server)'.  status=-11
03-19 07:46:24.744 W/InputMethodManager(16909): Unable to send input event to IME: com.google.android.inputmethod.latin/com.android.inputmethod.latin.LatinIME dropping: KeyEvent { action=ACTION_UP, keyCode=KEYCODE_DPAD_DOWN, scanCode=0, metaState=0, flags=0x400, repeatCount=0, eventTime=516382223, downTime=516382223, deviceId=-1, source=0x101 }
03-19 07:46:24.744 W/InputEventSender(16909): Failed to send key event on channel 'ClientState{8333a67 uid 10282 pid 16909} (server)'.  status=-11
03-19 07:46:24.744 W/InputMethodManager(16909): Unable to send input event to IME: com.google.android.inputmethod.latin/com.android.inputmethod.latin.LatinIME dropping: KeyEvent { action=ACTION_DOWN, keyCode=KEYCODE_DPAD_DOWN, scanCode=0, metaState=0, flags=0x400, repeatCount=0, eventTime=516382223, downTime=516382223, deviceId=-1, source=0x101 }
03-19 07:46:24.744 W/InputEventSender(16909): Failed to send key event on channel 'ClientState{8333a67 uid 10282 pid 16909} (server)'.  status=-11
03-19 07:46:24.744 W/InputMethodManager(16909): Unable to send input event to IME: com.google.android.inputmethod.latin/com.android.inputmethod.latin.LatinIME dropping: KeyEvent { action=ACTION_UP, keyCode=KEYCODE_DPAD_DOWN, scanCode=0, metaState=0, flags=0x400, repeatCount=0, eventTime=516382223, downTime=516382223, deviceId=-1, source=0x101 }
03-19 07:46:24.744 W/InputEventSender(16909): Failed to send key event on channel 'ClientState{8333a67 uid 10282 pid 16909} (server)'.  status=-11
03-19 07:46:24.744 W/InputMethodManager(16909): Unable to send input event to IME: com.google.android.inputmethod.latin/com.android.inputmethod.latin.LatinIME dropping: KeyEvent { action=ACTION_DOWN, keyCode=KEYCODE_DPAD_DOWN, scanCode=0, metaState=0, flags=0x400, repeatCount=0, eventTime=516382223, downTime=516382223, deviceId=-1, source=0x101 }
03-19 07:46:24.744 W/InputEventSender(16909): Failed to send key event on channel 'ClientState{8333a67 uid 10282 pid 16909} (server)'.  status=-11
03-19 07:46:24.744 W/InputMethodManager(16909): Unable to send input event to IME: com.google.android.inputmethod.latin/com.android.inputmethod.latin.LatinIME dropping: KeyEvent { action=ACTION_UP, keyCode=KEYCODE_DPAD_DOWN, scanCode=0, metaState=0, flags=0x400, repeatCount=0, eventTime=516382223, downTime=516382223, deviceId=-1, source=0x101 }
03-19 07:46:24.778 I/Ads     (16909): Ad impression.
03-19 07:46:24.815 W/ResourceType(16909): No known package when getting name for resource number 0x47470002
03-19 07:46:24.839 I/chromium(16909): [INFO:CONSOLE(0)] "Document was loaded from Application Cache with manifest https://googleads.g.doubleclick.net/mads/static/mad/sdk/native/sdk-core-v40-loader.appcache", source: https://googleads.g.doubleclick.net/mads/static/mad/sdk/native/sdk-core-v40-loader.html (0)
03-19 07:46:24.840 I/chromium(16909): [INFO:CONSOLE(0)] "Application Cache Checking event", source: https://googleads.g.doubleclick.net/mads/static/mad/sdk/native/sdk-core-v40-loader.html (0)
03-19 07:46:24.840 I/chromium(16909): [INFO:CONSOLE(0)] "Application Cache Checking event", source: https://googleads.g.doubleclick.net/mads/static/mad/sdk/native/sdk-core-v40-loader.html (0)
03-19 07:46:24.881 I/chromium(16909): [INFO:CONSOLE(0)] "Application Cache NoUpdate event", source: https://googleads.g.doubleclick.net/mads/static/mad/sdk/native/sdk-core-v40-loader.html (0)
03-19 07:46:24.882 I/chromium(16909): [INFO:CONSOLE(0)] "Application Cache NoUpdate event", source: https://googleads.g.doubleclick.net/mads/static/mad/sdk/native/sdk-core-v40-loader.html (0)
03-19 07:46:24.934 D/audio_hw_primary(17775): out_set_parameters: enter: usecase(1: low-latency-playback) kvpairs: routing=2
03-19 07:46:25.035 I/ActivityManager(17992): START u0 {flg=0x10000000 cmp=com.ksmobile.launcher/.insertpage.AdMobAdMainActivity (has extras)} from uid 10282 on display 0
03-19 07:46:25.060 D/DynamitePackage(16909): Instantiating com.google.android.gms.ads.ChimeraAdOverlayCreatorImpl
03-19 07:46:25.065 I/Ads     (16909): Ad opening.
03-19 07:46:25.073 I/ActivityManager(17992): START u0 {act=android.intent.action.VIEW dat=https://support.google.com/... cmp=com.android.chrome/com.google.android.apps.chrome.IntentDispatcher} from uid 10282 on display 0
03-19 07:46:25.074 I/Ads     (16909): Ad leaving application.
03-19 07:46:25.077 W/Binder_10(20640): type=1400 audit(0.0:158704): avc: denied { ioctl } for path="socket:[5188638]" dev="sockfs" ino=5188638 ioctlcmd=7704 scontext=u:r:system_server:s0 tcontext=u:r:system_server:s0 tclass=unix_stream_socket permissive=0
03-19 07:46:25.077 W/Binder_10(20640): type=1400 audit(0.0:158705): avc: denied { ioctl } for path="socket:[5188638]" dev="sockfs" ino=5188638 ioctlcmd=7704 scontext=u:r:system_server:s0 tcontext=u:r:system_server:s0 tclass=unix_stream_socket permissive=0
03-19 07:46:25.140 I/ActivityManager(17992): Displayed com.ksmobile.launcher/.insertpage.AdMobAdMainActivity: +96ms (total +1m11s952ms)
03-19 07:46:25.140 I/GoogleInputMethod(18923): onFinishInput() : Dummy InputConnection bound
03-19 07:46:25.141 I/GoogleInputMethod(18923): onStartInput() : Dummy InputConnection bound
03-19 07:46:25.127 W/Binder_8(18974): type=1400 audit(0.0:158706): avc: denied { ioctl } for path="socket:[5183560]" dev="sockfs" ino=5183560 ioctlcmd=7704 scontext=u:r:system_server:s0 tcontext=u:r:system_server:s0 tclass=unix_stream_socket permissive=0
03-19 07:46:25.127 W/Binder_8(18974): type=1400 audit(0.0:158707): avc: denied { ioctl } for path="socket:[5183560]" dev="sockfs" ino=5183560 ioctlcmd=7704 scontext=u:r:system_server:s0 tcontext=u:r:system_server:s0 tclass=unix_stream_socket permissive=0
03-19 07:46:26.545 E/InfocLog(16909):  read imei in getinstance, again 
03-19 07:46:26.549 W/KInfoc  (16909): The data section count is not equal! table:launcher_startpage_request_mediation_ad, count in format:2, count in data:4.
03-19 07:46:26.554 W/KInfoc  (16909): The data section count is not equal! table:launcher_popup_channel, count in format:2, count in data:4.
03-19 07:46:26.559 W/KInfoc  (16909): The data section count is not equal! table:launcher_state_times, count in format:3, count in data:5.
03-19 07:46:26.563 W/KInfoc  (16909): The data section count is not equal! table:launcher_theme_iconout, count in format:1, count in data:3.
03-19 07:46:26.571 W/KInfoc  (16909): The data section count is not equal! table:launcher_theme_iconout, count in format:1, count in data:3.
03-19 07:46:26.573 W/KInfoc  (16909): The data section count is not equal! table:launcher_mover_mainscreen, count in format:3, count in data:5.
03-19 07:46:26.576 W/KInfoc  (16909): The data section count is not equal! table:launcher_state_times, count in format:3, count in data:5.
03-19 07:46:26.578 W/KInfoc  (16909): The data section count is not equal! table:launcher_startpage_request_mediation_ad, count in format:2, count in data:4.
03-19 07:46:27.126 I/record_logger(18022): [CMIMNetwork] Get IMToken From Locale Storage!
03-19 07:46:27.131 I/base_log(18022): [CMIMNetwork]/ Get IMToken From Locale Storage!
03-19 07:46:27.147 I/record_logger(18022): [CMIMNetwork] QUERYING CMIM CONFIG ...
03-19 07:46:28.097 D/audio_hw_primary(17775): disable_audio_route: reset and update mixer path: low-latency-playback
03-19 07:46:28.097 D/audio_hw_primary(17775): disable_snd_device: snd_device(2: speaker)
03-19 07:46:28.363 I/record_logger(18022): [CMIMNetwork] QUERY CMIM CONFIG SUCCESSED!
03-19 07:46:28.398 I/record_logger(18022): [CMIMNetwork] PARSE im-cdn3.ksmobile.net.cdn20.com SUCCESSED 180.97.181.13
03-19 07:46:28.399 I/record_logger(18022): [CMIMClient] connectStatus: CS_NOT_CONNECTED -> CS_CONNECTING
03-19 07:46:28.403 I/base_log(18022): [CMIMNetwork]/ PARSE im-cdn3.ksmobile.net.cdn20.com SUCCESSED 180.97.181.13
03-19 07:46:28.407 I/cm.log.uipro(18022): [IM][D]/ CMIM Connect change: CS_CONNECTING
03-19 07:46:28.494 I/record_logger(18022): [CMIMNetwork] CONNECTING 180.97.181.13:10001 ...
03-19 07:46:28.500 I/base_log(18022): [CMIMNetwork]/ CONNECTING 180.97.181.13:10001 ...
03-19 07:46:28.542 I/record_logger(18022): [CMIMNetwork] onCMIMSocketEventConnected -> im-cdn3.ksmobile.net.cdn20.com:10001
03-19 07:46:28.543 I/record_logger(18022): [CMIMClient] connectStatus: CS_CONNECTING -> CS_CONNECTED
03-19 07:46:28.544 I/record_logger(18022): [CMIMClient] Authing 917877848378048512/hami1365ddfeb36eb69ca47a3b8ca2a8/livemec9987370cfa065c5 ...
03-19 07:46:28.544 I/record_logger(18022): [cmim:app] doAuth(). uid=917877848378048512
03-19 07:46:28.550 I/base_log(18022): [CMIMClient]/ Authing 917877848378048512/hami1365ddfeb36eb69ca47a3b8ca2a8/livemec9987370cfa065c5 ...
03-19 07:46:28.553 I/record_logger(18022): [cmim:app] addNewSendJob(). job:com.cmcm.cmim.logic.AppLogic$c@6f0a089
03-19 07:46:28.557 I/cm.log.uipro(18022): [IM][D]/ CMIM Connect change: CS_CONNECTED
03-19 07:46:28.584 I/record_logger(18022): [cmim:app] pickJobForSending() returns com.cmcm.cmim.logic.AppLogic$c@6f0a089
03-19 07:46:28.584 I/record_logger(18022): [cmim:app] nextPacket() returns Packet(type=LOGIN, subType=UNRECOGNIZED)
03-19 07:46:28.584 I/record_logger(18022): [CMIMClient] nextPacket() returns packet = Packet(type=LOGIN, subType=UNRECOGNIZED)
03-19 07:46:28.584 I/record_logger(18022): [CMIMNetwork] push output packet to queue length(110) diyType(00000000) dataID(00000000) type(0) subType(x)
03-19 07:46:28.636 I/record_logger(18022): [CMIMNetwork] OUTPUT-PACKET data loaded, sending ... length(110) diyType(00000000) dataID(00000000) type(0) subType(x)
03-19 07:46:28.636 I/record_logger(18022): [CMIMNetwork] onCMIMSocketEventWrite 110
03-19 07:46:28.638 I/base_log(18022): [CMIMNetwork]/ onCMIMSocketEventWrite 110
