03-19 07:45:10.442 E/ACDB-LOADER(17775): Error: ACDB AudProc vol returned = -19
03-19 07:45:10.443 D/audio_hw_primary(17775): enable_snd_device: snd_device(61: voice-rec-mic)
03-19 07:45:10.447 D/audio_hw_primary(17775): enable_audio_route: apply and update mixer path: audio-record
03-19 07:45:10.465 I/GeofencerStateMachine(18786): removeGeofences: removeRequest=RemoveGeofencingRequest[REMOVE_ALL packageName=com.cleanmaster.mguard]
03-19 07:45:10.514 D/VoicemailCleanupService( 3979): Cleaning up data for package: com.cleanmaster.mguard
03-19 07:45:10.534 I/MicroDetectionWorker(23446): onReady
03-19 07:45:10.603 I/InputReader(17992): Reconfiguring input devices.  changes=0x00000010
03-19 07:45:10.624 D/CarrierServiceBindHelper(18968): Receive action: android.intent.action.PACKAGE_REMOVED
03-19 07:45:10.676 I/InputReader(17992): Reconfiguring input devices.  changes=0x00000010
03-19 07:45:10.696 D/JobSchedulerService(17992): Receieved: android.intent.action.PACKAGE_REMOVED
03-19 07:45:10.700 D/CarrierServiceBindHelper(18968): Receive action: android.intent.action.PACKAGE_ADDED
03-19 07:45:10.704 W/ContextImpl(11824): Calling a method in the system process without a qualified user: android.app.ContextImpl.startService:1221 android.content.ContextWrapper.startService:581 android.content.ContextWrapper.startService:581 com.android.keychain.KeyChainBroadcastReceiver.onReceive:12 android.app.ActivityThread.handleReceiver:2725 
03-19 07:45:10.704 W/OpenGLRenderer(18981): Incorrectly called buildLayer on View: ShortcutAndWidgetContainer, destroying layer...
03-19 07:45:10.704 W/OpenGLRenderer(18981): Incorrectly called buildLayer on View: ShortcutAndWidgetContainer, destroying layer...
03-19 07:45:10.734 D/CarrierServiceBindHelper(18968): mHandler: 3
03-19 07:45:10.734 D/CarrierConfigLoader(18968): mHandler: 9 phoneId: 0
03-19 07:45:10.804 D/Documents(11882): Update found 8 roots in 53ms
03-19 07:45:10.805 D/Documents(11882): Update found 8 roots in 329ms
03-19 07:45:10.811 E/NetworkScheduler(18786): Unrecognised action provided: android.intent.action.PACKAGE_REMOVED
03-19 07:45:10.891 I/Finsky  ( 4226): [1] com.google.android.finsky.wear.WearSupportService.onStartCommand(21): Starting WearSupportService for auto_uninstall
03-19 07:45:10.899 I/Finsky  ( 4226): [1] com.google.android.finsky.wear.ao.a(80): Connecting to wearable; initiated by: com.google.android.finsky.wear.WearSupportService
03-19 07:45:10.923 I/Finsky  ( 4226): [1] com.google.android.finsky.wear.WearSupportService.onStartCommand(21): Starting WearSupportService for send_installed_apps
03-19 07:45:10.929 I/ContentMaintenance(18675): Pruning caches...
03-19 07:45:10.935 I/ContentMaintenance(18675): Internal cache bytes used: 0; limit: 100000000; download size: 0
03-19 07:45:10.941 I/Finsky  ( 4226): [2857] com.google.android.finsky.splitinstallservice.af.run(7): No active session in storage.
03-19 07:45:10.951 D/ConnectivityService(17992): updateNetworkScore for NetworkAgentInfo [WIFI () - 101] to 60
03-19 07:45:10.992 I/ContentMaintenance(18675): Cache pruning complete.
03-19 07:45:11.010 I/GrowthService(18675): Package com.cleanmaster.mguard uninstalled. Removing from storage.
03-19 07:45:11.021 I/ActivityManager(17992): Start proc 16821:com.google.android.partnersetup/u0a16 for broadcast com.google.android.partnersetup/.RlzPingBroadcastReceiver
03-19 07:45:11.034 I/LocationSettingsChecker(18675): Removing dialog suppression flag for package com.cleanmaster.mguard
03-19 07:45:11.039 I/Icing   (18675): IndexChimeraService.getServiceInterface callingPackage=com.google.android.gms componentName=AppsCorpus serviceId=36
03-19 07:45:11.049 I/Finsky  ( 4226): [1] com.google.android.finsky.scheduler.JobSchedulerEngine.a(61): Scheduling job with id: 9000
03-19 07:45:11.053 I/Icing   (18675): IndexChimeraService.getServiceInterface callingPackage=com.google.android.gms componentName=AppsCorpus serviceId=32
03-19 07:45:11.073 I/WearableService(18786): Wearable Services not starting - Wear is not available on this device.
03-19 07:45:11.082 I/ContentMaintenance(18675): Beginning garbage collection.
03-19 07:45:11.085 W/WearableService(18786): onGetService - Wear is not available on this device.
03-19 07:45:11.097 E/Finsky  ( 4226): [1] com.google.android.finsky.wear.ar.a(3): onConnectionFailed: ConnectionResult{statusCode=API_UNAVAILABLE, resolution=null, message=null}
03-19 07:45:11.098 W/Finsky  ( 4226): [1] com.google.android.finsky.wear.ca.run(12): Dropping command=auto_uninstall due to Gms not connected
03-19 07:45:11.107 I/Finsky  ( 4226): [1] com.google.android.finsky.wear.WearSupportService.b(67): Stopping WearSupportService
03-19 07:45:11.112 I/Icing   (18675): doRemovePackageData com.cleanmaster.mguard
03-19 07:45:11.113 W/Finsky  ( 4226): [1] com.google.android.finsky.wear.ca.run(12): Dropping command=send_installed_apps due to Gms not connected
03-19 07:45:11.114 I/Finsky  ( 4226): [1] com.google.android.finsky.wear.WearSupportService.b(67): Stopping WearSupportService
03-19 07:45:11.118 I/RealtimeCacheCleanup(18675): Beginning Realtime garbage collection.
03-19 07:45:11.139 W/System  (16821): ClassLoader referenced unknown path: /system/priv-app/GooglePartnerSetup/lib/arm
03-19 07:45:11.148 I/RealtimeCacheCleanup(18675): Finished Realtime garbage collection.
03-19 07:45:11.148 I/ContentMaintenance(18675): Finished garbage collection.
03-19 07:45:11.213 I/GeofencerStateMachine(18786): removeGeofences: removeRequest=RemoveGeofencingRequest[REMOVE_BY_PENDING_INTENT pendingIntent=PendingIntent[creatorPackage=com.google.android.gms], packageName=null]
03-19 07:45:11.223 I/GeofencerStateMachine(18786): removeGeofences: removeRequest=RemoveGeofencingRequest[REMOVE_BY_PENDING_INTENT pendingIntent=PendingIntent[creatorPackage=com.google.android.gms], packageName=null]
03-19 07:45:11.286 I/PlaceInferenceEngine(18786): [anon] Changed inference mode: 0
03-19 07:45:11.450 I/ChromeSync(18675): [Sync,SyncIntentOperation] Handling the intent: Intent { act=android.intent.action.PACKAGE_ADDED dat=package:com.ksmobile.launcher flg=0x4000010 cmp=com.google.android.gms/.chimera.GmsIntentOperationService (has extras) }.
03-19 07:45:11.458 I/Finsky  ( 4226): [1] com.google.android.finsky.wear.WearSupportService.onStartCommand(21): Starting WearSupportService for auto_install
03-19 07:45:11.468 I/Finsky  ( 4226): [1] com.google.android.finsky.wear.ao.a(80): Connecting to wearable; initiated by: com.google.android.finsky.wear.WearSupportService
03-19 07:45:11.491 I/Finsky  ( 4226): [1] com.google.android.finsky.wear.WearSupportService.onStartCommand(21): Starting WearSupportService for send_installed_apps
03-19 07:45:11.525 W/WearableService(18786): onGetService - Wear is not available on this device.
03-19 07:45:11.578 E/Finsky  ( 4226): [1] com.google.android.finsky.wear.ar.a(3): onConnectionFailed: ConnectionResult{statusCode=API_UNAVAILABLE, resolution=null, message=null}
03-19 07:45:11.579 W/Finsky  ( 4226): [1] com.google.android.finsky.wear.ca.run(12): Dropping command=auto_install due to Gms not connected
03-19 07:45:11.579 I/Finsky  ( 4226): [1] com.google.android.finsky.wear.WearSupportService.b(67): Stopping WearSupportService
03-19 07:45:11.601 W/Finsky  ( 4226): [1] com.google.android.finsky.wear.ca.run(12): Dropping command=send_installed_apps due to Gms not connected
03-19 07:45:11.602 I/Finsky  ( 4226): [1] com.google.android.finsky.wear.WearSupportService.b(67): Stopping WearSupportService
03-19 07:45:11.614 D/AndroidRuntime(16793): >>>>>> START com.android.internal.os.RuntimeInit uid 2000 <<<<<<
03-19 07:45:11.621 D/AndroidRuntime(16793): CheckJNI is OFF
03-19 07:45:11.679 E/ctxmgr  (18786): [ProducerStatusImpl]updateStateForNewContextData: inactive, contextName=7
03-19 07:45:11.688 D/ICU     (16793): No timezone override file found: /data/misc/zoneinfo/current/icu/icu_tzdata.dat
03-19 07:45:11.733 I/Places  (18786): ?: PlacesBleScanner start() with priority 2
03-19 07:45:11.734 I/PlaceInferenceEngine(18786): [anon] Changed inference mode: 1
03-19 07:45:11.747 I/Icing   (18675): Usage reports ok 2, Failed Usage reports 0, indexed 0, rejected 0, imm upload false
03-19 07:45:11.763 I/Places  (18786): Converted 0 out of 28 WiFi scans
03-19 07:45:11.763 I/BeaconBle(18786): Using BLE 'L' hardware layer
03-19 07:45:11.767 I/Radio-JNI(16793): register_android_hardware_Radio DONE
03-19 07:45:11.787 I/BeaconBle(18786): Client requested scan, settings=BleSettings [scanMode=ZERO_POWER, callbackType=ALL_MATCHES, reportDelayMillis=0, 1 filters, 0 clients, callingClientName=Places]
03-19 07:45:11.792 D/BluetoothAdapter(18786): STATE_OFF
03-19 07:45:11.792 D/BluetoothAdapter(18786): Calling enableBLE
03-19 07:45:11.800 I/BeaconBle(18786): ZERO_POWER is disabled.
03-19 07:45:11.800 I/BeaconBle(18786): 'L' hardware scan: scan stopped, no powered clients
03-19 07:45:11.814 D/AndroidRuntime(16793): Calling main entry com.android.commands.pm.Pm
03-19 07:45:11.819 I/ActivityManager(17992): Start proc 16852:com.android.bluetooth/1002 for service com.android.bluetooth/.btservice.AdapterService
03-19 07:45:11.912 I/art     (16793): System.exit called, status: 0
03-19 07:45:11.912 I/AndroidRuntime(16793): VM exiting with result code 0.
03-19 07:45:11.932 I/Icing   (18675): Usage reports ok 0, Failed Usage reports 0, indexed 0, rejected 0, imm upload false
03-19 07:45:11.936 I/PlaceInferenceEngine(18786): No beacon scan available - ignoring candidates.
03-19 07:45:11.963 D/AdapterServiceConfig(16852): Adding HeadsetService
03-19 07:45:11.963 D/AdapterServiceConfig(16852): Adding A2dpService
03-19 07:45:11.964 D/AdapterServiceConfig(16852): Adding HidService
03-19 07:45:11.965 D/AdapterServiceConfig(16852): Adding HealthService
03-19 07:45:11.965 D/AdapterServiceConfig(16852): Adding PanService
03-19 07:45:11.966 D/AdapterServiceConfig(16852): Adding GattService
03-19 07:45:11.966 D/AdapterServiceConfig(16852): Adding BluetoothMapService
03-19 07:45:11.984 D/BluetoothManagerService(17992): Added callback: android.bluetooth.IBluetoothManagerCallback$Stub$Proxy@262212a:true
03-19 07:45:11.985 D/BluetoothAdapterState(16852): make() - Creating AdapterState
03-19 07:45:11.992 I/bt_bluedroid(16852): init
03-19 07:45:11.992 I/BluetoothAdapterState(16852): Entering OffState
03-19 07:45:11.994 I/bt_bte_conf(16852): bte_load_ble_conf attempt to load ble stack conf from /etc/bluetooth/ble_stack.conf
03-19 07:45:11.994 E/bt_osi_config(16852): config_new unable to open file '/etc/bluetooth/ble_stack.conf': No such file or directory
03-19 07:45:11.995 I/bt_bte_conf(16852): bte_load_ble_conf file >/etc/bluetooth/ble_stack.conf< not found
03-19 07:45:11.995 I/bt_stack_config(16852): init attempt to load stack conf from /etc/bluetooth/bt_stack.conf
03-19 07:45:11.996 I/bt_bluedroid(16852): get_profile_interface socket
03-19 07:45:11.998 I/bt_bluedroid(16852): get_profile_interface sdp
03-19 07:45:11.998 D/BluetoothAdapterProperties(16852): Address is:CC:FA:00:35:96:D6
03-19 07:45:12.000 D/BluetoothAdapterProperties(16852): Name is: Nexus 5
03-19 07:45:12.011 I/bt_bluedroid(16852): config_hci_snoop_log
03-19 07:45:12.013 D/BluetoothManagerService(17992): Broadcasting onBluetoothServiceUp() to 7 receivers.
03-19 07:45:12.017 D/BluetoothAdapterState(16852): Current state: OFF, message: 0
03-19 07:45:12.017 D/BluetoothAdapterProperties(16852): Setting state to 14
03-19 07:45:12.017 I/BluetoothAdapterState(16852): Bluetooth adapter state changed: 10-> 14
03-19 07:45:12.019 D/BluetoothBondStateMachine(16852): make
03-19 07:45:12.025 I/BluetoothBondStateMachine(16852): StableState(): Entering Off State
03-19 07:45:12.027 I/BluetoothAdapterState(16852): Entering PendingCommandState
03-19 07:45:12.028 I/BtGatt.JNI(16852): classInitNative(L912): classInitNative: Success!
03-19 07:45:12.031 D/BluetoothAdapterService(16852): getAdapterService() - returning com.android.bluetooth.btservice.AdapterService@e8ff34c
03-19 07:45:12.032 D/BtGatt.DebugUtils(16852): handleDebugAction() action=null
03-19 07:45:12.044 D/BtGatt.GattService(16852): Received start request. Starting profile...
03-19 07:45:12.044 D/BtGatt.GattService(16852): start()
03-19 07:45:12.044 I/bt_bluedroid(16852): get_profile_interface gatt
03-19 07:45:12.045 D/BluetoothAdapterService(16852): getAdapterService() - returning com.android.bluetooth.btservice.AdapterService@e8ff34c
03-19 07:45:12.045 D/BtGatt.AdvertiseManager(16852): advertise manager created
03-19 07:45:12.053 W/FA-SVC  (18675): Too many conversions. Not logging as conversion. appId: com.cleanmaster.mguard
03-19 07:45:12.055 V/BluetoothAdapterState(16852): isTurningOff()=false
03-19 07:45:12.055 V/BluetoothAdapterState(16852): isTurningOn()=false
03-19 07:45:12.055 V/BluetoothAdapterState(16852): isBleTurningOn()=true
03-19 07:45:12.056 V/BluetoothAdapterState(16852): isBleTurningOff()=false
03-19 07:45:12.056 D/BluetoothAdapterState(16852): Current state: PENDING_COMMAND, message: 4
03-19 07:45:12.057 I/bt_bluedroid(16852): bt_bluedroid
03-19 07:45:12.057 D/bt_stack_manager(16852): event_start_up_stack is bringing up the stack.
03-19 07:45:12.058 I/bt_hci  (16852): start_up
03-19 07:45:12.067 I/bt_vendor(16852): alloc value 0xb385ae8d
03-19 07:45:12.067 I/bt_vendor(16852): init
03-19 07:45:12.067 I/bt_vnd_conf(16852): Attempt to load conf from /etc/bluetooth/bt_vendor.conf
03-19 07:45:12.067 I/bt_vnd_conf(16852): vnd_load_conf file >/etc/bluetooth/bt_vendor.conf< not found
03-19 07:45:12.077 I/Icing   (18675): IndexChimeraService.getServiceInterface callingPackage=com.google.android.gms componentName=AppsCorpus serviceId=36
03-19 07:45:12.078 I/Icing   (18675): IndexChimeraService.getServiceInterface callingPackage=com.google.android.gms componentName=AppsCorpus serviceId=32
03-19 07:45:12.101 D/bt_hci  (16852): start_up starting async portion
03-19 07:45:12.103 I/bt_hci  (16852): event_finish_startup
03-19 07:45:12.103 I/bt_hci_h4(16852): hal_open
03-19 07:45:12.103 I/bt_userial_vendor(16852): userial vendor open: opening /dev/ttyHS99
03-19 07:45:12.106 I/bt_userial_vendor(16852): device fd = 49 open
03-19 07:45:12.123 I/Icing   (18675): Usage reports ok 0, Failed Usage reports 0, indexed 0, rejected 0, imm upload false
03-19 07:45:12.145 I/Icing   (18675): Usage reports ok 0, Failed Usage reports 0, indexed 0, rejected 0, imm upload false
03-19 07:45:12.158 W/FA-SVC  (18675): Too many conversions. Not logging as conversion. appId: com.cleanmaster.mguard
03-19 07:45:12.187 I/bt_hwcfg(16852): bt vendor lib: set UART baud 4000000
03-19 07:45:12.215 D/bt_hwcfg(16852): Chipset BCM4335C0
03-19 07:45:12.215 D/bt_hwcfg(16852): Target name = [BCM4335C0]
03-19 07:45:12.215 I/bt_hwcfg(16852): Found patchfile: /vendor/firmware//bcm4335c0.hcd
03-19 07:45:12.592 I/bt_hwcfg(16852): bt vendor lib: set UART baud 115200
03-19 07:45:12.592 D/bt_hwcfg(16852): Settlement delay -- 100 ms
03-19 07:45:12.592 I/bt_hwcfg(16852): Setting fw settlement delay to 100 
03-19 07:45:12.683 W/ctxmgr  (18786): [AclManager]No 2 for (accnt=account#-517948760#, com.google.android.gms(10010):PlacesProducer, vrsn=12221000, 0, 3pPkg = null ,  3pMdlId = null ,  pid = 18786). Was: 3 for 18, account#-517948760#
03-19 07:45:12.708 I/bt_hwcfg(16852): bt vendor lib: set UART baud 4000000
03-19 07:45:12.708 I/bt_hwcfg(16852): Setting local bd addr to CC:FA:00:35:96:D6
03-19 07:45:12.741 I/bt_hwcfg(16852): vendor lib fwcfg completed
03-19 07:45:12.741 I/bt_vendor(16852): firmware callback
03-19 07:45:12.741 I/bt_hci  (16852): firmware_config_callback
03-19 07:45:12.745 I/bt_btu  (16852): btu_task pending for preload complete event
03-19 07:45:12.745 I/bt_btu_task(16852): Bluetooth chip preload is complete
03-19 07:45:12.745 I/bt_btu  (16852): btu_task received preload complete event
03-19 07:45:12.748 I/        (16852): BTE_InitTraceLevels -- TRC_HCI
03-19 07:45:12.748 I/        (16852): BTE_InitTraceLevels -- TRC_L2CAP
03-19 07:45:12.749 I/        (16852): BTE_InitTraceLevels -- TRC_RFCOMM
03-19 07:45:12.749 I/        (16852): BTE_InitTraceLevels -- TRC_AVDT
03-19 07:45:12.749 I/        (16852): BTE_InitTraceLevels -- TRC_AVRC
03-19 07:45:12.749 I/        (16852): BTE_InitTraceLevels -- TRC_A2D
03-19 07:45:12.749 I/        (16852): BTE_InitTraceLevels -- TRC_BNEP
03-19 07:45:12.749 I/        (16852): BTE_InitTraceLevels -- TRC_BTM
03-19 07:45:12.749 I/        (16852): BTE_InitTraceLevels -- TRC_GAP
03-19 07:45:12.749 I/        (16852): BTE_InitTraceLevels -- TRC_PAN
03-19 07:45:12.749 I/        (16852): BTE_InitTraceLevels -- TRC_SDP
03-19 07:45:12.749 I/        (16852): BTE_InitTraceLevels -- TRC_GATT
03-19 07:45:12.749 I/        (16852): BTE_InitTraceLevels -- TRC_SMP
03-19 07:45:12.749 I/        (16852): BTE_InitTraceLevels -- TRC_BTAPP
03-19 07:45:12.749 I/        (16852): BTE_InitTraceLevels -- TRC_BTIF
03-19 07:45:12.972 I/bt_btm_sec(16852): BTM_SecRegister p_cb_info->p_le_callback == 0x0xb37d91a9
03-19 07:45:12.972 I/bt_btm_sec(16852): BTM_SecRegister btm_cb.api.p_le_callback = 0x0xb37d91a9 
03-19 07:45:12.980 I/bt_btif_storage(16852): btif_storage_get_adapter_property service_mask:0x20000000
03-19 07:45:12.980 D/BluetoothAdapterProperties(16852): Address is:CC:FA:00:35:96:D6
03-19 07:45:12.981 D/BluetoothAdapterProperties(16852): Name is: Nexus 5
03-19 07:45:12.982 D/BluetoothAdapterProperties(16852): Scan Mode:20
03-19 07:45:12.982 D/BluetoothAdapterProperties(16852): Discoverable Timeout:120
03-19 07:45:12.982 D/bt_hci  (16852): do_postload posting postload work item
03-19 07:45:12.982 I/bt_hci  (16852): event_postload
03-19 07:45:12.982 I/bt_vendor(16852): sco_config_cb
03-19 07:45:12.982 I/bt_hci  (16852): sco_config_callback postload finished.
03-19 07:45:12.983 D/bt_bte_conf(16852): Device ID record 1 : primary
03-19 07:45:12.983 D/bt_bte_conf(16852):   vendorId            = 000f
03-19 07:45:12.983 D/bt_bte_conf(16852):   vendorIdSource      = 0001
03-19 07:45:12.983 D/bt_bte_conf(16852):   product             = 1200
03-19 07:45:12.984 D/bt_bte_conf(16852):   version             = 1436
03-19 07:45:12.984 D/bt_bte_conf(16852):   clientExecutableURL = 
03-19 07:45:12.984 D/bt_bte_conf(16852):   serviceDescription  = 
03-19 07:45:12.984 D/bt_bte_conf(16852):   documentationURL    = 
03-19 07:45:12.984 D/bt_bte_conf(16852): bte_load_did_conf no section named DID2.
03-19 07:45:12.984 D/bt_stack_manager(16852): event_start_up_stack finished
03-19 07:45:12.984 D/BluetoothAdapterState(16852): Current state: PENDING_COMMAND, message: 3
03-19 07:45:12.984 D/BluetoothAdapterProperties(16852): Setting state to 15
03-19 07:45:12.984 I/BluetoothAdapterState(16852): Bluetooth adapter state changed: 14-> 15
03-19 07:45:12.985 I/BluetoothAdapterState(16852): Entering BleOnState
03-19 07:45:12.988 D/AndroidRuntime(16868): >>>>>> START com.android.internal.os.RuntimeInit uid 2000 <<<<<<
03-19 07:45:12.993 I/bt_vendor(16852): low_power_mode_cb
03-19 07:45:12.996 I/BeaconBle(18786): Resetting - new scanner available: true
03-19 07:45:13.001 I/BeaconBle(18786): ZERO_POWER is disabled.
03-19 07:45:13.001 I/BeaconBle(18786): 'L' hardware scan: scan stopped, no powered clients
03-19 07:45:13.002 D/AndroidRuntime(16868): CheckJNI is OFF
03-19 07:45:13.006 I/Icing   (18675): Indexing 4B50E844EC973035396D40266FAC019ADBE2375C from com.google.android.gms
03-19 07:45:13.069 I/Icing   (18675): Indexing done 4B50E844EC973035396D40266FAC019ADBE2375C
03-19 07:45:13.075 D/ICU     (16868): No timezone override file found: /data/misc/zoneinfo/current/icu/icu_tzdata.dat
03-19 07:45:13.142 I/Radio-JNI(16868): register_android_hardware_Radio DONE
03-19 07:45:13.175 D/AndroidRuntime(16868): Calling main entry com.android.commands.am.Am
03-19 07:45:13.181 I/ActivityManager(17992): START u0 {flg=0x10000000 cmp=com.ksmobile.launcher/.SplashActivity} from uid 2000 on display 0
03-19 07:45:13.188 D/AndroidRuntime(16868): Shutting down VM
03-19 07:45:13.198 I/Icing   (18675): Indexing 4B50E844EC973035396D40266FAC019ADBE2375C from com.google.android.gms
03-19 07:45:13.199 I/Icing   (18675): Indexing done 4B50E844EC973035396D40266FAC019ADBE2375C
03-19 07:45:13.203 I/ActivityManager(17992): Start proc 16909:com.ksmobile.launcher/u0a282 for activity com.ksmobile.launcher/.SplashActivity
03-19 07:45:13.218 I/IcingNotification(18923): Received intent: Intent { act=com.google.android.gms.icing.IME_NOTIFICATION flg=0x10 pkg=com.google.android.inputmethod.latin (has extras) }
03-19 07:45:13.339 D/liuwei  (16909): adfasd attachBaseContext base =   android.app.ContextImpl@e99eec6
03-19 07:45:13.457 D/liuwei  (16909): adfasd attachBaseContext onCreate =   com.ksmobile.launcher.LauncherApplication@be161dd
03-19 07:45:13.538 W/ActivityManager(17992): Unable to start service Intent { act=com.ksmobile.pro.launcher.AIDL_SERVICE pkg=com.ksmobile.pro.launcher } U=0: not found
03-19 07:45:13.602 W/Settings(16909): Setting android_id has moved from android.provider.Settings.System to android.provider.Settings.Secure, returning read-only value.
03-19 07:45:13.609 W/Settings(16909): Setting android_id has moved from android.provider.Settings.System to android.provider.Settings.Secure, returning read-only value.
03-19 07:45:13.625 D/AppsFlyer_4.7.4(16909): Build Number: 333
03-19 07:45:13.644 W/Settings(16909): Setting android_id has moved from android.provider.Settings.System to android.provider.Settings.Secure, returning read-only value.
03-19 07:45:13.661 I/art     (17992): Background partial concurrent mark sweep GC freed 60479(4MB) AllocSpace objects, 3(60KB) LOS objects, 31% free, 34MB/50MB, paused 5.302ms total 212.589ms
03-19 07:45:13.861 D/RongLog (14593): [ WakeLockUtils ] startNextHeartbeat com.cmcm.shorts
03-19 07:45:13.865 W/ResourceType(14593): No package identifier when getting value for resource number 0x00000000
03-19 07:45:13.865 D/RongLog (14593): [ WakeLockUtils ] def config file not found
03-19 07:45:14.122 I/ActivityManager(17992): START u0 {act=android.intent.action.MAIN cat=[android.intent.category.HOME] flg=0x13200000 pkg=com.ksmobile.launcher cmp=com.ksmobile.launcher/.Launcher} from uid 10282 on display 0
03-19 07:45:14.216 W/Settings(16909): Setting android_id has moved from android.provider.Settings.System to android.provider.Settings.Secure, returning read-only value.
03-19 07:45:14.267 W/Binder_5( 3780): type=1400 audit(0.0:158093): avc: denied { ioctl } for path="socket:[5181226]" dev="sockfs" ino=5181226 ioctlcmd=7704 scontext=u:r:surfaceflinger:s0 tcontext=u:r:surfaceflinger:s0 tclass=unix_stream_socket permissive=0
03-19 07:45:14.272 I/sunlib  (16909): 是否集成成功:true
03-19 07:45:14.267 W/Binder_5( 3780): type=1400 audit(0.0:158094): avc: denied { ioctl } for path="socket:[5181226]" dev="sockfs" ino=5181226 ioctlcmd=7704 scontext=u:r:surfaceflinger:s0 tcontext=u:r:surfaceflinger:s0 tclass=unix_stream_socket permissive=0
03-19 07:45:14.545 W/Settings(16909): Setting android_id has moved from android.provider.Settings.System to android.provider.Settings.Secure, returning read-only value.
03-19 07:45:14.577 W/System.err(16909): java.io.FileNotFoundException: /data/user/0/com.ksmobile.launcher/files/extra_config_file.ser: open failed: ENOENT (No such file or directory)
03-19 07:45:14.578 W/System.err(16909): 	at libcore.io.IoBridge.open(IoBridge.java:452)
03-19 07:45:14.578 W/System.err(16909): 	at java.io.FileInputStream.<init>(FileInputStream.java:76)
03-19 07:45:14.578 W/System.err(16909): 	at com.ksmobile.launcher.extrascreen.extrapage.utils.g$4.call(ExtraConfigUtils.java:488)
03-19 07:45:14.578 W/System.err(16909): 	at com.ksmobile.launcher.extrascreen.extrapage.utils.g$4.call(ExtraConfigUtils.java:476)
03-19 07:45:14.578 W/System.err(16909): 	at c.d.a(Observable.java:10144)
03-19 07:45:14.578 W/System.err(16909): 	at c.d.a.m$1.call(OperatorSubscribeOn.java:94)
03-19 07:45:14.578 W/System.err(16909): 	at c.d.c.a$b$1.call(CachedThreadScheduler.java:230)
03-19 07:45:14.578 W/System.err(16909): 	at c.d.c.f.run(ScheduledAction.java:55)
03-19 07:45:14.578 W/System.err(16909): 	at java.util.concurrent.Executors$RunnableAdapter.call(Executors.java:423)
03-19 07:45:14.578 W/System.err(16909): 	at java.util.concurrent.FutureTask.run(FutureTask.java:237)
03-19 07:45:14.578 W/System.err(16909): 	at java.util.concurrent.ScheduledThreadPoolExecutor$ScheduledFutureTask.run(ScheduledThreadPoolExecutor.java:269)
03-19 07:45:14.578 W/System.err(16909): 	at java.util.concurrent.ThreadPoolExecutor.runWorker(ThreadPoolExecutor.java:1113)
03-19 07:45:14.578 W/System.err(16909): 	at java.util.concurrent.ThreadPoolExecutor$Worker.run(ThreadPoolExecutor.java:588)
03-19 07:45:14.578 W/System.err(16909): 	at java.lang.Thread.run(Thread.java:818)
03-19 07:45:14.578 W/System.err(16909): Caused by: android.system.ErrnoException: open failed: ENOENT (No such file or directory)
03-19 07:45:14.579 W/System.err(16909): 	at libcore.io.Posix.open(Native Method)
03-19 07:45:14.579 W/System.err(16909): 	at libcore.io.BlockGuardOs.open(BlockGuardOs.java:186)
03-19 07:45:14.579 W/System.err(16909): 	at libcore.io.IoBridge.open(IoBridge.java:438)
03-19 07:45:14.579 W/System.err(16909): 	... 13 more
03-19 07:45:14.589 E/START_LAUNCHER(16909): Launcher onResume = 1521459914588
03-19 07:45:14.589 I/AppsFlyer_4.7.4(16909): onBecameForeground
03-19 07:45:14.591 I/AppsFlyer_4.7.4(16909): Sending first launch for this session!
03-19 07:45:14.644 V/default_launcher(16909): first resume CM Launcher
03-19 07:45:14.649 D/Launcher(16909): onResume: yanzhao
03-19 07:45:14.665 I/art     (16909): Background sticky concurrent mark sweep GC freed 57241(4MB) AllocSpace objects, 51(1828KB) LOS objects, 0% free, 36MB/36MB, paused 5.923ms total 101.507ms
03-19 07:45:14.657 W/Binder_5( 3780): type=1400 audit(0.0:158095): avc: denied { ioctl } for path="socket:[5182983]" dev="sockfs" ino=5182983 ioctlcmd=7704 scontext=u:r:surfaceflinger:s0 tcontext=u:r:surfaceflinger:s0 tclass=unix_stream_socket permissive=0
03-19 07:45:14.657 W/Binder_5( 3780): type=1400 audit(0.0:158096): avc: denied { ioctl } for path="socket:[5182983]" dev="sockfs" ino=5182983 ioctlcmd=7704 scontext=u:r:surfaceflinger:s0 tcontext=u:r:surfaceflinger:s0 tclass=unix_stream_socket permissive=0
03-19 07:45:14.667 D/OpenGLRenderer(16909): Use EGL_SWAP_BEHAVIOR_PRESERVED: true
03-19 07:45:14.690 W/CursorWrapperInner(16909): Cursor finalized without prior close()
03-19 07:45:14.707 W/Binder_10(20640): type=1400 audit(0.0:158097): avc: denied { ioctl } for path="socket:[5182987]" dev="sockfs" ino=5182987 ioctlcmd=7704 scontext=u:r:system_server:s0 tcontext=u:r:system_server:s0 tclass=unix_stream_socket permissive=0
03-19 07:45:14.707 W/Binder_10(20640): type=1400 audit(0.0:158098): avc: denied { ioctl } for path="socket:[5182987]" dev="sockfs" ino=5182987 ioctlcmd=7704 scontext=u:r:system_server:s0 tcontext=u:r:system_server:s0 tclass=unix_stream_socket permissive=0
03-19 07:45:14.718 I/WebViewFactory(16909): Loading com.google.android.webview version 65.0.3325.109 (code 332510900)
03-19 07:45:14.744 I/AppsFlyer_4.7.4(16909): sendTrackingWithEvent from activity: com.ksmobile.launcher.Launcher
03-19 07:45:14.745 I/AppsFlyer_4.7.4(16909): Trying to fetch GAID..
03-19 07:45:14.772 W/System.err(16909): java.io.FileNotFoundException: update_version
03-19 07:45:14.772 W/System.err(16909): 	at android.content.res.AssetManager.openAsset(Native Method)
03-19 07:45:14.772 W/System.err(16909): 	at android.content.res.AssetManager.open(AssetManager.java:313)
03-19 07:45:14.772 W/System.err(16909): 	at android.content.res.AssetManager.open(AssetManager.java:287)
03-19 07:45:14.772 W/System.err(16909): 	at com.ksmobile.business.sdk.e.j.c(DataVerManager.java:62)
03-19 07:45:14.772 W/System.err(16909): 	at com.ksmobile.business.sdk.e.j.b(DataVerManager.java:48)
03-19 07:45:14.772 W/System.err(16909): 	at com.ksmobile.business.sdk.e.b.k.a(UpdateManage.java:100)
03-19 07:45:14.772 W/System.err(16909): 	at com.ksmobile.business.sdk.e.b.k.b(UpdateManage.java:42)
03-19 07:45:14.773 W/System.err(16909): 	at com.ksmobile.business.sdk.e.h.l(DataManager.java:85)
03-19 07:45:14.773 W/System.err(16909): 	at com.ksmobile.business.sdk.e.h.b(DataManager.java:15)
03-19 07:45:14.773 W/System.err(16909): 	at com.ksmobile.business.sdk.e.h$2.run(DataManager.java:102)
03-19 07:45:14.774 W/System.err(16909): 	at android.os.Handler.handleCallback(Handler.java:739)
03-19 07:45:14.774 W/System.err(16909): 	at android.os.Handler.dispatchMessage(Handler.java:95)
03-19 07:45:14.774 W/System.err(16909): 	at android.os.Looper.loop(Looper.java:148)
03-19 07:45:14.774 W/System.err(16909): 	at android.os.HandlerThread.run(HandlerThread.java:61)
03-19 07:45:14.782 W/System.err(16909): java.io.FileNotFoundException: update_version
03-19 07:45:14.782 W/System.err(16909): 	at android.content.res.AssetManager.openAsset(Native Method)
03-19 07:45:14.783 W/System.err(16909): 	at android.content.res.AssetManager.open(AssetManager.java:313)
03-19 07:45:14.783 W/System.err(16909): 	at android.content.res.AssetManager.open(AssetManager.java:287)
03-19 07:45:14.783 W/System.err(16909): 	at com.ksmobile.business.sdk.e.j.c(DataVerManager.java:62)
03-19 07:45:14.783 W/System.err(16909): 	at com.ksmobile.business.sdk.e.j.b(DataVerManager.java:48)
03-19 07:45:14.783 W/System.err(16909): 	at com.ksmobile.business.sdk.e.b.k.a(UpdateManage.java:100)
03-19 07:45:14.783 W/System.err(16909): 	at com.ksmobile.business.sdk.e.b.k.b(UpdateManage.java:42)
03-19 07:45:14.783 W/System.err(16909): 	at com.ksmobile.business.sdk.e.h.l(DataManager.java:85)
03-19 07:45:14.783 W/System.err(16909): 	at com.ksmobile.business.sdk.e.h.b(DataManager.java:15)
03-19 07:45:14.783 W/System.err(16909): 	at com.ksmobile.business.sdk.e.h$2.run(DataManager.java:102)
03-19 07:45:14.783 W/System.err(16909): 	at android.os.Handler.handleCallback(Handler.java:739)
03-19 07:45:14.783 W/System.err(16909): 	at android.os.Handler.dispatchMessage(Handler.java:95)
03-19 07:45:14.783 W/System.err(16909): 	at android.os.Looper.loop(Looper.java:148)
03-19 07:45:14.783 W/System.err(16909): 	at android.os.HandlerThread.run(HandlerThread.java:61)
03-19 07:45:14.825 I/art     (16909): Rejecting re-init on previously-failed class java.lang.Class<com.android.webview.chromium.TokenBindingManagerAdapter>
03-19 07:45:14.825 I/art     (16909): Rejecting re-init on previously-failed class java.lang.Class<com.android.webview.chromium.TokenBindingManagerAdapter>
03-19 07:45:14.835 I/art     (16909): Rejecting re-init on previously-failed class java.lang.Class<com.android.webview.chromium.ServiceWorkerControllerAdapter>
03-19 07:45:14.836 I/art     (16909): Rejecting re-init on previously-failed class java.lang.Class<com.android.webview.chromium.ServiceWorkerControllerAdapter>
03-19 07:45:14.846 I/cr_LibraryLoader(16909): Time to load native libraries: 2 ms (timestamps 2333-2335)
03-19 07:45:14.894 I/chromium(16909): [INFO:library_loader_hooks.cc(36)] Chromium logging enabled: level = 0, default verbosity = 0
03-19 07:45:14.894 I/cr_LibraryLoader(16909): Expected native library version number "65.0.3325.109", actual native library version number "65.0.3325.109"
03-19 07:45:14.954 I/cr_BrowserStartup(16909): Initializing chromium process, singleProcess=true
03-19 07:45:14.955 I/cr_base (16909): Android Locale: en_US requires .pak files: []
03-19 07:45:14.998 I/Adreno-EGL(16909): <qeglDrvAPI_eglInitialize:379>: QUALCOMM Build: 10/21/15, 369a2ea, I96aee987eb
03-19 07:45:15.107 I/Choreographer(16909): Skipped 41 frames!  The application may be doing too much work on its main thread.
03-19 07:45:15.117 E/onSizeChanged(16909): 0=24, 1=1392, 2=1080, 3=240
03-19 07:45:15.136 V/PhoneStatusBar(18328): setLightsOn(true)
03-19 07:45:15.144 I/OpenGLRenderer(16909): Initialized EGL, version 1.4
03-19 07:45:15.250 I/AppsFlyer_4.7.4(16909): ******* sendTrackingWithEvent: Launch
03-19 07:45:15.277 I/AppsFlyer_4.7.4(16909): Initialising KeyStore..
03-19 07:45:15.291 I/AppsFlyer_4.7.4(16909): Creating a new key with alias: com.appsflyer,KSAppsFlyerId=1521459908839-4360450586797451470,KSAppsFlyerRICounter=0
03-19 07:45:15.303 D/ConnectivityService(17992): listenForNetwork for Listen from uid/pid:10282/16909 for NetworkRequest [ id=153, legacyType=-1, [ Capabilities: INTERNET&NOT_RESTRICTED&TRUSTED] ]
03-19 07:45:15.361 I/SVG     (16909): Parsing complete in 84 millis.
03-19 07:45:15.550 D/SVG     (16909): Unrecognized tag: title ()
03-19 07:45:15.550 D/SVG     (16909): Unrecognized tag: desc ()
03-19 07:45:15.553 W/SVG     (16909): Invalid transform ()
03-19 07:45:15.554 W/SVG     (16909): Invalid transform ()
03-19 07:45:15.554 I/SVG     (16909): Parsing complete in 7 millis.
03-19 07:45:16.042 I/Choreographer(17992): Skipped 40 frames!  The application may be doing too much work on its main thread.
03-19 07:45:16.058 W/AppsFlyer_4.7.4(16909): Exception while collecting facebook's attribution ID. 
03-19 07:45:16.063 I/AppsFlyer_4.7.4(16909): IMEI was not collected.
03-19 07:45:16.079 D/AppsFlyer_4.7.4(16909): AppsFlyer: first launch detected
03-19 07:45:16.080 I/AppsFlyer_4.7.4(16909): AppsFlyer: first launch date: 2018-03-19_074516-0400
03-19 07:45:16.085 D/AppsFlyer_4.7.4(16909): didConfigureTokenRefreshService=false
03-19 07:45:16.090 I/AppsFlyer_4.7.4(16909): AppsFlyerLib.sendTrackingWithEvent
03-19 07:45:16.092 I/AppsFlyer_4.7.4(16909): url: https://t.appsflyer.com/api/v4/androidevent?buildnumber=4.7.4&app_id=com.ksmobile.launcher
03-19 07:45:16.093 I/AppsFlyer_4.7.4(16909): data: {"device":"hammerhead","firstLaunchDate":"2018-03-19_074516-0400","installDate":"2018-03-19_074508-0400","sdk":"23","carrier":"","batteryLevel":"73.0","deviceFingerPrintId":"00000000-555a-4ce5-ffff-ffffda3732cb","date1":"2018-03-19_074508-0400","tokenRefreshConfigured":false,"af_preinstalled":"false","advertiserIdEnabled":"true","af_sdks":"0000000000","iaecounter":"0","lang_code":"en","appsflyerKey":"G********************5","registeredUninstall":false,"app_version_name":"5.22.10","lang":"English","timepassedsincelastlaunch":"0","android_id":"c9987370cfa065c5","advertiserId":"6d482de2-4d8a-41f2-9934-fd89e3965594","isGaidWithGps":"true","deviceData":{"build_display_id":"M4B30Z","arch":"","cpu_abi2":"armeabi","cpu_abi":"armeabi-v7a"},"af_v2":"9a486bd35e2596a3c33ec6d9034de0d931bc887b","deviceType":"user","af_v":"5734bd82777f756cbef8ef456e3ae17968826572","app_version_code":"52210","af_events_api":"1","platformextension":"android_native","network":"WIFI","operator":"","country":"US","date2":"2018-03-19_074508-0400","brand":"google","af_timestamp":"1521459915249","uid":"1521459908839-4360450586797451470","isFirstCall":"true","counter":"1","model":"Nexus 5","product":"hammerhead"}
03-19 07:45:16.138 I/WearableService(18786): Wearable Services stopping
03-19 07:45:16.246 I/ActivityManager(17992): Displayed com.ksmobile.launcher/.Launcher: +2s79ms (total +50s659ms)
03-19 07:45:16.237 W/Binder_8(18974): type=1400 audit(0.0:158099): avc: denied { ioctl } for path="socket:[5183561]" dev="sockfs" ino=5183561 ioctlcmd=7704 scontext=u:r:system_server:s0 tcontext=u:r:system_server:s0 tclass=unix_stream_socket permissive=0
03-19 07:45:16.237 W/Binder_8(18974): type=1400 audit(0.0:158100): avc: denied { ioctl } for path="socket:[5183561]" dev="sockfs" ino=5183561 ioctlcmd=7704 scontext=u:r:system_server:s0 tcontext=u:r:system_server:s0 tclass=unix_stream_socket permissive=0
03-19 07:45:16.247 W/Binder_1(18003): type=1400 audit(0.0:158101): avc: denied { ioctl } for path="socket:[5183560]" dev="sockfs" ino=5183560 ioctlcmd=7704 scontext=u:r:system_server:s0 tcontext=u:r:system_server:s0 tclass=unix_stream_socket permissive=0
03-19 07:45:16.247 W/Binder_1(18003): type=1400 audit(0.0:158102): avc: denied { ioctl } for path="socket:[5183560]" dev="sockfs" ino=5183560 ioctlcmd=7704 scontext=u:r:system_server:s0 tcontext=u:r:system_server:s0 tclass=unix_stream_socket permissive=0
03-19 07:45:16.265 I/GoogleInputMethod(18923): onFinishInput() : Dummy InputConnection bound
03-19 07:45:16.265 I/GoogleInputMethod(18923): onStartInput() : Dummy InputConnection bound
03-19 07:45:16.271 I/Choreographer(16909): Skipped 57 frames!  The application may be doing too much work on its main thread.
03-19 07:45:16.277 W/Settings(16909): Setting android_id has moved from android.provider.Settings.System to android.provider.Settings.Secure, returning read-only value.
03-19 07:45:16.277 D/SceneCollector(16909): processLeakcanaryCloud
03-19 07:45:16.277 W/Settings(16909): Setting android_id has moved from android.provider.Settings.System to android.provider.Settings.Secure, returning read-only value.
03-19 07:45:16.293 E/project (16909): extsdcard==/storage/emulated/0/Android/data/com.ksmobile.launcher/files
03-19 07:45:16.323 W/art     (16909): Before Android 4.1, method java.io.File com.ksmobile.leakcanary.report.CMHeapDumperEx.getHeapDumpFile() would have incorrectly overridden the package-private method in com.squareup.leakcanary.CMHeapDumper
03-19 07:45:16.346 D/CleanMemoryManager(16909): 【total】1899508
03-19 07:45:16.381 W/cr_CrashFileManager(16909): /data/user/0/com.ksmobile.launcher/cache/WebView/Crash Reports does not exist or is not a directory
03-19 07:45:16.976 D/ConnectivityService(17992): notifyType CAP_CHANGED for NetworkAgentInfo [WIFI () - 101]
03-19 07:45:16.992 I/PBSessionCacheImpl(23446): Deleted sessionId[1114726226878] from persistence.
03-19 07:45:17.031 I/MicroDetector(23446): Keeping mic open: false
03-19 07:45:17.031 I/DeviceStateChecker(23446): DeviceStateChecker cancelled
03-19 07:45:17.031 I/AudioController(23446): internalShutdown
03-19 07:45:17.033 I/MicroRecognitionRunner(23446): Stopping hotword detection.
03-19 07:45:17.034 I/MicroRecognitionRunner(23446): Detection finished
03-19 07:45:17.034 I/MicrophoneInputStream(23446): mic_close  SR : 16000 CC : 16 SO : 1999
03-19 07:45:17.104 D/audio_hw_primary(17775): disable_audio_route: reset and update mixer path: audio-record
03-19 07:45:17.104 D/audio_hw_primary(17775): disable_snd_device: snd_device(61: voice-rec-mic)
03-19 07:45:17.335 D/AppsFlyer_4.7.4(16909): response code: 200
03-19 07:45:17.350 I/AppsFlyer_4.7.4(16909): Calling server for attribution url: https://api.appsflyer.com/install_data/v3/com.ksmobile.launcher?devkey=G********************5&device_id=1521459908839-4360450586797451470
03-19 07:45:17.705 E/ActivityThread(16909): Failed to find provider info for com.android.launcher2.settings
03-19 07:45:17.705 E/ActivityThread(16909): Failed to find provider info for com.sec.android.app.launcher.settings
03-19 07:45:17.705 E/onSizeChanged(16909): 0=24, 1=1512, 2=1080, 3=264
03-19 07:45:17.705 E/ActivityThread(16909): Failed to find provider info for com.android.launcher2.Launcher.settings
03-19 07:45:17.976 E/onSizeChanged(16909): 0=24, 1=267, 2=1032, 3=1173
03-19 07:45:17.977 E/onSizeChanged(16909): 0=24, 1=267, 2=1032, 3=1173
03-19 07:45:18.476 E/szadxacac(16909): notify:white:-1
03-19 07:45:18.540 D/CleanMemoryManager(16909): 【currentPercent】 real result 57
03-19 07:45:18.571 E/Launcher.Folder(16909): Folder order not properly persisted during bind
03-19 07:45:18.586 E/Launcher.Folder(16909): Folder order not properly persisted during bind
03-19 07:45:18.595 E/Launcher.Folder(16909): Folder order not properly persisted during bind
03-19 07:45:18.944 D/WifiService(17992): New client listening to asynchronous messages
03-19 07:45:18.947 D/ConnectivityManager(16909): getMobileDataEnabled()+ subId=-1
03-19 07:45:18.948 D/PhoneInterfaceManager(18968): [PhoneIntfMgr] getDataEnabled: subId=-1 phoneId=-1
03-19 07:45:18.948 E/PhoneInterfaceManager(18968): [PhoneIntfMgr] getDataEnabled: no phone subId=-1 retVal=false
03-19 07:45:18.948 D/ConnectivityManager(16909): getMobileDataEnabled()- subId=-1 retVal=false
03-19 07:45:18.953 D/BluetoothManagerService(17992): Added callback: android.bluetooth.IBluetoothManagerCallback$Stub$Proxy@e729062:true
03-19 07:45:18.992 E/SQLiteLog(16909): (1) no such table: app_category
03-19 07:45:19.132 W/GCM     (18786): Register request missing messenger
03-19 07:45:19.192 I/ProxyCache(16909): Proxy cache server started. Ping it...
03-19 07:45:19.193 E/ActivityThread(16909): Failed to find provider info for com.facebook.katana.provider.AttributionIdProvider
03-19 07:45:19.195 D/AdSettings(16909): Test mode device hash: dbce81277a727c836060a137d1960355
03-19 07:45:19.195 D/AdSettings(16909): When testing your app with Facebook's ad units you must specify the device hashed ID to ensure the delivery of test ads, add the following code before loading an ad: AdSettings.addTestDevice("dbce81277a727c836060a137d1960355");
03-19 07:45:19.197 D/ProxyCache(16909): Open connection  to http://127.0.0.1:43327/ping
03-19 07:45:19.199 D/ProxyCache(16909): Accept new socket Socket[address=/127.0.0.1,port=33381,localPort=43327]
03-19 07:45:19.212 I/ProxyCache(16909): Request to cache proxy:GetRequest{rangeOffset=0, partial=false, uri='ping'}
03-19 07:45:19.215 D/ProxyCache(16909): Ping response: `ping ok`, pinged? true
03-19 07:45:19.216 D/ProxyCache(16909): Opened connections: 0
03-19 07:45:19.217 W/Binder_C(19117): type=1400 audit(0.0:158103): avc: denied { ioctl } for path="socket:[5181376]" dev="sockfs" ino=5181376 ioctlcmd=7704 scontext=u:r:system_server:s0 tcontext=u:r:system_server:s0 tclass=unix_stream_socket permissive=0
03-19 07:45:19.217 W/Binder_C(19117): type=1400 audit(0.0:158104): avc: denied { ioctl } for path="socket:[5181376]" dev="sockfs" ino=5181376 ioctlcmd=7704 scontext=u:r:system_server:s0 tcontext=u:r:system_server:s0 tclass=unix_stream_socket permissive=0
03-19 07:45:19.217 W/Binder_4(18376): type=1400 audit(0.0:158105): avc: denied { ioctl } for path="socket:[5182203]" dev="sockfs" ino=5182203 ioctlcmd=7704 scontext=u:r:system_server:s0 tcontext=u:r:system_server:s0 tclass=unix_stream_socket permissive=0
03-19 07:45:19.217 W/Binder_4(18376): type=1400 audit(0.0:158106): avc: denied { ioctl } for path="socket:[5182203]" dev="sockfs" ino=5182203 ioctlcmd=7704 scontext=u:r:system_server:s0 tcontext=u:r:system_server:s0 tclass=unix_stream_socket permissive=0
03-19 07:45:19.317 E/ActivityThread(16909): Failed to find provider info for com.facebook.katana.provider.AttributionIdProvider
03-19 07:45:19.317 D/ConnectivityManager(16909): getMobileDataEnabled()+ subId=-1
03-19 07:45:19.317 D/PhoneInterfaceManager(18968): [PhoneIntfMgr] getDataEnabled: subId=-1 phoneId=-1
03-19 07:45:19.318 E/PhoneInterfaceManager(18968): [PhoneIntfMgr] getDataEnabled: no phone subId=-1 retVal=false
03-19 07:45:19.318 D/ConnectivityManager(16909): getMobileDataEnabled()- subId=-1 retVal=false
03-19 07:45:19.320 D/CleanMemoryManager(16909): 【currentPercent】 real result 58
03-19 07:45:19.362 D/IS_UNITY(16909): false
03-19 07:45:19.392 I/ActivityManager(17992): Start proc 17174:com.ksmobile.launcher:gcm_service/u0a282 for broadcast com.ksmobile.launcher/com.cmcm.push.gcm.sdk.GCMBroadcastReceiver
03-19 07:45:19.559 D/liuwei  (17174): adfasd attachBaseContext base =   android.app.ContextImpl@e99eec6
03-19 07:45:19.567 D/liuwei  (17174): adfasd attachBaseContext onCreate =   com.ksmobile.launcher.LauncherApplication@16f2e87
03-19 07:45:19.681 W/Settings(17174): Setting android_id has moved from android.provider.Settings.System to android.provider.Settings.Secure, returning read-only value.
03-19 07:45:19.708 D/AppsFlyer_4.7.4(17174): Build Number: 333
03-19 07:45:19.715 D/AppsFlyer_4.7.4(17174): Loading properties..
03-19 07:45:19.717 D/AppsFlyer_4.7.4(17174): Done loading properties: true
03-19 07:45:19.750 W/GCM     (18786): Register request missing messenger
03-19 07:45:19.764 W/ActivityManager(17992): Unable to start service Intent { act=com.google.android.c2dm.intent.REGISTRATION flg=0x10 pkg=com.ksmobile.launcher cmp=com.ksmobile.launcher/com.cleanmaster.gcm.AntitheftGcmIntentService (has extras) } U=0: not found
03-19 07:45:19.774 W/Settings(17174): Setting android_id has moved from android.provider.Settings.System to android.provider.Settings.Secure, returning read-only value.
03-19 07:45:19.815 W/System.err(16909): org.json.JSONException: No value for data
03-19 07:45:19.815 W/System.err(16909): 	at org.json.JSONObject.get(JSONObject.java:389)
03-19 07:45:19.815 W/System.err(16909): 	at org.json.JSONObject.getJSONObject(JSONObject.java:609)
03-19 07:45:19.815 W/System.err(16909): 	at com.cmcm.a.a.m.a(NewAppCategoryResponse.java:23)
03-19 07:45:19.815 W/System.err(16909): 	at com.cmcm.a.a.f.b(CategoryHttpClient.java:216)
03-19 07:45:19.815 W/System.err(16909): 	at com.cmcm.a.a.g.c(CategoryQueryTask.java:149)
03-19 07:45:19.816 W/System.err(16909): 	at com.cmcm.a.a.g.c(CategoryQueryTask.java:129)
03-19 07:45:19.816 W/System.err(16909): 	at com.cmcm.a.a.g.a(CategoryQueryTask.java:200)
03-19 07:45:19.816 W/System.err(16909): 	at com.ksmobile.launcher.folder.c.a(FolderAllocManager.java:72)
03-19 07:45:19.816 W/System.err(16909): 	at com.ksmobile.launcher.LauncherModel$g.e(LauncherModel.java:4462)
03-19 07:45:19.816 W/System.err(16909): 	at com.ksmobile.launcher.LauncherModel$g.run(LauncherModel.java:3788)
03-19 07:45:19.816 W/System.err(16909): 	at android.os.Handler.handleCallback(Handler.java:739)
03-19 07:45:19.816 W/System.err(16909): 	at android.os.Handler.dispatchMessage(Handler.java:95)
03-19 07:45:19.816 W/System.err(16909): 	at android.os.Looper.loop(Looper.java:148)
03-19 07:45:19.816 W/System.err(16909): 	at android.os.HandlerThread.run(HandlerThread.java:61)
03-19 07:45:19.817 I/System.out(16909): ----------------------- SAVE LOCAL : {com.google.android.youtube=(AppCatelog :pkg_name com.google.android.youtube  :category video_players), com.google.android.googlequicksearchbox=(AppCatelog :pkg_name com.google.android.googlequicksearchbox  :category tools), com.google.android.apps.docs.editors.docs=(AppCatelog :pkg_name com.google.android.apps.docs.editors.docs  :category productivity), com.cmcm.live=(AppCatelog :pkg_name com.cmcm.live  :category social), com.google.android.apps.docs.editors.sheets=(AppCatelog :pkg_name com.google.android.apps.docs.editors.sheets  :category productivity), com.google.android.apps.docs.editors.slides=(AppCatelog :pkg_name com.google.android.apps.docs.editors.slides  :category productivity), com.google.android.apps.messaging=(AppCatelog :pkg_name com.google.android.apps.messaging  :category social), com.google.android.apps.genie.geniewidget=(AppCatelog :pkg_name com.google.android.apps.genie.geniewidget  :category news_and_magazines), com.google.android.launcher=(AppCatelog :pkg_name com.google.android.launcher  :category tools), com.google.android.gm=(AppCatelog :pkg_name com.google.android.gm  :category communication), com.google.android.music=(AppCatelog :pkg_name com.google.android.music  :category music_and_audio), com.google.android.apps.docs=(AppCatelog :pkg_name com.google.android.apps.docs  :category productivity), com.google.android.apps.maps=(AppCatelog :pkg_name com.google.android.apps.maps  :category maps_and_navigation), com.google.android.apps.plus=(AppCatelog :pkg_name com.google.android.apps.plus  :category social), com.google.android.contacts=(AppCatelog :pkg_name com.google.android.contacts  :category communication), com.google.android.apps.fitness=(AppCatelog :pkg_name com.google.android.apps.fitness  :category health_and_fitness), com.android.chrome=(AppCatelog :pkg_name com.android.chrome  :category communication), com.google.android.videos=(AppCatelog :pkg_name com.google.android.videos  :category video_players), com.google.android.apps.photos=(AppCatelog :pkg_name com.google.android.apps.photos  :category photography), com.google.android.calendar=(AppCatelog :pkg_name com.google.android.calendar  :category productivity), com.google.android.apps.books=(AppCatelog :pkg_name com.google.android.apps.books  :category books_and_reference), com.google.android.keep=(AppCatelog :pkg_name com.google.android.keep  :category social), com.google.android.talk=(AppCatelog :pkg_name com.google.android.talk  :category social), com.google.android.play.games=(AppCatelog :pkg_name com.google.android.play.games  :category entertainment), com.google.android.apps.magazines=(AppCatelog :pkg_name com.google.android.apps.magazines  :category news_and_magazines)}
03-19 07:45:19.849 I/art     (18786): Background partial concurrent mark sweep GC freed 129114(8MB) AllocSpace objects, 66(3MB) LOS objects, 37% free, 26MB/42MB, paused 1.951ms total 107.307ms
03-19 07:45:19.888 W/Settings(17174): Setting android_id has moved from android.provider.Settings.System to android.provider.Settings.Secure, returning read-only value.
03-19 07:45:19.917 W/Settings(17174): Setting android_id has moved from android.provider.Settings.System to android.provider.Settings.Secure, returning read-only value.
03-19 07:45:19.944 W/ActivityManager(17992): Unable to start service Intent { act=com.google.android.c2dm.intent.REGISTRATION flg=0x10 pkg=com.ksmobile.launcher cmp=com.ksmobile.launcher/com.cleanmaster.gcm.AntitheftGcmIntentService (has extras) } U=0: not found
03-19 07:45:19.983 W/Settings(17174): Setting android_id has moved from android.provider.Settings.System to android.provider.Settings.Secure, returning read-only value.
03-19 07:45:19.992 W/Settings(17174): Setting android_id has moved from android.provider.Settings.System to android.provider.Settings.Secure, returning read-only value.
03-19 07:45:20.652 I/art     (17992): Background partial concurrent mark sweep GC freed 53114(3MB) AllocSpace objects, 8(160KB) LOS objects, 31% free, 34MB/50MB, paused 1.872ms total 148.585ms
03-19 07:45:20.668 W/System.err(16909): java.io.FileNotFoundException: update_version
03-19 07:45:20.668 W/System.err(16909): 	at android.content.res.AssetManager.openAsset(Native Method)
03-19 07:45:20.668 W/System.err(16909): 	at android.content.res.AssetManager.open(AssetManager.java:313)
03-19 07:45:20.668 W/System.err(16909): 	at android.content.res.AssetManager.open(AssetManager.java:287)
03-19 07:45:20.669 W/System.err(16909): 	at com.ksmobile.launcher.j.k.c(DataVerManager.java:62)
