03-19 07:45:20.669 W/System.err(16909): 	at com.ksmobile.launcher.j.k.b(DataVerManager.java:48)
03-19 07:45:20.669 W/System.err(16909): 	at com.ksmobile.launcher.j.a.k.a(UpdateManage.java:112)
03-19 07:45:20.669 W/System.err(16909): 	at com.ksmobile.launcher.j.a.k.b(UpdateManage.java:44)
03-19 07:45:20.669 W/System.err(16909): 	at com.ksmobile.launcher.j.i.l(DataManager.java:86)
03-19 07:45:20.669 W/System.err(16909): 	at com.ksmobile.launcher.j.i.b(DataManager.java:12)
03-19 07:45:20.669 W/System.err(16909): 	at com.ksmobile.launcher.j.i$2.run(DataManager.java:110)
03-19 07:45:20.669 W/System.err(16909): 	at android.os.Handler.handleCallback(Handler.java:739)
03-19 07:45:20.669 W/System.err(16909): 	at android.os.Handler.dispatchMessage(Handler.java:95)
03-19 07:45:20.669 W/System.err(16909): 	at android.os.Looper.loop(Looper.java:148)
03-19 07:45:20.669 W/System.err(16909): 	at android.os.HandlerThread.run(HandlerThread.java:61)
03-19 07:45:20.707 W/pool-22-thread-(17216): type=1400 audit(0.0:158107): avc: denied { getattr } for path="/proc/sysrq-trigger" dev="proc" ino=4026533684 scontext=u:r:untrusted_app:s0:c512,c768 tcontext=u:object_r:proc_sysrq:s0 tclass=file permissive=0
03-19 07:45:20.717 W/pool-22-thread-(17216): type=1400 audit(0.0:158108): avc: denied { getattr } for path="/proc/1" dev="proc" ino=3340272 scontext=u:r:untrusted_app:s0:c512,c768 tcontext=u:r:init:s0 tclass=dir permissive=0
03-19 07:45:20.717 W/pool-22-thread-(17216): type=1400 audit(0.0:158109): avc: denied { getattr } for path="/proc/2" dev="proc" ino=5088366 scontext=u:r:untrusted_app:s0:c512,c768 tcontext=u:r:kernel:s0 tclass=dir permissive=0
03-19 07:45:20.717 W/pool-22-thread-(17216): type=1400 audit(0.0:158110): avc: denied { getattr } for path="/proc/3" dev="proc" ino=5088367 scontext=u:r:untrusted_app:s0:c512,c768 tcontext=u:r:kernel:s0 tclass=dir permissive=0
03-19 07:45:20.717 W/pool-22-thread-(17216): type=1400 audit(0.0:158111): avc: denied { getattr } for path="/proc/7" dev="proc" ino=5088368 scontext=u:r:untrusted_app:s0:c512,c768 tcontext=u:r:kernel:s0 tclass=dir permissive=0
03-19 07:45:20.717 W/pool-22-thread-(17216): type=1400 audit(0.0:158112): avc: denied { getattr } for path="/proc/8" dev="proc" ino=5088369 scontext=u:r:untrusted_app:s0:c512,c768 tcontext=u:r:kernel:s0 tclass=dir permissive=0
03-19 07:45:20.717 W/pool-22-thread-(17216): type=1400 audit(0.0:158113): avc: denied { getattr } for path="/proc/13" dev="proc" ino=5088370 scontext=u:r:untrusted_app:s0:c512,c768 tcontext=u:r:kernel:s0 tclass=dir permissive=0
03-19 07:45:20.717 W/pool-22-thread-(17216): type=1400 audit(0.0:158114): avc: denied { getattr } for path="/proc/14" dev="proc" ino=5088371 scontext=u:r:untrusted_app:s0:c512,c768 tcontext=u:r:kernel:s0 tclass=dir permissive=0
03-19 07:45:20.717 W/pool-22-thread-(17216): type=1400 audit(0.0:158115): avc: denied { getattr } for path="/proc/18" dev="proc" ino=5088372 scontext=u:r:untrusted_app:s0:c512,c768 tcontext=u:r:kernel:s0 tclass=dir permissive=0
03-19 07:45:20.717 W/pool-22-thread-(17216): type=1400 audit(0.0:158116): avc: denied { getattr } for path="/proc/19" dev="proc" ino=5088373 scontext=u:r:untrusted_app:s0:c512,c768 tcontext=u:r:kernel:s0 tclass=dir permissive=0
03-19 07:45:20.717 W/pool-22-thread-(17216): type=1400 audit(0.0:158117): avc: denied { getattr } for path="/proc/20" dev="proc" ino=5088374 scontext=u:r:untrusted_app:s0:c512,c768 tcontext=u:r:kernel:s0 tclass=dir permissive=0
03-19 07:45:20.717 W/pool-22-thread-(17216): type=1400 audit(0.0:158118): avc: denied { getattr } for path="/proc/22" dev="proc" ino=5088375 scontext=u:r:untrusted_app:s0:c512,c768 tcontext=u:r:kernel:s0 tclass=dir permissive=0
03-19 07:45:20.717 W/pool-22-thread-(17216): type=1400 audit(0.0:158119): avc: denied { getattr } for path="/proc/23" dev="proc" ino=5088376 scontext=u:r:untrusted_app:s0:c512,c768 tcontext=u:r:kernel:s0 tclass=dir permissive=0
03-19 07:45:20.717 W/pool-22-thread-(17216): type=1400 audit(0.0:158120): avc: denied { getattr } for path="/proc/24" dev="proc" ino=5088377 scontext=u:r:untrusted_app:s0:c512,c768 tcontext=u:r:kernel:s0 tclass=dir permissive=0
03-19 07:45:20.717 W/pool-22-thread-(17216): type=1400 audit(0.0:158121): avc: denied { getattr } for path="/proc/25" dev="proc" ino=5088378 scontext=u:r:untrusted_app:s0:c512,c768 tcontext=u:r:kernel:s0 tclass=dir permissive=0
03-19 07:45:20.717 W/pool-22-thread-(17216): type=1400 audit(0.0:158122): avc: denied { getattr } for path="/proc/26" dev="proc" ino=5088379 scontext=u:r:untrusted_app:s0:c512,c768 tcontext=u:r:kernel:s0 tclass=dir permissive=0
03-19 07:45:20.717 W/pool-22-thread-(17216): type=1400 audit(0.0:158123): avc: denied { getattr } for path="/proc/27" dev="proc" ino=5088380 scontext=u:r:untrusted_app:s0:c512,c768 tcontext=u:r:kernel:s0 tclass=dir permissive=0
03-19 07:45:20.717 W/pool-22-thread-(17216): type=1400 audit(0.0:158124): avc: denied { getattr } for path="/proc/28" dev="proc" ino=5088381 scontext=u:r:untrusted_app:s0:c512,c768 tcontext=u:r:kernel:s0 tclass=dir permissive=0
03-19 07:45:20.717 W/pool-22-thread-(17216): type=1400 audit(0.0:158125): avc: denied { getattr } for path="/proc/29" dev="proc" ino=5088382 scontext=u:r:untrusted_app:s0:c512,c768 tcontext=u:r:kernel:s0 tclass=dir permissive=0
03-19 07:45:20.717 W/pool-22-thread-(17216): type=1400 audit(0.0:158126): avc: denied { getattr } for path="/proc/30" dev="proc" ino=5088383 scontext=u:r:untrusted_app:s0:c512,c768 tcontext=u:r:kernel:s0 tclass=dir permissive=0
03-19 07:45:20.717 W/pool-22-thread-(17216): type=1400 audit(0.0:158127): avc: denied { getattr } for path="/proc/31" dev="proc" ino=5088384 scontext=u:r:untrusted_app:s0:c512,c768 tcontext=u:r:kernel:s0 tclass=dir permissive=0
03-19 07:45:20.717 W/pool-22-thread-(17216): type=1400 audit(0.0:158128): avc: denied { getattr } for path="/proc/32" dev="proc" ino=5088385 scontext=u:r:untrusted_app:s0:c512,c768 tcontext=u:r:kernel:s0 tclass=dir permissive=0
03-19 07:45:20.851 W/HanziToPinyin(16909): There is no Chinese collator, HanziToPinyin is disabled
03-19 07:45:20.986 I/ActivityManager(17992): Start proc 17237:com.ksmobile.launcher:service/u0a282 for content provider com.ksmobile.launcher/android.support.v4.content.FileProvider
03-19 07:45:21.122 D/liuwei  (17237): adfasd attachBaseContext base =   android.app.ContextImpl@e99eec6
03-19 07:45:21.156 D/liuwei  (17237): adfasd attachBaseContext onCreate =   com.ksmobile.launcher.LauncherApplication@e2109e
03-19 07:45:21.189 I/System.out(16909): 2018-03-19
03-19 07:45:21.191 I/System.out(16909): 2018-03-19
03-19 07:45:21.192 I/System.out(16909): 2018-03-19
03-19 07:45:21.193 I/System.out(16909): 2018-03-19
03-19 07:45:21.194 I/System.out(16909): 2018-03-19
03-19 07:45:21.197 I/System.out(16909): 2018-03-19
03-19 07:45:21.198 I/System.out(16909): 2018-03-19
03-19 07:45:21.199 I/System.out(16909): 2018-03-19
03-19 07:45:21.199 I/System.out(16909): 2018-03-19
03-19 07:45:21.200 I/System.out(16909): 2018-03-19
03-19 07:45:21.201 I/System.out(16909): 2018-03-19
03-19 07:45:21.312 W/Settings(17237): Setting android_id has moved from android.provider.Settings.System to android.provider.Settings.Secure, returning read-only value.
03-19 07:45:21.363 W/Settings(17237): Setting android_id has moved from android.provider.Settings.System to android.provider.Settings.Secure, returning read-only value.
03-19 07:45:21.651 W/System  (16909): ClassLoader referenced unknown path: /data/data/com.google.android.gms/app_chimera/m/00000007/n/armeabi-v7a
03-19 07:45:21.652 W/System  (16909): ClassLoader referenced unknown path: /data/data/com.google.android.gms/app_chimera/m/00000007/n/armeabi
03-19 07:45:21.658 D/DynamitePackage(16909): Instantiated singleton DynamitePackage.
03-19 07:45:21.658 D/DynamitePackage(16909): Instantiating com.google.android.gms.ads.ChimeraAdLoaderBuilderCreatorImpl
03-19 07:45:21.732 I/Ads     (16909): Updating ad debug logging enablement.
03-19 07:45:21.888 I/Ads     (16909): Starting ad request.
03-19 07:45:21.891 I/Ads     (16909): Use AdRequest.Builder.addTestDevice("80CB0F9622AA0F3FEACB782AEFCCBA6C") to get test ads on this device.
03-19 07:45:21.892 I/Ads     (16909): Webview loading for native ads.
03-19 07:45:21.952 I/dex2oat (17295): /system/bin/dex2oat --dex-file=/data/user/0/com.ksmobile.launcher/cache/1510898742191.jar --oat-file=/data/user/0/com.ksmobile.launcher/cache/1510898742191.dex
03-19 07:45:21.970 I/art     (16909): Rejecting re-init on previously-failed class java.lang.Class<com.android.webview.chromium.WebViewContentsClientAdapter$7>
03-19 07:45:21.971 I/art     (16909): Rejecting re-init on previously-failed class java.lang.Class<com.android.webview.chromium.WebViewContentsClientAdapter$7>
03-19 07:45:21.973 I/art     (16909): Rejecting re-init on previously-failed class java.lang.Class<com.android.webview.chromium.WebViewContentsClientAdapter$3>
03-19 07:45:21.973 I/art     (16909): Rejecting re-init on previously-failed class java.lang.Class<com.android.webview.chromium.WebViewContentsClientAdapter$3>
03-19 07:45:21.974 W/System.err(16909): java.io.FileNotFoundException: /data/user/0/com.ksmobile.launcher/app_folder_push/pushed_app: open failed: ENOENT (No such file or directory)
03-19 07:45:21.974 W/System.err(16909): 	at libcore.io.IoBridge.open(IoBridge.java:452)
03-19 07:45:21.975 W/System.err(16909): 	at java.io.FileInputStream.<init>(FileInputStream.java:76)
03-19 07:45:21.975 W/System.err(16909): 	at com.ksmobile.launcher.customitem.f.d(FolderPushData.java:252)
03-19 07:45:21.975 W/System.err(16909): 	at com.ksmobile.launcher.k.a.c.b(FolderAppHandler.java:45)
03-19 07:45:21.975 W/System.err(16909): 	at com.ksmobile.launcher.k.d.a(PushInqure.java:144)
03-19 07:45:21.975 W/System.err(16909): 	at com.ksmobile.launcher.k.d.run(PushInqure.java:48)
03-19 07:45:21.975 W/System.err(16909): 	at android.os.Handler.handleCallback(Handler.java:739)
03-19 07:45:21.975 W/System.err(16909): 	at android.os.Handler.dispatchMessage(Handler.java:95)
03-19 07:45:21.975 W/System.err(16909): 	at android.os.Looper.loop(Looper.java:148)
03-19 07:45:21.975 W/System.err(16909): 	at android.os.HandlerThread.run(HandlerThread.java:61)
03-19 07:45:21.975 W/System.err(16909): Caused by: android.system.ErrnoException: open failed: ENOENT (No such file or directory)
03-19 07:45:21.975 W/System.err(16909): 	at libcore.io.Posix.open(Native Method)
03-19 07:45:21.975 W/System.err(16909): 	at libcore.io.BlockGuardOs.open(BlockGuardOs.java:186)
03-19 07:45:21.975 W/System.err(16909): 	at libcore.io.IoBridge.open(IoBridge.java:438)
03-19 07:45:21.975 W/System.err(16909): 	... 9 more
03-19 07:45:21.975 W/System.err(16909): java.lang.NullPointerException: Attempt to invoke virtual method 'int java.lang.String.length()' on a null object reference
03-19 07:45:21.976 W/System.err(16909): 	at org.json.JSONTokener.nextCleanInternal(JSONTokener.java:116)
03-19 07:45:21.976 W/System.err(16909): 	at org.json.JSONTokener.nextValue(JSONTokener.java:94)
03-19 07:45:21.976 W/System.err(16909): 	at org.json.JSONArray.<init>(JSONArray.java:92)
03-19 07:45:21.976 W/System.err(16909): 	at org.json.JSONArray.<init>(JSONArray.java:108)
03-19 07:45:21.976 W/System.err(16909): 	at com.ksmobile.launcher.k.a.c.b(FolderAppHandler.java:47)
03-19 07:45:21.976 W/System.err(16909): 	at com.ksmobile.launcher.k.d.a(PushInqure.java:144)
03-19 07:45:21.976 W/System.err(16909): 	at com.ksmobile.launcher.k.d.run(PushInqure.java:48)
03-19 07:45:21.976 W/System.err(16909): 	at android.os.Handler.handleCallback(Handler.java:739)
03-19 07:45:21.976 W/System.err(16909): 	at android.os.Handler.dispatchMessage(Handler.java:95)
03-19 07:45:21.976 W/System.err(16909): 	at android.os.Looper.loop(Looper.java:148)
03-19 07:45:21.976 W/System.err(16909): 	at android.os.HandlerThread.run(HandlerThread.java:61)
03-19 07:45:22.035 E/ActivityThread(16909): Failed to find provider info for com.ksmobile.launcher.plugin.unread
03-19 07:45:22.041 D/ConnectivityService(17992): listenForNetwork for Listen from uid/pid:10282/16909 for NetworkRequest [ id=154, legacyType=-1, [ Capabilities: INTERNET&NOT_RESTRICTED&TRUSTED] ]
03-19 07:45:22.182 E/libEGL  (16909): validate_display:255 error 3008 (EGL_BAD_DISPLAY)
03-19 07:45:22.215 I/dex2oat (17295): dex2oat took 273.154ms (threads: 4) arena alloc=511KB java alloc=55KB native alloc=1543KB free=1528KB
03-19 07:45:22.241 W/Ads     (16909): Invoke Firebase method getInstance error.
03-19 07:45:22.242 W/Ads     (16909): The Google Mobile Ads SDK will not integrate with Firebase. Admob/Firebase integration requires the latest Firebase SDK jar, but Firebase SDK is either missing or out of date
03-19 07:45:22.377 W/Ads     (16909): Update ad debug logging enablement as false
03-19 07:45:22.395 I/Places  (18786): ?: PlacesBleScanner stop()
03-19 07:45:22.396 I/BeaconBle(18786): Places requested to stop scan
03-19 07:45:22.398 D/BluetoothAdapter(18786): STATE_BLE_ON
03-19 07:45:22.400 D/BluetoothAdapterState(16852): Current state: BLE ON, message: 20
03-19 07:45:22.401 D/BluetoothAdapterProperties(16852): Setting state to 16
03-19 07:45:22.401 I/BluetoothAdapterState(16852): Bluetooth adapter state changed: 15-> 16
03-19 07:45:22.402 D/BluetoothAdapterProperties(16852): onBleDisable
03-19 07:45:22.405 I/BluetoothAdapterState(16852): Entering PendingCommandState
03-19 07:45:22.406 D/bt_stack_manager(16852): event_shut_down_stack is bringing down the stack.
03-19 07:45:22.407 W/bt_btif (16852): bta_dm_disable BTA_DISABLE_DELAY set to 100 ms
03-19 07:45:22.407 D/bt_bta_sys_main(16852): bta_sys_stop_timer expected alarm was not in bta alarm hash map.
03-19 07:45:22.407 D/BluetoothAdapterProperties(16852): Scan Mode:20
03-19 07:45:22.415 I/BeaconBle(18786): 'L' hardware scan: scan stopped, no clients
03-19 07:45:22.415 I/BeaconBle(18786): Scan canceled successfully.
03-19 07:45:22.416 W/VideoCapabilities(16909): Unrecognized profile 2130706433 for video/avc
03-19 07:45:22.418 I/PlaceInferenceEngine(18786): [anon] Changed inference mode: 0
03-19 07:45:22.488 I/GeofencerStateMachine(18786): removeGeofences: removeRequest=RemoveGeofencingRequest[REMOVE_BY_PENDING_INTENT pendingIntent=PendingIntent[creatorPackage=com.google.android.gms], packageName=null]
03-19 07:45:22.511 I/bt_hci  (16852): shut_down
03-19 07:45:22.511 D/bt_hwcfg(16852): hw_epilog_process
03-19 07:45:22.523 I/bt_vendor(16852): low_power_mode_cb
03-19 07:45:22.535 I/VideoCapabilities(16909): Unsupported profile 4 for video/mp4v-es
03-19 07:45:22.537 V/FolderAppHandler(16909): onNotify : {"resources":[{"resource_id":"385","resource_type":"4","resource":"http:\/\/theme.cmcm.com\/push\/keyboard\/index_nolist.html?id=1514289292&referrer=utm_source%3D211198","pkg_name":"com.cleanmaster.mguard","title":"Clean Master","iconurl":"http:\/\/img.launcher.ksmobile.com\/wallpaper\/iconpush\/wallpaper150055053350af86.png","folders":"CM_TOOL"},{"resource_id":"13","resource_type":"4","resource":"http:\/\/theme.cmcm.com\/push\/keyboard\/index_nolist.html?id=1514289451&referrer=utm_source%3D8413031116","pkg_name":"com.cleanmaster.security","title":"Security Master","iconurl":"http:\/\/img.launcher.ksmobile.com\/wallpaper\/iconpush\/wallpaper1500550364c71bac.png","folders":"CM_TOOL"},{"resource_id":"256","resource_type":"4","resource":"http:\/\/theme.cmcm.com\/push\/keyboard2\/index_new.html?id=1509092305&referrer=utm_source%3Dcml_fav_tools","pkg_name":"panda.keyboard.emoji.theme","title":"❤️Keyboard","iconurl":"http:\/\/img.launcher.ksmobile.com\/wallpaper\/iconpush\/wallpaper151575922377c5f5.png","folders":"CM_TOOL"},{"resource_id":"414","resource_type":"4","resource":"http:\/\/theme.cmcm.com\/push\/keyboard\/index_nolist.html?id=1521189469&referrer=utm_source%3Dcml_favt","pkg_name":"com.roidapp.photogrid","title":"PhotoGrid","iconurl":"http:\/\/img.launcher.ksmobile.com\/wallpaper\/iconpush\/wallpaper152119809600a166.png","folders":"CM_TOOL"},{"resource_id":"404","resource_type":"4","resource":"http:\/\/theme.cmcm.com\/push\/keyboard\/index_nolist.html?id=1519817625&referrer=utm_source%3Dcml_favtool","pkg_name":"theme.lock.cheetah","title":"Themes Lock","iconurl":"http:\/\/img.launcher.ksmobile.com\/wallpaper\/iconpush\/wallpaper1517994986adacf8.png","folders":"CM_TOOL"},{"resource_id":"413","resource_type":"4","resource":"http:\/\/theme.cmcm.com\/push\/keyboard\/index_nolist.html?id=1521169183&referrer=utm_source%3Dlite_cml","pkg_name":"com.photogrid.lite","title":"PhotoGrid Lite","iconurl":"http:\/\/img.launcher.ksmobile.com\/wallpaper\/iconpush\/wallpaper1519985371bde48a.png","folders":"CM_TOOL"}]}
03-19 07:45:22.539 D/bt_hwcfg(16852): hw_epilog_cback Opcode:0x0C03 Status: 0
03-19 07:45:22.539 I/bt_vendor(16852): epilog_cb
03-19 07:45:22.539 I/bt_hci  (16852): epilog_finished_callback
03-19 07:45:22.543 I/bt_hci_h4(16852): hal_close
03-19 07:45:22.544 I/bt_userial_vendor(16852): device fd = 49 close
03-19 07:45:22.584 D/bt_stack_manager(16852): event_shut_down_stack finished.
03-19 07:45:22.585 D/BluetoothAdapterState(16852): Current state: PENDING_COMMAND, message: 24
03-19 07:45:22.586 D/BluetoothAdapterState(16852): Stopping Gatt profile services that were post enabled
03-19 07:45:22.586 D/BtGatt.DebugUtils(16852): handleDebugAction() action=null
03-19 07:45:22.587 D/BtGatt.GattService(16852): Received stop request...Stopping profile...
03-19 07:45:22.587 D/BtGatt.GattService(16852): stop()
03-19 07:45:22.587 D/BtGatt.AdvertiseManager(16852): advertise clients cleared
03-19 07:45:22.589 V/BluetoothAdapterState(16852): isTurningOff()=false
03-19 07:45:22.589 V/BluetoothAdapterState(16852): isTurningOn()=false
03-19 07:45:22.589 V/BluetoothAdapterState(16852): isBleTurningOn()=false
03-19 07:45:22.589 V/BluetoothAdapterState(16852): isBleTurningOff()=true
03-19 07:45:22.589 D/BluetoothAdapterState(16852): Current state: PENDING_COMMAND, message: 25
03-19 07:45:22.589 D/BluetoothAdapterProperties(16852): Setting state to 10
03-19 07:45:22.589 I/BluetoothAdapterState(16852): Bluetooth adapter state changed: 16-> 10
03-19 07:45:22.590 I/BluetoothAdapterState(16852): Entering OffState
03-19 07:45:22.590 D/BluetoothManagerService(17992): Broadcasting onBluetoothServiceDown() to 8 receivers.
03-19 07:45:22.606 W/BluetoothSdpJni(16852): Cleaning up Bluetooth SDP Interface...
03-19 07:45:22.606 W/BluetoothSdpJni(16852): Cleaning up Bluetooth Health object
03-19 07:45:22.606 I/BluetoothServiceJni(16852): cleanupNative: return from cleanup
03-19 07:45:22.607 D/bt_stack_manager(16852): event_clean_up_stack is cleaning up the stack.
03-19 07:45:22.613 I/art     (16852): System.exit called, status: 0
03-19 07:45:22.613 I/AndroidRuntime(16852): VM exiting with result code 0, cleanup skipped.
03-19 07:45:22.691 I/ActivityManager(17992): Process com.android.bluetooth (pid 16852) has died
03-19 07:45:22.691 D/ActivityManager(17992): cleanUpApplicationRecord -- 16852
03-19 07:45:22.713 W/System.err(16909): java.io.FileNotFoundException: /data/user/0/com.ksmobile.launcher/app_folder_push/pushed_app: open failed: ENOENT (No such file or directory)
03-19 07:45:22.713 W/System.err(16909): 	at libcore.io.IoBridge.open(IoBridge.java:452)
03-19 07:45:22.713 W/System.err(16909): 	at java.io.FileInputStream.<init>(FileInputStream.java:76)
03-19 07:45:22.713 W/System.err(16909): 	at com.ksmobile.launcher.customitem.f.d(FolderPushData.java:252)
03-19 07:45:22.713 W/System.err(16909): 	at com.ksmobile.launcher.customitem.f.a(FolderPushData.java:202)
03-19 07:45:22.713 W/System.err(16909): 	at com.ksmobile.launcher.customitem.f$1.run(FolderPushData.java:114)
03-19 07:45:22.713 W/System.err(16909): 	at android.os.Handler.handleCallback(Handler.java:739)
03-19 07:45:22.713 W/System.err(16909): 	at android.os.Handler.dispatchMessage(Handler.java:95)
03-19 07:45:22.713 W/System.err(16909): 	at android.os.Looper.loop(Looper.java:148)
03-19 07:45:22.713 W/System.err(16909): 	at android.os.HandlerThread.run(HandlerThread.java:61)
03-19 07:45:22.713 W/System.err(16909): Caused by: android.system.ErrnoException: open failed: ENOENT (No such file or directory)
03-19 07:45:22.713 W/System.err(16909): 	at libcore.io.Posix.open(Native Method)
03-19 07:45:22.713 W/System.err(16909): 	at libcore.io.BlockGuardOs.open(BlockGuardOs.java:186)
03-19 07:45:22.713 W/System.err(16909): 	at libcore.io.IoBridge.open(IoBridge.java:438)
03-19 07:45:22.713 W/System.err(16909): 	... 8 more
03-19 07:45:22.714 W/System.err(16909): java.lang.NullPointerException: Attempt to invoke virtual method 'int java.lang.String.length()' on a null object reference
03-19 07:45:22.714 W/System.err(16909): 	at org.json.JSONTokener.nextCleanInternal(JSONTokener.java:116)
03-19 07:45:22.714 W/System.err(16909): 	at org.json.JSONTokener.nextValue(JSONTokener.java:94)
03-19 07:45:22.714 W/System.err(16909): 	at org.json.JSONArray.<init>(JSONArray.java:92)
03-19 07:45:22.714 W/System.err(16909): 	at org.json.JSONArray.<init>(JSONArray.java:108)
03-19 07:45:22.714 W/System.err(16909): 	at com.ksmobile.launcher.customitem.f.a(FolderPushData.java:204)
03-19 07:45:22.714 W/System.err(16909): 	at com.ksmobile.launcher.customitem.f$1.run(FolderPushData.java:114)
03-19 07:45:22.714 W/System.err(16909): 	at android.os.Handler.handleCallback(Handler.java:739)
03-19 07:45:22.714 W/System.err(16909): 	at android.os.Handler.dispatchMessage(Handler.java:95)
03-19 07:45:22.715 W/System.err(16909): 	at android.os.Looper.loop(Looper.java:148)
03-19 07:45:22.715 W/System.err(16909): 	at android.os.HandlerThread.run(HandlerThread.java:61)
03-19 07:45:22.769 I/chromium(16909): [INFO:CONSOLE(0)] "Creating Application Cache with manifest https://googleads.g.doubleclick.net/mads/static/mad/sdk/native/sdk-core-v40-loader.appcache", source: https://googleads.g.doubleclick.net/mads/static/mad/sdk/native/sdk-core-v40-loader.html (0)
03-19 07:45:22.769 I/chromium(16909): [INFO:CONSOLE(0)] "Application Cache Checking event", source: https://googleads.g.doubleclick.net/mads/static/mad/sdk/native/sdk-core-v40-loader.html (0)
03-19 07:45:22.941 W/art     (16909): Suspending all threads took: 9.653ms
03-19 07:45:23.023 I/art     (16909): Background sticky concurrent mark sweep GC freed 49112(4MB) AllocSpace objects, 76(4MB) LOS objects, 10% free, 77MB/86MB, paused 14.113ms total 171.919ms
03-19 07:45:23.048 W/CursorWrapperInner(16909): Cursor finalized without prior close()
03-19 07:45:23.136 I/chromium(16909): [INFO:CONSOLE(0)] "Application Cache Downloading event", source: https://googleads.g.doubleclick.net/mads/static/mad/sdk/native/sdk-core-v40-loader.html (0)
03-19 07:45:23.136 I/chromium(16909): [INFO:CONSOLE(0)] "Application Cache Progress event (0 of 2) https://googleads.g.doubleclick.net/mads/static/mad/sdk/native/sdk-core-v40-loader.js", source: https://googleads.g.doubleclick.net/mads/static/mad/sdk/native/sdk-core-v40-loader.html (0)
03-19 07:45:23.264 W/Herrevad(18675): [1881] vgx.b: Invalid mccmnc 
03-19 07:45:23.270 W/Herrevad(18675): [1881] vgx.b: Invalid mccmnc 
03-19 07:45:23.332 I/chromium(16909): [INFO:CONSOLE(0)] "Application Cache Progress event (1 of 2) https://googleads.g.doubleclick.net/mads/static/mad/sdk/native/production/sdk-core-v40-impl.js", source: https://googleads.g.doubleclick.net/mads/static/mad/sdk/native/sdk-core-v40-loader.html (0)
03-19 07:45:23.393 I/Ads     (16909): Javascript has loaded for native ads.
03-19 07:45:23.402 I/chromium(16909): [INFO:CONSOLE(0)] "Application Cache Progress event (2 of 2) ", source: https://googleads.g.doubleclick.net/mads/static/mad/sdk/native/sdk-core-v40-loader.html (0)
03-19 07:45:23.402 I/chromium(16909): [INFO:CONSOLE(0)] "Application Cache Cached event", source: https://googleads.g.doubleclick.net/mads/static/mad/sdk/native/sdk-core-v40-loader.html (0)
03-19 07:45:23.657 D/AppsFlyer_4.7.4(16909): iscache=null caching conversion data
03-19 07:45:24.159 D/DynamitePackage(16909): Instantiating com.google.android.gms.ads.ChimeraMobileAdsSettingManagerCreatorImpl
03-19 07:45:24.168 W/Ads     (16909): Not retrying to fetch app settings
03-19 07:45:24.187 D/DynamitePackage(16909): Instantiating com.google.android.gms.ads.ChimeraAdManagerCreatorImpl
03-19 07:45:24.203 I/Ads     (16909): Starting ad request.
03-19 07:45:24.203 I/Ads     (16909): Use AdRequest.Builder.addTestDevice("80CB0F9622AA0F3FEACB782AEFCCBA6C") to get test ads on this device.
03-19 07:45:24.209 W/Ads     (16909): Not retrying to fetch app settings
03-19 07:45:24.459 I/Ads     (16909): Ad finished loading.
03-19 07:45:24.867 I/art     (18675): Background sticky concurrent mark sweep GC freed 63015(4MB) AllocSpace objects, 44(1588KB) LOS objects, 16% free, 35MB/42MB, paused 7.157ms total 47.378ms
03-19 07:45:24.908 I/Ads     (16909): Trying mediation network: null
03-19 07:45:24.912 I/Ads     (16909): Instantiating mediation adapter: com.google.ads.mediation.admob.AdMobAdapter
03-19 07:45:24.913 W/Ads     (16909): Server parameters: {"pubid":"ca-app-pub-9562374406307677\/6662490510"}
03-19 07:45:24.952 D/DynamitePackage(16909): Instantiating com.google.android.gms.ads.ChimeraAdManagerCreatorImpl
03-19 07:45:25.013 I/Ads     (16909): Starting ad request.
03-19 07:45:25.013 I/Ads     (16909): Use AdRequest.Builder.addTestDevice("80CB0F9622AA0F3FEACB782AEFCCBA6C") to get test ads on this device.
03-19 07:45:25.020 W/Ads     (16909): Not retrying to fetch app settings
03-19 07:45:26.016 I/Finsky  ( 4226): [1] com.google.android.finsky.scheduler.JobSchedulerEngine$PhoneskyJobSchedulerJobService.onStartJob(9): onJobSchedulerWakeup
03-19 07:45:26.028 I/Finsky  ( 4226): [1] com.google.android.finsky.scheduler.p.a(22): Scheduling fallback in 43199989 (absolute: 925438316)
03-19 07:45:26.034 I/Finsky  ( 4226): [1] com.google.android.finsky.scheduler.p.a(22): Scheduling fallback in 64799995 (absolute: 947038328)
03-19 07:45:26.046 I/Finsky  ( 4226): [1] com.google.android.finsky.scheduler.w.handleMessage(32): DeviceState: DeviceState{currentTime=1521459926042, isCharging=false, isIdle=false, netAny=true, netNotRoaming=true, netUnmetered=true}
03-19 07:45:26.059 I/Finsky  ( 4226): [1] com.google.android.finsky.scheduler.r.a(88): Running job: 1 (12)
03-19 07:45:26.059 I/Finsky  ( 4226): [1] com.google.android.finsky.ah.c.a(41): ContentSyncJob started
03-19 07:45:26.063 I/Finsky  ( 4226): [1] com.google.android.finsky.scheduler.r.a(160): RunningQueue size: 1
03-19 07:45:26.063 I/Finsky  ( 4226): [1] com.google.android.finsky.scheduler.r.a(161): PendingQueue size: 0
03-19 07:45:26.082 I/Ads     (16909): Ad finished loading.
03-19 07:45:26.083 I/Ads     (16909): Ad finished loading.
03-19 07:45:26.509 I/dyf     (16909): [request]:http://sts.batmobi.net/log?partner_id=mnt_Mnt_1.0.6&p_name=com.ksmobile.launcher&aid=c9987370cfa065c5&local=US&times=1&C1=native-pro%3AUnable%20to%20resolve%20host%20%22usdk.batmobi.net%22%3A%20No%20address%20associated%20with%20hostname&C2=Nexus%205,resultData=
03-19 07:45:27.390 I/Finsky  ( 4226): [1] com.google.android.finsky.n.c.a(25): Completed 1 account content syncs with 1 successful.
03-19 07:45:27.404 I/Finsky  ( 4226): [1] com.google.android.finsky.ah.c.a(5): Installation state replication succeeded.
03-19 07:45:27.404 I/Finsky  ( 4226): [1] com.google.android.finsky.scheduler.aq.b(12): jobFinished: 1 12
03-19 07:45:27.405 I/Finsky  ( 4226): [1] com.google.android.finsky.scheduler.r.a(185): Job 1 (12) finished
03-19 07:45:27.415 I/Finsky  ( 4226): [1] com.google.android.finsky.scheduler.r.a(160): RunningQueue size: 0
03-19 07:45:27.418 I/Finsky  ( 4226): [1] com.google.android.finsky.scheduler.r.a(161): PendingQueue size: 0
03-19 07:45:27.424 I/Finsky  ( 4226): [1] com.google.android.finsky.scheduler.w.handleMessage(216): Executor finished
03-19 07:45:27.453 I/BeaconBle(18786): 'L' hardware scan: scan stopped, no clients
03-19 07:45:28.011 D/AndroidRuntime(17485): >>>>>> START com.android.internal.os.RuntimeInit uid 2000 <<<<<<
03-19 07:45:28.019 D/AndroidRuntime(17485): CheckJNI is OFF
03-19 07:45:28.094 D/ICU     (17485): No timezone override file found: /data/misc/zoneinfo/current/icu/icu_tzdata.dat
03-19 07:45:28.166 E/dex2oat (17497): Failed to create oat file: /data/dalvik-cache/arm/sdcard@monkey.jar@classes.dex: Permission denied
03-19 07:45:28.167 I/dex2oat (17497): dex2oat took 939.531us (threads: 4) 
03-19 07:45:28.171 W/art     (17485): Failed execv(/system/bin/dex2oat --runtime-arg -classpath --runtime-arg /sdcard/monkey.jar:/sdcard/framework.jar --instruction-set=arm --instruction-set-features=smp,div,atomic_ldrd_strd --runtime-arg -Xrelocate --boot-image=/system/framework/boot.art --runtime-arg -Xms64m --runtime-arg -Xmx512m --instruction-set-variant=krait --instruction-set-features=default --dex-file=/sdcard/monkey.jar --oat-file=/data/dalvik-cache/arm/sdcard@monkey.jar@classes.dex) because non-0 exit status
03-19 07:45:28.285 E/dex2oat (17499): Failed to create oat file: /data/dalvik-cache/arm/sdcard@framework.jar@classes.dex: Permission denied
03-19 07:45:28.285 I/dex2oat (17499): dex2oat took 884.322us (threads: 4) 
03-19 07:45:28.289 W/art     (17485): Failed execv(/system/bin/dex2oat --runtime-arg -classpath --runtime-arg /sdcard/monkey.jar:/sdcard/framework.jar --instruction-set=arm --instruction-set-features=smp,div,atomic_ldrd_strd --runtime-arg -Xrelocate --boot-image=/system/framework/boot.art --runtime-arg -Xms64m --runtime-arg -Xmx512m --instruction-set-variant=krait --instruction-set-features=default --dex-file=/sdcard/framework.jar --oat-file=/data/dalvik-cache/arm/sdcard@framework.jar@classes.dex) because non-0 exit status
03-19 07:45:28.300 I/EventLogSendingHelper(23446): Sending log events.
03-19 07:45:28.421 I/Radio-JNI(17485): register_android_hardware_Radio DONE
03-19 07:45:28.459 D/AndroidRuntime(17485): Calling main entry tv.panda.test.monkey.Monkey
03-19 07:45:28.595 E/System  (17485): Unable to open zip file: /sdcard/framework.jar
03-19 07:45:28.599 E/System  (17485): java.util.zip.ZipException: Not a zip archive
03-19 07:45:28.599 E/System  (17485): 	at java.util.zip.ZipFile.readCentralDir(ZipFile.java:397)
03-19 07:45:28.599 E/System  (17485): 	at java.util.zip.ZipFile.<init>(ZipFile.java:175)
03-19 07:45:28.599 E/System  (17485): 	at java.util.zip.ZipFile.<init>(ZipFile.java:131)
03-19 07:45:28.599 E/System  (17485): 	at dalvik.system.DexPathList$Element.maybeInit(DexPathList.java:452)
03-19 07:45:28.599 E/System  (17485): 	at dalvik.system.DexPathList$Element.findResource(DexPathList.java:499)
03-19 07:45:28.599 E/System  (17485): 	at dalvik.system.DexPathList.findResources(DexPathList.java:378)
03-19 07:45:28.599 E/System  (17485): 	at dalvik.system.BaseDexClassLoader.findResources(BaseDexClassLoader.java:72)
03-19 07:45:28.599 E/System  (17485): 	at java.lang.ClassLoader.getResources(ClassLoader.java:425)
03-19 07:45:28.599 E/System  (17485): 	at javax.xml.xpath.XPathFactoryFinder.createServiceFileIterator(XPathFactoryFinder.java:332)
03-19 07:45:28.599 E/System  (17485): 	at javax.xml.xpath.XPathFactoryFinder._newFactory(XPathFactoryFinder.java:200)
03-19 07:45:28.599 E/System  (17485): 	at javax.xml.xpath.XPathFactoryFinder.newFactory(XPathFactoryFinder.java:147)
03-19 07:45:28.599 E/System  (17485): 	at javax.xml.xpath.XPathFactory.newInstance(XPathFactory.java:148)
03-19 07:45:28.599 E/System  (17485): 	at javax.xml.xpath.XPathFactory.newInstance(XPathFactory.java:69)
03-19 07:45:28.599 E/System  (17485): 	at tv.panda.test.monkey.ape.model.XPathBuilder.<init>(XPathBuilder.kt:8)
03-19 07:45:28.599 E/System  (17485): 	at tv.panda.test.monkey.ape.model.XPathBuilder.<clinit>(XPathBuilder.kt:7)
03-19 07:45:28.599 E/System  (17485): 	at tv.panda.test.monkey.ape.model.BlackWidgetReader.build(BlackWidgetReader.kt:21)
03-19 07:45:28.599 E/System  (17485): 	at tv.panda.test.monkey.ape.model.BlackWidgetReader.read(BlackWidgetReader.kt:65)
03-19 07:45:28.599 E/System  (17485): 	at tv.panda.test.monkey.ape.model.BlackWidgetController.<clinit>(BlackWidgetController.kt:30)
03-19 07:45:28.599 E/System  (17485): 	at tv.panda.test.monkey.Monkey.<init>(Monkey.kt:100)
03-19 07:45:28.599 E/System  (17485): 	at tv.panda.test.monkey.Monkey$Companion.main(Monkey.kt:1164)
03-19 07:45:28.599 E/System  (17485): 	at tv.panda.test.monkey.Monkey.main(Monkey.kt)
03-19 07:45:28.599 E/System  (17485): 	at com.android.internal.os.RuntimeInit.nativeFinishInit(Native Method)
03-19 07:45:28.599 E/System  (17485): 	at com.android.internal.os.RuntimeInit.main(RuntimeInit.java:251)
03-19 07:45:29.011 D/ConnectivityService(17992): notifyType CAP_CHANGED for NetworkAgentInfo [WIFI () - 101]
03-19 07:45:30.035 W/BroadcastQueue(17992): Skipping deliver [background] BroadcastRecord{5401290 u-1 android.net.conn.CONNECTIVITY_CHANGE} to ReceiverList{d4ff789 17485 (unknown name)/2000/u-1 remote:f0f2542}: process crashing
03-19 07:45:32.219 I/ActivityManager(17992): START u0 {act=android.intent.action.MAIN cat=[android.intent.category.LAUNCHER] flg=0x10200000 cmp=com.ksmobile.launcher/.Launcher} from uid 2000 on display 0
03-19 07:45:32.224 E/START_LAUNCHER(16909): Launcher onPause = 1521459932224  距离onResume的时间为 ： 17636
03-19 07:45:32.232 E/START_LAUNCHER(16909): Launcher onResume = 1521459932232
03-19 07:45:32.235 V/default_launcher(16909): gap last show less then 3 hours
03-19 07:45:32.235 D/Launcher(16909): onResume: yanzhao
03-19 07:45:32.236 E/szadxacac(16909): notify:white:-1
03-19 07:45:32.238 D/CleanMemoryManager(16909): 【currentPercent】 real result 59
03-19 07:45:32.238 D/CleanMemoryManager(16909): 【onLoop】59
03-19 07:45:32.342 I/art     (17992): Background partial concurrent mark sweep GC freed 30165(1976KB) AllocSpace objects, 7(160KB) LOS objects, 31% free, 34MB/50MB, paused 2.374ms total 212.093ms
03-19 07:45:33.293 I/EventLogSendingHelper(23446): Sending log events.
03-19 07:45:33.649 I/ActivityManager(17992): Start proc 17576:com.ksmobile.launcher:crash_service/u0a282 for service com.ksmobile.launcher/.crash_upload.CrashUploadService
03-19 07:45:33.650 D/AlarmReportService(16909): init
03-19 07:45:33.806 D/liuwei  (17576): adfasd attachBaseContext base =   android.app.ContextImpl@e99eec6
03-19 07:45:33.809 D/liuwei  (17576): adfasd attachBaseContext onCreate =   com.ksmobile.launcher.LauncherApplication@16f2e87
03-19 07:45:33.840 W/Settings(17576): Setting android_id has moved from android.provider.Settings.System to android.provider.Settings.Secure, returning read-only value.
03-19 07:45:33.897 W/IntentService[C(17616): type=1400 audit(0.0:158497): avc: denied { read } for name="anr" dev="mmcblk0p28" ino=325761 scontext=u:r:untrusted_app:s0:c512,c768 tcontext=u:object_r:anr_data_file:s0 tclass=dir permissive=0
03-19 07:45:44.434 E/ActivityThread(16909): Failed to find provider info for com.android.launcher.settings
03-19 07:45:44.435 E/ActivityThread(16909): Failed to find provider info for com.android.launcher2.settings
03-19 07:45:44.435 E/ActivityThread(16909): Failed to find provider info for com.android.launcher2.Launcher.settings
03-19 07:45:44.436 E/ActivityThread(16909): Failed to find provider info for com.motorola.launcher3.settings
03-19 07:45:44.436 E/ActivityThread(16909): Failed to find provider info for com.htc.launcher.settings
03-19 07:45:44.439 E/ActivityThread(16909): Failed to find provider info for com.android.launcher.settings
03-19 07:45:44.439 E/ActivityThread(16909): Failed to find provider info for com.android.launcher2.settings
03-19 07:45:44.440 E/ActivityThread(16909): Failed to find provider info for com.android.launcher2.Launcher.settings
03-19 07:45:44.440 E/ActivityThread(16909): Failed to find provider info for com.tct.launcher.settings
03-19 07:45:44.441 E/ActivityThread(16909): Failed to find provider info for com.lge.launcher2.settings
03-19 07:45:44.442 E/ActivityThread(16909): Failed to find provider info for com.asus.launcher3.settings
03-19 07:45:44.442 E/ActivityThread(16909): Failed to find provider info for com.android.launcher2.asus.settings
03-19 07:45:44.442 E/ActivityThread(16909): Failed to find provider info for com.lge.launcher3.settings
03-19 07:45:44.443 E/ActivityThread(16909): Failed to find provider info for com.asus.launcher3.settings
03-19 07:45:44.443 E/ActivityThread(16909): Failed to find provider info for com.android.launcher2.asus.settings
03-19 07:45:44.444 E/ActivityThread(16909): Failed to find provider info for com.sec.android.app.launcher.settings
03-19 07:45:44.444 E/ActivityThread(16909): Failed to find provider info for com.sec.android.app.launcher.providers.LauncherProvider
03-19 07:45:44.444 E/ActivityThread(16909): Failed to find provider info for com.miui.home.launcher.settings
03-19 07:45:44.445 E/ActivityThread(16909): Failed to find provider info for com.huawei.android.launcher.settings
03-19 07:45:44.445 E/ActivityThread(16909): Failed to find provider info for com.oppo.launcher.settings
03-19 07:45:44.445 E/ActivityThread(16909): Failed to find provider info for com.oppo.launcher.settings
03-19 07:45:44.446 E/ActivityThread(16909): Failed to find provider info for com.android.launcher3.settings
03-19 07:45:44.446 E/ActivityThread(16909): Failed to find provider info for com.bbk.launcher2.settings
03-19 07:45:44.507 E/ActivityThread(16909): Failed to find provider info for com.google.android.googlequicksearchbox.settings
03-19 07:45:45.251 I/record_logger(14565): [cmim:network] doConnect(). async connect finished. connected = false
03-19 07:45:45.252 I/record_logger(14565): [cmim:network] WorkerHandler: MSG_CONNECT_FAIL
03-19 07:45:45.252 I/record_logger(14565): [cmim:client] connectStatus: CS_CONNECTING -> CS_NOT_CONNECTED
03-19 07:45:45.258 I/cm.log.uipro(14565): [IM][D]/ CMIM Connect change: CS_NOT_CONNECTED
03-19 07:45:45.258 I/record_logger(14565): [cmim:network] onConnectFailed()
03-19 07:45:45.258 I/record_logger(14565): [IMReporter] kid=3, reason=[java.net.SocketTimeoutException: failed to connect to im.live.ksmobile.net/101.227.221.75 (port 80): isConnected failed: ETIMEDOUT (Connection timed out)]
03-19 07:45:45.259 I/record_logger(14565): [cmim:network] onConnectFailed(). reconnect 16000ms later.
03-19 07:45:47.970 I/GoogleInputMethod(18923): onFinishInput() : Dummy InputConnection bound
03-19 07:45:47.970 I/GoogleInputMethod(18923): onStartInput() : Dummy InputConnection bound
03-19 07:45:47.957 W/Binder_8(18974): type=1400 audit(0.0:158498): avc: denied { ioctl } for path="socket:[5183560]" dev="sockfs" ino=5183560 ioctlcmd=7704 scontext=u:r:system_server:s0 tcontext=u:r:system_server:s0 tclass=unix_stream_socket permissive=0
03-19 07:45:47.957 W/Binder_8(18974): type=1400 audit(0.0:158499): avc: denied { ioctl } for path="socket:[5183560]" dev="sockfs" ino=5183560 ioctlcmd=7704 scontext=u:r:system_server:s0 tcontext=u:r:system_server:s0 tclass=unix_stream_socket permissive=0
03-19 07:45:53.150 D/ConnectivityService(17992): updateNetworkScore for NetworkAgentInfo [WIFI () - 101] to 56
03-19 07:45:53.746 W/InputEventSender(16909): Failed to send key event on channel 'ClientState{8333a67 uid 10282 pid 16909} (server)'.  status=-11
03-19 07:45:53.746 W/InputMethodManager(16909): Unable to send input event to IME: com.google.android.inputmethod.latin/com.android.inputmethod.latin.LatinIME dropping: KeyEvent { action=ACTION_DOWN, keyCode=KEYCODE_DPAD_DOWN, scanCode=0, metaState=0, flags=0x400, repeatCount=0, eventTime=516351221, downTime=516351221, deviceId=-1, source=0x101 }
03-19 07:45:53.746 W/InputEventSender(16909): Failed to send key event on channel 'ClientState{8333a67 uid 10282 pid 16909} (server)'.  status=-11
03-19 07:45:53.746 W/InputMethodManager(16909): Unable to send input event to IME: com.google.android.inputmethod.latin/com.android.inputmethod.latin.LatinIME dropping: KeyEvent { action=ACTION_UP, keyCode=KEYCODE_DPAD_DOWN, scanCode=0, metaState=0, flags=0x400, repeatCount=0, eventTime=516351221, downTime=516351221, deviceId=-1, source=0x101 }
03-19 07:45:53.746 W/InputEventSender(16909): Failed to send key event on channel 'ClientState{8333a67 uid 10282 pid 16909} (server)'.  status=-11
03-19 07:45:53.746 W/InputMethodManager(16909): Unable to send input event to IME: com.google.android.inputmethod.latin/com.android.inputmethod.latin.LatinIME dropping: KeyEvent { action=ACTION_DOWN, keyCode=KEYCODE_DPAD_DOWN, scanCode=0, metaState=0, flags=0x400, repeatCount=0, eventTime=516351221, downTime=516351221, deviceId=-1, source=0x101 }
03-19 07:45:53.747 W/InputEventSender(16909): Failed to send key event on channel 'ClientState{8333a67 uid 10282 pid 16909} (server)'.  status=-11
03-19 07:45:53.747 W/InputMethodManager(16909): Unable to send input event to IME: com.google.android.inputmethod.latin/com.android.inputmethod.latin.LatinIME dropping: KeyEvent { action=ACTION_UP, keyCode=KEYCODE_DPAD_DOWN, scanCode=0, metaState=0, flags=0x400, repeatCount=0, eventTime=516351221, downTime=516351221, deviceId=-1, source=0x101 }
03-19 07:45:53.747 W/InputEventSender(16909): Failed to send key event on channel 'ClientState{8333a67 uid 10282 pid 16909} (server)'.  status=-11
03-19 07:45:53.747 W/InputMethodManager(16909): Unable to send input event to IME: com.google.android.inputmethod.latin/com.android.inputmethod.latin.LatinIME dropping: KeyEvent { action=ACTION_DOWN, keyCode=KEYCODE_DPAD_DOWN, scanCode=0, metaState=0, flags=0x400, repeatCount=0, eventTime=516351221, downTime=516351221, deviceId=-1, source=0x101 }
03-19 07:45:53.747 W/InputEventSender(16909): Failed to send key event on channel 'ClientState{8333a67 uid 10282 pid 16909} (server)'.  status=-11
03-19 07:45:53.747 W/InputMethodManager(16909): Unable to send input event to IME: com.google.android.inputmethod.latin/com.android.inputmethod.latin.LatinIME dropping: KeyEvent { action=ACTION_UP, keyCode=KEYCODE_DPAD_DOWN, scanCode=0, metaState=0, flags=0x400, repeatCount=0, eventTime=516351221, downTime=516351221, deviceId=-1, source=0x101 }
03-19 07:45:53.747 W/InputEventSender(16909): Failed to send key event on channel 'ClientState{8333a67 uid 10282 pid 16909} (server)'.  status=-11
03-19 07:45:53.747 W/InputMethodManager(16909): Unable to send input event to IME: com.google.android.inputmethod.latin/com.android.inputmethod.latin.LatinIME dropping: KeyEvent { action=ACTION_DOWN, keyCode=KEYCODE_DPAD_DOWN, scanCode=0, metaState=0, flags=0x400, repeatCount=0, eventTime=516351221, downTime=516351221, deviceId=-1, source=0x101 }
03-19 07:45:53.747 W/InputEventSender(16909): Failed to send key event on channel 'ClientState{8333a67 uid 10282 pid 16909} (server)'.  status=-11
03-19 07:45:53.747 W/InputMethodManager(16909): Unable to send input event to IME: com.google.android.inputmethod.latin/com.android.inputmethod.latin.LatinIME dropping: KeyEvent { action=ACTION_UP, keyCode=KEYCODE_DPAD_DOWN, scanCode=0, metaState=0, flags=0x400, repeatCount=0, eventTime=516351221, downTime=516351221, deviceId=-1, source=0x101 }
03-19 07:45:53.747 W/InputEventSender(16909): Failed to send key event on channel 'ClientState{8333a67 uid 10282 pid 16909} (server)'.  status=-11
03-19 07:45:53.747 W/InputMethodManager(16909): Unable to send input event to IME: com.google.android.inputmethod.latin/com.android.inputmethod.latin.LatinIME dropping: KeyEvent { action=ACTION_DOWN, keyCode=KEYCODE_DPAD_DOWN, scanCode=0, metaState=0, flags=0x400, repeatCount=0, eventTime=516351221, downTime=516351221, deviceId=-1, source=0x101 }
03-19 07:45:53.747 W/InputEventSender(16909): Failed to send key event on channel 'ClientState{8333a67 uid 10282 pid 16909} (server)'.  status=-11
03-19 07:45:53.747 W/InputMethodManager(16909): Unable to send input event to IME: com.google.android.inputmethod.latin/com.android.inputmethod.latin.LatinIME dropping: KeyEvent { action=ACTION_UP, keyCode=KEYCODE_DPAD_DOWN, scanCode=0, metaState=0, flags=0x400, repeatCount=0, eventTime=516351221, downTime=516351221, deviceId=-1, source=0x101 }
03-19 07:45:53.747 W/InputEventSender(16909): Failed to send key event on channel 'ClientState{8333a67 uid 10282 pid 16909} (server)'.  status=-11
03-19 07:45:53.748 W/InputMethodManager(16909): Unable to send input event to IME: com.google.android.inputmethod.latin/com.android.inputmethod.latin.LatinIME dropping: KeyEvent { action=ACTION_MULTIPLE, keyCode=KEYCODE_DPAD_DOWN, scanCode=0, metaState=0, flags=0x400, repeatCount=1502, eventTime=516351225, downTime=516351225, deviceId=-1, source=0x101 }
03-19 07:45:53.748 W/InputEventSender(16909): Failed to send key event on channel 'ClientState{8333a67 uid 10282 pid 16909} (server)'.  status=-11
03-19 07:45:53.748 W/InputMethodManager(16909): Unable to send input event to IME: com.google.android.inputmethod.latin/com.android.inputmethod.latin.LatinIME dropping: KeyEvent { action=ACTION_DOWN, keyCode=KEYCODE_DPAD_DOWN, scanCode=0, metaState=0, flags=0x400, repeatCount=0, eventTime=516351226, downTime=516351226, deviceId=-1, source=0x101 }
03-19 07:45:53.748 W/InputEventSender(16909): Failed to send key event on channel 'ClientState{8333a67 uid 10282 pid 16909} (server)'.  status=-11
03-19 07:45:53.748 W/InputMethodManager(16909): Unable to send input event to IME: com.google.android.inputmethod.latin/com.android.inputmethod.latin.LatinIME dropping: KeyEvent { action=ACTION_UP, keyCode=KEYCODE_DPAD_DOWN, scanCode=0, metaState=0, flags=0x400, repeatCount=0, eventTime=516351226, downTime=516351226, deviceId=-1, source=0x101 }
03-19 07:45:53.748 W/InputEventSender(16909): Failed to send key event on channel 'ClientState{8333a67 uid 10282 pid 16909} (server)'.  status=-11
03-19 07:45:53.748 W/InputMethodManager(16909): Unable to send input event to IME: com.google.android.inputmethod.latin/com.android.inputmethod.latin.LatinIME dropping: KeyEvent { action=ACTION_DOWN, keyCode=KEYCODE_DPAD_DOWN, scanCode=0, metaState=0, flags=0x400, repeatCount=0, eventTime=516351226, downTime=516351226, deviceId=-1, source=0x101 }
03-19 07:45:53.748 W/InputEventSender(16909): Failed to send key event on channel 'ClientState{8333a67 uid 10282 pid 16909} (server)'.  status=-11
03-19 07:45:53.748 W/InputMethodManager(16909): Unable to send input event to IME: com.google.android.inputmethod.latin/com.android.inputmethod.latin.LatinIME dropping: KeyEvent { action=ACTION_UP, keyCode=KEYCODE_DPAD_DOWN, scanCode=0, metaState=0, flags=0x400, repeatCount=0, eventTime=516351226, downTime=516351226, deviceId=-1, source=0x101 }
03-19 07:45:53.748 W/InputEventSender(16909): Failed to send key event on channel 'ClientState{8333a67 uid 10282 pid 16909} (server)'.  status=-11
03-19 07:45:53.748 W/InputMethodManager(16909): Unable to send input event to IME: com.google.android.inputmethod.latin/com.android.inputmethod.latin.LatinIME dropping: KeyEvent { action=ACTION_DOWN, keyCode=KEYCODE_DPAD_DOWN, scanCode=0, metaState=0, flags=0x400, repeatCount=0, eventTime=516351226, downTime=516351226, deviceId=-1, source=0x101 }
03-19 07:45:53.748 W/InputEventSender(16909): Failed to send key event on channel 'ClientState{8333a67 uid 10282 pid 16909} (server)'.  status=-11
03-19 07:45:53.748 W/InputMethodManager(16909): Unable to send input event to IME: com.google.android.inputmethod.latin/com.android.inputmethod.latin.LatinIME dropping: KeyEvent { action=ACTION_UP, keyCode=KEYCODE_DPAD_DOWN, scanCode=0, metaState=0, flags=0x400, repeatCount=0, eventTime=516351226, downTime=516351226, deviceId=-1, source=0x101 }
03-19 07:45:53.748 W/InputEventSender(16909): Failed to send key event on channel 'ClientState{8333a67 uid 10282 pid 16909} (server)'.  status=-11
03-19 07:45:53.748 W/InputMethodManager(16909): Unable to send input event to IME: com.google.android.inputmethod.latin/com.android.inputmethod.latin.LatinIME dropping: KeyEvent { action=ACTION_DOWN, keyCode=KEYCODE_DPAD_DOWN, scanCode=0, metaState=0, flags=0x400, repeatCount=0, eventTime=516351226, downTime=516351226, deviceId=-1, source=0x101 }
03-19 07:45:53.751 W/InputEventSender(16909): Failed to send key event on channel 'ClientState{8333a67 uid 10282 pid 16909} (server)'.  status=-11
03-19 07:45:53.751 W/InputMethodManager(16909): Unable to send input event to IME: com.google.android.inputmethod.latin/com.android.inputmethod.latin.LatinIME dropping: KeyEvent { action=ACTION_UP, keyCode=KEYCODE_DPAD_DOWN, scanCode=0, metaState=0, flags=0x400, repeatCount=0, eventTime=516351226, downTime=516351226, deviceId=-1, source=0x101 }
03-19 07:45:53.751 W/InputEventSender(16909): Failed to send key event on channel 'ClientState{8333a67 uid 10282 pid 16909} (server)'.  status=-11
03-19 07:45:53.751 W/InputMethodManager(16909): Unable to send input event to IME: com.google.android.inputmethod.latin/com.android.inputmethod.latin.LatinIME dropping: KeyEvent { action=ACTION_DOWN, keyCode=KEYCODE_DPAD_DOWN, scanCode=0, metaState=0, flags=0x400, repeatCount=0, eventTime=516351226, downTime=516351226, deviceId=-1, source=0x101 }
03-19 07:45:53.751 W/InputEventSender(16909): Failed to send key event on channel 'ClientState{8333a67 uid 10282 pid 16909} (server)'.  status=-11
03-19 07:45:53.751 W/InputMethodManager(16909): Unable to send input event to IME: com.google.android.inputmethod.latin/com.android.inputmethod.latin.LatinIME dropping: KeyEvent { action=ACTION_UP, keyCode=KEYCODE_DPAD_DOWN, scanCode=0, metaState=0, flags=0x400, repeatCount=0, eventTime=516351226, downTime=516351226, deviceId=-1, source=0x101 }
03-19 07:45:53.751 W/InputEventSender(16909): Failed to send key event on channel 'ClientState{8333a67 uid 10282 pid 16909} (server)'.  status=-11
03-19 07:45:53.751 W/InputMethodManager(16909): Unable to send input event to IME: com.google.android.inputmethod.latin/com.android.inputmethod.latin.LatinIME dropping: KeyEvent { action=ACTION_DOWN, keyCode=KEYCODE_DPAD_DOWN, scanCode=0, metaState=0, flags=0x400, repeatCount=0, eventTime=516351226, downTime=516351226, deviceId=-1, source=0x101 }
03-19 07:45:53.751 W/InputEventSender(16909): Failed to send key event on channel 'ClientState{8333a67 uid 10282 pid 16909} (server)'.  status=-11
