03-20 02:19:31.432 W/GAv4    ( 2519): CampaignTrackingReceiver is not registered, not exported or is disabled. Installation campaign tracking is not possible. See http://goo.gl/8Rd3yj for instructions.
03-20 02:19:31.456 W/FieldDefinition( 2519): Ignoring isIndexed constraint as field also has uniqueness constraint (on just this field, and therefore SQLite will have to create an index on that. For field: com.google.android.apps.docs.database.common.FieldDefinition$a@41571e0
03-20 02:19:31.458 W/CoreComponentFactoryImpl( 2519): RetainedComponent will not be retained if  edv does not inherit FragmentActivity and fulfill kls contract.
03-20 02:19:31.734 I/ActivityManager(17992): Killing 1327:com.ksmobile.launcher:search/u0a283 (adj 15): empty #17
03-20 02:19:31.751 I/TTS     ( 2430): Done initializing en-us-x-sfg-lstm-embedded
03-20 02:19:31.754 D/ConnectivityService(17992): ConnectivityService NetworkRequestInfo binderDied(NetworkRequest [ id=195, legacyType=-1, [ Capabilities: INTERNET&NOT_RESTRICTED&TRUSTED] ], android.os.BinderProxy@b4fe6f7)
03-20 02:19:31.754 D/ConnectivityService(17992): releasing NetworkRequest NetworkRequest [ id=195, legacyType=-1, [ Capabilities: INTERNET&NOT_RESTRICTED&TRUSTED] ]
03-20 02:19:31.755 E/ConnectivityService(17992): RemoteException caught trying to send a callback msg for NetworkRequest [ id=195, legacyType=-1, [ Capabilities: INTERNET&NOT_RESTRICTED&TRUSTED] ]
03-20 02:19:31.755 D/GraphicsStats(17992): Buffer count: 6
03-20 02:19:31.773 D/ActivityManager(17992): cleanUpApplicationRecord -- 1327
03-20 02:19:31.798 I/ActivityManager(17992): Start proc 2562:com.google.android.play.games.ui/u0a65 for broadcast com.google.android.play.games/com.google.android.gms.games.config.PhenotypeBroadcastReceiver
03-20 02:19:32.048 I/PhFlagCommitter PII_LOG( 2562): Committing experiment config for user: 
03-20 02:19:32.090 I/PhFlagCommitter PII_LOG( 2562): Committing experiment config for user: 
03-20 02:19:32.092 I/ActivityManager(17992): Killing 32146:system:ui/1000 (adj 15): empty #17
03-20 02:19:32.123 D/ActivityManager(17992): cleanUpApplicationRecord -- 32146
03-20 02:19:32.199 I/SettingsChangedIntentOp(18675): SettingsChangedIntentOperation.run: Got intent Intent { act=com.google.android.gms.phenotype.COMMITTED flg=0x10 pkg=com.google.android.gms cmp=com.google.android.gms/.chimera.GmsIntentOperationService (has extras) }
03-20 02:19:32.200 I/SettingsChangedIntentOp(18675): SettingsChangedIntentOperation.run Intent extra com.google.android.gms.phenotype.PACKAGE_NAME: com.google.android.gms.nearby
03-20 02:19:32.200 I/SettingsChangedIntentOp(18675): Action: com.google.android.gms.phenotype.COMMITTED
03-20 02:19:32.200 I/SettingsChangedIntentOp(18675): EXTRA_PACKAGE_NAME: com.google.android.gms.nearby
03-20 02:19:32.205 I/PTCommittedOperation(18786): Receive new configuration for com.google.android.gms.nearby
03-20 02:19:32.226 I/PhFlagCommitter PII_LOG( 2562): Successfully committed experiment flags for user: 
03-20 02:19:32.258 I/PhFlagCommitter PII_LOG( 2562): Successfully committed experiment flags for user: 
03-20 02:19:32.261 I/PTCommittedOperation(18786): Receive new configuration for com.google.android.gms.ulr
03-20 02:19:32.307 I/SettingsChangedIntentOp(18675): SettingsChangedIntentOperation.run: Got intent Intent { act=com.google.android.gms.phenotype.COMMITTED flg=0x10 pkg=com.google.android.gms cmp=com.google.android.gms/.chimera.GmsIntentOperationService (has extras) }
03-20 02:19:32.307 I/SettingsChangedIntentOp(18675): SettingsChangedIntentOperation.run Intent extra com.google.android.gms.phenotype.PACKAGE_NAME: com.google.android.gms.ulr
03-20 02:19:32.307 I/SettingsChangedIntentOp(18675): Action: com.google.android.gms.phenotype.COMMITTED
03-20 02:19:32.307 I/SettingsChangedIntentOp(18675): EXTRA_PACKAGE_NAME: com.google.android.gms.ulr
03-20 02:19:32.331 I/SettingsChangedIntentOp(18675): SettingsChangedIntentOperation.run: Got intent Intent { act=com.google.android.gms.phenotype.COMMITTED flg=0x10 pkg=com.google.android.gms cmp=com.google.android.gms/.chimera.GmsIntentOperationService (has extras) }
03-20 02:19:32.331 I/SettingsChangedIntentOp(18675): SettingsChangedIntentOperation.run Intent extra com.google.android.gms.phenotype.PACKAGE_NAME: com.google.android.gms.auth_cryptauth
03-20 02:19:32.331 I/SettingsChangedIntentOp(18675): Action: com.google.android.gms.phenotype.COMMITTED
03-20 02:19:32.331 I/SettingsChangedIntentOp(18675): EXTRA_PACKAGE_NAME: com.google.android.gms.auth_cryptauth
03-20 02:19:32.335 I/GCoreUlr(18786): Starting service, intent=Intent { act=com.google.android.location.reporting.ACTION_UPDATE_WORLD cmp=com.google.android.gms/com.google.android.location.reporting.service.DispatchingService (has extras) }, extras=Bundle[{receiverAction=com.google.gservices.intent.action.GSERVICES_CHANGED}]
03-20 02:19:32.345 I/SettingsChangedIntentOp(18675): SettingsChangedIntentOperation.run: Got intent Intent { act=com.google.android.gms.phenotype.COMMITTED flg=0x10 pkg=com.google.android.gms cmp=com.google.android.gms/.chimera.GmsIntentOperationService (has extras) }
03-20 02:19:32.345 I/SettingsChangedIntentOp(18675): SettingsChangedIntentOperation.run Intent extra com.google.android.gms.phenotype.PACKAGE_NAME: com.google.android.gms.trustlet_onbody
03-20 02:19:32.345 I/SettingsChangedIntentOp(18675): Action: com.google.android.gms.phenotype.COMMITTED
03-20 02:19:32.345 I/SettingsChangedIntentOp(18675): EXTRA_PACKAGE_NAME: com.google.android.gms.trustlet_onbody
03-20 02:19:32.351 I/SettingsChangedIntentOp(18675): SettingsChangedIntentOperation.run: Got intent Intent { act=com.google.android.gms.phenotype.COMMITTED flg=0x10 pkg=com.google.android.gms cmp=com.google.android.gms/.chimera.GmsIntentOperationService (has extras) }
03-20 02:19:32.351 I/SettingsChangedIntentOp(18675): SettingsChangedIntentOperation.run Intent extra com.google.android.gms.phenotype.PACKAGE_NAME: com.google.android.gms.languageprofile
03-20 02:19:32.351 I/SettingsChangedIntentOp(18675): Action: com.google.android.gms.phenotype.COMMITTED
03-20 02:19:32.351 I/SettingsChangedIntentOp(18675): EXTRA_PACKAGE_NAME: com.google.android.gms.languageprofile
03-20 02:19:32.363 I/SettingsChangedIntentOp(18675): SettingsChangedIntentOperation.run: Got intent Intent { act=com.google.android.gms.phenotype.COMMITTED flg=0x10 pkg=com.google.android.gms cmp=com.google.android.gms/.chimera.GmsIntentOperationService (has extras) }
03-20 02:19:32.363 I/SettingsChangedIntentOp(18675): SettingsChangedIntentOperation.run Intent extra com.google.android.gms.phenotype.PACKAGE_NAME: com.google.android.location
03-20 02:19:32.363 I/SettingsChangedIntentOp(18675): Action: com.google.android.gms.phenotype.COMMITTED
03-20 02:19:32.363 I/SettingsChangedIntentOp(18675): EXTRA_PACKAGE_NAME: com.google.android.location
03-20 02:19:32.372 I/SettingsChangedIntentOp(18675): SettingsChangedIntentOperation.run: Got intent Intent { act=com.google.android.gms.phenotype.COMMITTED flg=0x10 pkg=com.google.android.gms cmp=com.google.android.gms/.chimera.GmsIntentOperationService (has extras) }
03-20 02:19:32.372 I/SettingsChangedIntentOp(18675): SettingsChangedIntentOperation.run Intent extra com.google.android.gms.phenotype.PACKAGE_NAME: com.google.android.gms.telephonyspam
03-20 02:19:32.372 I/SettingsChangedIntentOp(18675): Action: com.google.android.gms.phenotype.COMMITTED
03-20 02:19:32.372 I/SettingsChangedIntentOp(18675): EXTRA_PACKAGE_NAME: com.google.android.gms.telephonyspam
03-20 02:19:32.372 I/SettingsChangedIntentOp(18675): telephonyspam phenotype flag changed
03-20 02:19:32.372 I/SpamListSync(18675): schedulePeriodicTask
03-20 02:19:32.375 I/PTCommittedOperation(18786): Receive new configuration for com.google.android.gms.auth_cryptauth
03-20 02:19:32.379 I/PTCommittedOperation(18786): Receive new configuration for com.google.android.gms.trustlet_onbody
03-20 02:19:32.384 I/PTCommittedOperation(18786): Receive new configuration for com.google.android.gms.languageprofile
03-20 02:19:32.385 I/PTCommittedOperation(18786): Receive new configuration for com.google.android.location
03-20 02:19:32.395 I/PTCommittedOperation(18786): Receive new configuration for com.google.android.gms.telephonyspam
03-20 02:19:32.397 I/PTCommittedOperation(18786): Receive new configuration for com.google.android.gms.smartdevice
03-20 02:19:32.398 I/PTCommittedOperation(18786): Receive new configuration for com.google.android.gms.easysignin
03-20 02:19:32.399 I/PTCommittedOperation(18786): Receive new configuration for com.google.android.gms.herrevad
03-20 02:19:32.401 I/PTCommittedOperation(18786): Receive new configuration for com.google.android.gms.mobile_data_plan
03-20 02:19:32.402 I/PTCommittedOperation(18786): Receive new configuration for com.google.android.gms.udc
03-20 02:19:32.403 I/PTCommittedOperation(18786): Receive new configuration for com.google.android.gms.octarine
03-20 02:19:32.405 I/PTCommittedOperation(18786): Receive new configuration for com.google.android.gms.cast
03-20 02:19:32.413 I/PTCommittedOperation(18786): Receive new configuration for com.google.android.gms.clearcut.public
03-20 02:19:32.418 I/PTCommittedOperation(18786): Receive new configuration for com.google.android.gms.wallet
03-20 02:19:32.421 I/PTCommittedOperation(18786): Receive new configuration for com.google.android.gms.instantapps
03-20 02:19:32.422 I/PTCommittedOperation(18786): Receive new configuration for com.google.android.gms.smart_profile
03-20 02:19:32.465 I/PTCommittedOperation(18786): Receive new configuration for com.google.android.gms.walletp2p#config
03-20 02:19:32.482 I/SettingsChangedIntentOp(18675): SettingsChangedIntentOperation.run: Got intent Intent { act=com.google.android.gms.phenotype.COMMITTED flg=0x10 pkg=com.google.android.gms cmp=com.google.android.gms/.chimera.GmsIntentOperationService (has extras) }
03-20 02:19:32.482 I/SettingsChangedIntentOp(18675): SettingsChangedIntentOperation.run Intent extra com.google.android.gms.phenotype.PACKAGE_NAME: com.google.android.gms.smartdevice
03-20 02:19:32.482 I/SettingsChangedIntentOp(18675): Action: com.google.android.gms.phenotype.COMMITTED
03-20 02:19:32.482 I/SettingsChangedIntentOp(18675): EXTRA_PACKAGE_NAME: com.google.android.gms.smartdevice
03-20 02:19:32.502 I/GCoreUlr(18786): WorldUpdater received intent Intent { act=com.google.android.location.reporting.ACTION_UPDATE_WORLD cmp=com.google.android.gms/com.google.android.location.reporting.service.DispatchingService (has extras) } with receiverAction com.google.gservices.intent.action.GSERVICES_CHANGED
03-20 02:19:32.509 I/PTCommittedOperation(18786): Receive new configuration for com.google.android.gms.car_setup
03-20 02:19:32.517 I/PTCommittedOperation(18786): Receive new configuration for com.google.android.gms.reachability
03-20 02:19:32.527 I/art     (18786): Background sticky concurrent mark sweep GC freed 118756(8MB) AllocSpace objects, 7(136KB) LOS objects, 19% free, 33MB/41MB, paused 4.723ms total 109.306ms
03-20 02:19:32.529 I/PTCommittedOperation(18786): Receive new configuration for com.google.android.gms.places
03-20 02:19:32.537 I/PTCommittedOperation(18786): Receive new configuration for com.google.android.gms.netrec
03-20 02:19:32.546 W/ConfigurationChimeraPro(18786): Got null configs for com.google.android.gms.ads -- metadata{ service_id: 51 }
03-20 02:19:32.555 I/SettingsChangedIntentOp(18675): SettingsChangedIntentOperation.run: Got intent Intent { act=com.google.android.gms.phenotype.COMMITTED flg=0x10 pkg=com.google.android.gms cmp=com.google.android.gms/.chimera.GmsIntentOperationService (has extras) }
03-20 02:19:32.555 I/SettingsChangedIntentOp(18675): SettingsChangedIntentOperation.run Intent extra com.google.android.gms.phenotype.PACKAGE_NAME: com.google.android.gms.easysignin
03-20 02:19:32.555 I/SettingsChangedIntentOp(18675): Action: com.google.android.gms.phenotype.COMMITTED
03-20 02:19:32.555 I/SettingsChangedIntentOp(18675): EXTRA_PACKAGE_NAME: com.google.android.gms.easysignin
03-20 02:19:32.564 I/IcingInternalCorpora(18675): Received calendar change notification.
03-20 02:19:32.565 I/SettingsChangedIntentOp(18675): SettingsChangedIntentOperation.run: Got intent Intent { act=com.google.android.gms.phenotype.COMMITTED flg=0x10 pkg=com.google.android.gms cmp=com.google.android.gms/.chimera.GmsIntentOperationService (has extras) }
03-20 02:19:32.565 I/SettingsChangedIntentOp(18675): SettingsChangedIntentOperation.run Intent extra com.google.android.gms.phenotype.PACKAGE_NAME: com.google.android.gms.herrevad
03-20 02:19:32.565 I/SettingsChangedIntentOp(18675): Action: com.google.android.gms.phenotype.COMMITTED
03-20 02:19:32.565 I/SettingsChangedIntentOp(18675): EXTRA_PACKAGE_NAME: com.google.android.gms.herrevad
03-20 02:19:32.595 I/SettingsChangedIntentOp(18675): SettingsChangedIntentOperation.run: Got intent Intent { act=com.google.android.gms.phenotype.COMMITTED flg=0x10 pkg=com.google.android.gms cmp=com.google.android.gms/.chimera.GmsIntentOperationService (has extras) }
03-20 02:19:32.595 I/SettingsChangedIntentOp(18675): SettingsChangedIntentOperation.run Intent extra com.google.android.gms.phenotype.PACKAGE_NAME: com.google.android.gms.mobile_data_plan
03-20 02:19:32.595 I/SettingsChangedIntentOp(18675): Action: com.google.android.gms.phenotype.COMMITTED
03-20 02:19:32.595 I/SettingsChangedIntentOp(18675): EXTRA_PACKAGE_NAME: com.google.android.gms.mobile_data_plan
03-20 02:19:32.600 I/SettingsChangedIntentOp(18675): SettingsChangedIntentOperation.run: Got intent Intent { act=com.google.android.gms.phenotype.COMMITTED flg=0x10 pkg=com.google.android.gms cmp=com.google.android.gms/.chimera.GmsIntentOperationService (has extras) }
03-20 02:19:32.600 I/SettingsChangedIntentOp(18675): SettingsChangedIntentOperation.run Intent extra com.google.android.gms.phenotype.PACKAGE_NAME: com.google.android.gms.udc
03-20 02:19:32.600 I/SettingsChangedIntentOp(18675): Action: com.google.android.gms.phenotype.COMMITTED
03-20 02:19:32.600 I/SettingsChangedIntentOp(18675): EXTRA_PACKAGE_NAME: com.google.android.gms.udc
03-20 02:19:32.605 I/SettingsChangedIntentOp(18675): SettingsChangedIntentOperation.run: Got intent Intent { act=com.google.android.gms.phenotype.COMMITTED flg=0x10 pkg=com.google.android.gms cmp=com.google.android.gms/.chimera.GmsIntentOperationService (has extras) }
03-20 02:19:32.605 I/SettingsChangedIntentOp(18675): SettingsChangedIntentOperation.run Intent extra com.google.android.gms.phenotype.PACKAGE_NAME: com.google.android.gms.octarine
03-20 02:19:32.605 I/SettingsChangedIntentOp(18675): Action: com.google.android.gms.phenotype.COMMITTED
03-20 02:19:32.605 I/SettingsChangedIntentOp(18675): EXTRA_PACKAGE_NAME: com.google.android.gms.octarine
03-20 02:19:32.614 I/SettingsChangedIntentOp(18675): SettingsChangedIntentOperation.run: Got intent Intent { act=com.google.android.gms.phenotype.COMMITTED flg=0x10 pkg=com.google.android.gms cmp=com.google.android.gms/.chimera.GmsIntentOperationService (has extras) }
03-20 02:19:32.614 I/SettingsChangedIntentOp(18675): SettingsChangedIntentOperation.run Intent extra com.google.android.gms.phenotype.PACKAGE_NAME: com.google.android.gms.cast
03-20 02:19:32.614 I/SettingsChangedIntentOp(18675): Action: com.google.android.gms.phenotype.COMMITTED
03-20 02:19:32.614 I/SettingsChangedIntentOp(18675): EXTRA_PACKAGE_NAME: com.google.android.gms.cast
03-20 02:19:32.618 I/SettingsChangedIntentOp(18675): SettingsChangedIntentOperation.run: Got intent Intent { act=com.google.android.gms.phenotype.COMMITTED flg=0x10 pkg=com.google.android.gms cmp=com.google.android.gms/.chimera.GmsIntentOperationService (has extras) }
03-20 02:19:32.619 I/SettingsChangedIntentOp(18675): SettingsChangedIntentOperation.run Intent extra com.google.android.gms.phenotype.PACKAGE_NAME: com.google.android.gms.clearcut.public
03-20 02:19:32.619 I/SettingsChangedIntentOp(18675): Action: com.google.android.gms.phenotype.COMMITTED
03-20 02:19:32.619 I/SettingsChangedIntentOp(18675): EXTRA_PACKAGE_NAME: com.google.android.gms.clearcut.public
03-20 02:19:32.621 I/SettingsChangedIntentOp(18675): SettingsChangedIntentOperation.run: Got intent Intent { act=com.google.android.gms.phenotype.COMMITTED flg=0x10 pkg=com.google.android.gms cmp=com.google.android.gms/.chimera.GmsIntentOperationService (has extras) }
03-20 02:19:32.621 I/SettingsChangedIntentOp(18675): SettingsChangedIntentOperation.run Intent extra com.google.android.gms.phenotype.PACKAGE_NAME: com.google.android.gms.wallet
03-20 02:19:32.621 I/SettingsChangedIntentOp(18675): Action: com.google.android.gms.phenotype.COMMITTED
03-20 02:19:32.621 I/SettingsChangedIntentOp(18675): EXTRA_PACKAGE_NAME: com.google.android.gms.wallet
03-20 02:19:32.642 I/GCoreUlr(18786): WorldUpdater:com.google.gservices.intent.action.GSERVICES_CHANGED: Ensuring that reporting is stopped because of reasons: {account#-15#=[InactiveReason{mIdentifier=6, mName='ReportingNotEnabled'}]}
03-20 02:19:32.645 I/GCoreUlr(18786): Unbound from all location providers
03-20 02:19:32.693 I/GCoreUlr(18786): DispatchingService ignoring Intent { act=android.net.wifi.WIFI_STATE_CHANGED flg=0x44000010 (has extras) } because ULR inactive
03-20 02:19:32.712 I/GCoreUlr(18786): Stopping handler for UlrDispSvcFast
03-20 02:19:32.714 I/SettingsChangedIntentOp(18675): SettingsChangedIntentOperation.run: Got intent Intent { act=com.google.android.gms.phenotype.COMMITTED flg=0x10 pkg=com.google.android.gms cmp=com.google.android.gms/.chimera.GmsIntentOperationService (has extras) }
03-20 02:19:32.714 I/SettingsChangedIntentOp(18675): SettingsChangedIntentOperation.run Intent extra com.google.android.gms.phenotype.PACKAGE_NAME: com.google.android.gms.instantapps
03-20 02:19:32.714 I/SettingsChangedIntentOp(18675): Action: com.google.android.gms.phenotype.COMMITTED
03-20 02:19:32.714 I/SettingsChangedIntentOp(18675): EXTRA_PACKAGE_NAME: com.google.android.gms.instantapps
03-20 02:19:32.718 I/SettingsChangedIntentOp(18675): SettingsChangedIntentOperation.run: Got intent Intent { act=com.google.android.gms.phenotype.COMMITTED flg=0x10 pkg=com.google.android.gms cmp=com.google.android.gms/.chimera.GmsIntentOperationService (has extras) }
03-20 02:19:32.718 I/SettingsChangedIntentOp(18675): SettingsChangedIntentOperation.run Intent extra com.google.android.gms.phenotype.PACKAGE_NAME: com.google.android.gms.smart_profile
03-20 02:19:32.718 I/SettingsChangedIntentOp(18675): Action: com.google.android.gms.phenotype.COMMITTED
03-20 02:19:32.718 I/SettingsChangedIntentOp(18675): EXTRA_PACKAGE_NAME: com.google.android.gms.smart_profile
03-20 02:19:32.719 I/GCoreUlr(18786): Unbound from all location providers
03-20 02:19:32.720 I/PTCommittedOperation(18786): Receive new configuration for com.google.android.gms.matchstick
03-20 02:19:32.725 I/SettingsChangedIntentOp(18675): SettingsChangedIntentOperation.run: Got intent Intent { act=com.google.android.gms.phenotype.COMMITTED flg=0x10 pkg=com.google.android.gms cmp=com.google.android.gms/.chimera.GmsIntentOperationService (has extras) }
03-20 02:19:32.725 I/SettingsChangedIntentOp(18675): SettingsChangedIntentOperation.run Intent extra com.google.android.gms.phenotype.PACKAGE_NAME: com.google.android.gms.walletp2p#config
03-20 02:19:32.725 I/SettingsChangedIntentOp(18675): Action: com.google.android.gms.phenotype.COMMITTED
03-20 02:19:32.725 I/SettingsChangedIntentOp(18675): EXTRA_PACKAGE_NAME: com.google.android.gms.walletp2p#config
03-20 02:19:32.730 I/PTCommittedOperation(18786): Receive new configuration for com.google.android.gms.subscriptions
03-20 02:19:32.737 I/SettingsChangedIntentOp(18675): SettingsChangedIntentOperation.run: Got intent Intent { act=com.google.android.gms.phenotype.COMMITTED flg=0x10 pkg=com.google.android.gms cmp=com.google.android.gms/.chimera.GmsIntentOperationService (has extras) }
03-20 02:19:32.737 I/SettingsChangedIntentOp(18675): SettingsChangedIntentOperation.run Intent extra com.google.android.gms.phenotype.PACKAGE_NAME: com.google.android.gms.car_setup
03-20 02:19:32.737 I/SettingsChangedIntentOp(18675): Action: com.google.android.gms.phenotype.COMMITTED
03-20 02:19:32.737 I/SettingsChangedIntentOp(18675): EXTRA_PACKAGE_NAME: com.google.android.gms.car_setup
03-20 02:19:32.743 I/PTCommittedOperation(18786): Receive new configuration for com.google.android.gms.wearable
03-20 02:19:32.744 I/SettingsChangedIntentOp(18675): SettingsChangedIntentOperation.run: Got intent Intent { act=com.google.android.gms.phenotype.COMMITTED flg=0x10 pkg=com.google.android.gms cmp=com.google.android.gms/.chimera.GmsIntentOperationService (has extras) }
03-20 02:19:32.744 I/SettingsChangedIntentOp(18675): SettingsChangedIntentOperation.run Intent extra com.google.android.gms.phenotype.PACKAGE_NAME: com.google.android.gms.reachability
03-20 02:19:32.744 I/SettingsChangedIntentOp(18675): Action: com.google.android.gms.phenotype.COMMITTED
03-20 02:19:32.744 I/SettingsChangedIntentOp(18675): EXTRA_PACKAGE_NAME: com.google.android.gms.reachability
03-20 02:19:32.748 I/SettingsChangedIntentOp(18675): SettingsChangedIntentOperation.run: Got intent Intent { act=com.google.android.gms.phenotype.COMMITTED flg=0x10 pkg=com.google.android.gms cmp=com.google.android.gms/.chimera.GmsIntentOperationService (has extras) }
03-20 02:19:32.748 I/SettingsChangedIntentOp(18675): SettingsChangedIntentOperation.run Intent extra com.google.android.gms.phenotype.PACKAGE_NAME: com.google.android.gms.places
03-20 02:19:32.748 I/SettingsChangedIntentOp(18675): Action: com.google.android.gms.phenotype.COMMITTED
03-20 02:19:32.748 I/SettingsChangedIntentOp(18675): EXTRA_PACKAGE_NAME: com.google.android.gms.places
03-20 02:19:32.757 I/SettingsChangedIntentOp(18675): SettingsChangedIntentOperation.run: Got intent Intent { act=com.google.android.gms.phenotype.COMMITTED flg=0x10 pkg=com.google.android.gms cmp=com.google.android.gms/.chimera.GmsIntentOperationService (has extras) }
03-20 02:19:32.757 I/SettingsChangedIntentOp(18675): SettingsChangedIntentOperation.run Intent extra com.google.android.gms.phenotype.PACKAGE_NAME: com.google.android.gms.netrec
03-20 02:19:32.757 I/SettingsChangedIntentOp(18675): Action: com.google.android.gms.phenotype.COMMITTED
03-20 02:19:32.757 I/SettingsChangedIntentOp(18675): EXTRA_PACKAGE_NAME: com.google.android.gms.netrec
03-20 02:19:32.760 I/PTCommittedOperation(18786): Receive new configuration for com.google.android.gms.googlehelp
03-20 02:19:32.763 I/SettingsChangedIntentOp(18675): SettingsChangedIntentOperation.run: Got intent Intent { act=com.google.android.gms.phenotype.COMMITTED flg=0x10 pkg=com.google.android.gms cmp=com.google.android.gms/.chimera.GmsIntentOperationService (has extras) }
03-20 02:19:32.763 I/SettingsChangedIntentOp(18675): SettingsChangedIntentOperation.run Intent extra com.google.android.gms.phenotype.PACKAGE_NAME: com.google.android.gms.matchstick
03-20 02:19:32.763 I/SettingsChangedIntentOp(18675): Action: com.google.android.gms.phenotype.COMMITTED
03-20 02:19:32.763 I/SettingsChangedIntentOp(18675): EXTRA_PACKAGE_NAME: com.google.android.gms.matchstick
03-20 02:19:32.771 I/PTCommittedOperation(18786): Receive new configuration for com.google.android.gms.growth
03-20 02:19:32.784 I/PTCommittedOperation(18786): Receive new configuration for com.google.android.gms.feedback
03-20 02:19:32.792 I/SettingsChangedIntentOp(18675): SettingsChangedIntentOperation.run: Got intent Intent { act=com.google.android.gms.phenotype.COMMITTED flg=0x10 pkg=com.google.android.gms cmp=com.google.android.gms/.chimera.GmsIntentOperationService (has extras) }
03-20 02:19:32.792 I/SettingsChangedIntentOp(18675): SettingsChangedIntentOperation.run Intent extra com.google.android.gms.phenotype.PACKAGE_NAME: com.google.android.gms.subscriptions
03-20 02:19:32.792 I/SettingsChangedIntentOp(18675): Action: com.google.android.gms.phenotype.COMMITTED
03-20 02:19:32.792 I/SettingsChangedIntentOp(18675): EXTRA_PACKAGE_NAME: com.google.android.gms.subscriptions
03-20 02:19:32.796 I/SettingsChangedIntentOp(18675): SettingsChangedIntentOperation.run: Got intent Intent { act=com.google.android.gms.phenotype.COMMITTED flg=0x10 pkg=com.google.android.gms cmp=com.google.android.gms/.chimera.GmsIntentOperationService (has extras) }
03-20 02:19:32.796 I/SettingsChangedIntentOp(18675): SettingsChangedIntentOperation.run Intent extra com.google.android.gms.phenotype.PACKAGE_NAME: com.google.android.gms.wearable
03-20 02:19:32.796 I/SettingsChangedIntentOp(18675): Action: com.google.android.gms.phenotype.COMMITTED
03-20 02:19:32.796 I/SettingsChangedIntentOp(18675): EXTRA_PACKAGE_NAME: com.google.android.gms.wearable
03-20 02:19:32.799 I/PTCommittedOperation(18786): Receive new configuration for com.google.android.gms.devicedoctor
03-20 02:19:32.799 I/PTCommittedOperation(18786): Running Fixer Framework for com.google.android.gms.devicedoctor
03-20 02:19:32.802 I/SettingsChangedIntentOp(18675): SettingsChangedIntentOperation.run: Got intent Intent { act=com.google.android.gms.phenotype.COMMITTED flg=0x10 pkg=com.google.android.gms cmp=com.google.android.gms/.chimera.GmsIntentOperationService (has extras) }
03-20 02:19:32.802 I/SettingsChangedIntentOp(18675): SettingsChangedIntentOperation.run Intent extra com.google.android.gms.phenotype.PACKAGE_NAME: com.google.android.gms.googlehelp
03-20 02:19:32.802 I/SettingsChangedIntentOp(18675): Action: com.google.android.gms.phenotype.COMMITTED
03-20 02:19:32.802 I/SettingsChangedIntentOp(18675): EXTRA_PACKAGE_NAME: com.google.android.gms.googlehelp
03-20 02:19:32.813 I/PTCommittedOperation(18786): Receive new configuration for com.google.android.gms.locationsharing.config
03-20 02:19:32.814 I/SettingsChangedIntentOp(18675): SettingsChangedIntentOperation.run: Got intent Intent { act=com.google.android.gms.phenotype.COMMITTED flg=0x10 pkg=com.google.android.gms cmp=com.google.android.gms/.chimera.GmsIntentOperationService (has extras) }
03-20 02:19:32.814 I/SettingsChangedIntentOp(18675): SettingsChangedIntentOperation.run Intent extra com.google.android.gms.phenotype.PACKAGE_NAME: com.google.android.gms.growth
03-20 02:19:32.814 I/SettingsChangedIntentOp(18675): Action: com.google.android.gms.phenotype.COMMITTED
03-20 02:19:32.814 I/SettingsChangedIntentOp(18675): EXTRA_PACKAGE_NAME: com.google.android.gms.growth
03-20 02:19:32.820 I/PhenotypeExpConfig(18923): refreshConfiguration() : Force = false : UpdateAvailable = true : Age = 205 minutes : MaxAge = 720 minutes
03-20 02:19:32.821 I/LatinIme(18923): abortComposing()
03-20 02:19:32.822 I/Delight5Decoder(18923): abortComposing() : input state id = 1486
03-20 02:19:32.822 I/LatinIme(18923): onDeactivate()
03-20 02:19:32.828 I/SettingsChangedIntentOp(18675): SettingsChangedIntentOperation.run: Got intent Intent { act=com.google.android.gms.phenotype.COMMITTED flg=0x10 pkg=com.google.android.gms cmp=com.google.android.gms/.chimera.GmsIntentOperationService (has extras) }
03-20 02:19:32.828 I/SettingsChangedIntentOp(18675): SettingsChangedIntentOperation.run Intent extra com.google.android.gms.phenotype.PACKAGE_NAME: com.google.android.gms.feedback
03-20 02:19:32.828 I/SettingsChangedIntentOp(18675): Action: com.google.android.gms.phenotype.COMMITTED
03-20 02:19:32.828 I/SettingsChangedIntentOp(18675): EXTRA_PACKAGE_NAME: com.google.android.gms.feedback
03-20 02:19:32.829 D/audio_hw_primary(17775): out_set_parameters: enter: usecase(1: low-latency-playback) kvpairs: routing=2
03-20 02:19:32.835 I/PTCommittedOperation(18786): Receive new configuration for com.google.android.gms.icing
03-20 02:19:32.850 I/SettingsChangedIntentOp(18675): SettingsChangedIntentOperation.run: Got intent Intent { act=com.google.android.gms.phenotype.COMMITTED flg=0x10 pkg=com.google.android.gms cmp=com.google.android.gms/.chimera.GmsIntentOperationService (has extras) }
03-20 02:19:32.850 I/SettingsChangedIntentOp(18675): SettingsChangedIntentOperation.run Intent extra com.google.android.gms.phenotype.PACKAGE_NAME: com.google.android.gms.devicedoctor
03-20 02:19:32.850 I/SettingsChangedIntentOp(18675): Action: com.google.android.gms.phenotype.COMMITTED
03-20 02:19:32.850 I/SettingsChangedIntentOp(18675): EXTRA_PACKAGE_NAME: com.google.android.gms.devicedoctor
03-20 02:19:32.857 I/SettingsChangedIntentOp(18675): SettingsChangedIntentOperation.run: Got intent Intent { act=com.google.android.gms.phenotype.COMMITTED flg=0x10 pkg=com.google.android.gms cmp=com.google.android.gms/.chimera.GmsIntentOperationService (has extras) }
03-20 02:19:32.858 I/SettingsChangedIntentOp(18675): SettingsChangedIntentOperation.run Intent extra com.google.android.gms.phenotype.PACKAGE_NAME: com.google.android.gms.locationsharing.config
03-20 02:19:32.858 I/SettingsChangedIntentOp(18675): Action: com.google.android.gms.phenotype.COMMITTED
03-20 02:19:32.858 I/SettingsChangedIntentOp(18675): EXTRA_PACKAGE_NAME: com.google.android.gms.locationsharing.config
03-20 02:19:32.866 D/AudioFlinger(17775): mixer(0xb4140000) throttle end: throttle time(4)
03-20 02:19:32.869 I/PTCommittedOperation(18786): Receive new configuration for com.google.android.gms.auth_managed
03-20 02:19:32.880 I/SettingsChangedIntentOp(18675): SettingsChangedIntentOperation.run: Got intent Intent { act=com.google.android.gms.phenotype.COMMITTED flg=0x10 pkg=com.google.android.gms cmp=com.google.android.gms/.chimera.GmsIntentOperationService (has extras) }
03-20 02:19:32.881 I/SettingsChangedIntentOp(18675): SettingsChangedIntentOperation.run Intent extra com.google.android.gms.phenotype.PACKAGE_NAME: com.google.android.gms.icing
03-20 02:19:32.881 I/SettingsChangedIntentOp(18675): Action: com.google.android.gms.phenotype.COMMITTED
03-20 02:19:32.881 I/SettingsChangedIntentOp(18675): EXTRA_PACKAGE_NAME: com.google.android.gms.icing
03-20 02:19:32.882 I/PTCommittedOperation(18786): Receive new configuration for com.google.android.gms.magictether
03-20 02:19:32.939 I/PTCommittedOperation(18786): Receive new configuration for com.google.android.gms.icing.mdd
03-20 02:19:32.945 I/SettingsChangedIntentOp(18675): SettingsChangedIntentOperation.run: Got intent Intent { act=com.google.android.gms.phenotype.COMMITTED flg=0x10 pkg=com.google.android.gms cmp=com.google.android.gms/.chimera.GmsIntentOperationService (has extras) }
03-20 02:19:32.945 I/SettingsChangedIntentOp(18675): SettingsChangedIntentOperation.run Intent extra com.google.android.gms.phenotype.PACKAGE_NAME: com.google.android.gms.auth_managed
03-20 02:19:32.945 I/SettingsChangedIntentOp(18675): Action: com.google.android.gms.phenotype.COMMITTED
03-20 02:19:32.945 I/SettingsChangedIntentOp(18675): EXTRA_PACKAGE_NAME: com.google.android.gms.auth_managed
03-20 02:19:32.947 W/Binder_8(18974): type=1400 audit(0.0:163130): avc: denied { ioctl } for path="socket:[5651961]" dev="sockfs" ino=5651961 ioctlcmd=7704 scontext=u:r:system_server:s0 tcontext=u:r:system_server:s0 tclass=unix_stream_socket permissive=0
03-20 02:19:32.947 W/Binder_8(18974): type=1400 audit(0.0:163131): avc: denied { ioctl } for path="socket:[5651961]" dev="sockfs" ino=5651961 ioctlcmd=7704 scontext=u:r:system_server:s0 tcontext=u:r:system_server:s0 tclass=unix_stream_socket permissive=0
03-20 02:19:32.951 I/SettingsChangedIntentOp(18675): SettingsChangedIntentOperation.run: Got intent Intent { act=com.google.android.gms.phenotype.COMMITTED flg=0x10 pkg=com.google.android.gms cmp=com.google.android.gms/.chimera.GmsIntentOperationService (has extras) }
03-20 02:19:32.951 I/SettingsChangedIntentOp(18675): SettingsChangedIntentOperation.run Intent extra com.google.android.gms.phenotype.PACKAGE_NAME: com.google.android.gms.magictether
03-20 02:19:32.951 I/SettingsChangedIntentOp(18675): Action: com.google.android.gms.phenotype.COMMITTED
03-20 02:19:32.951 I/SettingsChangedIntentOp(18675): EXTRA_PACKAGE_NAME: com.google.android.gms.magictether
03-20 02:19:32.953 I/GoogleInputMethod(18923): onStartInput() : Dummy InputConnection bound
03-20 02:19:32.967 I/PTCommittedOperation(18786): Receive new configuration for com.google.android.gms
03-20 02:19:32.975 I/SettingsChangedIntentOp(18675): SettingsChangedIntentOperation.run: Got intent Intent { act=com.google.android.gms.phenotype.COMMITTED flg=0x10 pkg=com.google.android.gms cmp=com.google.android.gms/.chimera.GmsIntentOperationService (has extras) }
03-20 02:19:32.975 I/SettingsChangedIntentOp(18675): SettingsChangedIntentOperation.run Intent extra com.google.android.gms.phenotype.PACKAGE_NAME: com.google.android.gms.icing.mdd
03-20 02:19:32.975 I/SettingsChangedIntentOp(18675): Action: com.google.android.gms.phenotype.COMMITTED
03-20 02:19:32.975 I/SettingsChangedIntentOp(18675): EXTRA_PACKAGE_NAME: com.google.android.gms.icing.mdd
03-20 02:19:32.978 I/PTCommittedOperation(18786): Receive new configuration for com.google.android.gms.tron.metrics
03-20 02:19:32.986 I/PTCommittedOperation(18786): Receive new configuration for com.google.android.gms.ipa
03-20 02:19:32.996 I/PTCommittedOperation(18786): Receive new configuration for com.google.android.gms.fonts
03-20 02:19:33.021 I/MagicTether(18786): [HostValidator] InvalidHost. MobileData: true, Tethering: false, whitelist: false, ble: true
03-20 02:19:33.026 I/PTCommittedOperation(18786): Receive new configuration for com.google.android.gms.thunderbird
03-20 02:19:33.034 I/SettingsChangedIntentOp(18675): SettingsChangedIntentOperation.run: Got intent Intent { act=com.google.android.gms.phenotype.COMMITTED flg=0x10 pkg=com.google.android.gms cmp=com.google.android.gms/.chimera.GmsIntentOperationService (has extras) }
03-20 02:19:33.034 I/SettingsChangedIntentOp(18675): SettingsChangedIntentOperation.run Intent extra com.google.android.gms.phenotype.PACKAGE_NAME: com.google.android.gms
03-20 02:19:33.034 I/SettingsChangedIntentOp(18675): Action: com.google.android.gms.phenotype.COMMITTED
03-20 02:19:33.034 I/SettingsChangedIntentOp(18675): EXTRA_PACKAGE_NAME: com.google.android.gms
03-20 02:19:33.042 I/PTCommittedOperation(18786): Receive new configuration for com.google.android.gms.trustlet_place
03-20 02:19:33.055 I/SettingsChangedIntentOp(18675): SettingsChangedIntentOperation.run: Got intent Intent { act=com.google.android.gms.phenotype.COMMITTED flg=0x10 pkg=com.google.android.gms cmp=com.google.android.gms/.chimera.GmsIntentOperationService (has extras) }
03-20 02:19:33.055 I/SettingsChangedIntentOp(18675): SettingsChangedIntentOperation.run Intent extra com.google.android.gms.phenotype.PACKAGE_NAME: com.google.android.gms.tron.metrics
03-20 02:19:33.055 I/SettingsChangedIntentOp(18675): Action: com.google.android.gms.phenotype.COMMITTED
03-20 02:19:33.055 I/SettingsChangedIntentOp(18675): EXTRA_PACKAGE_NAME: com.google.android.gms.tron.metrics
03-20 02:19:33.062 I/SettingsChangedIntentOp(18675): SettingsChangedIntentOperation.run: Got intent Intent { act=com.google.android.gms.phenotype.COMMITTED flg=0x10 pkg=com.google.android.gms cmp=com.google.android.gms/.chimera.GmsIntentOperationService (has extras) }
03-20 02:19:33.062 I/SettingsChangedIntentOp(18675): SettingsChangedIntentOperation.run Intent extra com.google.android.gms.phenotype.PACKAGE_NAME: com.google.android.gms.ipa
03-20 02:19:33.062 I/SettingsChangedIntentOp(18675): Action: com.google.android.gms.phenotype.COMMITTED
03-20 02:19:33.062 I/SettingsChangedIntentOp(18675): EXTRA_PACKAGE_NAME: com.google.android.gms.ipa
03-20 02:19:33.067 I/PTCommittedOperation(18786): Receive new configuration for com.google.android.gms.autofill
03-20 02:19:33.101 I/PTCommittedOperation(18786): Receive new configuration for com.google.android.gms.auth_account
03-20 02:19:33.106 I/art     (17992): Background partial concurrent mark sweep GC freed 35654(2MB) AllocSpace objects, 4(80KB) LOS objects, 30% free, 35MB/51MB, paused 7.880ms total 116.093ms
03-20 02:19:33.111 I/SettingsChangedIntentOp(18675): SettingsChangedIntentOperation.run: Got intent Intent { act=com.google.android.gms.phenotype.COMMITTED flg=0x10 pkg=com.google.android.gms cmp=com.google.android.gms/.chimera.GmsIntentOperationService (has extras) }
03-20 02:19:33.111 I/SettingsChangedIntentOp(18675): SettingsChangedIntentOperation.run Intent extra com.google.android.gms.phenotype.PACKAGE_NAME: com.google.android.gms.fonts
03-20 02:19:33.111 I/SettingsChangedIntentOp(18675): Action: com.google.android.gms.phenotype.COMMITTED
03-20 02:19:33.111 I/SettingsChangedIntentOp(18675): EXTRA_PACKAGE_NAME: com.google.android.gms.fonts
03-20 02:19:33.115 I/SettingsChangedIntentOp(18675): SettingsChangedIntentOperation.run: Got intent Intent { act=com.google.android.gms.phenotype.COMMITTED flg=0x10 pkg=com.google.android.gms cmp=com.google.android.gms/.chimera.GmsIntentOperationService (has extras) }
03-20 02:19:33.115 I/SettingsChangedIntentOp(18675): SettingsChangedIntentOperation.run Intent extra com.google.android.gms.phenotype.PACKAGE_NAME: com.google.android.gms.thunderbird
03-20 02:19:33.116 I/SettingsChangedIntentOp(18675): Action: com.google.android.gms.phenotype.COMMITTED
03-20 02:19:33.116 I/SettingsChangedIntentOp(18675): EXTRA_PACKAGE_NAME: com.google.android.gms.thunderbird
03-20 02:19:33.136 I/PTCommittedOperation(18786): Receive new configuration for com.google.android.gms.accountsettings
03-20 02:19:33.137 I/MagicTether( 2042): [HostValidator] InvalidHost. MobileData: true, Tethering: false, whitelist: false, ble: true
03-20 02:19:33.157 I/SettingsChangedIntentOp(18675): SettingsChangedIntentOperation.run: Got intent Intent { act=com.google.android.gms.phenotype.COMMITTED flg=0x10 pkg=com.google.android.gms cmp=com.google.android.gms/.chimera.GmsIntentOperationService (has extras) }
03-20 02:19:33.157 I/SettingsChangedIntentOp(18675): SettingsChangedIntentOperation.run Intent extra com.google.android.gms.phenotype.PACKAGE_NAME: com.google.android.gms.trustlet_place
03-20 02:19:33.157 I/SettingsChangedIntentOp(18675): Action: com.google.android.gms.phenotype.COMMITTED
03-20 02:19:33.157 I/SettingsChangedIntentOp(18675): EXTRA_PACKAGE_NAME: com.google.android.gms.trustlet_place
03-20 02:19:33.162 I/SettingsChangedIntentOp(18675): SettingsChangedIntentOperation.run: Got intent Intent { act=com.google.android.gms.phenotype.COMMITTED flg=0x10 pkg=com.google.android.gms cmp=com.google.android.gms/.chimera.GmsIntentOperationService (has extras) }
03-20 02:19:33.162 I/SettingsChangedIntentOp(18675): SettingsChangedIntentOperation.run Intent extra com.google.android.gms.phenotype.PACKAGE_NAME: com.google.android.gms.autofill
03-20 02:19:33.162 I/SettingsChangedIntentOp(18675): Action: com.google.android.gms.phenotype.COMMITTED
03-20 02:19:33.162 I/SettingsChangedIntentOp(18675): EXTRA_PACKAGE_NAME: com.google.android.gms.autofill
03-20 02:19:33.167 I/SettingsChangedIntentOp(18675): SettingsChangedIntentOperation.run: Got intent Intent { act=com.google.android.gms.phenotype.COMMITTED flg=0x10 pkg=com.google.android.gms cmp=com.google.android.gms/.chimera.GmsIntentOperationService (has extras) }
03-20 02:19:33.167 I/SettingsChangedIntentOp(18675): SettingsChangedIntentOperation.run Intent extra com.google.android.gms.phenotype.PACKAGE_NAME: com.google.android.gms.auth_account
03-20 02:19:33.167 I/SettingsChangedIntentOp(18675): Action: com.google.android.gms.phenotype.COMMITTED
03-20 02:19:33.167 I/SettingsChangedIntentOp(18675): EXTRA_PACKAGE_NAME: com.google.android.gms.auth_account
03-20 02:19:33.169 I/PTCommittedOperation(18786): Receive new configuration for com.google.android.gms.auth.api.credentials
03-20 02:19:33.174 I/SettingsChangedIntentOp(18675): SettingsChangedIntentOperation.run: Got intent Intent { act=com.google.android.gms.phenotype.COMMITTED flg=0x10 pkg=com.google.android.gms cmp=com.google.android.gms/.chimera.GmsIntentOperationService (has extras) }
03-20 02:19:33.174 I/SettingsChangedIntentOp(18675): SettingsChangedIntentOperation.run Intent extra com.google.android.gms.phenotype.PACKAGE_NAME: com.google.android.gms.accountsettings
03-20 02:19:33.174 I/SettingsChangedIntentOp(18675): Action: com.google.android.gms.phenotype.COMMITTED
03-20 02:19:33.174 I/SettingsChangedIntentOp(18675): EXTRA_PACKAGE_NAME: com.google.android.gms.accountsettings
03-20 02:19:33.179 I/SettingsChangedIntentOp(18675): SettingsChangedIntentOperation.run: Got intent Intent { act=com.google.android.gms.phenotype.COMMITTED flg=0x10 pkg=com.google.android.gms cmp=com.google.android.gms/.chimera.GmsIntentOperationService (has extras) }
03-20 02:19:33.179 I/SettingsChangedIntentOp(18675): SettingsChangedIntentOperation.run Intent extra com.google.android.gms.phenotype.PACKAGE_NAME: com.google.android.gms.auth.api.credentials
03-20 02:19:33.179 I/SettingsChangedIntentOp(18675): Action: com.google.android.gms.phenotype.COMMITTED
03-20 02:19:33.179 I/SettingsChangedIntentOp(18675): EXTRA_PACKAGE_NAME: com.google.android.gms.auth.api.credentials
03-20 02:19:33.187 I/SettingsChangedIntentOp(18675): SettingsChangedIntentOperation.run: Got intent Intent { act=com.google.android.gms.phenotype.COMMITTED flg=0x10 pkg=com.google.android.gms cmp=com.google.android.gms/.chimera.GmsIntentOperationService (has extras) }
03-20 02:19:33.187 I/SettingsChangedIntentOp(18675): SettingsChangedIntentOperation.run Intent extra com.google.android.gms.phenotype.PACKAGE_NAME: com.google.android.gms.auth_api_phone
03-20 02:19:33.187 I/SettingsChangedIntentOp(18675): Action: com.google.android.gms.phenotype.COMMITTED
03-20 02:19:33.187 I/SettingsChangedIntentOp(18675): EXTRA_PACKAGE_NAME: com.google.android.gms.auth_api_phone
03-20 02:19:33.188 I/BgTaskExecutorImpl(23446): Starting EXCLUSIVE background task fetch_configs_from_phenotype.
03-20 02:19:33.189 I/PTCommittedOperation(18786): Receive new configuration for com.google.android.gms.auth_api_phone
03-20 02:19:33.198 I/PTCommittedOperation(18786): Receive new configuration for com.google.android.gms.car
03-20 02:19:33.198 I/SettingsChangedIntentOp(18675): SettingsChangedIntentOperation.run: Got intent Intent { act=com.google.android.gms.phenotype.COMMITTED flg=0x10 pkg=com.google.android.gms cmp=com.google.android.gms/.chimera.GmsIntentOperationService (has extras) }
03-20 02:19:33.198 I/SettingsChangedIntentOp(18675): SettingsChangedIntentOperation.run Intent extra com.google.android.gms.phenotype.PACKAGE_NAME: com.google.android.gms.car
03-20 02:19:33.198 I/SettingsChangedIntentOp(18675): Action: com.google.android.gms.phenotype.COMMITTED
03-20 02:19:33.198 I/SettingsChangedIntentOp(18675): EXTRA_PACKAGE_NAME: com.google.android.gms.car
03-20 02:19:33.203 I/SettingsChangedIntentOp(18675): SettingsChangedIntentOperation.run: Got intent Intent { act=com.google.android.gms.phenotype.COMMITTED flg=0x10 pkg=com.google.android.gms cmp=com.google.android.gms/.chimera.GmsIntentOperationService (has extras) }
03-20 02:19:33.203 I/SettingsChangedIntentOp(18675): SettingsChangedIntentOperation.run Intent extra com.google.android.gms.phenotype.PACKAGE_NAME: com.google.android.gms.audit
03-20 02:19:33.203 I/SettingsChangedIntentOp(18675): Action: com.google.android.gms.phenotype.COMMITTED
03-20 02:19:33.204 I/SettingsChangedIntentOp(18675): EXTRA_PACKAGE_NAME: com.google.android.gms.audit
03-20 02:19:33.204 I/PTCommittedOperation(18786): Receive new configuration for com.google.android.gms.audit
03-20 02:19:33.211 I/SettingsChangedIntentOp(18675): SettingsChangedIntentOperation.run: Got intent Intent { act=com.google.android.gms.phenotype.COMMITTED flg=0x10 pkg=com.google.android.gms cmp=com.google.android.gms/.chimera.GmsIntentOperationService (has extras) }
03-20 02:19:33.211 I/SettingsChangedIntentOp(18675): SettingsChangedIntentOperation.run Intent extra com.google.android.gms.phenotype.PACKAGE_NAME: com.google.android.gms.romanesco
03-20 02:19:33.211 I/SettingsChangedIntentOp(18675): Action: com.google.android.gms.phenotype.COMMITTED
03-20 02:19:33.211 I/SettingsChangedIntentOp(18675): EXTRA_PACKAGE_NAME: com.google.android.gms.romanesco
03-20 02:19:33.220 I/PTCommittedOperation(18786): Receive new configuration for com.google.android.gms.romanesco
03-20 02:19:33.247 I/SettingsChangedIntentOp(18675): SettingsChangedIntentOperation.run: Got intent Intent { act=com.google.android.gms.phenotype.COMMITTED flg=0x10 pkg=com.google.android.gms cmp=com.google.android.gms/.chimera.GmsIntentOperationService (has extras) }
03-20 02:19:33.248 I/SettingsChangedIntentOp(18675): SettingsChangedIntentOperation.run Intent extra com.google.android.gms.phenotype.PACKAGE_NAME: com.google.android.gms.security
03-20 02:19:33.257 I/PTCommittedOperation(18786): Receive new configuration for com.google.android.gms.security
03-20 02:19:33.258 I/SettingsChangedIntentOp(18675): Action: com.google.android.gms.phenotype.COMMITTED
03-20 02:19:33.259 I/SettingsChangedIntentOp(18675): EXTRA_PACKAGE_NAME: com.google.android.gms.security
03-20 02:19:33.271 I/SettingsChangedIntentOp(18675): SettingsChangedIntentOperation.run: Got intent Intent { act=com.google.android.gms.phenotype.COMMITTED flg=0x10 pkg=com.google.android.gms cmp=com.google.android.gms/.chimera.GmsIntentOperationService (has extras) }
03-20 02:19:33.271 I/SettingsChangedIntentOp(18675): SettingsChangedIntentOperation.run Intent extra com.google.android.gms.phenotype.PACKAGE_NAME: com.google.android.gms.ocr
03-20 02:19:33.271 I/SettingsChangedIntentOp(18675): Action: com.google.android.gms.phenotype.COMMITTED
03-20 02:19:33.271 I/SettingsChangedIntentOp(18675): EXTRA_PACKAGE_NAME: com.google.android.gms.ocr
03-20 02:19:33.271 I/PTCommittedOperation(18786): Receive new configuration for com.google.android.gms.ocr
03-20 02:19:33.278 I/PTCommittedOperation(18786): Receive new configuration for com.google.android.gms.beacon
03-20 02:19:33.288 I/PTCommittedOperation(18786): Receive new configuration for alt.com.google.android.gms.devicedoctor
03-20 02:19:33.296 I/PTCommittedOperation(18786): Receive new configuration for com.google.android.gms.people.ui
03-20 02:19:33.301 I/PTCommittedOperation(18786): Receive new configuration for com.google.android.gms.tapandpay
03-20 02:19:33.320 W/art     (18675): Suspending all threads took: 7.979ms
03-20 02:19:33.325 I/Authzen (18675): [PermitStore] Getting all permits...
03-20 02:19:33.350 I/art     (18675): Background sticky concurrent mark sweep GC freed 100381(4MB) AllocSpace objects, 25(1184KB) LOS objects, 15% free, 36MB/42MB, paused 12.850ms total 103.172ms
03-20 02:19:33.363 I/OcrModelUpStIntentOp(18675): Updating ocr activity enabled=true (phenotypeFlag=true, lowRamDevice=false, prereqCheck=true)
03-20 02:19:33.371 I/PTCommittedOperation(18786): Receive new configuration for com.google.android.gms.auth_authzen
03-20 02:19:33.386 I/PTCommittedOperation(18786): Receive new configuration for com.google.android.gms.contextmanager
03-20 02:19:33.390 I/PTCommittedOperation(18786): Receive new configuration for com.google.android.gms.measurement
03-20 02:19:33.462 I/OcrModelUpStIntentOp(18675): Downloading text recognizer
03-20 02:19:33.465 I/SettingsChangedIntentOp(18675): SettingsChangedIntentOperation.run: Got intent Intent { act=com.google.android.gms.phenotype.COMMITTED flg=0x10 pkg=com.google.android.gms cmp=com.google.android.gms/.chimera.GmsIntentOperationService (has extras) }
03-20 02:19:33.465 I/SettingsChangedIntentOp(18675): SettingsChangedIntentOperation.run Intent extra com.google.android.gms.phenotype.PACKAGE_NAME: com.google.android.gms.beacon
03-20 02:19:33.465 I/SettingsChangedIntentOp(18675): Action: com.google.android.gms.phenotype.COMMITTED
03-20 02:19:33.465 I/SettingsChangedIntentOp(18675): EXTRA_PACKAGE_NAME: com.google.android.gms.beacon
03-20 02:19:33.469 I/SettingsChangedIntentOp(18675): SettingsChangedIntentOperation.run: Got intent Intent { act=com.google.android.gms.phenotype.COMMITTED flg=0x10 pkg=com.google.android.gms cmp=com.google.android.gms/.chimera.GmsIntentOperationService (has extras) }
03-20 02:19:33.469 I/SettingsChangedIntentOp(18675): SettingsChangedIntentOperation.run Intent extra com.google.android.gms.phenotype.PACKAGE_NAME: alt.com.google.android.gms.devicedoctor
03-20 02:19:33.469 I/SettingsChangedIntentOp(18675): Action: com.google.android.gms.phenotype.COMMITTED
03-20 02:19:33.469 I/SettingsChangedIntentOp(18675): EXTRA_PACKAGE_NAME: alt.com.google.android.gms.devicedoctor
03-20 02:19:33.473 I/SettingsChangedIntentOp(18675): SettingsChangedIntentOperation.run: Got intent Intent { act=com.google.android.gms.phenotype.COMMITTED flg=0x10 pkg=com.google.android.gms cmp=com.google.android.gms/.chimera.GmsIntentOperationService (has extras) }
03-20 02:19:33.474 I/SettingsChangedIntentOp(18675): SettingsChangedIntentOperation.run Intent extra com.google.android.gms.phenotype.PACKAGE_NAME: com.google.android.gms.people.ui
03-20 02:19:33.474 I/SettingsChangedIntentOp(18675): Action: com.google.android.gms.phenotype.COMMITTED
03-20 02:19:33.474 I/SettingsChangedIntentOp(18675): EXTRA_PACKAGE_NAME: com.google.android.gms.people.ui
03-20 02:19:33.481 I/SettingsChangedIntentOp(18675): SettingsChangedIntentOperation.run: Got intent Intent { act=com.google.android.gms.phenotype.COMMITTED flg=0x10 pkg=com.google.android.gms cmp=com.google.android.gms/.chimera.GmsIntentOperationService (has extras) }
03-20 02:19:33.481 I/SettingsChangedIntentOp(18675): SettingsChangedIntentOperation.run Intent extra com.google.android.gms.phenotype.PACKAGE_NAME: com.google.android.gms.tapandpay
03-20 02:19:33.481 I/SettingsChangedIntentOp(18675): Action: com.google.android.gms.phenotype.COMMITTED
03-20 02:19:33.481 I/SettingsChangedIntentOp(18675): EXTRA_PACKAGE_NAME: com.google.android.gms.tapandpay
03-20 02:19:33.489 I/SettingsChangedIntentOp(18675): SettingsChangedIntentOperation.run: Got intent Intent { act=com.google.android.gms.phenotype.COMMITTED flg=0x10 pkg=com.google.android.gms cmp=com.google.android.gms/.chimera.GmsIntentOperationService (has extras) }
