--------- beginning of main
03-20 02:19:06.604 D/audio_hw_primary(17775): disable_snd_device: snd_device(2: speaker)
03-20 02:19:08.672 D/AndroidRuntime( 1886): >>>>>> START com.android.internal.os.RuntimeInit uid 2000 <<<<<<
03-20 02:19:08.678 D/AndroidRuntime( 1886): CheckJNI is OFF
03-20 02:19:08.716 D/ICU     ( 1886): No timezone override file found: /data/misc/zoneinfo/current/icu/icu_tzdata.dat
03-20 02:19:08.760 E/dex2oat ( 1909): Failed to create oat file: /data/dalvik-cache/arm/sdcard@monkey.jar@classes.dex: Permission denied
03-20 02:19:08.760 I/dex2oat ( 1909): dex2oat took 924.166us (threads: 4) 
03-20 02:19:08.764 W/art     ( 1886): Failed execv(/system/bin/dex2oat --runtime-arg -classpath --runtime-arg /sdcard/monkey.jar:/sdcard/framework.jar --instruction-set=arm --instruction-set-features=smp,div,atomic_ldrd_strd --runtime-arg -Xrelocate --boot-image=/system/framework/boot.art --runtime-arg -Xms64m --runtime-arg -Xmx512m --instruction-set-variant=krait --instruction-set-features=default --dex-file=/sdcard/monkey.jar --oat-file=/data/dalvik-cache/arm/sdcard@monkey.jar@classes.dex) because non-0 exit status
03-20 02:19:08.816 E/dex2oat ( 1911): Failed to create oat file: /data/dalvik-cache/arm/sdcard@framework.jar@classes.dex: Permission denied
03-20 02:19:08.816 I/dex2oat ( 1911): dex2oat took 757.865us (threads: 4) 
03-20 02:19:08.819 W/art     ( 1886): Failed execv(/system/bin/dex2oat --runtime-arg -classpath --runtime-arg /sdcard/monkey.jar:/sdcard/framework.jar --instruction-set=arm --instruction-set-features=smp,div,atomic_ldrd_strd --runtime-arg -Xrelocate --boot-image=/system/framework/boot.art --runtime-arg -Xms64m --runtime-arg -Xmx512m --instruction-set-variant=krait --instruction-set-features=default --dex-file=/sdcard/framework.jar --oat-file=/data/dalvik-cache/arm/sdcard@framework.jar@classes.dex) because non-0 exit status
03-20 02:19:08.917 I/Radio-JNI( 1886): register_android_hardware_Radio DONE
03-20 02:19:08.938 D/AndroidRuntime( 1886): Calling main entry tv.panda.test.monkey.Monkey
03-20 02:19:09.043 E/System  ( 1886): Unable to open zip file: /sdcard/framework.jar
03-20 02:19:09.044 E/System  ( 1886): java.util.zip.ZipException: Not a zip archive
03-20 02:19:09.044 E/System  ( 1886): 	at java.util.zip.ZipFile.readCentralDir(ZipFile.java:397)
03-20 02:19:09.044 E/System  ( 1886): 	at java.util.zip.ZipFile.<init>(ZipFile.java:175)
03-20 02:19:09.044 E/System  ( 1886): 	at java.util.zip.ZipFile.<init>(ZipFile.java:131)
03-20 02:19:09.044 E/System  ( 1886): 	at dalvik.system.DexPathList$Element.maybeInit(DexPathList.java:452)
03-20 02:19:09.044 E/System  ( 1886): 	at dalvik.system.DexPathList$Element.findResource(DexPathList.java:499)
03-20 02:19:09.044 E/System  ( 1886): 	at dalvik.system.DexPathList.findResources(DexPathList.java:378)
03-20 02:19:09.044 E/System  ( 1886): 	at dalvik.system.BaseDexClassLoader.findResources(BaseDexClassLoader.java:72)
03-20 02:19:09.044 E/System  ( 1886): 	at java.lang.ClassLoader.getResources(ClassLoader.java:425)
03-20 02:19:09.044 E/System  ( 1886): 	at javax.xml.xpath.XPathFactoryFinder.createServiceFileIterator(XPathFactoryFinder.java:332)
03-20 02:19:09.044 E/System  ( 1886): 	at javax.xml.xpath.XPathFactoryFinder._newFactory(XPathFactoryFinder.java:200)
03-20 02:19:09.044 E/System  ( 1886): 	at javax.xml.xpath.XPathFactoryFinder.newFactory(XPathFactoryFinder.java:147)
03-20 02:19:09.044 E/System  ( 1886): 	at javax.xml.xpath.XPathFactory.newInstance(XPathFactory.java:148)
03-20 02:19:09.044 E/System  ( 1886): 	at javax.xml.xpath.XPathFactory.newInstance(XPathFactory.java:69)
03-20 02:19:09.044 E/System  ( 1886): 	at tv.panda.test.monkey.ape.model.XPathBuilder.<init>(XPathBuilder.kt:8)
03-20 02:19:09.044 E/System  ( 1886): 	at tv.panda.test.monkey.ape.model.XPathBuilder.<clinit>(XPathBuilder.kt:7)
03-20 02:19:09.044 E/System  ( 1886): 	at tv.panda.test.monkey.ape.model.BlackWidgetReader.build(BlackWidgetReader.kt:21)
03-20 02:19:09.044 E/System  ( 1886): 	at tv.panda.test.monkey.ape.model.BlackWidgetReader.read(BlackWidgetReader.kt:65)
03-20 02:19:09.044 E/System  ( 1886): 	at tv.panda.test.monkey.ape.model.BlackWidgetController.<clinit>(BlackWidgetController.kt:30)
03-20 02:19:09.044 E/System  ( 1886): 	at tv.panda.test.monkey.Monkey.<init>(Monkey.kt:100)
03-20 02:19:09.044 E/System  ( 1886): 	at tv.panda.test.monkey.Monkey$Companion.main(Monkey.kt:1164)
03-20 02:19:09.044 E/System  ( 1886): 	at tv.panda.test.monkey.Monkey.main(Monkey.kt)
03-20 02:19:09.044 E/System  ( 1886): 	at com.android.internal.os.RuntimeInit.nativeFinishInit(Native Method)
03-20 02:19:09.044 E/System  ( 1886): 	at com.android.internal.os.RuntimeInit.main(RuntimeInit.java:251)
--------- beginning of system
03-20 02:19:10.375 W/BroadcastQueue(17992): Skipping deliver [background] BroadcastRecord{8b227a5 u-1 android.net.conn.CONNECTIVITY_CHANGE} to ReceiverList{a8d577a 1886 (unknown name)/2000/u-1 remote:1e43d0f}: process crashing
03-20 02:19:11.373 W/AppsFlyer_4.7.4(31235): killing non-finished tasks
03-20 02:19:12.512 I/ActivityManager(17992): START u0 {act=android.intent.action.MAIN cat=[android.intent.category.LAUNCHER] flg=0x10200000 cmp=com.ksmobile.launcher/.SplashActivity} from uid 2000 on display 0
03-20 02:19:15.991 D/ConnectivityService(17992): updateNetworkScore for NetworkAgentInfo [WIFI () - 101] to 56
03-20 02:19:17.311 W/KInfoc  (31235): The data section count is not equal! table:launcher_search_begin, count in format:4, count in data:5.
03-20 02:19:17.358 W/KInfoc  (31235): The data section count is not equal! table:launcher_adSDK_LoadAD, count in format:1, count in data:3.
03-20 02:19:18.388 W/KInfoc  (31235): The data section count is not equal! table:launcher_search_voice, count in format:1, count in data:3.
03-20 02:19:18.472 D/KInfocBatchReporter(31235):  [ BATCH REPORT ]
03-20 02:19:18.472 D/KInfocBatchReporter(31235): com.ksmobile.infoc.c.d@72b45bc
03-20 02:19:18.541 V/default_launcher(31235): checking defaut launcher....
03-20 02:19:19.993 E/InfocLog(31235): https upload infoc data [common]
03-20 02:19:19.993 E/InfocLog(31235): result=1
03-20 02:19:19.993 E/InfocLog(31235): time=1521526762¿Ä
03-20 02:19:20.019 D/KInfocBatchReporter(31235):     * SUCCESS
03-20 02:19:20.025 D/KInfocBatchReporter(31235):  * REPORT SUCCESS : DC+H=31 DC=30 SIZE=501
03-20 02:19:22.079 D/ConnectivityService(17992): updateNetworkScore for NetworkAgentInfo [WIFI () - 101] to 60
03-20 02:19:22.128 D/RongLog (31926): [ WakeLockUtils ] startNextHeartbeat com.cmcm.live
03-20 02:19:22.132 W/KInfoc  (31235): The data section count is not equal! table:launcher_adSDK_ReturnAD, count in format:2, count in data:4.
03-20 02:19:22.133 W/KInfoc  (31235): The data section count is not equal! table:launcher_search_ad, count in format:2, count in data:4.
03-20 02:19:22.135 W/KInfoc  (31235): The data section count is not equal! table:launcher_search_value, count in format:8, count in data:9.
03-20 02:19:22.138 W/KInfoc  (31235): The data section count is not equal! table:launcher_search_trending, count in format:6, count in data:8.
03-20 02:19:22.140 W/KInfoc  (31235): The data section count is not equal! table:launcher_search_webview, count in format:4, count in data:5.
03-20 02:19:22.143 W/KInfoc  (31235): The data section count is not equal! table:launcher_search_webview, count in format:4, count in data:5.
03-20 02:19:22.145 W/KInfoc  (31235): The data section count is not equal! table:launcher_search_time5, count in format:1, count in data:3.
03-20 02:19:22.313 W/KInfoc  (31235): The data section count is not equal! table:launcher_search_trending, count in format:6, count in data:8.
03-20 02:19:22.327 W/KInfoc  (31235): The data section count is not equal! table:launcher_search_value, count in format:8, count in data:9.
03-20 02:19:22.394 W/KInfoc  (31235): The data section count is not equal! table:launcher_search_webview, count in format:4, count in data:5.
03-20 02:19:22.677 W/ConfigurationChimeraPro(18786): Got null configs for com.google.android.gms.common_auth -- metadata{ service_id: 51 }
03-20 02:19:22.679 I/Auth    (18786): [ReflectiveChannelBinder] Successfully bound channel!
03-20 02:19:22.744 W/Conscrypt(18786): Could not set socket write timeout: java.lang.reflect.InvocationTargetException
03-20 02:19:22.778 W/Conscrypt(18786): 	at java.lang.reflect.Method.invoke(Native Method)
03-20 02:19:22.778 W/Conscrypt(18786): 	at com.google.android.gms.org.conscrypt.Platform.setSocketWriteTimeout(com.google.android.gms@12221438@12.2.21 (438-188803320):13)
03-20 02:19:22.778 W/Conscrypt(18786): Caused by: android.system.ErrnoException: setsockopt failed: EBADF (Bad file descriptor)
03-20 02:19:22.778 W/Conscrypt(18786): 	at libcore.io.Posix.setsockoptTimeval(Native Method)
03-20 02:19:22.778 W/Conscrypt(18786): 	at libcore.io.ForwardingOs.setsockoptTimeval(ForwardingOs.java:156)
03-20 02:19:22.977 W/Conscrypt(18786): Could not set socket write timeout: java.lang.reflect.InvocationTargetException
03-20 02:19:22.977 W/Conscrypt(18786): 	at java.lang.reflect.Method.invoke(Native Method)
03-20 02:19:22.977 W/Conscrypt(18786): 	at com.google.android.gms.org.conscrypt.Platform.setSocketWriteTimeout(com.google.android.gms@12221438@12.2.21 (438-188803320):13)
03-20 02:19:22.977 W/Conscrypt(18786): Caused by: android.system.ErrnoException: setsockopt failed: EBADF (Bad file descriptor)
03-20 02:19:22.978 W/Conscrypt(18786): 	at libcore.io.Posix.setsockoptTimeval(Native Method)
03-20 02:19:22.978 W/Conscrypt(18786): 	at libcore.io.ForwardingOs.setsockoptTimeval(ForwardingOs.java:156)
03-20 02:19:23.222 W/Conscrypt(18786): Could not set socket write timeout: java.lang.reflect.InvocationTargetException
03-20 02:19:23.222 W/Conscrypt(18786): 	at java.lang.reflect.Method.invoke(Native Method)
03-20 02:19:23.222 W/Conscrypt(18786): 	at com.google.android.gms.org.conscrypt.Platform.setSocketWriteTimeout(com.google.android.gms@12221438@12.2.21 (438-188803320):13)
03-20 02:19:23.222 W/Conscrypt(18786): Caused by: android.system.ErrnoException: setsockopt failed: EBADF (Bad file descriptor)
03-20 02:19:23.223 W/Conscrypt(18786): 	at libcore.io.Posix.setsockoptTimeval(Native Method)
03-20 02:19:23.223 W/Conscrypt(18786): 	at libcore.io.ForwardingOs.setsockoptTimeval(ForwardingOs.java:156)
03-20 02:19:23.378 W/Conscrypt(18786): Could not set socket write timeout: java.lang.reflect.InvocationTargetException
03-20 02:19:23.382 W/Conscrypt(18786): 	at java.lang.reflect.Method.invoke(Native Method)
03-20 02:19:23.384 W/Conscrypt(18786): 	at com.google.android.gms.org.conscrypt.Platform.setSocketWriteTimeout(com.google.android.gms@12221438@12.2.21 (438-188803320):13)
03-20 02:19:23.385 W/Conscrypt(18786): Caused by: android.system.ErrnoException: setsockopt failed: EBADF (Bad file descriptor)
03-20 02:19:23.392 W/Conscrypt(18786): 	at libcore.io.Posix.setsockoptTimeval(Native Method)
03-20 02:19:23.392 W/Conscrypt(18786): 	at libcore.io.ForwardingOs.setsockoptTimeval(ForwardingOs.java:156)
03-20 02:19:23.751 W/KInfoc  (31235): The data section count is not equal! table:launcher_search_webview, count in format:4, count in data:5.
03-20 02:19:23.756 W/KInfoc  (31235): The data section count is not equal! table:launcher_search_time5, count in format:1, count in data:3.
03-20 02:19:23.945 I/ActivityManager(17992): START u0 {cmp=com.ksmobile.launcher/.weather.WeatherDetailedActivity (has extras)} from uid 10283 on display 0
03-20 02:19:23.946 D/audio_hw_primary(17775): out_set_parameters: enter: usecase(1: low-latency-playback) kvpairs: routing=2
03-20 02:19:23.954 E/START_LAUNCHER(31235): Launcher onPause = 1521526763954  Ë∑ùÁ¶ªonResumeÁöÑÊó∂Èó¥‰∏∫ Ôºö 20458
03-20 02:19:23.957 D/audio_hw_primary(17775): select_devices: out_snd_device(2: speaker) in_snd_device(0: none)
03-20 02:19:23.957 D/msm8974_platform(17775): platform_send_audio_calibration: sending audio calibration for snd_device(2) acdb_id(15)
03-20 02:19:23.957 D/audio_hw_primary(17775): enable_snd_device: snd_device(2: speaker)
03-20 02:19:23.964 D/audio_hw_primary(17775): enable_audio_route: apply and update mixer path: low-latency-playback
03-20 02:19:24.007 W/Binder_C(19117): type=1400 audit(0.0:163114): avc: denied { ioctl } for path="socket:[5663067]" dev="sockfs" ino=5663067 ioctlcmd=7704 scontext=u:r:system_server:s0 tcontext=u:r:system_server:s0 tclass=unix_stream_socket permissive=0
03-20 02:19:24.007 W/Binder_C(19117): type=1400 audit(0.0:163115): avc: denied { ioctl } for path="socket:[5663067]" dev="sockfs" ino=5663067 ioctlcmd=7704 scontext=u:r:system_server:s0 tcontext=u:r:system_server:s0 tclass=unix_stream_socket permissive=0
03-20 02:19:24.007 W/Binder_4(18376): type=1400 audit(0.0:163116): avc: denied { ioctl } for path="socket:[5663069]" dev="sockfs" ino=5663069 ioctlcmd=7704 scontext=u:r:system_server:s0 tcontext=u:r:system_server:s0 tclass=unix_stream_socket permissive=0
03-20 02:19:24.007 W/Binder_4(18376): type=1400 audit(0.0:163117): avc: denied { ioctl } for path="socket:[5663069]" dev="sockfs" ino=5663069 ioctlcmd=7704 scontext=u:r:system_server:s0 tcontext=u:r:system_server:s0 tclass=unix_stream_socket permissive=0
03-20 02:19:24.094 E/ActivityThread(31235): Failed to find provider info for com.facebook.katana.provider.AttributionIdProvider
03-20 02:19:24.095 D/DynamitePackage(31235): Instantiating com.google.android.gms.ads.ChimeraAdLoaderBuilderCreatorImpl
03-20 02:19:24.143 W/ResourceType(31235): Failure getting entry for 0x7f09066f (t=8 e=1647) (error -75)
03-20 02:19:24.144 W/System.err(31235): android.content.res.Resources$NotFoundException: String resource ID #0x7f09066f
03-20 02:19:24.144 W/System.err(31235): 	at android.content.res.Resources.getText(Resources.java:312)
03-20 02:19:24.144 W/System.err(31235): 	at android.content.res.Resources.getString(Resources.java:400)
03-20 02:19:24.144 W/System.err(31235): 	at com.ksmobile.launcher.weather.controller.TodayWeatherController.h(TodayWeatherController.java:93)
03-20 02:19:24.144 W/System.err(31235): 	at com.ksmobile.launcher.weather.controller.TodayWeatherController.<init>(TodayWeatherController.java:87)
03-20 02:19:24.144 W/System.err(31235): 	at com.ksmobile.launcher.weather.controller.d.k(WeatherControllerManager.java:62)
03-20 02:19:24.144 W/System.err(31235): 	at com.ksmobile.launcher.weather.controller.d.<init>(WeatherControllerManager.java:56)
03-20 02:19:24.144 W/System.err(31235): 	at com.ksmobile.launcher.weather.WeatherDetailedActivity.onCreate(WeatherDetailedActivity.java:33)
03-20 02:19:24.144 W/System.err(31235): 	at android.app.Activity.performCreate(Activity.java:6251)
03-20 02:19:24.144 W/System.err(31235): 	at android.app.Instrumentation.callActivityOnCreate(Instrumentation.java:1107)
03-20 02:19:24.144 W/System.err(31235): 	at android.app.ActivityThread.performLaunchActivity(ActivityThread.java:2369)
03-20 02:19:24.144 W/System.err(31235): 	at android.app.ActivityThread.handleLaunchActivity(ActivityThread.java:2476)
03-20 02:19:24.144 W/System.err(31235): 	at android.app.ActivityThread.-wrap11(ActivityThread.java)
03-20 02:19:24.144 W/System.err(31235): 	at android.app.ActivityThread$H.handleMessage(ActivityThread.java:1344)
03-20 02:19:24.144 W/System.err(31235): 	at android.os.Handler.dispatchMessage(Handler.java:102)
03-20 02:19:24.145 W/System.err(31235): 	at android.os.Looper.loop(Looper.java:148)
03-20 02:19:24.145 W/System.err(31235): 	at android.app.ActivityThread.main(ActivityThread.java:5417)
03-20 02:19:24.145 W/System.err(31235): 	at java.lang.reflect.Method.invoke(Native Method)
03-20 02:19:24.145 W/System.err(31235): 	at com.android.internal.os.ZygoteInit$MethodAndArgsCaller.run(ZygoteInit.java:726)
03-20 02:19:24.145 W/System.err(31235): 	at com.android.internal.os.ZygoteInit.main(ZygoteInit.java:616)
03-20 02:19:24.147 W/Binder_B(19003): type=1400 audit(0.0:163118): avc: denied { ioctl } for path="socket:[5663772]" dev="sockfs" ino=5663772 ioctlcmd=7704 scontext=u:r:system_server:s0 tcontext=u:r:system_server:s0 tclass=unix_stream_socket permissive=0
03-20 02:19:24.147 W/Binder_B(19003): type=1400 audit(0.0:163119): avc: denied { ioctl } for path="socket:[5663772]" dev="sockfs" ino=5663772 ioctlcmd=7704 scontext=u:r:system_server:s0 tcontext=u:r:system_server:s0 tclass=unix_stream_socket permissive=0
03-20 02:19:24.212 E/RecyclerView(31235): No adapter attached; skipping layout
03-20 02:19:24.218 I/Ads     (31235): Starting ad request.
03-20 02:19:24.219 I/Ads     (31235): Use AdRequest.Builder.addTestDevice("80CB0F9622AA0F3FEACB782AEFCCBA6C") to get test ads on this device.
03-20 02:19:24.219 I/Ads     (31235): Webview loading for native ads.
03-20 02:19:24.280 D/IS_UNITY(31235): false
03-20 02:19:24.342 W/CursorWrapperInner(31235): Cursor finalized without prior close()
03-20 02:19:24.345 W/CursorWrapperInner(31235): Cursor finalized without prior close()
03-20 02:19:24.422 I/ActivityManager(17992): Start proc 2042:com.google.android.gms.ui/u0a10 for service com.google.android.gms/.chimera.UiIntentOperationService
03-20 02:19:24.533 I/ActivityManager(17992): Start proc 2064:com.google.android.apps.gcs/u0a9 for broadcast com.google.android.apps.gcs/com.google.android.flib.phenotype.receivers.PhenotypeExperimentsChangedReceiver
03-20 02:19:24.527 W/Binder_10(20640): type=1400 audit(0.0:163120): avc: denied { ioctl } for path="socket:[5651961]" dev="sockfs" ino=5651961 ioctlcmd=7704 scontext=u:r:system_server:s0 tcontext=u:r:system_server:s0 tclass=unix_stream_socket permissive=0
03-20 02:19:24.536 I/ActivityManager(17992): Displayed com.ksmobile.launcher/.weather.WeatherDetailedActivity: +581ms
03-20 02:19:24.536 I/GoogleInputMethod(18923): onFinishInput() : Dummy InputConnection bound
03-20 02:19:24.536 I/GoogleInputMethod(18923): onStartInput() : Dummy InputConnection bound
03-20 02:19:24.537 E/point_info(31235): onSingleTapConfirmed
03-20 02:19:24.527 W/Binder_10(20640): type=1400 audit(0.0:163121): avc: denied { ioctl } for path="socket:[5651961]" dev="sockfs" ino=5651961 ioctlcmd=7704 scontext=u:r:system_server:s0 tcontext=u:r:system_server:s0 tclass=unix_stream_socket permissive=0
03-20 02:19:24.553 I/LoadedApk( 2042): No resource references to update in package FFFFFFFFFFFFFFFFFFFFFF
03-20 02:19:24.672 I/Ads     (31235): Javascript has loaded for native ads.
03-20 02:19:24.725 W/System  ( 2064): ClassLoader referenced unknown path: /data/app/com.google.android.apps.gcs-1/lib/arm
03-20 02:19:24.771 D/DynamitePackage(31235): Instantiating com.google.android.gms.ads.ChimeraAdLoaderBuilderCreatorImpl
03-20 02:19:24.782 I/Ads     (31235): Starting ad request.
03-20 02:19:24.783 I/Ads     (31235): Use AdRequest.Builder.addTestDevice("80CB0F9622AA0F3FEACB782AEFCCBA6C") to get test ads on this device.
03-20 02:19:24.783 I/Ads     (31235): Webview loading for native ads.
03-20 02:19:24.797 W/linker  ( 2042): /data/app/com.google.android.gms-2/lib/arm/libconscrypt_gmscore_jni.so: unused DT entry: type 0xf arg 0x1dc
03-20 02:19:24.809 V/NativeCrypto( 2042): Registering com/google/android/gms/org/conscrypt/NativeCrypto's 279 native methods...
03-20 02:19:24.810 W/Ads     (31235): Not retrying to fetch app settings
03-20 02:19:24.837 I/art     ( 2042): Rejecting re-init on previously-failed class java.lang.Class<com.google.android.gms.org.conscrypt.Java7SessionWrapper>
03-20 02:19:24.837 I/art     ( 2042): Rejecting re-init on previously-failed class java.lang.Class<com.google.android.gms.org.conscrypt.Java7SessionWrapper>
03-20 02:19:24.838 I/art     ( 2042): Rejecting re-init on previously-failed class java.lang.Class<com.google.android.gms.org.conscrypt.Java7SessionWrapper>
03-20 02:19:24.878 I/ProviderInstaller( 2042): Installed default security provider GmsCore_OpenSSL
03-20 02:19:24.887 I/Ads     (31235): Javascript has loaded for native ads.
03-20 02:19:24.953 W/ConfigurationChimeraPro(18786): Got null configs for com.google.android.gms.ads -- metadata{ service_id: 51 }
03-20 02:19:24.957 W/System.err(31235): android.content.pm.PackageManager$NameNotFoundException: 1121
03-20 02:19:24.957 W/System.err(31235): 	at android.app.ApplicationPackageManager.getPackageInfo(ApplicationPackageManager.java:137)
03-20 02:19:24.957 W/System.err(31235): 	at com.ksmobile.launcher.k.a.b.a(BaseThemeHandler.java:220)
03-20 02:19:24.957 W/System.err(31235): 	at com.ksmobile.launcher.k.a.b.b(BaseThemeHandler.java:148)
03-20 02:19:24.957 W/System.err(31235): 	at com.ksmobile.launcher.k.d.a(PushInqure.java:144)
03-20 02:19:24.957 W/System.err(31235): 	at com.ksmobile.launcher.k.d.run(PushInqure.java:48)
03-20 02:19:24.957 W/System.err(31235): 	at android.os.Handler.handleCallback(Handler.java:739)
03-20 02:19:24.957 W/System.err(31235): 	at android.os.Handler.dispatchMessage(Handler.java:95)
03-20 02:19:24.957 W/System.err(31235): 	at android.os.Looper.loop(Looper.java:148)
03-20 02:19:24.957 W/System.err(31235): 	at android.os.HandlerThread.run(HandlerThread.java:61)
03-20 02:19:25.146 I/GAv4    ( 2064): Google Analytics 11.7.32 is starting up. To enable debug logging on a device run:
03-20 02:19:25.146 I/GAv4    ( 2064):   adb shell setprop log.tag.GAv4 DEBUG
03-20 02:19:25.146 I/GAv4    ( 2064):   adb logcat -s GAv4
03-20 02:19:25.159 W/GAv4    ( 2064): CampaignTrackingReceiver is not registered, not exported or is disabled. Installation campaign tracking is not possible. See http://goo.gl/8Rd3yj for instructions.
03-20 02:19:25.207 I/adwf    (18786): Scheduling adaptive one off task with window [14400, 604800] in seconds -- metadata{ service_id: 51 }
03-20 02:19:25.213 I/PTCommittedOperation(18786): Receive new configuration for com.google.android.gms.trustagent
03-20 02:19:25.225 I/SettingsChangedIntentOp(18675): SettingsChangedIntentOperation.run: Got intent Intent { act=com.google.android.gms.phenotype.COMMITTED flg=0x10 pkg=com.google.android.gms cmp=com.google.android.gms/.chimera.GmsIntentOperationService (has extras) }
03-20 02:19:25.225 I/SettingsChangedIntentOp(18675): SettingsChangedIntentOperation.run Intent extra com.google.android.gms.phenotype.PACKAGE_NAME: com.google.android.gms.trustagent
03-20 02:19:25.225 I/SettingsChangedIntentOp(18675): Action: com.google.android.gms.phenotype.COMMITTED
03-20 02:19:25.225 I/SettingsChangedIntentOp(18675): EXTRA_PACKAGE_NAME: com.google.android.gms.trustagent
03-20 02:19:25.336 I/ActivityManager(17992): Start proc 2142:com.google.android.calendar/u0a33 for broadcast com.google.android.calendar/com.google.android.apps.calendar.config.phenotypesupport.old.PhenotypeBroadcastReceiver
03-20 02:19:25.363 I/Ads     (31235): Ad finished loading.
03-20 02:19:25.366 D/DynamitePackage(31235): Instantiating com.google.android.gms.ads.ChimeraNativeAdViewDelegateCreatorImpl
03-20 02:19:25.391 W/System  ( 2142): ClassLoader referenced unknown path: /data/app/com.google.android.calendar-1/lib/arm
03-20 02:19:25.437 I/art     (31235): Background partial concurrent mark sweep GC freed 23998(995KB) AllocSpace objects, 31(8MB) LOS objects, 24% free, 49MB/65MB, paused 5.024ms total 54.929ms
03-20 02:19:25.765 I/ActivityManager(17992): Start proc 2170:com.android.providers.calendar/u0a1 for content provider com.android.providers.calendar/.CalendarProvider2
03-20 02:19:25.822 I/Ads     (31235): Ad finished loading.
03-20 02:19:25.864 W/System  ( 2170): ClassLoader referenced unknown path: /system/priv-app/CalendarProvider/lib/arm
03-20 02:19:25.905 I/CalendarProvider2( 2170): Created com.android.providers.calendar.CalendarAlarmManager@8b63152(com.android.providers.calendar.CalendarProvider2@62c23)
03-20 02:19:26.103 I/ActivityManager(17992): Start proc 2198:com.google.android.apps.genie.geniewidget/u0a72 for broadcast com.google.android.apps.genie.geniewidget/.utils.UpdatePhenotypeFlagsBroadcastReceiver
03-20 02:19:26.162 W/System  ( 2198): ClassLoader referenced unknown path: /data/app/com.google.android.apps.genie.geniewidget-1/lib/arm
03-20 02:19:26.728 I/NewsWeather( 2198): NewsAccounts 2, AllSystemAccounts 1
03-20 02:19:26.729 D/ConnectivityService(17992): listenForNetwork for Listen from uid/pid:10072/2198 for NetworkRequest [ id=197, legacyType=-1, [ Capabilities: NOT_RESTRICTED&TRUSTED&NOT_VPN] ]
03-20 02:19:26.770 I/PhenotypeUpdate(18923): onReceive() urgent = false
03-20 02:19:26.820 I/ActivityManager(17992): Start proc 2239:com.google.android.contacts/u0a11 for broadcast com.google.android.contacts/com.google.android.apps.contacts.phenotype.ConfigUpdateBroadcastReceiver
03-20 02:19:26.846 I/PhenotypeFlagCommitter( 2198): Experiment Configs successfully retrieved for com.google.android.apps.genie.geniewidget
03-20 02:19:26.867 E/adus    (18786): Phenotype API error. Event a <
03-20 02:19:26.867 E/adus    (18786):   a: "com.google.android.apps.genie.geniewidget"
03-20 02:19:26.867 E/adus    (18786):   b: 0
03-20 02:19:26.867 E/adus    (18786):   e: "anonymous"
03-20 02:19:26.867 E/adus    (18786):   f: ""
03-20 02:19:26.867 E/adus    (18786):   g: 0
03-20 02:19:26.867 E/adus    (18786):   h: 0
03-20 02:19:26.867 E/adus    (18786):   i: "com.google.android.apps.genie.geniewidget"
03-20 02:19:26.867 E/adus    (18786): >
03-20 02:19:26.867 E/adus    (18786): , EventCode: 4 -- metadata{ service_id: 51 }
03-20 02:19:26.867 E/adus    (18786): adtp: 29500: Invalid user
03-20 02:19:26.867 E/adus    (18786): 	at advb.a(com.google.android.gms@12221438@12.2.21 (438-188803320):119)
03-20 02:19:26.867 E/adus    (18786): 	at adva.b(com.google.android.gms@12221438@12.2.21 (438-188803320))
03-20 02:19:26.867 E/adus    (18786): 	at adus.a(com.google.android.gms@12221438@12.2.21 (438-188803320):13)
03-20 02:19:26.867 E/adus    (18786): 	at adus.a(com.google.android.gms@12221438@12.2.21 (438-188803320):64)
03-20 02:19:26.867 E/adus    (18786): 	at nfo.run(com.google.android.gms@12221438@12.2.21 (438-188803320):24)
03-20 02:19:26.867 E/adus    (18786): 	at njk.run(com.google.android.gms@12221438@12.2.21 (438-188803320):26)
03-20 02:19:26.867 E/adus    (18786): 	at java.util.concurrent.ThreadPoolExecutor.runWorker(ThreadPoolExecutor.java:1113)
03-20 02:19:26.867 E/adus    (18786): 	at java.util.concurrent.ThreadPoolExecutor$Worker.run(ThreadPoolExecutor.java:588)
03-20 02:19:26.867 E/adus    (18786): 	at npg.run(com.google.android.gms@12221438@12.2.21 (438-188803320))
03-20 02:19:26.867 E/adus    (18786): 	at java.lang.Thread.run(Thread.java:818)
03-20 02:19:26.871 E/AsyncOperation(18786): serviceID=51, operation=GetConfigurationSnapshotOperationCall
03-20 02:19:26.871 E/AsyncOperation(18786): OperationException[Status{statusCode=Invalid user, resolution=null}]
03-20 02:19:26.871 E/AsyncOperation(18786): 	at adus.a(com.google.android.gms@12221438@12.2.21 (438-188803320):30)
03-20 02:19:26.871 E/AsyncOperation(18786): 	at adus.a(com.google.android.gms@12221438@12.2.21 (438-188803320):64)
03-20 02:19:26.871 E/AsyncOperation(18786): 	at nfo.run(com.google.android.gms@12221438@12.2.21 (438-188803320):24)
03-20 02:19:26.871 E/AsyncOperation(18786): 	at njk.run(com.google.android.gms@12221438@12.2.21 (438-188803320):26)
03-20 02:19:26.871 E/AsyncOperation(18786): 	at java.util.concurrent.ThreadPoolExecutor.runWorker(ThreadPoolExecutor.java:1113)
03-20 02:19:26.871 E/AsyncOperation(18786): 	at java.util.concurrent.ThreadPoolExecutor$Worker.run(ThreadPoolExecutor.java:588)
03-20 02:19:26.871 E/AsyncOperation(18786): 	at npg.run(com.google.android.gms@12221438@12.2.21 (438-188803320))
03-20 02:19:26.871 E/AsyncOperation(18786): 	at java.lang.Thread.run(Thread.java:818)
03-20 02:19:26.872 E/PhenotypeFlagCommitter( 2198): Retrieving snapshot for com.google.android.apps.genie.geniewidget failed
03-20 02:19:26.876 E/NewsWeather( 2198): Phenotype failure for user anonymous
03-20 02:19:26.895 W/System  ( 2239): ClassLoader referenced unknown path: /data/app/com.google.android.contacts-1/lib/arm
03-20 02:19:26.959 I/NetRec  (18786): [7059] aaxk.b: onConfigChanged()
03-20 02:19:26.966 I/CalendarProvider2( 2170): Sending notification intent: Intent { act=android.intent.action.PROVIDER_CHANGED dat=content://com.android.calendar flg=0x20000000 }
03-20 02:19:26.966 W/ContentResolver( 2170): Failed to get type for: content://com.android.calendar (Unknown URL content://com.android.calendar)
03-20 02:19:26.973 I/PhenotypeFlagCommitter( 2198): Experiment Configs successfully retrieved for com.google.android.apps.genie.geniewidget
03-20 02:19:27.010 D/audio_hw_primary(17775): out_set_parameters: enter: usecase(1: low-latency-playback) kvpairs: routing=2
03-20 02:19:27.043 D/AudioFlinger(17775): mixer(0xb4140000) throttle end: throttle time(7)
03-20 02:19:27.214 I/GAv4    ( 2239): Google Analytics 11.7.17 is starting up. To enable debug logging on a device run:
03-20 02:19:27.214 I/GAv4    ( 2239):   adb shell setprop log.tag.GAv4 DEBUG
03-20 02:19:27.214 I/GAv4    ( 2239):   adb logcat -s GAv4
03-20 02:19:27.311 I/SettingsChangedIntentOp(18675): SettingsChangedIntentOperation.run: Got intent Intent { act=com.google.android.gms.phenotype.COMMITTED flg=0x10 pkg=com.google.android.gms cmp=com.google.android.gms/.chimera.GmsIntentOperationService (has extras) }
03-20 02:19:27.312 I/SettingsChangedIntentOp(18675): SettingsChangedIntentOperation.run Intent extra com.google.android.gms.phenotype.PACKAGE_NAME: com.google.android.gms.people
03-20 02:19:27.312 I/SettingsChangedIntentOp(18675): Action: com.google.android.gms.phenotype.COMMITTED
03-20 02:19:27.312 I/SettingsChangedIntentOp(18675): EXTRA_PACKAGE_NAME: com.google.android.gms.people
03-20 02:19:27.315 I/PTCommittedOperation(18786): Receive new configuration for com.google.android.gms.people
03-20 02:19:27.403 I/ActivityManager(17992): Start proc 2292:com.google.android.dialer/u0a12 for broadcast com.google.android.dialer/com.google.android.apps.dialer.phenotype.UpdateBroadcastReceiver
03-20 02:19:27.576 I/art     (18786): Background sticky concurrent mark sweep GC freed 197597(12MB) AllocSpace objects, 20(440KB) LOS objects, 31% free, 28MB/41MB, paused 2.508ms total 100.270ms
03-20 02:19:27.730 D/audio_hw_primary(17775): out_set_parameters: enter: usecase(1: low-latency-playback) kvpairs: routing=2
03-20 02:19:27.763 D/AudioFlinger(17775): mixer(0xb4140000) throttle end: throttle time(7)
03-20 02:19:27.789 I/Dialer  ( 2292): GoogleDialerApplication.onCreate - enter
03-20 02:19:27.845 I/Dialer  ( 2292): DialerExecutorModule.newThread - creating low priority thread
03-20 02:19:27.882 I/Dialer  ( 2292): SpamModule.provideSpam - using in-app spam
03-20 02:19:27.885 I/Dialer  ( 2292): CallLogFramework.registerContentObservers - enter
03-20 02:19:27.886 I/Dialer  ( 2292): CallLogFramework.registerContentObservers - not registering content observers
03-20 02:19:27.911 I/Dialer  ( 2292): NonUiTaskBuilder.newThread - creating serial thread
03-20 02:19:27.913 I/Dialer  ( 2292): DialerExecutorModule.newThread - creating low priority thread
03-20 02:19:27.914 I/Dialer  ( 2292): ShortcutsJobScheduler.scheduleAllJobs - enter
03-20 02:19:27.917 I/Dialer  ( 2292): ShortcutsJobScheduler.scheduleAllJobs - enabling shortcuts
03-20 02:19:27.920 I/Dialer  ( 2292): PeriodicJobService.schedulePeriodicJob - enter
03-20 02:19:27.920 I/Dialer  ( 2292): GoogleDialerPrimes - Initializing
03-20 02:19:27.926 I/Dialer  ( 2292): GoogleDialerPrimes - Primes Metrics Monitoring started
03-20 02:19:27.926 I/Dialer  ( 2292): GoogleDialerApplication.onCreate - register new client
03-20 02:19:27.928 I/Dialer  ( 2292): SpamJobScheduler.scheduleJob - job with id SPAM_JOB_WIFI is already scheduled
03-20 02:19:27.928 I/Dialer  ( 2292): SpamJobScheduler.scheduleJob - job with id SPAM_JOB_ANY_NETWORK is already scheduled
03-20 02:19:27.950 I/Dialer  ( 2292): GoogleDialerApplication.onCreate - registered new client
03-20 02:19:27.989 I/Dialer  ( 2292): Flags.register - phenotype register status: true
03-20 02:19:28.031 I/Dialer  ( 2292): Flags.register - commit succeeded: true
03-20 02:19:28.061 I/Dialer  ( 2292): UpdateBroadcastReceiver.onReceive - commit succeeded: true
03-20 02:19:28.249 I/ActivityManager(17992): Start proc 2345:com.google.android.instantapps.supervisor/u0a94 for broadcast com.google.android.instantapps.supervisor/.ExperimentUpdateReceiver
03-20 02:19:28.461 I/ActivityManager(17992): START u0 {cmp=com.ksmobile.launcher/.menu.setting.WeatherSettingActivity (has extras)} from uid 10283 on display 0
03-20 02:19:28.470 D/audio_hw_primary(17775): out_set_parameters: enter: usecase(1: low-latency-playback) kvpairs: routing=2
03-20 02:19:28.503 D/AudioFlinger(17775): mixer(0xb4140000) throttle end: throttle time(7)
03-20 02:19:28.537 W/Binder_A(18999): type=1400 audit(0.0:163122): avc: denied { ioctl } for path="socket:[5667058]" dev="sockfs" ino=5667058 ioctlcmd=7704 scontext=u:r:system_server:s0 tcontext=u:r:system_server:s0 tclass=unix_stream_socket permissive=0
03-20 02:19:28.537 W/Binder_A(18999): type=1400 audit(0.0:163123): avc: denied { ioctl } for path="socket:[5667058]" dev="sockfs" ino=5667058 ioctlcmd=7704 scontext=u:r:system_server:s0 tcontext=u:r:system_server:s0 tclass=unix_stream_socket permissive=0
03-20 02:19:28.570 I/ActivityManager(17992): Start proc 2372:com.google.android.keep/u0a71 for broadcast com.google.android.keep/.phenotype.PhenotypeConfigBroadcastReceiver
03-20 02:19:28.587 W/Binder_4(18376): type=1400 audit(0.0:163124): avc: denied { ioctl } for path="socket:[5651961]" dev="sockfs" ino=5651961 ioctlcmd=7704 scontext=u:r:system_server:s0 tcontext=u:r:system_server:s0 tclass=unix_stream_socket permissive=0
03-20 02:19:28.587 W/Binder_4(18376): type=1400 audit(0.0:163125): avc: denied { ioctl } for path="socket:[5651961]" dev="sockfs" ino=5651961 ioctlcmd=7704 scontext=u:r:system_server:s0 tcontext=u:r:system_server:s0 tclass=unix_stream_socket permissive=0
03-20 02:19:28.599 I/GoogleInputMethod(18923): onFinishInput() : Dummy InputConnection bound
03-20 02:19:28.600 I/GoogleInputMethod(18923): onStartInput() : Dummy InputConnection bound
03-20 02:19:28.600 I/ActivityManager(17992): Displayed com.ksmobile.launcher/.menu.setting.WeatherSettingActivity: +131ms
03-20 02:19:28.795 I/art     ( 2372): Rejecting re-init on previously-failed class java.lang.Class<android.support.v4.app.JobIntentService$JobServiceEngineImpl>
03-20 02:19:28.795 I/art     ( 2372): Rejecting re-init on previously-failed class java.lang.Class<android.support.v4.app.JobIntentService$JobServiceEngineImpl>
03-20 02:19:28.889 I/ActivityManager(17992): Start proc 2403:com.google.android.apps.messaging/u0a67 for broadcast com.google.android.apps.messaging/.shared.experiments.BuglePhenotypeBroadcastReceiver
03-20 02:19:29.070 I/MultiDex( 2403): VM with version 2.1.0 has multidex support
03-20 02:19:29.070 I/MultiDex( 2403): install
03-20 02:19:29.070 I/MultiDex( 2403): VM has multidex support, MultiDex support library is disabled.
03-20 02:19:29.136 D/FirebaseApp( 2403): com.google.firebase.auth.FirebaseAuth is not linked. Skipping initialization.
03-20 02:19:29.158 D/FirebaseApp( 2403): com.google.firebase.crash.FirebaseCrash is not linked. Skipping initialization.
03-20 02:19:29.160 D/FirebaseApp( 2403): com.google.android.gms.measurement.AppMeasurement is not linked. Skipping initialization.
03-20 02:19:29.160 I/FirebaseInitProvider( 2403): FirebaseApp initialization successful
03-20 02:19:29.180 D/audio_hw_primary(17775): out_set_parameters: enter: usecase(1: low-latency-playback) kvpairs: routing=2
03-20 02:19:29.210 D/Bugle   ( 2403): Registering factory in the content provider
03-20 02:19:29.210 D/Bugle   ( 2403): ContentProvider context: com.google.android.apps.messaging.BugleApplication@e8ff34c
03-20 02:19:29.230 I/CarrierServices( 2403): [1] a.a: Initializing Carrier Services Library.
03-20 02:19:29.236 W/CarrierServices( 2403): Trying to log through cs.apk when it has not been initialized yet
03-20 02:19:29.351 I/Bugle   ( 2403): GServicesValues:
03-20 02:19:29.351 I/Bugle   ( 2403): bugle_enable_primes_crash_metrics: true
03-20 02:19:29.351 I/Bugle   ( 2403): bugle_force_safe_resync_d: false
03-20 02:19:29.351 I/Bugle   ( 2403): bugle_max_telemetry_upload_retries: 10
03-20 02:19:29.351 I/Bugle   ( 2403): bugle_sticker_set_list_version: 3
03-20 02:19:29.446 I/ActivityManager(17992): Start proc 2430:com.google.android.tts/u0a52 for service com.google.android.tts/.service.GoogleTTSService
03-20 02:19:29.447 I/TextToSpeech( 2403): Sucessfully bound to com.google.android.tts
03-20 02:19:29.488 I/MultiDex( 2430): VM with version 2.1.0 has multidex support
03-20 02:19:29.488 I/MultiDex( 2430): install
03-20 02:19:29.488 I/MultiDex( 2430): VM has multidex support, MultiDex support library is disabled.
03-20 02:19:29.508 I/BugleBackup( 2403): Registering preference change listener for "bugle".
03-20 02:19:29.547 I/GAv4    ( 2430): Google Analytics 10.2.98 is starting up. To enable debug logging on a device run:
03-20 02:19:29.547 I/GAv4    ( 2430):   adb shell setprop log.tag.GAv4 DEBUG
03-20 02:19:29.547 I/GAv4    ( 2430):   adb logcat -s GAv4
03-20 02:19:29.571 W/GAv4    ( 2430): CampaignTrackingReceiver is not registered, not exported or is disabled. Installation campaign tracking is not possible. See http://goo.gl/8Rd3yj for instructions.
03-20 02:19:29.774 I/TTS     ( 2430): Cache cleared
03-20 02:19:29.775 W/Bugle   ( 2403): SubscriptionMetadataUtils get: invalid subId = -1
03-20 02:19:29.785 I/TTS     ( 2430): Creating Google TTS service, version 3.14.9
03-20 02:19:29.788 I/TTS     ( 2430): Loading library tts_android_neon
03-20 02:19:29.804 I/Bugle   ( 2403): Bugle version: 2.9.052 (tuba_rc12_xxhdpi.armeabi-v7a.phone)
03-20 02:19:29.807 V/Bugle   ( 2403): UncaughtException unset: monkey
03-20 02:19:29.817 I/Bugle   ( 2403): BuglePhenotypeBroadcastReceiver.onReceive
03-20 02:19:29.825 V/Bugle   ( 2403): Committing bugle phenotype.
03-20 02:19:29.825 I/Bugle   ( 2403): SIM ABSENT
03-20 02:19:29.835 I/ActivityManager(17992): Start proc 2463:com.google.android.apps.messaging:rcs/u0a67 for broadcast com.google.android.apps.messaging/com.google.android.ims.library.phenotype.PhenotypeConfigurationReceiver
03-20 02:19:29.837 I/BugleDataModel( 2403): ActionExecutor Empty Service started
03-20 02:19:29.876 I/ActivityManager(17992): START u0 {cmp=com.ksmobile.launcher/.customitem.view.SearchAddressActivity (has extras)} from uid 10283 on display 0
03-20 02:19:29.880 D/audio_hw_primary(17775): out_set_parameters: enter: usecase(1: low-latency-playback) kvpairs: routing=2
03-20 02:19:29.884 E/BugleRcs( 2403): couldn't get package info for carrier services package with name com.google.android.ims
03-20 02:19:29.886 E/BugleRcs( 2403): android.content.pm.PackageManager$NameNotFoundException: com.google.android.ims
03-20 02:19:29.886 E/BugleRcs( 2403): 	at android.app.ApplicationPackageManager.getPackageInfo(ApplicationPackageManager.java:137)
03-20 02:19:29.886 E/BugleRcs( 2403): 	at com.google.android.apps.messaging.shared.util.cg.<init>(SourceFile:18)
03-20 02:19:29.886 E/BugleRcs( 2403): 	at com.google.android.apps.messaging.shared.util.cg.a(SourceFile:3)
03-20 02:19:29.886 E/BugleRcs( 2403): 	at com.google.android.apps.messaging.shared.experiments.g.a(SourceFile:3)
03-20 02:19:29.886 E/BugleRcs( 2403): 	at com.google.android.apps.messaging.shared.z.onConnected(SourceFile:8)
03-20 02:19:29.886 E/BugleRcs( 2403): 	at com.google.android.gms.common.internal.d.a(Unknown Source)
03-20 02:19:29.886 E/BugleRcs( 2403): 	at com.google.android.gms.common.api.internal.ac.a(Unknown Source)
03-20 02:19:29.886 E/BugleRcs( 2403): 	at com.google.android.gms.common.api.internal.p.g(Unknown Source)
03-20 02:19:29.886 E/BugleRcs( 2403): 	at com.google.android.gms.common.api.internal.p.a(Unknown Source)
03-20 02:19:29.886 E/BugleRcs( 2403): 	at com.google.android.gms.common.api.internal.ak.onConnected(Unknown Source)
03-20 02:19:29.886 E/BugleRcs( 2403): 	at com.google.android.gms.common.api.internal.cw.onConnected(Unknown Source)
03-20 02:19:29.886 E/BugleRcs( 2403): 	at com.google.android.gms.common.internal.b.a(Unknown Source)
03-20 02:19:29.886 E/BugleRcs( 2403): 	at com.google.android.gms.common.internal.am.a(Unknown Source)
03-20 02:19:29.886 E/BugleRcs( 2403): 	at com.google.android.gms.common.internal.ae.a(Unknown Source)
03-20 02:19:29.886 E/BugleRcs( 2403): 	at com.google.android.gms.common.internal.ah.handleMessage(Unknown Source)
03-20 02:19:29.886 E/BugleRcs( 2403): 	at android.os.Handler.dispatchMessage(Handler.java:102)
03-20 02:19:29.886 E/BugleRcs( 2403): 	at android.os.Looper.loop(Looper.java:148)
03-20 02:19:29.886 E/BugleRcs( 2403): 	at android.app.ActivityThread.main(ActivityThread.java:5417)
03-20 02:19:29.886 E/BugleRcs( 2403): 	at java.lang.reflect.Method.invoke(Native Method)
03-20 02:19:29.886 E/BugleRcs( 2403): 	at com.android.internal.os.ZygoteInit$MethodAndArgsCaller.run(ZygoteInit.java:726)
03-20 02:19:29.886 E/BugleRcs( 2403): 	at com.android.internal.os.ZygoteInit.main(ZygoteInit.java:616)
03-20 02:19:29.918 I/MultiDex( 2463): VM with version 2.1.0 has multidex support
03-20 02:19:29.918 I/MultiDex( 2463): install
03-20 02:19:29.918 I/MultiDex( 2463): VM has multidex support, MultiDex support library is disabled.
03-20 02:19:29.919 I/TextToSpeech( 2403): Connected to ComponentInfo{com.google.android.tts/com.google.android.tts.service.GoogleTTSService}
03-20 02:19:29.917 I/TTS     ( 2430): Initializing en-us-x-sfg-lstm-embedded from apk
03-20 02:19:29.923 I/ActivityManager(17992): Killing 23376:com.android.defcontainer/u0a6 (adj 15): empty #17
03-20 02:19:29.943 I/TTS     ( 2430): For default lang en-us is name en-US-language (en-us-x-sfg-server)
03-20 02:19:29.943 I/TextToSpeech( 2403): Set up connection to ComponentInfo{com.google.android.tts/com.google.android.tts.service.GoogleTTSService}
03-20 02:19:29.992 D/ActivityManager(17992): cleanUpApplicationRecord -- 23376
03-20 02:19:29.994 I/Bugle   ( 2463): Bugle version: 2.9.052 (tuba_rc12_xxhdpi.armeabi-v7a.phone)
03-20 02:19:29.987 W/Binder_7(18969): type=1400 audit(0.0:163126): avc: denied { ioctl } for path="socket:[5667629]" dev="sockfs" ino=5667629 ioctlcmd=7704 scontext=u:r:system_server:s0 tcontext=u:r:system_server:s0 tclass=unix_stream_socket permissive=0
03-20 02:19:29.987 W/Binder_7(18969): type=1400 audit(0.0:163127): avc: denied { ioctl } for path="socket:[5667629]" dev="sockfs" ino=5667629 ioctlcmd=7704 scontext=u:r:system_server:s0 tcontext=u:r:system_server:s0 tclass=unix_stream_socket permissive=0
03-20 02:19:30.003 V/Bugle   ( 2403): Committing bugle phenotype.
03-20 02:19:30.017 I/ActivityManager(17992): Killing 31159:com.google.process.gapps/u0a47 (adj 15): empty #17
03-20 02:19:30.057 I/GoogleInputMethod(18923): onFinishInput() : Dummy InputConnection bound
03-20 02:19:30.047 W/Binder_C(19117): type=1400 audit(0.0:163128): avc: denied { ioctl } for path="socket:[5651961]" dev="sockfs" ino=5651961 ioctlcmd=7704 scontext=u:r:system_server:s0 tcontext=u:r:system_server:s0 tclass=unix_stream_socket permissive=0
03-20 02:19:30.047 W/Binder_C(19117): type=1400 audit(0.0:163129): avc: denied { ioctl } for path="socket:[5651961]" dev="sockfs" ino=5651961 ioctlcmd=7704 scontext=u:r:system_server:s0 tcontext=u:r:system_server:s0 tclass=unix_stream_socket permissive=0
03-20 02:19:30.082 D/ActivityManager(17992): cleanUpApplicationRecord -- 31159
03-20 02:19:30.085 I/ActivityManager(17992): Displayed com.ksmobile.launcher/.customitem.view.SearchAddressActivity: +199ms
03-20 02:19:30.143 I/SettingsChangedIntentOp(18675): SettingsChangedIntentOperation.run: Got intent Intent { act=com.google.android.gms.phenotype.COMMITTED flg=0x10 pkg=com.google.android.gms cmp=com.google.android.gms/.chimera.GmsIntentOperationService (has extras) }
03-20 02:19:30.143 I/SettingsChangedIntentOp(18675): SettingsChangedIntentOperation.run Intent extra com.google.android.gms.phenotype.PACKAGE_NAME: com.google.android.gms.firebase.auth
03-20 02:19:30.143 I/SettingsChangedIntentOp(18675): Action: com.google.android.gms.phenotype.COMMITTED
03-20 02:19:30.143 I/SettingsChangedIntentOp(18675): EXTRA_PACKAGE_NAME: com.google.android.gms.firebase.auth
03-20 02:19:30.145 I/PTCommittedOperation(18786): Receive new configuration for com.google.android.gms.firebase.auth
03-20 02:19:30.169 I/ActivityManager(17992): Start proc 2490:com.android.vending:instant_app_installer/u0a19 for broadcast com.android.vending/com.google.android.finsky.instantapps.PhenotypeUpdateReceiver
03-20 02:19:30.286 I/BugleDataModel( 2403): ActionExecutor Empty Service destroyed
03-20 02:19:30.289 I/ActivityManager(17992): Killing 31566:com.ksmobile.launcher:service/u0a283 (adj 15): empty #17
03-20 02:19:30.309 W/InputMethodService(18923): Window size has been changed. This may cause jankiness of resizing window: -1 -> -2
03-20 02:19:30.332 I/FeatureCardNotice(18923): Feature suggestion notice has been posted the max number of times
03-20 02:19:30.332 W/VoiceImeTranscriptor(18923): UIME feature enabled: true
03-20 02:19:30.332 I/VoiceImeExtension(18923): Voice Extension onStartInputView() Mic status = [MicIconAvailable]
03-20 02:19:30.381 I/ActivityManager(17992): Killing 31121:com.google.android.gm/u0a70 (adj 15): empty #18
03-20 02:19:30.453 I/LatinIme(18923): initialize() : Language = en-US
03-20 02:19:30.454 D/ActivityManager(17992): cleanUpApplicationRecord -- 31121
03-20 02:19:30.456 D/ActivityManager(17992): cleanUpApplicationRecord -- 31566
03-20 02:19:30.462 I/Delight5Facilitator(18923): initializeForIme() : Locale = [en_US]
03-20 02:19:30.462 I/Delight5Facilitator(18923): initializeForIme() : Locale == CurrentLocale
03-20 02:19:30.463 I/EmojiSuperpacksFeature(18923): Emoji superpacks enabled
03-20 02:19:30.464 I/LatinIme(18923): onActivate() : EditorInfo = Package = com.ksmobile.launcher : Type = Text : Learning = Disable : Suggestion = Show : AutoCorrection = Disable : Microphone = Show : Incognito = Disable
03-20 02:19:30.465 W/LatinIme(18923): Language Code List: 'en-US'
03-20 02:19:30.465 W/LatinIme(18923): Active Locale: 'en-US'
03-20 02:19:30.467 I/InputContext(18923): input context reset success: true error: 0 input_state_id 1485
03-20 02:19:30.467 W/native  (18923): neural_spatial_model.cc:382 Output symbol table doesn't contain symbol: @
03-20 02:19:30.468 W/native  (18923): neural_spatial_model.cc:382 Output symbol table doesn't contain symbol: &
03-20 02:19:30.472 I/FirebaseJobDispatcher(18923): Cancel task: DlamTrainingTask. Success.
03-20 02:19:30.497 I/native  (18923): dynamic-oov-words.cc:212 AddPendingWords: 26 -> 0 0 ms
03-20 02:19:30.530 W/VoiceImeTranscriptor(18923): UIME feature enabled: true
03-20 02:19:30.545 I/LatinMotionHandler(18923): consumeEvent() : GestureTypingEnabled = true
03-20 02:19:30.551 I/EmojiDataExtension(18923): onActivate() : Locale = en_US
03-20 02:19:30.551 I/EmojiSuperpacksFeature(18923): Emoji superpacks enabled
03-20 02:19:30.551 I/GifEntryExtension(18923): onActivate()
03-20 02:19:30.551 I/DevFeatureConfig(18923): Gif candidate disabled by Phenotype
03-20 02:19:30.551 I/Conv2QueryExtension(18923): isEnabled() : true
03-20 02:19:30.551 I/Conv2QueryExtension(18923): Current locale: en_US, config allows these locales: de,en,fr,it,es,pt
03-20 02:19:30.552 W/Conv2QueryExtension(18923): Conv2Query not enabled due to current app [com.ksmobile.launcher] not in whitelist
03-20 02:19:30.552 W/Conv2QueryExtension(18923): onActivate() : Disabled by unsupported host app
03-20 02:19:30.553 I/PrimesMetrics(18923): Ignore memory metric of com.google.android.apps.inputmethod.libs.search.gif.GifEntryPointCandidateExtension.
03-20 02:19:30.737 I/art     ( 2490): Rejecting re-init on previously-failed class java.lang.Class<android.support.v4.app.bs>
03-20 02:19:30.737 I/art     ( 2490): Rejecting re-init on previously-failed class java.lang.Class<android.support.v4.app.bs>
03-20 02:19:30.754 D/PhenotypeUpdateService( 2490): onCreate called
03-20 02:19:30.761 I/SettingsChangedIntentOp(18675): SettingsChangedIntentOperation.run: Got intent Intent { act=com.google.android.gms.phenotype.COMMITTED flg=0x10 pkg=com.google.android.gms cmp=com.google.android.gms/.chimera.GmsIntentOperationService (has extras) }
03-20 02:19:30.761 I/SettingsChangedIntentOp(18675): SettingsChangedIntentOperation.run Intent extra com.google.android.gms.phenotype.PACKAGE_NAME: com.google.android.gms.gcm
03-20 02:19:30.761 I/SettingsChangedIntentOp(18675): Action: com.google.android.gms.phenotype.COMMITTED
03-20 02:19:30.761 I/SettingsChangedIntentOp(18675): EXTRA_PACKAGE_NAME: com.google.android.gms.gcm
03-20 02:19:30.769 I/PTCommittedOperation(18786): Receive new configuration for com.google.android.gms.gcm
03-20 02:19:30.788 I/ActivityManager(17992): Start proc 2519:com.google.android.apps.docs/u0a40 for broadcast com.google.android.apps.docs/.mendel.MendelReceiver
03-20 02:19:30.797 D/PhenotypeUpdateService( 2490): Updating Phenotype configs
03-20 02:19:31.089 W/ClientMode( 2519): Using default clientMode=RELEASE for version=2.18.092.01.35
03-20 02:19:31.261 I/ActivityManager(17992): Killing 30871:com.android.vending/u0a19 (adj 15): empty #17
03-20 02:19:31.275 D/ConnectivityService(17992): ConnectivityService NetworkRequestInfo binderDied(NetworkRequest [ id=191, legacyType=-1, [ Capabilities: INTERNET&NOT_RESTRICTED&TRUSTED] ], android.os.BinderProxy@62316d2)
03-20 02:19:31.276 D/ConnectivityService(17992): releasing NetworkRequest NetworkRequest [ id=191, legacyType=-1, [ Capabilities: INTERNET&NOT_RESTRICTED&TRUSTED] ]
03-20 02:19:31.279 E/ConnectivityService(17992): RemoteException caught trying to send a callback msg for NetworkRequest [ id=191, legacyType=-1, [ Capabilities: INTERNET&NOT_RESTRICTED&TRUSTED] ]
03-20 02:19:31.361 D/ActivityManager(17992): cleanUpApplicationRecord -- 30871
03-20 02:19:31.413 I/GAv4    ( 2519): Google Analytics 11.9.10 is starting up. To enable debug logging on a device run:
03-20 02:19:31.413 I/GAv4    ( 2519):   adb shell setprop log.tag.GAv4 DEBUG
03-20 02:19:31.413 I/GAv4    ( 2519):   adb logcat -s GAv4
