03-20 02:24:38.447 D/AppsFlyer_4.7.4( 4584): shut downing executor ...
03-20 02:24:38.471 I/ActivityManager(17992): Displayed android/com.android.internal.app.ResolverActivity: +124ms
03-20 02:24:38.472 I/GoogleInputMethod(18923): onFinishInput() : Dummy InputConnection bound
03-20 02:24:38.472 I/GoogleInputMethod(18923): onStartInput() : Dummy InputConnection bound
03-20 02:24:38.467 W/Binder_1(18003): type=1400 audit(0.0:163788): avc: denied { ioctl } for path="socket:[5684463]" dev="sockfs" ino=5684463 ioctlcmd=7704 scontext=u:r:system_server:s0 tcontext=u:r:system_server:s0 tclass=unix_stream_socket permissive=0
03-20 02:24:38.467 W/Binder_1(18003): type=1400 audit(0.0:163789): avc: denied { ioctl } for path="socket:[5684463]" dev="sockfs" ino=5684463 ioctlcmd=7704 scontext=u:r:system_server:s0 tcontext=u:r:system_server:s0 tclass=unix_stream_socket permissive=0
03-20 02:24:38.497 W/Binder_B(19003): type=1400 audit(0.0:163790): avc: denied { ioctl } for path="socket:[5683908]" dev="sockfs" ino=5683908 ioctlcmd=7704 scontext=u:r:system_server:s0 tcontext=u:r:system_server:s0 tclass=unix_stream_socket permissive=0
03-20 02:24:38.497 W/Binder_B(19003): type=1400 audit(0.0:163791): avc: denied { ioctl } for path="socket:[5683908]" dev="sockfs" ino=5683908 ioctlcmd=7704 scontext=u:r:system_server:s0 tcontext=u:r:system_server:s0 tclass=unix_stream_socket permissive=0
03-20 02:24:38.552 I/AppsFlyer_4.7.4( 4584): onBecameBackground
03-20 02:24:38.552 I/AppsFlyer_4.7.4( 4584): callStatsBackground background call
03-20 02:24:38.552 I/AppsFlyer_4.7.4( 4584): app went to background
03-20 02:24:38.574 D/AppsFlyer_4.7.4( 4584): Running callStats task (on current thread: Thread[pool-29-thread-2,5,main] )
03-20 02:24:38.582 I/AppsFlyer_4.7.4( 4584): call = https://stats.appsflyer.com/stats; size = 420 bytes; body = {"platform":"Android","advertiserId":"6d482de2-4d8a-41f2-9934-fd89e3965594","gcd_conversion_data_timing":"6","devkey":"G********************5","statType":"user_closed_app","originalAppsflyerId":"1521527053333-8213120026950774375","time_in_app":"0","deviceFingerPrintId":"00000000-555a-4ce5-ffff-ffffda3732cb","app_id":"com.ksmobile.launcher","uid":"1521527053333-8213120026950774375","channel":null,"launch_counter":"2"}
03-20 02:24:39.056 I/AppsFlyer_4.7.4( 4584): Status 200 ok
03-20 02:24:39.056 I/AppsFlyer_4.7.4( 4584): Connection call succeeded: {"response_not_json":""}
03-20 02:24:39.056 D/AppsFlyer_4.7.4( 4584): RD status is OFF
03-20 02:24:39.056 D/AppsFlyer_4.7.4( 4584): shut downing executor ...
03-20 02:24:39.057 D/AppsFlyer_4.7.4( 4584): shut downing executor ...
03-20 02:24:40.411 D/audio_hw_primary(17775): out_set_parameters: enter: usecase(1: low-latency-playback) kvpairs: routing=2
03-20 02:24:41.515 W/AppOps  (17992): Finishing op nesting under-run: uid 10284 pkg com.ksmobile.launcher code 24 time=0 duration=0 nesting=0
03-20 02:24:42.494 D/ConnectivityService(17992): notifyType CAP_CHANGED for NetworkAgentInfo [WIFI () - 101]
03-20 02:24:42.643 I/art     ( 4584): Starting a blocking GC Explicit
03-20 02:24:42.738 I/art     ( 4584): Explicit concurrent mark sweep GC freed 25105(2MB) AllocSpace objects, 36(40MB) LOS objects, 28% free, 40MB/56MB, paused 7.241ms total 93.279ms
03-20 02:24:42.747 W/CursorWrapperInner( 4584): Cursor finalized without prior close()
03-20 02:24:42.921 W/AppsFlyer_4.7.4( 4584): killing non-finished tasks
03-20 02:24:43.574 D/audio_hw_primary(17775): disable_audio_route: reset and update mixer path: low-latency-playback
03-20 02:24:43.574 D/audio_hw_primary(17775): disable_snd_device: snd_device(2: speaker)
03-20 02:24:45.341 D/audio_hw_primary(17775): out_set_parameters: enter: usecase(1: low-latency-playback) kvpairs: routing=2
03-20 02:24:45.345 I/ActivityManager(17992): START u0 {act=android.intent.action.MAIN cat=[android.intent.category.HOME] flg=0x10200000 cmp=android/com.android.internal.app.ResolverActivity (has extras)} from uid 1000 on display 0
03-20 02:24:45.352 D/audio_hw_primary(17775): select_devices: out_snd_device(2: speaker) in_snd_device(0: none)
03-20 02:24:45.352 D/msm8974_platform(17775): platform_send_audio_calibration: sending audio calibration for snd_device(2) acdb_id(15)
03-20 02:24:45.352 D/audio_hw_primary(17775): enable_snd_device: snd_device(2: speaker)
03-20 02:24:45.356 D/audio_hw_primary(17775): enable_audio_route: apply and update mixer path: low-latency-playback
03-20 02:24:45.514 D/ConnectivityService(17992): notifyType CAP_CHANGED for NetworkAgentInfo [WIFI () - 101]
03-20 02:24:46.448 I/ActivityManager(17992): Waited long enough for: ServiceRecord{c0e8a07 u0 com.cmcm.live/io.rong.push.PushService}
03-20 02:24:46.961 E/ActivityThread( 4584): Failed to find provider info for com.android.launcher.settings
03-20 02:24:46.962 E/ActivityThread( 4584): Failed to find provider info for com.android.launcher2.settings
03-20 02:24:46.962 E/ActivityThread( 4584): Failed to find provider info for com.android.launcher2.Launcher.settings
03-20 02:24:46.962 E/ActivityThread( 4584): Failed to find provider info for com.motorola.launcher3.settings
03-20 02:24:46.963 E/ActivityThread( 4584): Failed to find provider info for com.htc.launcher.settings
03-20 02:24:46.963 E/ActivityThread( 4584): Failed to find provider info for com.android.launcher.settings
03-20 02:24:46.964 E/ActivityThread( 4584): Failed to find provider info for com.android.launcher2.settings
03-20 02:24:46.964 E/ActivityThread( 4584): Failed to find provider info for com.android.launcher2.Launcher.settings
03-20 02:24:46.964 E/ActivityThread( 4584): Failed to find provider info for com.tct.launcher.settings
03-20 02:24:46.965 E/ActivityThread( 4584): Failed to find provider info for com.lge.launcher2.settings
03-20 02:24:46.965 E/ActivityThread( 4584): Failed to find provider info for com.asus.launcher3.settings
03-20 02:24:46.965 E/ActivityThread( 4584): Failed to find provider info for com.android.launcher2.asus.settings
03-20 02:24:46.966 E/ActivityThread( 4584): Failed to find provider info for com.lge.launcher3.settings
03-20 02:24:46.967 E/ActivityThread( 4584): Failed to find provider info for com.asus.launcher3.settings
03-20 02:24:46.967 E/ActivityThread( 4584): Failed to find provider info for com.android.launcher2.asus.settings
03-20 02:24:46.968 E/ActivityThread( 4584): Failed to find provider info for com.sec.android.app.launcher.settings
03-20 02:24:46.968 E/ActivityThread( 4584): Failed to find provider info for com.sec.android.app.launcher.providers.LauncherProvider
03-20 02:24:46.969 E/ActivityThread( 4584): Failed to find provider info for com.miui.home.launcher.settings
03-20 02:24:46.969 E/ActivityThread( 4584): Failed to find provider info for com.huawei.android.launcher.settings
03-20 02:24:46.970 E/ActivityThread( 4584): Failed to find provider info for com.oppo.launcher.settings
03-20 02:24:46.971 E/ActivityThread( 4584): Failed to find provider info for com.oppo.launcher.settings
03-20 02:24:46.971 E/ActivityThread( 4584): Failed to find provider info for com.android.launcher3.settings
03-20 02:24:46.972 E/ActivityThread( 4584): Failed to find provider info for com.bbk.launcher2.settings
03-20 02:24:47.029 E/ActivityThread( 4584): Failed to find provider info for com.google.android.googlequicksearchbox.settings
03-20 02:24:48.326 D/Launcher.Model( 4584): onReceive:action=android.intent.action.PACKAGE_CHANGED
03-20 02:24:48.354 I/InputReader(17992): Reconfiguring input devices.  changes=0x00000010
03-20 02:24:48.405 D/Documents( 4000): Update found 8 roots in 6ms
03-20 02:24:48.483 W/AppsFlyer_4.7.4( 4584): killing non-finished tasks
03-20 02:24:48.484 D/AppsFlyer_4.7.4( 4584): InterruptedException!!!
03-20 02:24:48.484 W/AppsFlyer_4.7.4( 4584): killing non-finished tasks
03-20 02:24:48.559 D/audio_hw_primary(17775): disable_audio_route: reset and update mixer path: low-latency-playback
03-20 02:24:48.559 D/audio_hw_primary(17775): disable_snd_device: snd_device(2: speaker)
03-20 02:24:48.583 I/Icing   (18675): IndexChimeraService.getServiceInterface callingPackage=com.google.android.gms componentName=AppsCorpus serviceId=36
03-20 02:24:48.583 I/Icing   (18675): IndexChimeraService.getServiceInterface callingPackage=com.google.android.gms componentName=AppsCorpus serviceId=32
03-20 02:24:48.598 I/Launcher( 4584): Deferring update until onResume
03-20 02:24:48.670 I/Icing   (18675): Usage reports ok 1, Failed Usage reports 0, indexed 0, rejected 0, imm upload false
03-20 02:24:48.691 I/Icing   (18675): Usage reports ok 0, Failed Usage reports 0, indexed 0, rejected 0, imm upload false
03-20 02:24:49.714 I/Icing   (18675): Indexing 4B50E844EC973035396D40266FAC019ADBE2375C from com.google.android.gms
03-20 02:24:49.808 I/Icing   (18675): Indexing done 4B50E844EC973035396D40266FAC019ADBE2375C
03-20 02:24:49.818 I/IcingNotification(18923): Received intent: Intent { act=com.google.android.gms.icing.IME_NOTIFICATION flg=0x10 pkg=com.google.android.inputmethod.latin (has extras) }
03-20 02:24:54.603 D/ConnectivityService(17992): updateNetworkScore for NetworkAgentInfo [WIFI () - 101] to 56
03-20 02:24:59.355 I/ThermalEngine(  211): TM Id 'SKIN_THERMAL_management_1' Sensor 'xo_therm_pu2' - alarm cleared 3 at 42.0 degC
03-20 02:24:59.355 I/ThermalEngine(  211): ACTION: CPU - Setting CPU[0] to 1574400
03-20 02:24:59.355 I/ThermalEngine(  211): ACTION: CPU - Setting CPU[1] to 1574400
03-20 02:24:59.355 I/ThermalEngine(  211): ACTION: CPU - Setting CPU[2] to 1574400
03-20 02:24:59.355 I/ThermalEngine(  211): ACTION: CPU - Setting CPU[3] to 1574400
03-20 02:24:59.356 I/ThermalEngine(  211): ACTION: LCD - Setting max LCD brightness to 204
03-20 02:24:59.358 I/ThermalEngine(  211): Setting curr LCD brightness to 203
03-20 02:25:00.515 I/ActivityManager(17992): Start proc 5635:com.cmcm.shorts/u0a271 for service com.cmcm.shorts/com.app.infoc.MainService
03-20 02:25:00.727 I/GMPM    ( 5635): App measurement is starting up
03-20 02:25:00.754 W/Settings( 5635): Setting android_id has moved from android.provider.Settings.System to android.provider.Settings.Secure, returning read-only value.
03-20 02:25:00.776 D/RongLog ( 5635): [ RongIMClient ] init : com.cmcm.shorts, com.cmcm.shorts
03-20 02:25:00.785 I/RongLog ( 5635): [ RongIMClient ] RongIMClient
03-20 02:25:00.847 I/ActivityManager(17992): Start proc 5661:com.cmcm.shorts:ipc/u0a271 for service com.cmcm.shorts/io.rong.imlib.ipc.RongService
03-20 02:25:00.857 D/ImageLoader( 5635): Initialize ImageLoader with configuration
03-20 02:25:00.916 W/Settings( 5661): Setting android_id has moved from android.provider.Settings.System to android.provider.Settings.Secure, returning read-only value.
03-20 02:25:00.936 I/ActivityManager(17992): Start proc 5695:io.rong.push/u0a271 for service com.cmcm.shorts/io.rong.push.PushService
03-20 02:25:00.937 D/RongLog ( 5661): [ RongIMClient ] init : com.cmcm.shorts:ipc, com.cmcm.shorts
03-20 02:25:00.937 E/RongLog ( 5661): [ RongIMClient ] SDK should init in main process.
03-20 02:25:00.956 D/ImageLoader( 5661): Initialize ImageLoader with configuration
03-20 02:25:01.009 W/System.err( 5635): Commons.readAssetsFileLineString :cn2ÈîôËØØ
03-20 02:25:01.021 W/art     ( 5635): Suspending all threads took: 6.170ms
03-20 02:25:01.037 W/Settings( 5695): Setting android_id has moved from android.provider.Settings.System to android.provider.Settings.Secure, returning read-only value.
03-20 02:25:01.041 D/RongLog ( 5695): [ RongIMClient ] init : io.rong.push, com.cmcm.shorts
03-20 02:25:01.042 E/RongLog ( 5695): [ RongIMClient ] SDK should init in main process.
03-20 02:25:01.072 D/ImageLoader( 5695): Initialize ImageLoader with configuration
03-20 02:25:01.087 D/J4A     ( 5661): J4ALoader: OK: 'android.os.Build$VERSION' loaded
03-20 02:25:01.087 D/J4A     ( 5661): J4ALoader: OK: 'android.os.Build' loaded
03-20 02:25:01.087 D/J4A     ( 5661): J4ALoader: OK: 'java.nio.Buffer' loaded
03-20 02:25:01.087 D/J4A     ( 5661): J4ALoader: OK: 'java.nio.ByteBuffer' loaded
03-20 02:25:01.087 D/J4A     ( 5661): J4ALoader: OK: 'java.util.ArrayList' loaded
03-20 02:25:01.088 I/J4A     ( 5661): API-Level: 23
03-20 02:25:01.088 D/J4A     ( 5661): J4ALoader: OK: 'android.media.AudioTrack' loaded
03-20 02:25:01.088 D/J4A     ( 5661): J4ALoader: OK: 'android.media.MediaCodec$BufferInfo' loaded
03-20 02:25:01.088 D/J4A     ( 5661): J4ALoader: OK: 'android.media.MediaCodec' loaded
03-20 02:25:01.089 D/J4A     ( 5661): J4ALoader: OK: 'android.media.MediaFormat' loaded
03-20 02:25:01.089 D/J4A     ( 5661): J4ALoader: OK: 'android.media.PlaybackParams' loaded
03-20 02:25:01.090 D/J4A     ( 5661): J4ALoader: OK: 'android.os.Bundle' loaded
03-20 02:25:01.090 D/J4A     ( 5661): J4ALoader: OK: 'tv.danmaku.ijk.media.player.misc.IMediaDataSource' loaded
03-20 02:25:01.090 D/J4A     ( 5661): J4ALoader: OK: 'tv.danmaku.ijk.media.player.misc.IAndroidIO' loaded
03-20 02:25:01.090 D/J4A     ( 5661): J4ALoader: OK: 'tv.danmaku.ijk.media.player.IjkMediaPlayer' loaded
03-20 02:25:01.105 I/GeofencerStateMachine(18786): sendNewLocationAvailability: availability=LocationAvailability[isLocationAvailable: true]
03-20 02:25:01.121 D/IJKMEDIA( 5661): IjkMediaPlayer_native_setLogLevel(3)
03-20 02:25:01.121 D/IJKMEDIA( 5661): moncleanup
03-20 02:25:01.128 W/ResourceType( 5661): No package identifier when getting value for resource number 0x00000000
03-20 02:25:01.137 D/RongLog ( 5661): [ RongService ] onCreate, pid=5661
03-20 02:25:01.137 D/RongLog ( 5661): [ RongService ] onBind, pid=5661
03-20 02:25:01.150 W/Settings( 5635): Setting android_id has moved from android.provider.Settings.System to android.provider.Settings.Secure, returning read-only value.
03-20 02:25:01.151 W/Settings( 5635): Setting android_id has moved from android.provider.Settings.System to android.provider.Settings.Secure, returning read-only value.
03-20 02:25:01.154 I/cm.log.uipro( 5635): [JSLOG][D]/ start update local web.
03-20 02:25:01.162 I/base_log( 5635): [InitApplication][D]/ Version: 2.1.3 Device: Nexus 5 Time: 2018-03-20 02:25:01
03-20 02:25:01.167 D/J4A     ( 5695): J4ALoader: OK: 'android.os.Build$VERSION' loaded
03-20 02:25:01.167 D/J4A     ( 5695): J4ALoader: OK: 'android.os.Build' loaded
03-20 02:25:01.167 D/J4A     ( 5695): J4ALoader: OK: 'java.nio.Buffer' loaded
03-20 02:25:01.167 D/J4A     ( 5695): J4ALoader: OK: 'java.nio.ByteBuffer' loaded
03-20 02:25:01.168 D/J4A     ( 5695): J4ALoader: OK: 'java.util.ArrayList' loaded
03-20 02:25:01.168 I/J4A     ( 5695): API-Level: 23
03-20 02:25:01.168 D/J4A     ( 5695): J4ALoader: OK: 'android.media.AudioTrack' loaded
03-20 02:25:01.168 D/J4A     ( 5695): J4ALoader: OK: 'android.media.MediaCodec$BufferInfo' loaded
03-20 02:25:01.168 D/J4A     ( 5695): J4ALoader: OK: 'android.media.MediaCodec' loaded
03-20 02:25:01.168 I/RongLog ( 5661): [ NativeClient ] init db path = /data/user/0/com.cmcm.shorts/files
03-20 02:25:01.169 D/J4A     ( 5695): J4ALoader: OK: 'android.media.MediaFormat' loaded
03-20 02:25:01.169 I/cm.log.uipro( 5635): [JSLOG][D]/ finish update local web.
03-20 02:25:01.169 D/J4A     ( 5695): J4ALoader: OK: 'android.media.PlaybackParams' loaded
03-20 02:25:01.169 D/J4A     ( 5695): J4ALoader: OK: 'android.os.Bundle' loaded
03-20 02:25:01.170 D/J4A     ( 5695): J4ALoader: OK: 'tv.danmaku.ijk.media.player.misc.IMediaDataSource' loaded
03-20 02:25:01.170 D/J4A     ( 5695): J4ALoader: OK: 'tv.danmaku.ijk.media.player.misc.IAndroidIO' loaded
03-20 02:25:01.170 D/J4A     ( 5695): J4ALoader: OK: 'tv.danmaku.ijk.media.player.IjkMediaPlayer' loaded
03-20 02:25:01.185 D/RongLog ( 5661): [ RongLog ] RLog init.
03-20 02:25:01.192 D/RongLog ( 5661): [ RongLog ] upload_log, sMonitorMode = 0
03-20 02:25:01.196 D/IJKMEDIA( 5695): IjkMediaPlayer_native_setLogLevel(3)
03-20 02:25:01.196 D/IJKMEDIA( 5695): moncleanup
03-20 02:25:01.202 W/ResourceType( 5695): No package identifier when getting value for resource number 0x00000000
03-20 02:25:01.214 W/System.err( 5695): java.io.FileNotFoundException: armeabi-v7a/push_daemon
03-20 02:25:01.218 W/System.err( 5695): 	at android.content.res.AssetManager.openAsset(Native Method)
03-20 02:25:01.218 W/System.err( 5695): 	at android.content.res.AssetManager.open(AssetManager.java:313)
03-20 02:25:01.218 W/System.err( 5695): 	at android.content.res.AssetManager.open(AssetManager.java:287)
03-20 02:25:01.218 W/System.err( 5695): 	at io.rong.push.core.PushDaemon.copyAssets(PushDaemon.java:105)
03-20 02:25:01.218 W/System.err( 5695): 	at io.rong.push.core.PushDaemon.installDaemon(PushDaemon.java:35)
03-20 02:25:01.219 W/System.err( 5695): 	at io.rong.push.core.PushDaemon.access$100(PushDaemon.java:22)
03-20 02:25:01.219 W/System.err( 5695): 	at io.rong.push.core.PushDaemon$1.run(PushDaemon.java:75)
03-20 02:25:01.219 W/System.err( 5695): 	at java.lang.Thread.run(Thread.java:818)
03-20 02:25:01.246 D/J4A     ( 5635): J4ALoader: OK: 'android.os.Build$VERSION' loaded
03-20 02:25:01.246 D/J4A     ( 5635): J4ALoader: OK: 'android.os.Build' loaded
03-20 02:25:01.246 D/J4A     ( 5635): J4ALoader: OK: 'java.nio.Buffer' loaded
03-20 02:25:01.246 D/J4A     ( 5635): J4ALoader: OK: 'java.nio.ByteBuffer' loaded
03-20 02:25:01.246 D/J4A     ( 5635): J4ALoader: OK: 'java.util.ArrayList' loaded
03-20 02:25:01.246 I/J4A     ( 5635): API-Level: 23
03-20 02:25:01.246 D/J4A     ( 5635): J4ALoader: OK: 'android.media.AudioTrack' loaded
03-20 02:25:01.246 D/J4A     ( 5635): J4ALoader: OK: 'android.media.MediaCodec$BufferInfo' loaded
03-20 02:25:01.246 D/J4A     ( 5635): J4ALoader: OK: 'android.media.MediaCodec' loaded
03-20 02:25:01.248 D/J4A     ( 5635): J4ALoader: OK: 'android.media.MediaFormat' loaded
03-20 02:25:01.248 D/J4A     ( 5635): J4ALoader: OK: 'android.media.PlaybackParams' loaded
03-20 02:25:01.248 D/J4A     ( 5635): J4ALoader: OK: 'android.os.Bundle' loaded
03-20 02:25:01.248 D/J4A     ( 5635): J4ALoader: OK: 'tv.danmaku.ijk.media.player.misc.IMediaDataSource' loaded
03-20 02:25:01.248 D/J4A     ( 5635): J4ALoader: OK: 'tv.danmaku.ijk.media.player.misc.IAndroidIO' loaded
03-20 02:25:01.248 D/J4A     ( 5635): J4ALoader: OK: 'tv.danmaku.ijk.media.player.IjkMediaPlayer' loaded
03-20 02:25:01.272 D/IJKMEDIA( 5635): IjkMediaPlayer_native_setLogLevel(3)
03-20 02:25:01.272 D/IJKMEDIA( 5635): moncleanup
03-20 02:25:01.276 W/ResourceType( 5635): No package identifier when getting value for resource number 0x00000000
03-20 02:25:01.290 I/base_log( 5635): [zxhtest_trivia][D]/ TriviaNotificationPresenter init isInit false
03-20 02:25:01.291 I/base_log( 5635): [zxhtest_trivia][D]/ TriviaNotificationPresenter loadData 
03-20 02:25:01.293 I/base_log( 5635): [zxhtest_trivia][D]/ postAlarm error delayTimeMillis < 0 -1
03-20 02:25:01.294 I/base_log( 5635): [zxhtest_trivia][D]/ registerAlarmReceiver
03-20 02:25:01.295 I/base_log( 5635): [zxhtest_trivia][D]/ registerCloudDataChangeReceiver
03-20 02:25:01.297 I/base_log( 5635): [zxhtest_trivia][D]/ registerTimeChangedReceiver
03-20 02:25:01.328 I/base_log( 5635): [ConnectionManager][D]/  mConnectState = 0
03-20 02:25:01.331 I/base_log( 5635): [realConnect][D]/ java.lang.Throwable
03-20 02:25:01.331 I/base_log( 5635): 	at com.cmcm.letter.util.ConnectionManager.e(ConnectionManager.java:128)
03-20 02:25:01.331 I/base_log( 5635): 	at com.cmcm.letter.util.ConnectionManager.b(ConnectionManager.java:114)
03-20 02:25:01.331 I/base_log( 5635): 	at com.app.infoc.MainService.onCreate(MainService.java:59)
03-20 02:25:01.331 I/base_log( 5635): 	at android.app.ActivityThread.handleCreateService(ActivityThread.java:2877)
03-20 02:25:01.331 I/base_log( 5635): 	at android.app.ActivityThread.-wrap4(ActivityThread.java)
03-20 02:25:01.331 I/base_log( 5635): 	at android.app.ActivityThread$H.handleMessage(ActivityThread.java:1427)
03-20 02:25:01.331 I/base_log( 5635): 	at android.os.Handler.dispatchMessage(Handler.java:102)
03-20 02:25:01.331 I/base_log( 5635): 	at android.os.Looper.loop(Looper.java:148)
03-20 02:25:01.331 I/base_log( 5635): 	at android.app.ActivityThread.main(ActivityThread.java:5417)
03-20 02:25:01.331 I/base_log( 5635): 	at java.lang.reflect.Method.invoke(Native Method)
03-20 02:25:01.331 I/base_log( 5635): 	at com.android.internal.os.ZygoteInit$MethodAndArgsCaller.run(ZygoteInit.java:726)
03-20 02:25:01.331 I/base_log( 5635): 	at com.android.internal.os.ZygoteInit.main(ZygoteInit.java:616)
03-20 02:25:01.332 I/record_logger( 5635): ConnectionManager::connect stoken =hnXAjGJ5uvCl0XkWBi5YSv0dcoTdYU/G8+mJBRGPlfFgqJK7tlJfrxDobKWSYer+QfRx2MTRfgz/3BiF8v4CC2B7mlF/pK/bNn2r9CxLd9A=
03-20 02:25:01.335 D/RongLog ( 5635): [ RongIMClient ] [connect] mLibHandler is null, connect waiting for bind service
03-20 02:25:01.359 I/record_logger( 5635): [cmim:client] start()
03-20 02:25:01.360 I/record_logger( 5635): [cmim:app] start()
03-20 02:25:01.360 I/record_logger( 5635): [cmim:app] start(). creating worker thread.
03-20 02:25:01.362 I/record_logger( 5635): [cmim:network] start()
03-20 02:25:01.362 I/record_logger( 5635): [cmim:network] start(): starting worker thread.
03-20 02:25:01.367 I/RongLog ( 5635): [ RongIMClient ] initMessageReceiver
03-20 02:25:01.385 I/RongLog ( 5635): [ ModuleManager ] init
03-20 02:25:01.386 I/RongLog ( 5635): [ ModuleManager ] Can not find RongCallClient module.
03-20 02:25:01.402 I/RongLog ( 5635): [ RealTimeLocationManager ] init false
03-20 02:25:01.404 W/ResourceType( 5635): No package identifier when getting value for resource number 0x00000000
03-20 02:25:01.406 W/ResourceType( 5635): Invalid package identifier when getting bag for resource number 0x00000000
03-20 02:25:01.409 I/RongLog ( 5635): [ CustomServiceManager ] init false
03-20 02:25:01.424 D/RongLog ( 5635): [ RongIMClient ] onServiceConnected mConnectionStatus = DISCONNECTED
03-20 02:25:01.441 D/RongLog ( 5635): [ ConnectChangeReceiver ] intent : Intent { act=android.net.conn.CONNECTIVITY_CHANGE flg=0x4000010 (has extras) }
03-20 02:25:01.442 D/RongLog ( 5635): [ ConnectChangeReceiver ] network : true false
03-20 02:25:01.442 E/RongLog ( 5635): [ ConnectChangeReceiver ] Network exception : true, false
03-20 02:25:01.442 D/RongLog ( 5635): [ RongIMClient ] ConnectRunnable do connect!
03-20 02:25:01.444 D/RongLog ( 5635): [ RongIMClient ] onStatusChange : cur = DISCONNECTED, to = CONNECTING, retry = 0
03-20 02:25:01.446 I/record_logger( 5635): ChatRoomClient::onConnectionStatusChanged:Connecting
03-20 02:25:01.450 I/cm.log.uipro( 5635): [IM][D]/ RY Connect change: CONNECTING
03-20 02:25:01.450 D/RongLog ( 5635): [ RongIMClient ] [connect] connect
03-20 02:25:01.485 D/RongLog ( 5661): [ NavigationClient ] [connect] isCacheValid:false
03-20 02:25:01.486 D/RongLog ( 5661): [ NavigationClient ] [connect] request appKey:n19jmcy593l19, token:hnXAjGJ5uvCl0XkWBi5YSv0dcoTdYU/G8+mJBRGPlfFgqJK7tlJfrxDobKWSYer+QfRx2MTRfgz/3BiF8v4CC2B7mlF/pK/bNn2r9CxLd9A=, forceUpdate:false
03-20 02:25:02.404 I/record_logger( 5635): [cmim:network] WorkerHandler: MSG_DO_CONNECT
03-20 02:25:02.404 I/record_logger( 5635): [cmim:client] connectStatus: CS_NOT_CONNECTED -> CS_CONNECTING
03-20 02:25:02.451 I/cm.log.uipro( 5635): [IM][D]/ CMIM Connect change: CS_CONNECTING
03-20 02:25:02.467 I/record_logger( 5635): [cmim:network] doConnect(). im.live.ksmobile.net:80
03-20 02:25:02.468 I/record_logger( 5635): [IMReporter] kid=1, reason=[]
03-20 02:25:02.475 W/Settings( 5635): Setting android_id has moved from android.provider.Settings.System to android.provider.Settings.Secure, returning read-only value.
03-20 02:25:02.494 D/WifiService(17992): New client listening to asynchronous messages
03-20 02:25:02.498 W/Settings( 5635): Setting android_id has moved from android.provider.Settings.System to android.provider.Settings.Secure, returning read-only value.
03-20 02:25:05.273 W/System.err( 5695): java.net.SocketTimeoutException: failed to connect to /52.39.10.96 (port 8600) after 4000ms
03-20 02:25:05.274 W/System.err( 5695): 	at libcore.io.IoBridge.connectErrno(IoBridge.java:169)
03-20 02:25:05.274 W/System.err( 5695): 	at libcore.io.IoBridge.connect(IoBridge.java:122)
03-20 02:25:05.274 W/System.err( 5695): 	at java.net.PlainSocketImpl.connect(PlainSocketImpl.java:183)
03-20 02:25:05.274 W/System.err( 5695): 	at java.net.PlainSocketImpl.connect(PlainSocketImpl.java:452)
03-20 02:25:05.274 W/System.err( 5695): 	at java.net.Socket.connect(Socket.java:884)
03-20 02:25:05.275 W/System.err( 5695): 	at io.rong.push.core.PushClient.connect(PushClient.java:43)
03-20 02:25:05.275 W/System.err( 5695): 	at io.rong.push.core.PushConnectivityManager.internalConnect(PushConnectivityManager.java:263)
03-20 02:25:05.275 W/System.err( 5695): 	at io.rong.push.core.PushConnectivityManager.access$200(PushConnectivityManager.java:42)
03-20 02:25:05.275 W/System.err( 5695): 	at io.rong.push.core.PushConnectivityManager$DisconnectedState.processMessage(PushConnectivityManager.java:245)
03-20 02:25:05.275 W/System.err( 5695): 	at io.rong.push.common.stateMachine.StateMachine$SmHandler.processMsg(StateMachine.java:966)
03-20 02:25:05.276 W/System.err( 5695): 	at io.rong.push.common.stateMachine.StateMachine$SmHandler.handleMessage(StateMachine.java:789)
03-20 02:25:05.276 W/System.err( 5695): 	at android.os.Handler.dispatchMessage(Handler.java:102)
03-20 02:25:05.276 W/System.err( 5695): 	at android.os.Looper.loop(Looper.java:148)
03-20 02:25:05.276 W/System.err( 5695): 	at android.os.HandlerThread.run(HandlerThread.java:61)
03-20 02:25:06.605 I/art     ( 5490): System.exit called, status: 0
03-20 02:25:06.605 I/AndroidRuntime( 5490): VM exiting with result code 0, cleanup skipped.
03-20 02:25:06.671 I/ActivityManager(17992): Process com.ksmobile.launcher:crash_service (pid 5490) has died
03-20 02:25:06.671 D/ActivityManager(17992): cleanUpApplicationRecord -- 5490
03-20 02:25:15.941 I/ActivityManager(17992): Waited long enough for: ServiceRecord{14e8f55 u0 com.cmcm.shorts/io.rong.push.PushService}
03-20 02:25:22.106 D//data/user/0/com.ksmobile.launcher/lib/libkcmutil.so( 4584): true
03-20 02:25:22.142 E/InfocLog( 4584):  read imei in getinstance, again 
03-20 02:25:22.249 W/KInfoc  ( 4584): The data section count is not equal! table:launcher_theme_iconout, count in format:1, count in data:3.
03-20 02:25:22.253 W/KInfoc  ( 4584): The data section count is not equal! table:launcher_theme_iconout, count in format:1, count in data:3.
03-20 02:25:22.256 W/KInfoc  ( 4584): The data section count is not equal! table:launcher_mover_mainscreen, count in format:3, count in data:5.
03-20 02:25:22.258 W/KInfoc  ( 4584): The data section count is not equal! table:launcher_cold_start_click, count in format:2, count in data:4.
03-20 02:25:22.261 W/KInfoc  ( 4584): The data section count is not equal! table:launcher_state_times, count in format:3, count in data:5.
03-20 02:25:22.364 W/KInfoc  ( 4584): The data section count is not equal! table:launcher_locale_change, count in format:5, count in data:2.
03-20 02:25:22.417 W/KInfoc  ( 4584): The data section count is not equal! table:launcher_cold_start_in, count in format:1, count in data:3.
03-20 02:25:22.662 W/KInfoc  ( 4584): The data section count is not equal! table:Launcher_app_install, count in format:2, count in data:4.
03-20 02:25:22.667 W/KInfoc  ( 4584): The data section count is not equal! table:Launcher_app_install, count in format:2, count in data:4.
03-20 02:25:22.672 W/KInfoc  ( 4584): The data section count is not equal! table:launcher_folder_num, count in format:3, count in data:5.
03-20 02:25:22.715 W/KInfoc  ( 4584): The data section count is not equal! table:launcher_folder_fclassify, count in format:2, count in data:4.
03-20 02:25:22.719 W/KInfoc  ( 4584): The data section count is not equal! table:launcher_folder_fclassify, count in format:2, count in data:4.
03-20 02:25:22.723 W/KInfoc  ( 4584): The data section count is not equal! table:launcher_folder_fclassify, count in format:2, count in data:4.
03-20 02:25:22.727 W/KInfoc  ( 4584): The data section count is not equal! table:launcher_folder_fclassify, count in format:2, count in data:4.
03-20 02:25:22.731 W/KInfoc  ( 4584): The data section count is not equal! table:launcher_in_sd, count in format:2, count in data:4.
03-20 02:25:22.735 W/KInfoc  ( 4584): The data section count is not equal! table:launcher_folder_fclassify, count in format:2, count in data:4.
03-20 02:25:22.740 W/KInfoc  ( 4584): The data section count is not equal! table:launcher_folder_network_error, count in format:2, count in data:4.
03-20 02:25:22.744 W/KInfoc  ( 4584): The data section count is not equal! table:launcher_start_time, count in format:3, count in data:5.
03-20 02:25:22.748 W/KInfoc  ( 4584): The data section count is not equal! table:launcher_load_time, count in format:2, count in data:4.
03-20 02:25:23.279 W/KInfoc  ( 4584): The data section count is not equal! table:launcher_wea_request, count in format:1, count in data:3.
03-20 02:25:23.299 W/KInfoc  ( 4584): The data section count is not equal! table:launcher_wea_loc_success, count in format:7, count in data:8.
03-20 02:25:23.584 W/KInfoc  ( 4584): The data section count is not equal! table:launcher_config_success, count in format:4, count in data:6.
03-20 02:25:23.610 W/KInfoc  ( 4584): The data section count is not equal! table:launcher_mover_widgeticon_num, count in format:1, count in data:3.
03-20 02:25:24.338 W/KInfoc  ( 4584): The data section count is not equal! table:launcher_theme_pushicon, count in format:1, count in data:3.
03-20 02:25:24.866 D/ConnectivityService(17992): updateNetworkScore for NetworkAgentInfo [WIFI () - 101] to 60
03-20 02:25:24.885 W/KInfoc  ( 4584): The data section count is not equal! table:launcher_app_pushicon, count in format:3, count in data:5.
03-20 02:25:24.897 W/KInfoc  ( 4584): The data section count is not equal! table:launcher_app_pushicon, count in format:3, count in data:5.
03-20 02:25:24.901 W/KInfoc  ( 4584): The data section count is not equal! table:launcher_app_pushicon, count in format:3, count in data:5.
03-20 02:25:24.907 W/KInfoc  ( 4584): The data section count is not equal! table:launcher_app_pushicon, count in format:3, count in data:5.
03-20 02:25:24.926 W/KInfoc  ( 4584): The data section count is not equal! table:launcher_app_pushicon, count in format:3, count in data:5.
03-20 02:25:24.953 W/KInfoc  ( 4584): The data section count is not equal! table:launcher_app_pushicon, count in format:3, count in data:5.
03-20 02:25:24.969 W/KInfoc  ( 4584): The data section count is not equal! table:launcher_theme_pushicon, count in format:1, count in data:3.
03-20 02:25:24.985 D/KInfocBatchReporter( 4584):  [ BATCH REPORT ]
03-20 02:25:24.985 D/KInfocBatchReporter( 4584): com.ksmobile.infoc.c.d@aa62b25
03-20 02:25:25.336 E/InfocLog( 4584): https upload infoc data [common]
03-20 02:25:25.336 E/InfocLog( 4584): result=1
03-20 02:25:25.336 E/InfocLog( 4584): time=1521527127¿Ä
03-20 02:25:25.359 D/KInfocBatchReporter( 4584):     * SUCCESS
03-20 02:25:25.378 D/KInfocBatchReporter( 4584):  * REPORT SUCCESS : DC+H=31 DC=30 SIZE=579
03-20 02:25:27.436 E/InfocLog( 4584):  read imei in getinstance, again 
03-20 02:25:27.439 W/KInfoc  ( 4584): The data section count is not equal! table:launcher_screen_layout, count in format:2, count in data:4.
03-20 02:25:27.458 W/KInfoc  ( 4584): The data section count is not equal! table:launcher_wea_fail_info, count in format:4, count in data:6.
03-20 02:25:27.476 W/KInfoc  ( 4584): The data section count is not equal! table:launcher_wea_fail_info, count in format:4, count in data:6.
03-20 02:25:27.482 W/KInfoc  ( 4584): The data section count is not equal! table:launcher_setting_default_select_new, count in format:2, count in data:4.
03-20 02:25:27.486 W/KInfoc  ( 4584): The data section count is not equal! table:launcher_desktop_setwallpaper, count in format:2, count in data:4.
03-20 02:25:27.490 W/KInfoc  ( 4584): The data section count is not equal! table:launcher_startpage_request_mediation_ad, count in format:2, count in data:4.
03-20 02:25:27.503 W/KInfoc  ( 4584): The data section count is not equal! table:launcher_popup_channel, count in format:2, count in data:4.
03-20 02:25:27.512 W/KInfoc  ( 4584): The data section count is not equal! table:launcher_state_times, count in format:3, count in data:5.
03-20 02:25:27.515 W/KInfoc  ( 4584): The data section count is not equal! table:launcher_wea_request, count in format:1, count in data:3.
03-20 02:25:27.519 W/KInfoc  ( 4584): The data section count is not equal! table:launcher_boost_mem_start, count in format:2, count in data:4.
03-20 02:25:27.525 W/KInfoc  ( 4584): The data section count is not equal! table:launcher_popup_channel, count in format:2, count in data:4.
03-20 02:25:28.973 W/KInfoc  ( 4584): The data section count is not equal! table:launcher_startpage_request_mediation_ad, count in format:2, count in data:4.
03-20 02:25:29.363 W/KInfoc  ( 4584): The data section count is not equal! table:launcher_boost_mem_end, count in format:2, count in data:4.
03-20 02:25:30.914 D/ConnectivityService(17992): updateNetworkScore for NetworkAgentInfo [WIFI () - 101] to 56
03-20 02:25:31.526 W/System.err( 5661): java.net.SocketTimeoutException: failed to connect to navus.cn.ronghub.com/117.79.145.230 (port 80) after 30000ms
03-20 02:25:31.526 W/System.err( 5661): 	at libcore.io.IoBridge.connectErrno(IoBridge.java:169)
03-20 02:25:31.526 W/System.err( 5661): 	at libcore.io.IoBridge.connect(IoBridge.java:122)
03-20 02:25:31.527 W/System.err( 5661): 	at java.net.PlainSocketImpl.connect(PlainSocketImpl.java:183)
03-20 02:25:31.527 W/System.err( 5661): 	at java.net.PlainSocketImpl.connect(PlainSocketImpl.java:452)
03-20 02:25:31.527 W/System.err( 5661): 	at java.net.Socket.connect(Socket.java:884)
03-20 02:25:31.527 W/System.err( 5661): 	at com.android.okhttp.internal.Platform.connectSocket(Platform.java:117)
03-20 02:25:31.527 W/System.err( 5661): 	at com.android.okhttp.internal.http.SocketConnector.connectRawSocket(SocketConnector.java:160)
03-20 02:25:31.527 W/System.err( 5661): 	at com.android.okhttp.internal.http.SocketConnector.connectCleartext(SocketConnector.java:67)
03-20 02:25:31.527 W/System.err( 5661): 	at com.android.okhttp.Connection.connect(Connection.java:152)
03-20 02:25:31.528 W/System.err( 5661): 	at com.android.okhttp.Connection.connectAndSetOwner(Connection.java:185)
03-20 02:25:31.528 W/System.err( 5661): 	at com.android.okhttp.OkHttpClient$1.connectAndSetOwner(OkHttpClient.java:128)
03-20 02:25:31.528 W/System.err( 5661): 	at com.android.okhttp.internal.http.HttpEngine.nextConnection(HttpEngine.java:341)
03-20 02:25:31.528 W/System.err( 5661): 	at com.android.okhttp.internal.http.HttpEngine.connect(HttpEngine.java:330)
03-20 02:25:31.528 W/System.err( 5661): 	at com.android.okhttp.internal.http.HttpEngine.sendRequest(HttpEngine.java:248)
03-20 02:25:31.528 W/System.err( 5661): 	at com.android.okhttp.internal.huc.HttpURLConnectionImpl.execute(HttpURLConnectionImpl.java:437)
03-20 02:25:31.529 W/System.err( 5661): 	at com.android.okhttp.internal.huc.HttpURLConnectionImpl.connect(HttpURLConnectionImpl.java:114)
03-20 02:25:31.529 W/System.err( 5661): 	at com.android.okhttp.internal.huc.HttpURLConnectionImpl.getOutputStream(HttpURLConnectionImpl.java:245)
03-20 02:25:31.529 W/System.err( 5661): 	at io.rong.imlib.navigation.NavigationClient.createConnection(NavigationClient.java:393)
03-20 02:25:31.529 W/System.err( 5661): 	at io.rong.imlib.navigation.NavigationClient.request(NavigationClient.java:223)
03-20 02:25:31.529 W/System.err( 5661): 	at io.rong.imlib.navigation.NavigationClient.requestAndRetry(NavigationClient.java:204)
03-20 02:25:31.529 W/System.err( 5661): 	at io.rong.imlib.navigation.NavigationClient.access$200(NavigationClient.java:38)
03-20 02:25:31.529 W/System.err( 5661): 	at io.rong.imlib.navigation.NavigationClient$1.run(NavigationClient.java:112)
03-20 02:25:31.530 W/System.err( 5661): 	at java.util.concurrent.Executors$RunnableAdapter.call(Executors.java:423)
03-20 02:25:31.530 W/System.err( 5661): 	at java.util.concurrent.FutureTask.run(FutureTask.java:237)
03-20 02:25:31.530 W/System.err( 5661): 	at java.util.concurrent.ThreadPoolExecutor.runWorker(ThreadPoolExecutor.java:1113)
03-20 02:25:31.530 W/System.err( 5661): 	at java.util.concurrent.ThreadPoolExecutor$Worker.run(ThreadPoolExecutor.java:588)
03-20 02:25:31.530 W/System.err( 5661): 	at java.lang.Thread.run(Thread.java:818)
03-20 02:25:31.547 I/RongLog ( 5661): [ NavigationClient ] request end: 0, force = false
03-20 02:25:31.563 D/RongLog ( 5661): [ NavigationClient ] [connect] request appKey:n19jmcy593l19, token:hnXAjGJ5uvCl0XkWBi5YSv0dcoTdYU/G8+mJBRGPlfFgqJK7tlJfrxDobKWSYer+QfRx2MTRfgz/3BiF8v4CC2B7mlF/pK/bNn2r9CxLd9A=, forceUpdate:false
03-20 02:25:34.159 W/KInfoc  ( 4584): The data section count is not equal! table:launcher_setdefault_dialogue, count in format:4, count in data:6.
03-20 02:25:36.834 W/KInfoc  ( 4584): The data section count is not equal! table:launcher_startpage_config, count in format:2, count in data:4.
03-20 02:25:37.557 E/InfocLog( 4584):  read imei in getinstance, again 
03-20 02:25:37.577 W/KInfoc  ( 4584): The data section count is not equal! table:launcher_setdefault_dialogue, count in format:4, count in data:6.
03-20 02:25:38.024 W/KInfoc  ( 4584): The data section count is not equal! table:launcher_setting_default, count in format:1, count in data:3.
03-20 02:25:39.382 I/ThermalEngine(  211): TM Id 'SKIN_THERMAL_management_1' Sensor 'xo_therm_pu2' - alarm cleared 2 at 40.0 degC
03-20 02:25:39.382 I/ThermalEngine(  211): ACTION: CPU - Setting CPU[0] to 1958400
03-20 02:25:39.383 I/ThermalEngine(  211): ACTION: CPU - Setting CPU[1] to 1958400
03-20 02:25:39.383 I/ThermalEngine(  211): ACTION: CPU - Setting CPU[2] to 1958400
03-20 02:25:39.383 I/ThermalEngine(  211): ACTION: CPU - Setting CPU[3] to 1958400
03-20 02:25:39.384 I/ThermalEngine(  211): ACTION: LCD - Setting max LCD brightness to 229
03-20 02:25:39.999 D/ConnectivityService(17992): updateNetworkScore for NetworkAgentInfo [WIFI () - 101] to 60
03-20 02:25:41.440 W/KInfoc  ( 4584): The data section count is not equal! table:launcher_startup, count in format:5, count in data:10.
03-20 02:25:41.450 W/KInfoc  ( 4584): The data section count is not equal! table:launcher_startup, count in format:5, count in data:10.
03-20 02:25:42.412 I/PlayCommon( 3901): [4120] com.google.android.play.b.h.e(263): Preparing logs for uploading
03-20 02:25:42.452 I/PlayCommon( 3901): [4120] com.google.android.play.b.h.a(522): Connecting to server: https://play.googleapis.com/play/log?format=raw&proto_v2=true
03-20 02:25:42.821 I/PlayCommon( 3901): [4120] com.google.android.play.b.h.a(579): Successfully uploaded logs.
03-20 02:25:52.120 D/ConnectivityService(17992): updateNetworkScore for NetworkAgentInfo [WIFI () - 101] to 56
03-20 02:25:55.145 D/ConnectivityService(17992): notifyType CAP_CHANGED for NetworkAgentInfo [WIFI () - 101]
03-20 02:26:01.605 W/System.err( 5661): java.net.SocketTimeoutException: failed to connect to navus.cn.ronghub.com/117.79.145.230 (port 80) after 30000ms
03-20 02:26:01.605 W/System.err( 5661): 	at libcore.io.IoBridge.connectErrno(IoBridge.java:169)
03-20 02:26:01.605 W/System.err( 5661): 	at libcore.io.IoBridge.connect(IoBridge.java:122)
03-20 02:26:01.605 W/System.err( 5661): 	at java.net.PlainSocketImpl.connect(PlainSocketImpl.java:183)
03-20 02:26:01.606 W/System.err( 5661): 	at java.net.PlainSocketImpl.connect(PlainSocketImpl.java:452)
03-20 02:26:01.606 W/System.err( 5661): 	at java.net.Socket.connect(Socket.java:884)
03-20 02:26:01.606 W/System.err( 5661): 	at com.android.okhttp.internal.Platform.connectSocket(Platform.java:117)
03-20 02:26:01.606 W/System.err( 5661): 	at com.android.okhttp.internal.http.SocketConnector.connectRawSocket(SocketConnector.java:160)
03-20 02:26:01.606 W/System.err( 5661): 	at com.android.okhttp.internal.http.SocketConnector.connectCleartext(SocketConnector.java:67)
03-20 02:26:01.606 W/System.err( 5661): 	at com.android.okhttp.Connection.connect(Connection.java:152)
03-20 02:26:01.606 W/System.err( 5661): 	at com.android.okhttp.Connection.connectAndSetOwner(Connection.java:185)
03-20 02:26:01.607 W/System.err( 5661): 	at com.android.okhttp.OkHttpClient$1.connectAndSetOwner(OkHttpClient.java:128)
03-20 02:26:01.607 W/System.err( 5661): 	at com.android.okhttp.internal.http.HttpEngine.nextConnection(HttpEngine.java:341)
03-20 02:26:01.607 W/System.err( 5661): 	at com.android.okhttp.internal.http.HttpEngine.connect(HttpEngine.java:330)
03-20 02:26:01.607 W/System.err( 5661): 	at com.android.okhttp.internal.http.HttpEngine.sendRequest(HttpEngine.java:248)
03-20 02:26:01.607 W/System.err( 5661): 	at com.android.okhttp.internal.huc.HttpURLConnectionImpl.execute(HttpURLConnectionImpl.java:437)
03-20 02:26:01.607 W/System.err( 5661): 	at com.android.okhttp.internal.huc.HttpURLConnectionImpl.connect(HttpURLConnectionImpl.java:114)
03-20 02:26:01.608 W/System.err( 5661): 	at com.android.okhttp.internal.huc.HttpURLConnectionImpl.getOutputStream(HttpURLConnectionImpl.java:245)
03-20 02:26:01.608 W/System.err( 5661): 	at io.rong.imlib.navigation.NavigationClient.createConnection(NavigationClient.java:393)
03-20 02:26:01.608 W/System.err( 5661): 	at io.rong.imlib.navigation.NavigationClient.request(NavigationClient.java:223)
03-20 02:26:01.608 W/System.err( 5661): 	at io.rong.imlib.navigation.NavigationClient.requestAndRetry(NavigationClient.java:210)
03-20 02:26:01.608 W/System.err( 5661): 	at io.rong.imlib.navigation.NavigationClient.access$200(NavigationClient.java:38)
03-20 02:26:01.608 W/System.err( 5661): 	at io.rong.imlib.navigation.NavigationClient$1.run(NavigationClient.java:112)
03-20 02:26:01.608 W/System.err( 5661): 	at java.util.concurrent.Executors$RunnableAdapter.call(Executors.java:423)
03-20 02:26:01.609 W/System.err( 5661): 	at java.util.concurrent.FutureTask.run(FutureTask.java:237)
03-20 02:26:01.609 W/System.err( 5661): 	at java.util.concurrent.ThreadPoolExecutor.runWorker(ThreadPoolExecutor.java:1113)
03-20 02:26:01.609 W/System.err( 5661): 	at java.util.concurrent.ThreadPoolExecutor$Worker.run(ThreadPoolExecutor.java:588)
03-20 02:26:01.609 W/System.err( 5661): 	at java.lang.Thread.run(Thread.java:818)
03-20 02:26:01.622 E/RongLog ( 5661): [ NativeClient ] [connect] addObserver onError, cmpString = 117.79.145.228:8005,52.35.111.246:443,52.35.111.246:8005, errorCode = 30004
03-20 02:26:01.623 I/RongLog ( 5661): [ NavigationClient ] request end: 0, force = false
03-20 02:26:01.641 D/RongLog ( 5661): [ NativeClient ] [connect] times = 1
03-20 02:26:01.671 D/RongLog ( 5661): [ NativeClient ] [connect] device info: LGE, Nexus 5, 23, 2.8.21, , 
03-20 02:26:01.671 D/RongLog ( 5661): [ NativeClient ] [connect] tryConnect::cmp:117.79.145.228:8005, userId : 917877848378048512
03-20 02:26:01.722 I/record_logger( 5635): onRCLogInfoOccurred:P-reason-C;;;tcp_connect;;;ip:117.79.145.228,port:8005
03-20 02:26:01.723 I/base_log( 5635): [onRCLogInfoOccurred:]/ P-reason-C;;;tcp_connect;;;ip:117.79.145.228,port:8005
03-20 02:26:01.723 D/RongLog ( 5661): [ RongLog ] upload = true, P-reason-C;;;tcp_connect;;;ip:117.79.145.228,port:8005
03-20 02:26:03.679 D/AndroidRuntime( 6038): >>>>>> START com.android.internal.os.RuntimeInit uid 2000 <<<<<<
03-20 02:26:03.684 D/AndroidRuntime( 6038): CheckJNI is OFF
03-20 02:26:03.933 D/ICU     ( 6038): No timezone override file found: /data/local/tmp/misc/zoneinfo/current/icu/icu_tzdata.dat
03-20 02:26:04.197 I/Radio-JNI( 6038): register_android_hardware_Radio DONE
03-20 02:26:04.253 D/AndroidRuntime( 6038): Calling main entry com.android.commands.uiautomator.Launcher
03-20 02:26:05.399 W/AccessibilityNodeInfoDumper( 6038): Fetch time: 25ms
03-20 02:26:05.400 W/WindowManager(17992): Attempted to remove non-existing token: android.os.Binder@5cd84b5
03-20 02:26:05.437 D/AndroidRuntime( 6038): Shutting down VM
03-20 02:26:05.723 I/record_logger( 5635): [cmim:network] doConnect(). async connect finished. connected = false
03-20 02:26:05.725 I/record_logger( 5635): [cmim:network] WorkerHandler: MSG_CONNECT_FAIL
03-20 02:26:05.725 I/record_logger( 5635): [cmim:client] connectStatus: CS_CONNECTING -> CS_NOT_CONNECTED
03-20 02:26:05.742 I/cm.log.uipro( 5635): [IM][D]/ CMIM Connect change: CS_NOT_CONNECTED
03-20 02:26:05.742 I/record_logger( 5635): [cmim:network] onConnectFailed()
03-20 02:26:05.743 I/record_logger( 5635): [IMReporter] kid=3, reason=[java.net.SocketTimeoutException: failed to connect to im.live.ksmobile.net/101.226.84.104 (port 80): isConnected failed: ETIMEDOUT (Connection timed out)]
03-20 02:26:05.745 I/record_logger( 5635): [cmim:network] onConnectFailed(). reconnect 1000ms later.
03-20 02:26:06.781 I/record_logger( 5635): [cmim:network] WorkerHandler: MSG_DO_CONNECT
03-20 02:26:06.781 I/record_logger( 5635): [cmim:client] connectStatus: CS_NOT_CONNECTED -> CS_CONNECTING
03-20 02:26:06.794 I/cm.log.uipro( 5635): [IM][D]/ CMIM Connect change: CS_CONNECTING
03-20 02:26:06.797 I/record_logger( 5635): [cmim:network] doConnect(). im.live.ksmobile.net:80
03-20 02:26:06.797 I/record_logger( 5635): [IMReporter] kid=1, reason=[]
03-20 02:26:06.799 W/Settings( 5635): Setting android_id has moved from android.provider.Settings.System to android.provider.Settings.Secure, returning read-only value.
03-20 02:26:07.247 D/ConnectivityService(17992): notifyType CAP_CHANGED for NetworkAgentInfo [WIFI () - 101]
03-20 02:26:07.926 I/record_logger( 5635): onRCLogInfoOccurred:P-reason-C;;;tcp_timeout;;;timeout
03-20 02:26:07.930 I/base_log( 5635): [onRCLogInfoOccurred:]/ P-reason-C;;;tcp_timeout;;;timeout
03-20 02:26:07.931 D/RongLog ( 5661): [ RongLog ] upload = true, P-reason-C;;;tcp_timeout;;;timeout
03-20 02:26:07.935 I/record_logger( 5635): onRCLogInfoOccurred:P-more-C;;;onconnectfailed;;;110;;;25
03-20 02:26:07.939 I/base_log( 5635): [onRCLogInfoOccurred:]/ P-more-C;;;onconnectfailed;;;110;;;25
03-20 02:26:07.941 D/RongLog ( 5661): [ RongLog ] upload = true, P-more-C;;;onconnectfailed;;;110;;;25
03-20 02:26:07.944 D/RongLog ( 5661): [ NativeClient ] [connect] operationComplete status:30002
03-20 02:26:07.948 D/RongLog ( 5661): [ NativeClient ] [connect] tryConnect::onError code = 30002, times = 1, cmpArray.length = 3
03-20 02:26:07.950 I/record_logger( 5635): onRCLogInfoOccurred:P-reason-C;;;work;;;destruction:0xb4d3e3e0,0xb4d3e3e0
03-20 02:26:07.956 I/base_log( 5635): [onRCLogInfoOccurred:]/ P-reason-C;;;work;;;destruction:0xb4d3e3e0,0xb4d3e3e0
03-20 02:26:07.956 D/RongLog ( 5661): [ RongLog ] upload = true, P-reason-C;;;work;;;destruction:0xb4d3e3e0,0xb4d3e3e0
03-20 02:26:10.986 D/RongLog ( 5661): [ NativeClient ] [connect] times = 2
03-20 02:26:11.003 D/RongLog ( 5661): [ NativeClient ] [connect] device info: LGE, Nexus 5, 23, 2.8.21, , 
03-20 02:26:11.003 D/RongLog ( 5661): [ NativeClient ] [connect] tryConnect::cmp:52.35.111.246:443, userId : 917877848378048512
03-20 02:26:11.042 I/record_logger( 5635): onRCLogInfoOccurred:P-reason-C;;;tcp_connect;;;ip:52.35.111.246,port:443
03-20 02:26:11.051 I/base_log( 5635): [onRCLogInfoOccurred:]/ P-reason-C;;;tcp_connect;;;ip:52.35.111.246,port:443
03-20 02:26:11.062 D/RongLog ( 5661): [ RongLog ] upload = true, P-reason-C;;;tcp_connect;;;ip:52.35.111.246,port:443
03-20 02:26:17.257 I/record_logger( 5635): onRCLogInfoOccurred:P-reason-C;;;tcp_timeout;;;timeout
03-20 02:26:17.262 I/base_log( 5635): [onRCLogInfoOccurred:]/ P-reason-C;;;tcp_timeout;;;timeout
03-20 02:26:17.274 D/RongLog ( 5661): [ RongLog ] upload = true, P-reason-C;;;tcp_timeout;;;timeout
03-20 02:26:17.294 I/record_logger( 5635): onRCLogInfoOccurred:P-more-C;;;onconnectfailed;;;110;;;25
03-20 02:26:17.300 I/base_log( 5635): [onRCLogInfoOccurred:]/ P-more-C;;;onconnectfailed;;;110;;;25
03-20 02:26:17.300 D/RongLog ( 5661): [ RongLog ] upload = true, P-more-C;;;onconnectfailed;;;110;;;25
03-20 02:26:17.303 D/RongLog ( 5661): [ NativeClient ] [connect] operationComplete status:30002
03-20 02:26:17.321 D/RongLog ( 5661): [ NativeClient ] [connect] tryConnect::onError code = 30002, times = 2, cmpArray.length = 3
03-20 02:26:17.322 I/record_logger( 5635): onRCLogInfoOccurred:P-reason-C;;;work;;;destruction:0xb4d3e980,0xb4d3e980
03-20 02:26:17.323 I/base_log( 5635): [onRCLogInfoOccurred:]/ P-reason-C;;;work;;;destruction:0xb4d3e980,0xb4d3e980
03-20 02:26:17.323 D/RongLog ( 5661): [ RongLog ] upload = true, P-reason-C;;;work;;;destruction:0xb4d3e980,0xb4d3e980
03-20 02:26:20.362 D/RongLog ( 5661): [ NativeClient ] [connect] times = 3
03-20 02:26:20.382 D/RongLog ( 5661): [ NativeClient ] [connect] device info: LGE, Nexus 5, 23, 2.8.21, , 
03-20 02:26:20.382 D/RongLog ( 5661): [ NativeClient ] [connect] tryConnect::cmp:52.35.111.246:8005, userId : 917877848378048512
03-20 02:26:20.423 I/record_logger( 5635): onRCLogInfoOccurred:P-reason-C;;;tcp_connect;;;ip:52.35.111.246,port:8005
03-20 02:26:20.426 I/base_log( 5635): [onRCLogInfoOccurred:]/ P-reason-C;;;tcp_connect;;;ip:52.35.111.246,port:8005
03-20 02:26:20.430 D/RongLog ( 5661): [ RongLog ] upload = true, P-reason-C;;;tcp_connect;;;ip:52.35.111.246,port:8005
03-20 02:26:21.284 E/ActivityThread( 4584): Failed to find provider info for com.android.launcher2.settings
03-20 02:26:21.300 E/ActivityThread( 4584): Failed to find provider info for com.sec.android.app.launcher.settings
03-20 02:26:21.315 E/ActivityThread( 4584): Failed to find provider info for com.android.launcher2.Launcher.settings
03-20 02:26:25.404 D/ConnectivityService(17992): updateNetworkScore for NetworkAgentInfo [WIFI () - 101] to 60
03-20 02:26:26.556 I/record_logger( 5635): onRCLogInfoOccurred:P-reason-C;;;tcp_timeout;;;timeout
03-20 02:26:26.570 I/base_log( 5635): [onRCLogInfoOccurred:]/ P-reason-C;;;tcp_timeout;;;timeout
03-20 02:26:26.574 D/RongLog ( 5661): [ RongLog ] upload = true, P-reason-C;;;tcp_timeout;;;timeout
03-20 02:26:26.613 I/record_logger( 5635): onRCLogInfoOccurred:P-more-C;;;onconnectfailed;;;110;;;25
03-20 02:26:26.617 I/base_log( 5635): [onRCLogInfoOccurred:]/ P-more-C;;;onconnectfailed;;;110;;;25
