03-20 02:19:33.489 I/SettingsChangedIntentOp(18675): SettingsChangedIntentOperation.run Intent extra com.google.android.gms.phenotype.PACKAGE_NAME: com.google.android.gms.auth_authzen
03-20 02:19:33.489 I/SettingsChangedIntentOp(18675): Action: com.google.android.gms.phenotype.COMMITTED
03-20 02:19:33.489 I/SettingsChangedIntentOp(18675): EXTRA_PACKAGE_NAME: com.google.android.gms.auth_authzen
03-20 02:19:33.498 I/SettingsChangedIntentOp(18675): SettingsChangedIntentOperation.run: Got intent Intent { act=com.google.android.gms.phenotype.COMMITTED flg=0x10 pkg=com.google.android.gms cmp=com.google.android.gms/.chimera.GmsIntentOperationService (has extras) }
03-20 02:19:33.498 I/SettingsChangedIntentOp(18675): SettingsChangedIntentOperation.run Intent extra com.google.android.gms.phenotype.PACKAGE_NAME: com.google.android.gms.contextmanager
03-20 02:19:33.498 I/SettingsChangedIntentOp(18675): Action: com.google.android.gms.phenotype.COMMITTED
03-20 02:19:33.498 I/SettingsChangedIntentOp(18675): EXTRA_PACKAGE_NAME: com.google.android.gms.contextmanager
03-20 02:19:33.503 I/SettingsChangedIntentOp(18675): SettingsChangedIntentOperation.run: Got intent Intent { act=com.google.android.gms.phenotype.COMMITTED flg=0x10 pkg=com.google.android.gms cmp=com.google.android.gms/.chimera.GmsIntentOperationService (has extras) }
03-20 02:19:33.503 I/SettingsChangedIntentOp(18675): SettingsChangedIntentOperation.run Intent extra com.google.android.gms.phenotype.PACKAGE_NAME: com.google.android.gms.measurement
03-20 02:19:33.503 I/SettingsChangedIntentOp(18675): Action: com.google.android.gms.phenotype.COMMITTED
03-20 02:19:33.503 I/SettingsChangedIntentOp(18675): EXTRA_PACKAGE_NAME: com.google.android.gms.measurement
03-20 02:19:33.523 I/CheckinUtil(18786): Classify the device as Phone.
03-20 02:19:33.546 V/default_launcher(31235): checking defaut launcher....
03-20 02:19:33.579 D/audio_hw_primary(17775): out_set_parameters: enter: usecase(1: low-latency-playback) kvpairs: routing=2
03-20 02:19:33.586 W/Conscrypt(18786): Could not set socket write timeout: java.lang.reflect.InvocationTargetException
03-20 02:19:33.586 W/Conscrypt(18786): 	at java.lang.reflect.Method.invoke(Native Method)
03-20 02:19:33.586 W/Conscrypt(18786): 	at com.google.android.gms.org.conscrypt.Platform.setSocketWriteTimeout(com.google.android.gms@12221438@12.2.21 (438-188803320):13)
03-20 02:19:33.586 W/Conscrypt(18786): Caused by: android.system.ErrnoException: setsockopt failed: EBADF (Bad file descriptor)
03-20 02:19:33.586 W/Conscrypt(18786): 	at libcore.io.Posix.setsockoptTimeval(Native Method)
03-20 02:19:33.586 W/Conscrypt(18786): 	at libcore.io.ForwardingOs.setsockoptTimeval(ForwardingOs.java:156)
03-20 02:19:33.629 I/IcingInternalCorpora(18675): EventIndexer: starting incremental update
03-20 02:19:33.638 I/IcingInternalCorpora(18675): EventIndexer: 0 added, 0 removed, 0 changed, 45 unchanged, 0 errors.
03-20 02:19:33.638 I/IcingInternalCorpora(18675): EventIndexer: finished after 9 ms.
03-20 02:19:33.721 W/Conscrypt(18786): Could not set socket write timeout: java.lang.reflect.InvocationTargetException
03-20 02:19:33.722 W/Conscrypt(18786): 	at java.lang.reflect.Method.invoke(Native Method)
03-20 02:19:33.722 W/Conscrypt(18786): 	at com.google.android.gms.org.conscrypt.Platform.setSocketWriteTimeout(com.google.android.gms@12221438@12.2.21 (438-188803320):13)
03-20 02:19:33.722 W/Conscrypt(18786): Caused by: android.system.ErrnoException: setsockopt failed: EBADF (Bad file descriptor)
03-20 02:19:33.722 W/Conscrypt(18786): 	at libcore.io.Posix.setsockoptTimeval(Native Method)
03-20 02:19:33.722 W/Conscrypt(18786): 	at libcore.io.ForwardingOs.setsockoptTimeval(ForwardingOs.java:156)
03-20 02:19:33.856 I/Vision  (18675): Engine already satisfied by existing download for ocr
03-20 02:19:33.866 I/Vision  (18675): Engine already satisfied by existing download for face
03-20 02:19:34.140 I/OpaEligibilityChecker(23446): send OpaEligibilityChange broadcast to CommonBroadcastReceiver
03-20 02:19:34.151 I/ThreadRunner(23446): setContextAndRunner
03-20 02:19:34.160 I/ModelDownloadController(23446): Handle the downloaded hotword model
03-20 02:19:34.160 I/ModelDownloadController(23446): the model is already used
03-20 02:19:34.183 I/Icing   (18675): IndexChimeraService.getServiceInterface callingPackage=com.google.android.googlequicksearchbox componentName=null serviceId=33
03-20 02:19:34.185 I/Icing   (18675): IndexChimeraService.getServiceInterface callingPackage=com.google.android.googlequicksearchbox componentName=null serviceId=32
03-20 02:19:34.221 I/Icing   (18675): Usage reports ok 0, Failed Usage reports 0, indexed 0, rejected 0, imm upload true
03-20 02:19:34.234 I/Icing   (18675): Usage reports ok 0, Failed Usage reports 0, indexed 0, rejected 0, imm upload true
03-20 02:19:34.308 D/audio_hw_primary(17775): out_set_parameters: enter: usecase(1: low-latency-playback) kvpairs: routing=2
03-20 02:19:34.345 D/AudioFlinger(17775): mixer(0xb4140000) throttle end: throttle time(4)
03-20 02:19:34.411 E/adus    (18786): Phenotype API error. Event a <
03-20 02:19:34.411 E/adus    (18786):   a: "LOCAL.com.google.android.agsa.QSB"
03-20 02:19:34.411 E/adus    (18786):   b: 0
03-20 02:19:34.411 E/adus    (18786):   e: ""
03-20 02:19:34.411 E/adus    (18786):   f: ""
03-20 02:19:34.411 E/adus    (18786):   g: 0
03-20 02:19:34.411 E/adus    (18786):   h: 0
03-20 02:19:34.411 E/adus    (18786):   i: ""
03-20 02:19:34.411 E/adus    (18786): >
03-20 02:19:34.411 E/adus    (18786): , EventCode: 7 -- metadata{ service_id: 51 }
03-20 02:19:34.411 E/adus    (18786): adtp: 29505: No config packages for log source, or config package not registered
03-20 02:19:34.411 E/adus    (18786): 	at advf.b(com.google.android.gms@12221438@12.2.21 (438-188803320):4)
03-20 02:19:34.411 E/adus    (18786): 	at adus.a(com.google.android.gms@12221438@12.2.21 (438-188803320):13)
03-20 02:19:34.411 E/adus    (18786): 	at adus.a(com.google.android.gms@12221438@12.2.21 (438-188803320):64)
03-20 02:19:34.411 E/adus    (18786): 	at nfo.run(com.google.android.gms@12221438@12.2.21 (438-188803320):24)
03-20 02:19:34.411 E/adus    (18786): 	at njk.run(com.google.android.gms@12221438@12.2.21 (438-188803320):26)
03-20 02:19:34.411 E/adus    (18786): 	at java.util.concurrent.ThreadPoolExecutor.runWorker(ThreadPoolExecutor.java:1113)
03-20 02:19:34.411 E/adus    (18786): 	at java.util.concurrent.ThreadPoolExecutor$Worker.run(ThreadPoolExecutor.java:588)
03-20 02:19:34.411 E/adus    (18786): 	at npg.run(com.google.android.gms@12221438@12.2.21 (438-188803320))
03-20 02:19:34.411 E/adus    (18786): 	at java.lang.Thread.run(Thread.java:818)
03-20 02:19:34.411 E/AsyncOperation(18786): serviceID=51, operation=GetExperimentTokensOperationCall
03-20 02:19:34.411 E/AsyncOperation(18786): OperationException[Status{statusCode=No config packages for log source, or config package not registered, resolution=null}]
03-20 02:19:34.411 E/AsyncOperation(18786): 	at adus.a(com.google.android.gms@12221438@12.2.21 (438-188803320):30)
03-20 02:19:34.411 E/AsyncOperation(18786): 	at adus.a(com.google.android.gms@12221438@12.2.21 (438-188803320):64)
03-20 02:19:34.411 E/AsyncOperation(18786): 	at nfo.run(com.google.android.gms@12221438@12.2.21 (438-188803320):24)
03-20 02:19:34.411 E/AsyncOperation(18786): 	at njk.run(com.google.android.gms@12221438@12.2.21 (438-188803320):26)
03-20 02:19:34.411 E/AsyncOperation(18786): 	at java.util.concurrent.ThreadPoolExecutor.runWorker(ThreadPoolExecutor.java:1113)
03-20 02:19:34.411 E/AsyncOperation(18786): 	at java.util.concurrent.ThreadPoolExecutor$Worker.run(ThreadPoolExecutor.java:588)
03-20 02:19:34.411 E/AsyncOperation(18786): 	at npg.run(com.google.android.gms@12221438@12.2.21 (438-188803320))
03-20 02:19:34.411 E/AsyncOperation(18786): 	at java.lang.Thread.run(Thread.java:818)
03-20 02:19:34.415 W/SearchService(23446): Abort, client detached.
03-20 02:19:34.415 W/SearchService(23446): Abort, client detached.
03-20 02:19:34.416 W/SearchService(23446): Abort, client detached.
03-20 02:19:34.449 W/Flag    ( 2519): Duration spec must be at least 2 characters long: 
03-20 02:19:34.590 D/AndroidRuntime( 2674): >>>>>> START com.android.internal.os.RuntimeInit uid 2000 <<<<<<
03-20 02:19:34.597 D/AndroidRuntime( 2674): CheckJNI is OFF
03-20 02:19:34.648 D/ICU     ( 2674): No timezone override file found: /data/misc/zoneinfo/current/icu/icu_tzdata.dat
03-20 02:19:34.677 W/common.FileUtils( 2519): Failed to set dir world executable: java.io.FileNotFoundException: /data/user/0/com.google.android.gms/files/gmscore_global_dirs.txt: open failed: EACCES (Permission denied)
03-20 02:19:34.682 W/common.FileUtils( 2519): Failed to set dir world executable: java.io.FileNotFoundException: /data/user/0/com.google.android.gms/files/gmscore_global_dirs.txt: open failed: EACCES (Permission denied)
03-20 02:19:34.689 I/Radio-JNI( 2674): register_android_hardware_Radio DONE
03-20 02:19:34.704 W/common.FileUtils( 2519): Failed to set dir world executable: java.io.FileNotFoundException: /data/user/0/com.google.android.gms/files/gmscore_global_dirs.txt: open failed: EACCES (Permission denied)
03-20 02:19:34.707 W/common.FileUtils( 2519): Failed to set dir world executable: java.io.FileNotFoundException: /data/user/0/com.google.android.gms/files/gmscore_global_dirs.txt: open failed: EACCES (Permission denied)
03-20 02:19:34.710 D/AndroidRuntime( 2674): Calling main entry com.android.commands.input.Input
03-20 02:19:34.711 I/Input   ( 2674): injectKeyEvent: KeyEvent { action=ACTION_DOWN, keyCode=KEYCODE_BACK, scanCode=0, metaState=0, flags=0x0, repeatCount=0, eventTime=583172200, downTime=583172200, deviceId=-1, source=0x101 }
03-20 02:19:34.714 I/Input   ( 2674): injectKeyEvent: KeyEvent { action=ACTION_UP, keyCode=KEYCODE_BACK, scanCode=0, metaState=0, flags=0x0, repeatCount=0, eventTime=583172200, downTime=583172200, deviceId=-1, source=0x101 }
03-20 02:19:34.718 I/ActivityManager(17992): START u0 {flg=0x10000000 cmp=com.ksmobile.launcher/.Launcher} from uid 10283 on display 0
03-20 02:19:34.720 W/linker  ( 2519): /data/app/com.google.android.gms-2/lib/arm/libconscrypt_gmscore_jni.so: unused DT entry: type 0xf arg 0x1dc
03-20 02:19:34.720 D/AndroidRuntime( 2674): Shutting down VM
03-20 02:19:34.735 V/NativeCrypto( 2519): Registering com/google/android/gms/org/conscrypt/NativeCrypto's 279 native methods...
03-20 02:19:34.762 I/art     ( 2519): Rejecting re-init on previously-failed class java.lang.Class<com.google.android.gms.org.conscrypt.Java7SessionWrapper>
03-20 02:19:34.765 I/art     ( 2519): Rejecting re-init on previously-failed class java.lang.Class<com.google.android.gms.org.conscrypt.Java7SessionWrapper>
03-20 02:19:34.770 I/art     ( 2519): Rejecting re-init on previously-failed class java.lang.Class<com.google.android.gms.org.conscrypt.Java7SessionWrapper>
03-20 02:19:34.788 I/ProviderInstaller( 2519): Installed default security provider GmsCore_OpenSSL
03-20 02:19:34.857 E/START_LAUNCHER(31235): Launcher onResume = 1521526774857
03-20 02:19:34.858 D/CleanMemoryManager(31235): „ÄêcurrentPercent„Äë real result 67
03-20 02:19:34.858 D/CleanMemoryManager(31235): „ÄêonLoop„Äë67
03-20 02:19:34.860 V/default_launcher(31235): CM Launcher is Defalut!
03-20 02:19:34.860 D/Launcher(31235): onResume: yanzhao
03-20 02:19:34.900 V/PhoneStatusBar(18328): setLightsOn(true)
03-20 02:19:34.907 E/ddddd   (31235):   resetEGLContext:134
03-20 02:19:35.070 E/szadxacac(31235): notify:white:-1
03-20 02:19:35.091 V/PhoneStatusBar(18328): setLightsOn(true)
03-20 02:19:35.101 I/GoogleInputMethod(18923): onFinishInput() : Dummy InputConnection bound
03-20 02:19:35.087 W/Binder_2(18005): type=1400 audit(0.0:163132): avc: denied { ioctl } for path="socket:[5651961]" dev="sockfs" ino=5651961 ioctlcmd=7704 scontext=u:r:system_server:s0 tcontext=u:r:system_server:s0 tclass=unix_stream_socket permissive=0
03-20 02:19:35.097 W/Binder_2(18005): type=1400 audit(0.0:163133): avc: denied { ioctl } for path="socket:[5651961]" dev="sockfs" ino=5651961 ioctlcmd=7704 scontext=u:r:system_server:s0 tcontext=u:r:system_server:s0 tclass=unix_stream_socket permissive=0
03-20 02:19:35.101 I/GoogleInputMethod(18923): onStartInput() : Dummy InputConnection bound
03-20 02:19:35.188 D/audio_hw_primary(17775): out_set_parameters: enter: usecase(1: low-latency-playback) kvpairs: routing=2
03-20 02:19:35.225 D/AudioFlinger(17775): mixer(0xb4140000) throttle end: throttle time(4)
03-20 02:19:35.312 W/System.err(31235): android.content.pm.PackageManager$NameNotFoundException: 7308
03-20 02:19:35.312 W/System.err(31235): 	at android.app.ApplicationPackageManager.getPackageInfo(ApplicationPackageManager.java:137)
03-20 02:19:35.312 W/System.err(31235): 	at com.ksmobile.launcher.k.a.b.a(BaseThemeHandler.java:220)
03-20 02:19:35.312 W/System.err(31235): 	at com.ksmobile.launcher.k.a.b.b(BaseThemeHandler.java:148)
03-20 02:19:35.312 W/System.err(31235): 	at com.ksmobile.launcher.k.d.a(PushInqure.java:144)
03-20 02:19:35.312 W/System.err(31235): 	at com.ksmobile.launcher.k.d.run(PushInqure.java:48)
03-20 02:19:35.312 W/System.err(31235): 	at android.os.Handler.handleCallback(Handler.java:739)
03-20 02:19:35.312 W/System.err(31235): 	at android.os.Handler.dispatchMessage(Handler.java:95)
03-20 02:19:35.312 W/System.err(31235): 	at android.os.Looper.loop(Looper.java:148)
03-20 02:19:35.312 W/System.err(31235): 	at android.os.HandlerThread.run(HandlerThread.java:61)
03-20 02:19:35.312 W/System.err(31235): android.content.pm.PackageManager$NameNotFoundException: 5195
03-20 02:19:35.312 W/System.err(31235): 	at android.app.ApplicationPackageManager.getPackageInfo(ApplicationPackageManager.java:137)
03-20 02:19:35.312 W/System.err(31235): 	at com.ksmobile.launcher.k.a.b.a(BaseThemeHandler.java:220)
03-20 02:19:35.312 W/System.err(31235): 	at com.ksmobile.launcher.k.a.b.b(BaseThemeHandler.java:148)
03-20 02:19:35.312 W/System.err(31235): 	at com.ksmobile.launcher.k.d.a(PushInqure.java:144)
03-20 02:19:35.312 W/System.err(31235): 	at com.ksmobile.launcher.k.d.run(PushInqure.java:48)
03-20 02:19:35.312 W/System.err(31235): 	at android.os.Handler.handleCallback(Handler.java:739)
03-20 02:19:35.312 W/System.err(31235): 	at android.os.Handler.dispatchMessage(Handler.java:95)
03-20 02:19:35.312 W/System.err(31235): 	at android.os.Looper.loop(Looper.java:148)
03-20 02:19:35.312 W/System.err(31235): 	at android.os.HandlerThread.run(HandlerThread.java:61)
03-20 02:19:35.482 E/point_info(31235): onSingleTapConfirmed
03-20 02:19:35.864 I/ActivityManager(17992): START u0 {act=android.intent.action.MAIN cat=[android.intent.category.LAUNCHER] flg=0x10200000 cmp=com.android.providers.downloads.ui/.DownloadList bnds=[270,959][540,1228]} from uid 10283 on display 0
03-20 02:19:35.866 D/CleanMemoryManager(31235): „ÄêresetCleanResult„Äë
03-20 02:19:35.868 D/audio_hw_primary(17775): out_set_parameters: enter: usecase(1: low-latency-playback) kvpairs: routing=2
03-20 02:19:35.905 D/AudioFlinger(17775): mixer(0xb4140000) throttle end: throttle time(4)
03-20 02:19:36.152 E/point_info(31235): onSingleTapConfirmed
03-20 02:19:36.872 E/point_info(31235): onSingleTapConfirmed
03-20 02:19:37.294 I/ActivityManager(17992): START u0 {act=android.intent.action.MAIN cat=[android.intent.category.LAUNCHER] flg=0x10200000 cmp=com.google.android.calculator/com.android.calculator2.Calculator bnds=[270,358][540,620]} from uid 10283 on display 0
03-20 02:19:37.296 D/CleanMemoryManager(31235): „ÄêresetCleanResult„Äë
03-20 02:19:37.299 D/audio_hw_primary(17775): out_set_parameters: enter: usecase(1: low-latency-playback) kvpairs: routing=2
03-20 02:19:37.587 E/point_info(31235): onSingleTapConfirmed
03-20 02:19:37.826 I/FirebaseJobDispatcher(18923): Schedule task: fetch_configuration. Success.
03-20 02:19:37.859 I/FirebaseJobDispatcher(18923): onStartJob(): fetch_configuration.
03-20 02:19:37.873 I/PhenotypeIme(18923): ExperimentTaskCallable.fetchConfiguration() : com.google.android.inputmethod.latin
03-20 02:19:38.016 I/ActivityManager(17992): START u0 {act=android.intent.action.MAIN cat=[android.intent.category.LAUNCHER] flg=0x10200000 cmp=com.google.android.calculator/com.android.calculator2.Calculator bnds=[270,358][540,620]} from uid 10283 on display 0
03-20 02:19:38.018 D/CleanMemoryManager(31235): „ÄêresetCleanResult„Äë
03-20 02:19:38.018 D/audio_hw_primary(17775): out_set_parameters: enter: usecase(1: low-latency-playback) kvpairs: routing=2
03-20 02:19:38.024 I/PhenotypeIme(18923): ExperimentTaskCallable.fetchConfiguration() : ConfigurationsResult[0] = Success
03-20 02:19:38.048 I/Delight5Facilitator(18923): Running email language model loader
03-20 02:19:38.055 I/FirebaseJobDispatcher(18923): Schedule task: DefaultStickerUpdate. Success.
03-20 02:19:38.055 I/DefaultStickerUpdate(18923): Scheduled update for locale=en_US, data=DefaultStickerTaskData{enabled=true, metadataUriPrefix=https://www.gstatic.com/android/keyboard/stickers/configs/v5/, supportedLanguage=en}, and reason=EXPERIMENT_CONFIG
03-20 02:19:38.055 I/EmojiSuperpacksManager(18923): triggerSync() : isBundled = false
03-20 02:19:38.056 I/EmojiSuperpacksManager(18923): Already registered manifest for emoji
03-20 02:19:38.064 I/Superpacks(18923): Syncing emoji
03-20 02:19:38.071 I/FirebaseJobDispatcher(18923): onStartJob(): DefaultStickerUpdate.
03-20 02:19:38.071 I/SuperDelight(18923): initializeDelightSuperpacks() : Bundled = false
03-20 02:19:38.076 I/EmojiSlicingStrategy(18923): User enabled 1 locales; returning 1 slices
03-20 02:19:38.081 I/DefaultStickerUpdate(18923): Submitted task to executor service with data=DefaultStickerTaskData{enabled=true, metadataUriPrefix=https://www.gstatic.com/android/keyboard/stickers/configs/v5/, supportedLanguage=en}
03-20 02:19:38.088 I/Superpacks(18923): Requesting packs for emoji with slices: [{pack=442dd7424a2b73ebe817b5223ec48db9}]
03-20 02:19:38.089 I/Superpacks(18923): Attempting 1 reservations for emoji for 228714 bytes: [{name=emoji:442dd7424a2b73ebe817b5223ec48db9, size=228714, state=pinned}]
03-20 02:19:38.097 I/PhenotypeIme(18923): ExperimentTaskCallable.fetchConfiguration() : ConfigurationsResult[0] = Persisted
03-20 02:19:38.097 I/SuperpacksManagerBase(18923): registerSuperpackManifest()
03-20 02:19:38.098 I/SuperpacksManagerBase(18923): getMetadataUriAndVersion() :  2018030706 : https://www.gstatic.com/android/keyboard/hmmpack/2018030706/metadata_2018030706.json
03-20 02:19:38.098 I/SuperDelight(18923): getDelightMetadataUriAndVersion(): Phenotype : 20180212 : https://www.gstatic.com/android/keyboard/dictionarypack/Melodica-normal/metadata.json
03-20 02:19:38.098 I/HWRSuperpacksManager(18923): register(): version '2', url 'https://dl.google.com/handwriting/models/handwriting.superpack_manifest.20171206.json'
03-20 02:19:38.104 I/DefaultStickerUpdate(18923): Started update task with DefaultStickerTaskData{enabled=true, metadataUriPrefix=https://www.gstatic.com/android/keyboard/stickers/configs/v5/, supportedLanguage=en}
03-20 02:19:38.125 I/DefaultStickerUpdate(18923): Read metadata file from cache with 267141 bytes
03-20 02:19:38.171 I/PhenotypeIme(18923): ExperimentTaskCallable.fetchConfiguration() : ConfigurationsResult[0] = Committed
03-20 02:19:38.171 I/PhenotypeIme(18923): ExperimentTaskCallable.fetchConfiguration() : Updating SharedPreferences
03-20 02:19:38.171 I/PhenotypeIme(18923): ExperimentTaskCallable.fetchConfiguration() : Success after 298 ms
03-20 02:19:38.177 I/FirebaseJobDispatcher(18923): Task: fetch_configuration successes.
03-20 02:19:38.184 I/Superpacks(18923): Fetch pipeline requesting slice {pack=442dd7424a2b73ebe817b5223ec48db9}
03-20 02:19:38.185 I/Superpacks(18923): Final file emoji:442dd7424a2b73ebe817b5223ec48db9 is already available
03-20 02:19:38.185 I/Superpacks(18923): Successfully fetched pack emoji:442dd7424a2b73ebe817b5223ec48db9
03-20 02:19:38.187 I/SuperpacksManagerBase(18923): registerSuperpackManifest(): current 2018030706, required 2018030706
03-20 02:19:38.188 I/Superpacks(18923): Registering manifest handwriting_recognition.2 with URL https://dl.google.com/handwriting/models/handwriting.superpack_manifest.20171206.json and constraints allow_metered and unspecified
03-20 02:19:38.188 I/SuperDelight(18923): SuperDelightManager#registerSuperpacks(): current 20180212, required 20180212
03-20 02:19:38.188 I/Superpacks(18923): Manifest handwriting_recognition is already the current sync version
03-20 02:19:38.188 I/HWRSuperpacksManager(18923): syncPackMapping()
03-20 02:19:38.217 I/Superpacks(18923): Sync for 'emoji' succeeded, result: {old=[442dd7424a2b73ebe817b5223ec48db9], new=[442dd7424a2b73ebe817b5223ec48db9], last batch=true}
03-20 02:19:38.218 I/Superpacks(18923): Syncing handwriting_recognition
03-20 02:19:38.218 I/SuperDelight(18923): SuperDelightManager#syncDownloadableLanguageModels(): [OnDevice] Syncing for version 20180212
03-20 02:19:38.220 I/HWSlicingStrategy(18923): getSlices(): handwriting_recognition.2
03-20 02:19:38.220 I/HWSlicingStrategy(18923): getSlices(): result {slices=[{pack=pack_mapping_v1_segment_decode_20171206, connection_constraints=allow_metered}], last batch=true}
03-20 02:19:38.220 I/Superpacks(18923): Requesting packs for handwriting_recognition with slices: [{pack=pack_mapping_v1_segment_decode_20171206, connection_constraints=allow_metered}]
03-20 02:19:38.224 I/Superpacks(18923): Attempting 1 reservations for handwriting_recognition for 8635 bytes: [{name=handwriting_recognition:pack_mapping_v1_segment_decode_20171206, size=8635, state=pinned}]
03-20 02:19:38.261 I/Superpacks(18923): Fetch pipeline requesting slice {pack=pack_mapping_v1_segment_decode_20171206, connection_constraints=allow_metered}
03-20 02:19:38.261 I/Superpacks(18923): Final file handwriting_recognition:pack_mapping_v1_segment_decode_20171206 is already available
03-20 02:19:38.261 I/Superpacks(18923): Successfully fetched pack handwriting_recognition:pack_mapping_v1_segment_decode_20171206
03-20 02:19:38.262 I/Superpacks(18923): Syncing hmmdictionary
03-20 02:19:38.263 I/DictSlicingStrategy(18923): getSlices(): hmmdictionary.2018030706
03-20 02:19:38.263 I/DictSlicingStrategy(18923): getSlices(): result {slices=[], last batch=true}
03-20 02:19:38.264 I/Superpacks(18923): Requesting packs for hmmdictionary with slices: []
03-20 02:19:38.274 I/DefaultStickerUpdate(18923): Received 6 sticker packs in metadata
03-20 02:19:38.283 I/Superpacks(18923): Sync for 'hmmdictionary' succeeded, result: {old=[], new=[], last batch=true}
03-20 02:19:38.283 I/Superpacks(18923): Sync for 'handwriting_recognition' succeeded, result: {old=[pack_mapping_v1_segment_decode_20171206], new=[pack_mapping_v1_segment_decode_20171206], last batch=true}
03-20 02:19:38.283 I/Superpacks(18923): Syncing delight
03-20 02:19:38.285 I/SuperpacksManagerBase(18923): sync(): complete {old=[], new=[], last batch=true}
03-20 02:19:38.285 I/HWRSuperpacksManager(18923): syncInternal(): syncing packs
03-20 02:19:38.285 I/HWRSuperpacksManager(18923): sync(): complete {old=[pack_mapping_v1_segment_decode_20171206], new=[pack_mapping_v1_segment_decode_20171206], last batch=true}
03-20 02:19:38.287 I/SuperDelight(18923): DownloadSlicing#getSlices() : Locale = [en_US]
03-20 02:19:38.295 I/SuperDelight(18923): DownloadSlicing#getSlices(): result {slices=[{pack=main_en_us_20180212_1}], last batch=true}
03-20 02:19:38.295 I/Superpacks(18923): Requesting packs for delight with slices: [{pack=main_en_us_20180212_1}]
03-20 02:19:38.297 I/Superpacks(18923): Attempting 1 reservations for delight for 7735375 bytes: [{name=delight:main_en_us_20180212_1, size=7735375, state=pinned}]
03-20 02:19:38.303 I/DefaultStickerUpdate(18923): Created 152 indexables
03-20 02:19:38.309 E/point_info(31235): onSingleTapConfirmed
03-20 02:19:38.324 I/Icing   (18675): Removing corpus key ABB070828A4536FB7B1E9BEFA06F9D133BF1D51E for package com.google.android.inputmethod.latin
03-20 02:19:38.354 I/Superpacks(18923): Fetch pipeline requesting slice {pack=main_en_us_20180212_1}
03-20 02:19:38.354 I/Superpacks(18923): Final file delight:main_en_us_20180212_1 is already available
03-20 02:19:38.354 I/Superpacks(18923): Successfully fetched pack delight:main_en_us_20180212_1
03-20 02:19:38.354 I/Superpacks(18923): Opening packs for hmmdictionary
03-20 02:19:38.376 I/Icing   (18675): Flash index sort hb 4 prefix-hits 16 -> 16 at 8.831ms
03-20 02:19:38.391 I/SuperDelight(18923): SuperDelightMergingStrategy#merge(): selected[[main_en_us_20180212_1]] synced[[main_en_us_20180212_1]]
03-20 02:19:38.391 I/Superpacks(18923): Sync for 'delight' succeeded, result: {old=[main_en_us_20180212_1], new=[main_en_us_20180212_1], last batch=true}
03-20 02:19:38.681 I/Icing   (18675): Scored 273 usage reports, missing_corpora 13 update_failed 22
03-20 02:19:38.735 I/ActivityManager(17992): START u0 {act=android.intent.action.MAIN cat=[android.intent.category.LAUNCHER] flg=0x10200000 cmp=com.android.providers.downloads.ui/.DownloadList bnds=[270,959][540,1228]} from uid 10283 on display 0
03-20 02:19:38.737 D/CleanMemoryManager(31235): „ÄêresetCleanResult„Äë
03-20 02:19:38.740 D/audio_hw_primary(17775): out_set_parameters: enter: usecase(1: low-latency-playback) kvpairs: routing=2
03-20 02:19:38.801 I/Icing   (18675): Indexing ABB070828A4536FB7B1E9BEFA06F9D133BF1D51E from com.google.android.inputmethod.latin
03-20 02:19:38.823 I/Icing   (18675): Indexing done ABB070828A4536FB7B1E9BEFA06F9D133BF1D51E
03-20 02:19:38.826 I/Icing   (18675): Removing corpus key 6A409040AC8D9DE49354807D043983AB93DE1FC0 for package com.google.android.inputmethod.latin
03-20 02:19:39.030 E/point_info(31235): onSingleTapConfirmed
03-20 02:19:39.111 I/ThermalEngine(  211): TM Id 'battery_LCD_monitor' Sensor 'batt_therm' - alarm raised 2 at 340.0 degC
03-20 02:19:39.111 E/ThermalEngine(  211): override action 7500
03-20 02:19:39.111 E/ThermalEngine(  211): Thermal-Server: Thermal received msg override 7500
03-20 02:19:39.111 E/ThermalEngine(  211): override_notify : SS mode 1 override 7500
03-20 02:19:39.123 I/Icing   (18675): Scored 273 usage reports, missing_corpora 13 update_failed 22
03-20 02:19:39.129 I/ThermalEngine(  211): TM Id 'SKIN_THERMAL_management_1' Sensor 'xo_therm_pu2' - alarm raised 1 at 41.0 degC
03-20 02:19:39.129 I/ThermalEngine(  211): ACTION: CPU - Setting CPU[0] to 1958400
03-20 02:19:39.129 I/ThermalEngine(  211): ACTION: CPU - Setting CPU[1] to 1958400
03-20 02:19:39.129 I/ThermalEngine(  211): ACTION: CPU - Setting CPU[2] to 1958400
03-20 02:19:39.129 I/ThermalEngine(  211): ACTION: CPU - Setting CPU[3] to 1958400
03-20 02:19:39.130 I/ThermalEngine(  211): ACTION: LCD - Setting max LCD brightness to 229
03-20 02:19:39.219 I/Icing   (18675): Indexing 6A409040AC8D9DE49354807D043983AB93DE1FC0 from com.google.android.inputmethod.latin
03-20 02:19:39.227 I/Icing   (18675): Indexing done 6A409040AC8D9DE49354807D043983AB93DE1FC0
03-20 02:19:39.460 D/audio_hw_primary(17775): out_set_parameters: enter: usecase(1: low-latency-playback) kvpairs: routing=2
03-20 02:19:39.461 I/ActivityManager(17992): START u0 {flg=0x10000000 cmp=com.ksmobile.launcher/.wallpaper.PersonalizationActivity (has extras)} from uid 10283 on display 0
03-20 02:19:39.608 W/CursorWrapperInner(31235): Cursor finalized without prior close()
03-20 02:19:39.690 E/START_LAUNCHER(31235): Launcher onPause = 1521526779690  Ë∑ùÁ¶ªonResumeÁöÑÊó∂Èó¥‰∏∫ Ôºö 4833
03-20 02:19:39.701 I/ActivityManager(17992): Start proc 2803:com.ksmobile.launcher:wallpaper/u0a283 for activity com.ksmobile.launcher/.wallpaper.PersonalizationActivity
03-20 02:19:39.721 I/ActivityManager(17992): Killing 2064:com.google.android.apps.gcs/u0a9 (adj 15): empty #17
03-20 02:19:39.861 D/ActivityManager(17992): cleanUpApplicationRecord -- 2064
03-20 02:19:39.868 E/point_info(31235): onSingleTapConfirmed
03-20 02:19:39.885 I/DefaultStickerUpdate(18923): Successfully updated sticker index for DefaultStickerTaskData{enabled=true, metadataUriPrefix=https://www.gstatic.com/android/keyboard/stickers/configs/v5/, supportedLanguage=en}
03-20 02:19:39.885 I/FirebaseJobDispatcher(18923): Task: DefaultStickerUpdate successes.
03-20 02:19:39.983 D/liuwei  ( 2803): adfasd attachBaseContext base =   android.app.ContextImpl@e99eec6
03-20 02:19:39.999 D/liuwei  ( 2803): adfasd attachBaseContext onCreate =   com.ksmobile.launcher.LauncherApplication@fee21b4
03-20 02:19:40.057 W/Settings( 2803): Setting android_id has moved from android.provider.Settings.System to android.provider.Settings.Secure, returning read-only value.
03-20 02:19:40.094 W/Settings( 2803): Setting android_id has moved from android.provider.Settings.System to android.provider.Settings.Secure, returning read-only value.
03-20 02:19:40.100 W/System.err(31235): android.content.pm.PackageManager$NameNotFoundException: 7308
03-20 02:19:40.100 W/System.err(31235): 	at android.app.ApplicationPackageManager.getPackageInfo(ApplicationPackageManager.java:137)
03-20 02:19:40.100 W/System.err(31235): 	at com.ksmobile.launcher.k.a.b.a(BaseThemeHandler.java:220)
03-20 02:19:40.100 W/System.err(31235): 	at com.ksmobile.launcher.k.a.b.b(BaseThemeHandler.java:148)
03-20 02:19:40.101 W/System.err(31235): 	at com.ksmobile.launcher.k.d.a(PushInqure.java:144)
03-20 02:19:40.101 W/System.err(31235): 	at com.ksmobile.launcher.k.d.run(PushInqure.java:48)
03-20 02:19:40.101 W/System.err(31235): 	at android.os.Handler.handleCallback(Handler.java:739)
03-20 02:19:40.101 W/System.err(31235): 	at android.os.Handler.dispatchMessage(Handler.java:95)
03-20 02:19:40.101 W/System.err(31235): 	at android.os.Looper.loop(Looper.java:148)
03-20 02:19:40.101 W/System.err(31235): 	at android.os.HandlerThread.run(HandlerThread.java:61)
03-20 02:19:40.102 W/System.err(31235): android.content.pm.PackageManager$NameNotFoundException: 5195
03-20 02:19:40.102 W/System.err(31235): 	at android.app.ApplicationPackageManager.getPackageInfo(ApplicationPackageManager.java:137)
03-20 02:19:40.102 W/System.err(31235): 	at com.ksmobile.launcher.k.a.b.a(BaseThemeHandler.java:220)
03-20 02:19:40.102 W/System.err(31235): 	at com.ksmobile.launcher.k.a.b.b(BaseThemeHandler.java:148)
03-20 02:19:40.102 W/System.err(31235): 	at com.ksmobile.launcher.k.d.a(PushInqure.java:144)
03-20 02:19:40.102 W/System.err(31235): 	at com.ksmobile.launcher.k.d.run(PushInqure.java:48)
03-20 02:19:40.102 W/System.err(31235): 	at android.os.Handler.handleCallback(Handler.java:739)
03-20 02:19:40.102 W/System.err(31235): 	at android.os.Handler.dispatchMessage(Handler.java:95)
03-20 02:19:40.102 W/System.err(31235): 	at android.os.Looper.loop(Looper.java:148)
03-20 02:19:40.102 W/System.err(31235): 	at android.os.HandlerThread.run(HandlerThread.java:61)
03-20 02:19:40.102 W/System.err(31235): android.content.pm.PackageManager$NameNotFoundException: 7409
03-20 02:19:40.103 W/System.err(31235): 	at android.app.ApplicationPackageManager.getPackageInfo(ApplicationPackageManager.java:137)
03-20 02:19:40.103 W/System.err(31235): 	at com.ksmobile.launcher.k.a.b.a(BaseThemeHandler.java:220)
03-20 02:19:40.103 W/System.err(31235): 	at com.ksmobile.launcher.k.a.b.b(BaseThemeHandler.java:148)
03-20 02:19:40.103 W/System.err(31235): 	at com.ksmobile.launcher.k.d.a(PushInqure.java:144)
03-20 02:19:40.103 W/System.err(31235): 	at com.ksmobile.launcher.k.d.run(PushInqure.java:48)
03-20 02:19:40.103 W/System.err(31235): 	at android.os.Handler.handleCallback(Handler.java:739)
03-20 02:19:40.103 W/System.err(31235): 	at android.os.Handler.dispatchMessage(Handler.java:95)
03-20 02:19:40.103 W/System.err(31235): 	at android.os.Looper.loop(Looper.java:148)
03-20 02:19:40.103 W/System.err(31235): 	at android.os.HandlerThread.run(HandlerThread.java:61)
03-20 02:19:40.157 I/InputDispatcher(17992): Dropping event because there is no touchable window at (154, 809).
03-20 02:19:40.158 W/InputManager(17992): Input event injection from pid 1886 failed.
03-20 02:19:40.163 W/InputManager(17992): Input event injection from pid 1886 failed.
03-20 02:19:40.157 W/Binder_1(  309): type=1400 audit(0.0:163134): avc: denied { ioctl } for path="socket:[5673730]" dev="sockfs" ino=5673730 ioctlcmd=7704 scontext=u:r:surfaceflinger:s0 tcontext=u:r:surfaceflinger:s0 tclass=unix_stream_socket permissive=0
03-20 02:19:40.157 W/Binder_1(  309): type=1400 audit(0.0:163135): avc: denied { ioctl } for path="socket:[5673730]" dev="sockfs" ino=5673730 ioctlcmd=7704 scontext=u:r:surfaceflinger:s0 tcontext=u:r:surfaceflinger:s0 tclass=unix_stream_socket permissive=0
03-20 02:19:40.226 I/AppsFlyer_4.7.4(31235): onBecameBackground
03-20 02:19:40.226 I/AppsFlyer_4.7.4(31235): callStatsBackground background call
03-20 02:19:40.226 I/AppsFlyer_4.7.4(31235): app went to background
03-20 02:19:40.231 D/AppsFlyer_4.7.4(31235): Running callStats task (on current thread: Thread[pool-46-thread-2,5,main] )
03-20 02:19:40.231 I/AppsFlyer_4.7.4(31235): call = https://stats.appsflyer.com/stats; size = 421 bytes; body = {"platform":"Android","advertiserId":"6d482de2-4d8a-41f2-9934-fd89e3965594","gcd_conversion_data_timing":"6","devkey":"G********************5","statType":"user_closed_app","originalAppsflyerId":"1521526222249-4761299204146871474","time_in_app":"36","deviceFingerPrintId":"00000000-555a-4ce5-ffff-ffffda3732cb","app_id":"com.ksmobile.launcher","uid":"1521526222249-4761299204146871474","channel":null,"launch_counter":"8"}
03-20 02:19:40.472 I/ActivityManager(17992): Killing 2042:com.google.android.gms.ui/u0a10 (adj 15): empty #17
03-20 02:19:40.541 D/ActivityManager(17992): cleanUpApplicationRecord -- 2042
03-20 02:19:40.662 D/OpenGLRenderer( 2803): Use EGL_SWAP_BEHAVIOR_PRESERVED: true
03-20 02:19:40.657 W/Binder_1(  309): type=1400 audit(0.0:163136): avc: denied { ioctl } for path="socket:[5673773]" dev="sockfs" ino=5673773 ioctlcmd=7704 scontext=u:r:surfaceflinger:s0 tcontext=u:r:surfaceflinger:s0 tclass=unix_stream_socket permissive=0
03-20 02:19:40.657 W/Binder_1(  309): type=1400 audit(0.0:163137): avc: denied { ioctl } for path="socket:[5673773]" dev="sockfs" ino=5673773 ioctlcmd=7704 scontext=u:r:surfaceflinger:s0 tcontext=u:r:surfaceflinger:s0 tclass=unix_stream_socket permissive=0
03-20 02:19:40.667 W/Binder_9(18976): type=1400 audit(0.0:163138): avc: denied { ioctl } for path="socket:[5671883]" dev="sockfs" ino=5671883 ioctlcmd=7704 scontext=u:r:system_server:s0 tcontext=u:r:system_server:s0 tclass=unix_stream_socket permissive=0
03-20 02:19:40.667 W/Binder_9(18976): type=1400 audit(0.0:163139): avc: denied { ioctl } for path="socket:[5671883]" dev="sockfs" ino=5671883 ioctlcmd=7704 scontext=u:r:system_server:s0 tcontext=u:r:system_server:s0 tclass=unix_stream_socket permissive=0
03-20 02:19:40.720 I/sunlib  ( 2803): ÊòØÂê¶ÈõÜÊàêÊàêÂäü:true
03-20 02:19:40.737 I/AppsFlyer_4.7.4(31235): Status 200 ok
03-20 02:19:40.737 I/AppsFlyer_4.7.4(31235): Connection call succeeded: {"response_not_json":""}
03-20 02:19:40.737 D/AppsFlyer_4.7.4(31235): RD status is OFF
03-20 02:19:40.737 D/AppsFlyer_4.7.4(31235): shut downing executor ...
03-20 02:19:40.745 D/AppsFlyer_4.7.4(31235): shut downing executor ...
03-20 02:19:40.782 I/record_logger(32424): [cmim:network] doConnect(). async connect finished. connected = false
03-20 02:19:40.782 I/record_logger(32424): [cmim:network] WorkerHandler: MSG_CONNECT_FAIL
03-20 02:19:40.782 I/record_logger(32424): [cmim:client] connectStatus: CS_CONNECTING -> CS_NOT_CONNECTED
03-20 02:19:40.787 I/cm.log.uipro(32424): [IM][D]/ CMIM Connect change: CS_NOT_CONNECTED
03-20 02:19:40.787 I/record_logger(32424): [cmim:network] onConnectFailed()
03-20 02:19:40.788 I/record_logger(32424): [IMReporter] kid=3, reason=[java.net.SocketTimeoutException: failed to connect to im.live.ksmobile.net/101.226.84.104 (port 80): isConnected failed: ETIMEDOUT (Connection timed out)]
03-20 02:19:40.789 I/record_logger(32424): [cmim:network] onConnectFailed(). reconnect 64000ms later.
03-20 02:19:40.884 W/System  ( 2803): ClassLoader referenced unknown path: /data/data/com.google.android.gms/app_chimera/m/00000007/n/armeabi-v7a
03-20 02:19:40.885 W/System  ( 2803): ClassLoader referenced unknown path: /data/data/com.google.android.gms/app_chimera/m/00000007/n/armeabi
03-20 02:19:40.889 I/Icing   (18675): Indexing ABB070828A4536FB7B1E9BEFA06F9D133BF1D51E from com.google.android.inputmethod.latin
03-20 02:19:40.898 D/DynamitePackage( 2803): Instantiated singleton DynamitePackage.
03-20 02:19:40.898 D/DynamitePackage( 2803): Instantiating com.google.android.gms.ads.ChimeraAdManagerCreatorImpl
03-20 02:19:40.940 E/Volley  ( 2803): [4133] h.run: Unhandled exception java.lang.RuntimeException: Bad URL null
03-20 02:19:40.940 E/Volley  ( 2803): java.lang.RuntimeException: Bad URL null
03-20 02:19:40.940 E/Volley  ( 2803): 	at com.android.volley.toolbox.a.a(BasicNetwork.java:155)
03-20 02:19:40.940 E/Volley  ( 2803): 	at com.android.volley.h.run(NetworkDispatcher.java:117)
03-20 02:19:40.940 E/Volley  ( 2803): Caused by: java.net.MalformedURLException
03-20 02:19:40.940 E/Volley  ( 2803): 	at java.net.URL.<init>(URL.java:152)
03-20 02:19:40.940 E/Volley  ( 2803): 	at java.net.URL.<init>(URL.java:125)
03-20 02:19:40.940 E/Volley  ( 2803): 	at com.android.volley.toolbox.g.a(HurlStack.java:103)
03-20 02:19:40.940 E/Volley  ( 2803): 	at com.android.volley.toolbox.a.a(BasicNetwork.java:98)
03-20 02:19:40.940 E/Volley  ( 2803): 	... 1 more
03-20 02:19:40.988 I/Icing   (18675): Indexing done ABB070828A4536FB7B1E9BEFA06F9D133BF1D51E
03-20 02:19:40.989 I/Icing   (18675): Indexing 6A409040AC8D9DE49354807D043983AB93DE1FC0 from com.google.android.inputmethod.latin
03-20 02:19:41.001 I/Ads     ( 2803): Updating ad debug logging enablement.
03-20 02:19:41.045 I/Ads     ( 2803): Starting ad request.
03-20 02:19:41.047 I/Ads     ( 2803): Use AdRequest.Builder.addTestDevice("80CB0F9622AA0F3FEACB782AEFCCBA6C") to get test ads on this device.
03-20 02:19:41.067 I/WebViewFactory( 2803): Loading com.google.android.webview version 65.0.3325.109 (code 332510900)
03-20 02:19:41.095 W/Ads     ( 2803): Invoke Firebase method getInstance error.
03-20 02:19:41.098 W/Ads     ( 2803): The Google Mobile Ads SDK will not integrate with Firebase. Admob/Firebase integration requires the latest Firebase SDK jar, but Firebase SDK is either missing or out of date
03-20 02:19:41.193 I/art     ( 2803): Rejecting re-init on previously-failed class java.lang.Class<com.android.webview.chromium.TokenBindingManagerAdapter>
03-20 02:19:41.193 I/art     ( 2803): Rejecting re-init on previously-failed class java.lang.Class<com.android.webview.chromium.TokenBindingManagerAdapter>
03-20 02:19:41.209 I/Adreno-EGL( 2803): <qeglDrvAPI_eglInitialize:379>: QUALCOMM Build: 10/21/15, 369a2ea, I96aee987eb
03-20 02:19:41.214 I/OpenGLRenderer( 2803): Initialized EGL, version 1.4
03-20 02:19:41.234 I/art     ( 2803): Rejecting re-init on previously-failed class java.lang.Class<com.android.webview.chromium.ServiceWorkerControllerAdapter>
03-20 02:19:41.235 I/art     ( 2803): Rejecting re-init on previously-failed class java.lang.Class<com.android.webview.chromium.ServiceWorkerControllerAdapter>
03-20 02:19:41.255 W/ViewRootImpl( 2803): Dropping event due to no window focus: KeyEvent { action=ACTION_DOWN, keyCode=KEYCODE_DPAD_DOWN, scanCode=0, metaState=0, flags=0x8, repeatCount=0, eventTime=583178356, downTime=583178356, deviceId=-1, source=0x101 }
03-20 02:19:41.256 I/cr_LibraryLoader( 2803): Time to load native libraries: 1 ms (timestamps 8744-8745)
03-20 02:19:41.258 W/ViewRootImpl( 2803): Cancelling event due to no window focus: KeyEvent { action=ACTION_UP, keyCode=KEYCODE_DPAD_DOWN, scanCode=0, metaState=0, flags=0x28, repeatCount=0, eventTime=583178695, downTime=583178695, deviceId=-1, source=0x101 }
03-20 02:19:41.259 W/ViewRootImpl( 2803): Cancelling event due to no window focus: KeyEvent { action=ACTION_UP, keyCode=KEYCODE_DPAD_DOWN, scanCode=0, metaState=0, flags=0x28, repeatCount=0, eventTime=583178695, downTime=583178695, deviceId=-1, source=0x101 }
03-20 02:19:41.259 W/ViewRootImpl( 2803): Cancelling event due to no window focus: KeyEvent { action=ACTION_UP, keyCode=KEYCODE_DPAD_DOWN, scanCode=0, metaState=0, flags=0x28, repeatCount=0, eventTime=583178695, downTime=583178695, deviceId=-1, source=0x101 }
03-20 02:19:41.259 W/ViewRootImpl( 2803): Cancelling event due to no window focus: KeyEvent { action=ACTION_UP, keyCode=KEYCODE_DPAD_DOWN, scanCode=0, metaState=0, flags=0x28, repeatCount=0, eventTime=583178695, downTime=583178695, deviceId=-1, source=0x101 }
03-20 02:19:41.259 W/ViewRootImpl( 2803): Cancelling event due to no window focus: KeyEvent { action=ACTION_UP, keyCode=KEYCODE_DPAD_DOWN, scanCode=0, metaState=0, flags=0x28, repeatCount=0, eventTime=583178695, downTime=583178695, deviceId=-1, source=0x101 }
03-20 02:19:41.259 W/ViewRootImpl( 2803): Cancelling event due to no window focus: KeyEvent { action=ACTION_UP, keyCode=KEYCODE_DPAD_DOWN, scanCode=0, metaState=0, flags=0x28, repeatCount=0, eventTime=583178695, downTime=583178695, deviceId=-1, source=0x101 }
03-20 02:19:41.263 W/ViewRootImpl( 2803): Cancelling event due to no window focus: KeyEvent { action=ACTION_UP, keyCode=KEYCODE_DPAD_DOWN, scanCode=0, metaState=0, flags=0x28, repeatCount=0, eventTime=583178695, downTime=583178695, deviceId=-1, source=0x101 }
03-20 02:19:41.263 W/ViewRootImpl( 2803): Cancelling event due to no window focus: KeyEvent { action=ACTION_UP, keyCode=KEYCODE_DPAD_DOWN, scanCode=0, metaState=0, flags=0x28, repeatCount=0, eventTime=583178695, downTime=583178695, deviceId=-1, source=0x101 }
03-20 02:19:41.263 W/ViewRootImpl( 2803): Cancelling event due to no window focus: KeyEvent { action=ACTION_UP, keyCode=KEYCODE_DPAD_DOWN, scanCode=0, metaState=0, flags=0x28, repeatCount=0, eventTime=583178695, downTime=583178695, deviceId=-1, source=0x101 }
03-20 02:19:41.360 I/chromium( 2803): [INFO:library_loader_hooks.cc(36)] Chromium logging enabled: level = 0, default verbosity = 0
03-20 02:19:41.360 I/cr_LibraryLoader( 2803): Expected native library version number "65.0.3325.109", actual native library version number "65.0.3325.109"
03-20 02:19:41.402 W/Ads     ( 2803): Update ad debug logging enablement as false
03-20 02:19:41.453 W/View    ( 2803): requestLayout() improperly called by com.ksmobile.launcher.widget.pulltorefresh.PullToRefreshListView$InternalListViewSDK9{7c1aff8 VFED.VC.. ......ID 0,0-1080,1533 #102000a android:id/list} during layout: running second layout pass
03-20 02:19:41.453 W/View    ( 2803): requestLayout() improperly called by com.ksmobile.launcher.widget.pulltorefresh.PullToRefreshListView$InternalListViewSDK9{af6279 VFED.VC.. ......ID 0,0-1080,1533 #102000a android:id/list} during layout: running second layout pass
03-20 02:19:41.453 W/View    ( 2803): requestLayout() improperly called by android.widget.TextView{cb0a961 V.ED..... ......ID 0,0-371,52 #7f10034e app:id/pull_to_refresh_text} during layout: running second layout pass
03-20 02:19:41.453 W/View    ( 2803): requestLayout() improperly called by android.widget.ProgressBar{4051a5d V.ED..... ......I. 0,0-0,0 #7f10034d app:id/pull_to_refresh_progress} during layout: running second layout pass
03-20 02:19:41.453 W/View    ( 2803): requestLayout() improperly called by android.widget.TextView{2876344 V.ED..... ......ID 0,0-371,52 #7f10034e app:id/pull_to_refresh_text} during layout: running second layout pass
03-20 02:19:41.453 W/View    ( 2803): requestLayout() improperly called by android.widget.ProgressBar{522bfd2 V.ED..... ......I. 0,0-0,0 #7f10034d app:id/pull_to_refresh_progress} during layout: running second layout pass
03-20 02:19:41.461 I/Icing   (18675): Indexing done 6A409040AC8D9DE49354807D043983AB93DE1FC0
03-20 02:19:41.467 I/IcingNotification(18923): Received intent: Intent { act=com.google.android.gms.icing.IME_NOTIFICATION flg=0x10 pkg=com.google.android.inputmethod.latin (has extras) }
03-20 02:19:41.478 I/IcingNotification(18923): Received intent: Intent { act=com.google.android.gms.icing.IME_NOTIFICATION flg=0x10 pkg=com.google.android.inputmethod.latin (has extras) }
03-20 02:19:41.516 I/ActivityManager(17992): Displayed com.ksmobile.launcher/.wallpaper.PersonalizationActivity: +1s826ms
03-20 02:19:41.507 W/Binder_1(18003): type=1400 audit(0.0:163140): avc: denied { ioctl } for path="socket:[5673841]" dev="sockfs" ino=5673841 ioctlcmd=7704 scontext=u:r:system_server:s0 tcontext=u:r:system_server:s0 tclass=unix_stream_socket permissive=0
03-20 02:19:41.507 W/Binder_1(18003): type=1400 audit(0.0:163141): avc: denied { ioctl } for path="socket:[5673841]" dev="sockfs" ino=5673841 ioctlcmd=7704 scontext=u:r:system_server:s0 tcontext=u:r:system_server:s0 tclass=unix_stream_socket permissive=0
03-20 02:19:41.533 I/GoogleInputMethod(18923): onFinishInput() : Dummy InputConnection bound
03-20 02:19:41.533 I/GoogleInputMethod(18923): onStartInput() : Dummy InputConnection bound
03-20 02:19:41.527 W/Binder_9(18976): type=1400 audit(0.0:163142): avc: denied { ioctl } for path="socket:[5673840]" dev="sockfs" ino=5673840 ioctlcmd=7704 scontext=u:r:system_server:s0 tcontext=u:r:system_server:s0 tclass=unix_stream_socket permissive=0
03-20 02:19:41.527 W/Binder_9(18976): type=1400 audit(0.0:163143): avc: denied { ioctl } for path="socket:[5673840]" dev="sockfs" ino=5673840 ioctlcmd=7704 scontext=u:r:system_server:s0 tcontext=u:r:system_server:s0 tclass=unix_stream_socket permissive=0
03-20 02:19:41.585 W/View    ( 2803): requestLayout() improperly called by com.ksmobile.launcher.widget.pulltorefresh.PullToRefreshListView$InternalListViewSDK9{7c1aff8 VFED.VC.. ......ID 0,0-1080,1533 #102000a android:id/list} during second layout pass: posting in next frame
03-20 02:19:41.586 W/View    ( 2803): requestLayout() improperly called by com.ksmobile.launcher.widget.pulltorefresh.PullToRefreshListView$InternalListViewSDK9{af6279 VFED.VC.. ......ID 0,0-1080,1533 #102000a android:id/list} during second layout pass: posting in next frame
03-20 02:19:41.586 W/View    ( 2803): requestLayout() improperly called by android.widget.TextView{914b12f V.ED..... ......ID 0,0-360,52 #7f10034e app:id/pull_to_refresh_text} during second layout pass: posting in next frame
03-20 02:19:41.586 W/View    ( 2803): requestLayout() improperly called by android.widget.ProgressBar{bda3ab8 V.ED..... ......ID 6,6-81,81 #7f10034d app:id/pull_to_refresh_progress} during second layout pass: posting in next frame
03-20 02:19:41.586 W/View    ( 2803): requestLayout() improperly called by android.widget.TextView{d926055 V.ED..... ......ID 0,0-360,52 #7f10034e app:id/pull_to_refresh_text} during second layout pass: posting in next frame
03-20 02:19:41.586 W/View    ( 2803): requestLayout() improperly called by android.widget.ProgressBar{c1f4091 V.ED..... ......ID 6,6-81,81 #7f10034d app:id/pull_to_refresh_progress} during second layout pass: posting in next frame
03-20 02:19:41.586 W/View    ( 2803): requestLayout() improperly called by android.widget.TextView{b73f404 V.ED..... ......ID 0,0-360,52 #7f10034e app:id/pull_to_refresh_text} during second layout pass: posting in next frame
03-20 02:19:41.586 W/View    ( 2803): requestLayout() improperly called by android.widget.ProgressBar{20dbf6 V.ED..... ......ID 6,6-81,81 #7f10034d app:id/pull_to_refresh_progress} during second layout pass: posting in next frame
03-20 02:19:41.586 W/View    ( 2803): requestLayout() improperly called by android.widget.TextView{9aa72 V.ED..... ......ID 0,0-360,52 #7f10034e app:id/pull_to_refresh_text} during second layout pass: posting in next frame
03-20 02:19:41.586 W/View    ( 2803): requestLayout() improperly called by android.widget.ProgressBar{746cbf7 V.ED..... ......ID 6,6-81,81 #7f10034d app:id/pull_to_refresh_progress} during second layout pass: posting in next frame
03-20 02:19:41.654 W/System.err(32424): org.apache.http.conn.ConnectTimeoutException: Connect to /54.148.128.161:80 timed out
03-20 02:19:41.662 W/System.err(32424): 	at org.apache.http.conn.scheme.PlainSocketFactory.connectSocket(PlainSocketFactory.java:126)
03-20 02:19:41.662 W/System.err(32424): 	at org.apache.http.impl.conn.DefaultClientConnectionOperator.openConnection(DefaultClientConnectionOperator.java:149)
03-20 02:19:41.662 W/System.err(32424): 	at org.apache.http.impl.conn.AbstractPoolEntry.open(AbstractPoolEntry.java:169)
03-20 02:19:41.662 W/System.err(32424): 	at org.apache.http.impl.conn.AbstractPooledConnAdapter.open(AbstractPooledConnAdapter.java:124)
03-20 02:19:41.662 W/System.err(32424): 	at org.apache.http.impl.client.DefaultRequestDirector.execute(DefaultRequestDirector.java:366)
03-20 02:19:41.662 W/System.err(32424): 	at org.apache.http.impl.client.AbstractHttpClient.execute(AbstractHttpClient.java:560)
03-20 02:19:41.662 W/System.err(32424): 	at org.apache.http.impl.client.AbstractHttpClient.execute(AbstractHttpClient.java:492)
03-20 02:19:41.662 W/System.err(32424): 	at org.apache.http.impl.client.AbstractHttpClient.execute(AbstractHttpClient.java:470)
03-20 02:19:41.663 W/System.err(32424): 	at com.cm.kinfoc.KHttpPoster.b(KHttpPoster.java:99)
03-20 02:19:41.663 W/System.err(32424): 	at com.cm.kinfoc.KInfocBatchReporter.a(KInfocBatchReporter.java:3052)
03-20 02:19:41.664 W/System.err(32424): 	at com.cm.kinfoc.KInfocBatchManager$3.run(KInfocBatchManager.java:205)
03-20 02:19:42.038 I/ActivityManager(17992): START u0 {act=android.intent.action.VIEW dat=https://play.google.com/... flg=0x10000000 pkg=com.android.vending cmp=com.android.vending/com.google.android.finsky.activities.MainActivity} from uid 10283 on display 0
03-20 02:19:42.049 D/audio_hw_primary(17775): out_set_parameters: enter: usecase(1: low-latency-playback) kvpairs: routing=2
03-20 02:19:42.063 I/Ads     ( 2803): Trying mediation network: null
03-20 02:19:42.071 I/Ads     ( 2803): Instantiating mediation adapter: com.google.ads.mediation.admob.AdMobAdapter
03-20 02:19:42.077 W/Ads     ( 2803): Server parameters: {"pubid":"ca-app-pub-9562374406307677\/6142017948"}
