03-20 02:24:32.253 I/RongLog ( 5265): [ NativeClient ] registerCmdMsgType RC:RL
03-20 02:24:32.266 I/RongLog ( 5190): [ CustomServiceManager ] init false
03-20 02:24:32.280 I/RongLog ( 5265): [ LibHandlerStub ] registerMessageType io.rong.message.CSHandShakeMessage
03-20 02:24:32.282 I/RongLog ( 5265): [ NativeClient ] registerCmdMsgType RC:CsHs
03-20 02:24:32.286 I/RongLog ( 5265): [ LibHandlerStub ] registerMessageType io.rong.message.CSHandShakeResponseMessage
03-20 02:24:32.289 I/RongLog ( 5265): [ NativeClient ] registerCmdMsgType RC:CsHsR
03-20 02:24:32.290 I/RongLog ( 5265): [ LibHandlerStub ] registerMessageType io.rong.message.CSChangeModeMessage
03-20 02:24:32.292 D/IJKMEDIA( 5190): IjkMediaPlayer_native_setLogLevel(3)
03-20 02:24:32.292 D/IJKMEDIA( 5190): moncleanup
03-20 02:24:32.293 I/RongLog ( 5265): [ NativeClient ] registerCmdMsgType RC:CsCha
03-20 02:24:32.293 I/RongLog ( 5265): [ LibHandlerStub ] registerMessageType io.rong.message.CSChangeModeResponseMessage
03-20 02:24:32.295 I/RongLog ( 5265): [ NativeClient ] registerCmdMsgType RC:CsChaR
03-20 02:24:32.296 I/RongLog ( 5265): [ LibHandlerStub ] registerMessageType io.rong.message.CSSuspendMessage
03-20 02:24:32.298 I/RongLog ( 5265): [ NativeClient ] registerCmdMsgType RC:CsSp
03-20 02:24:32.299 I/RongLog ( 5265): [ LibHandlerStub ] registerMessageType io.rong.message.CSTerminateMessage
03-20 02:24:32.300 I/RongLog ( 5265): [ NativeClient ] registerCmdMsgType RC:CsEnd
03-20 02:24:32.304 I/RongLog ( 5265): [ LibHandlerStub ] registerMessageType io.rong.message.CSEvaluateMessage
03-20 02:24:32.306 I/RongLog ( 5265): [ NativeClient ] registerCmdMsgType RC:CsEva
03-20 02:24:32.307 I/RongLog ( 5265): [ LibHandlerStub ] registerMessageType io.rong.message.CSUpdateMessage
03-20 02:24:32.308 I/RongLog ( 5265): [ NativeClient ] registerCmdMsgType RC:CsUpdate
03-20 02:24:32.308 I/RongLog ( 5265): [ LibHandlerStub ] registerMessageType io.rong.message.CSPullEvaluateMessage
03-20 02:24:32.310 I/RongLog ( 5265): [ NativeClient ] registerCmdMsgType RC:CsPullEva
03-20 02:24:32.311 I/RongLog ( 5265): [ LibHandlerStub ] registerMessageType io.rong.message.CSPullLeaveMessage
03-20 02:24:32.313 I/RongLog ( 5265): [ NativeClient ] registerCmdMsgType RC:CsPLM
03-20 02:24:32.314 I/RongLog ( 5265): [ LibHandlerStub ] registerMessageType io.rong.message.CSLeaveMessage
03-20 02:24:32.315 I/RongLog ( 5265): [ NativeClient ] registerCmdMsgType RC:CsLM
03-20 02:24:32.316 I/RongLog ( 5190): [ RongIMClient ] initMessageReceiver
03-20 02:24:32.349 I/RongLog ( 5265): [ LibHandlerStub ] registerMessageType io.rong.message.TextMessage
03-20 02:24:32.357 I/RongLog ( 5265): [ LibHandlerStub ] registerMessageType io.rong.message.VoiceMessage
03-20 02:24:32.359 I/RongLog ( 5265): [ LibHandlerStub ] registerMessageType io.rong.message.ImageMessage
03-20 02:24:32.375 I/RongLog ( 5265): [ LibHandlerStub ] registerMessageType io.rong.message.LocationMessage
03-20 02:24:32.377 I/RongLog ( 5265): [ LibHandlerStub ] registerMessageType io.rong.message.CommandNotificationMessage
03-20 02:24:32.380 I/RongLog ( 5265): [ LibHandlerStub ] registerMessageType io.rong.message.ContactNotificationMessage
03-20 02:24:32.382 I/RongLog ( 5265): [ LibHandlerStub ] registerMessageType io.rong.message.RichContentMessage
03-20 02:24:32.383 I/RongLog ( 5265): [ LibHandlerStub ] registerMessageType io.rong.message.PublicServiceMultiRichContentMessage
03-20 02:24:32.384 I/RongLog ( 5265): [ LibHandlerStub ] registerMessageType io.rong.message.PublicServiceRichContentMessage
03-20 02:24:32.387 W/KInfoc  ( 5190): The data section count is not equal! table:kewl_bug_probe, count in format:3, count in data:5.
03-20 02:24:32.391 I/RongLog ( 5265): [ LibHandlerStub ] registerMessageType io.rong.message.PublicServiceCommandMessage
03-20 02:24:32.396 I/RongLog ( 5265): [ LibHandlerStub ] registerMessageType io.rong.message.ProfileNotificationMessage
03-20 02:24:32.400 I/RongLog ( 5265): [ LibHandlerStub ] registerMessageType io.rong.message.HandshakeMessage
03-20 02:24:32.406 I/RongLog ( 5265): [ LibHandlerStub ] registerMessageType io.rong.message.InformationNotificationMessage
03-20 02:24:32.407 W/KInfoc  ( 5190): The data section count is not equal! table:kewl_bug_probe, count in format:3, count in data:5.
03-20 02:24:32.411 I/RongLog ( 5265): [ LibHandlerStub ] registerMessageType io.rong.message.DiscussionNotificationMessage
03-20 02:24:32.413 I/RongLog ( 5265): [ LibHandlerStub ] registerMessageType io.rong.message.SuspendMessage
03-20 02:24:32.416 I/RongLog ( 5265): [ LibHandlerStub ] registerMessageType io.rong.message.ReadReceiptMessage
03-20 02:24:32.417 I/RongLog ( 5265): [ LibHandlerStub ] registerMessageType io.rong.message.CommandMessage
03-20 02:24:32.419 I/RongLog ( 5265): [ LibHandlerStub ] registerMessageType io.rong.imlib.TypingMessage.TypingStatusMessage
03-20 02:24:32.424 I/RongLog ( 5265): [ LibHandlerStub ] registerMessageType io.rong.message.RecallCommandMessage
03-20 02:24:32.425 I/RongLog ( 5265): [ LibHandlerStub ] registerMessageType io.rong.message.RecallNotificationMessage
03-20 02:24:32.426 I/RongLog ( 5265): [ LibHandlerStub ] registerMessageType io.rong.message.ReadReceiptRequestMessage
03-20 02:24:32.428 I/RongLog ( 5265): [ LibHandlerStub ] registerMessageType io.rong.message.ReadReceiptResponseMessage
03-20 02:24:32.429 I/RongLog ( 5265): [ LibHandlerStub ] registerMessageType io.rong.message.SyncReadStatusMessage
03-20 02:24:32.431 I/RongLog ( 5265): [ LibHandlerStub ] registerMessageType io.rong.message.GroupNotificationMessage
03-20 02:24:32.434 I/RongLog ( 5265): [ LibHandlerStub ] registerMessageType io.rong.message.FileMessage
03-20 02:24:32.436 I/RongLog ( 5265): [ LibHandlerStub ] registerMessageType com.kxsimon.cmvideo.chat.msgcontent.AdminForbidMsgContent
03-20 02:24:32.441 I/RongLog ( 5265): [ LibHandlerStub ] registerMessageType com.kxsimon.cmvideo.chat.msgcontent.AnchorLeaveMsgContent
03-20 02:24:32.442 I/RongLog ( 5265): [ LibHandlerStub ] registerMessageType com.kxsimon.cmvideo.chat.msgcontent.AnnounceMsgContent
03-20 02:24:32.443 I/RongLog ( 5265): [ LibHandlerStub ] registerMessageType com.kxsimon.cmvideo.chat.msgcontent.BonusMsgContent
03-20 02:24:32.444 I/RongLog ( 5265): [ LibHandlerStub ] registerMessageType com.kxsimon.cmvideo.chat.msgcontent.BulletinMsgContent
03-20 02:24:32.445 I/RongLog ( 5265): [ LibHandlerStub ] registerMessageType com.kxsimon.cmvideo.chat.msgcontent.BulletinShopMsgContent
03-20 02:24:32.446 I/RongLog ( 5265): [ LibHandlerStub ] registerMessageType com.kxsimon.cmvideo.chat.msgcontent.GuessChangedMsgContent
03-20 02:24:32.449 I/RongLog ( 5265): [ LibHandlerStub ] registerMessageType com.kxsimon.cmvideo.chat.msgcontent.GuessSuccessMsgContent
03-20 02:24:32.450 I/RongLog ( 5265): [ LibHandlerStub ] registerMessageType com.cmcm.user.hostTag.InteractHostTagContent
03-20 02:24:32.452 I/RongLog ( 5265): [ LibHandlerStub ] registerMessageType com.kxsimon.cmvideo.chat.msgcontent.DanmakuMsgContent
03-20 02:24:32.453 I/RongLog ( 5265): [ LibHandlerStub ] registerMessageType com.kxsimon.cmvideo.chat.msgcontent.DiamondGameMsgContent
03-20 02:24:32.454 I/RongLog ( 5265): [ LibHandlerStub ] registerMessageType com.kxsimon.cmvideo.chat.msgcontent.DiamondGameRecommendMsgContent
03-20 02:24:32.455 I/RongLog ( 5265): [ LibHandlerStub ] registerMessageType com.kxsimon.cmvideo.chat.msgcontent.FollowActressMsgContent
03-20 02:24:32.456 I/RongLog ( 5265): [ LibHandlerStub ] registerMessageType com.kxsimon.cmvideo.chat.msgcontent.ForbidSpeakMsgContent
03-20 02:24:32.457 I/RongLog ( 5265): [ LibHandlerStub ] registerMessageType com.kxsimon.cmvideo.chat.msgcontent.GiftRankGameMsgContent
03-20 02:24:32.458 I/RongLog ( 5265): [ LibHandlerStub ] registerMessageType com.kxsimon.cmvideo.chat.msgcontent.GiftMsgContent
03-20 02:24:32.459 I/RongLog ( 5265): [ LibHandlerStub ] registerMessageType com.kxsimon.cmvideo.chat.msgcontent.GiftsFallMsgContent
03-20 02:24:32.460 I/RongLog ( 5265): [ LibHandlerStub ] registerMessageType com.kxsimon.cmvideo.chat.msgcontent.GlobalForbidMsgContent
03-20 02:24:32.461 I/RongLog ( 5265): [ LibHandlerStub ] registerMessageType com.kxsimon.cmvideo.chat.msgcontent.GroupLiveApplyCancelMsgContent
03-20 02:24:32.464 I/RongLog ( 5265): [ LibHandlerStub ] registerMessageType com.cmcm.letter.message.rong.notification.InviteJoinGroupResultMsgContent
03-20 02:24:32.465 I/RongLog ( 5265): [ LibHandlerStub ] registerMessageType com.cmcm.letter.message.rong.notification.InviteJoinGroupMsgContent
03-20 02:24:32.466 I/RongLog ( 5265): [ LibHandlerStub ] registerMessageType com.cmcm.letter.message.rong.notification.RequestJoinGroupResultMsgContent
03-20 02:24:32.468 I/RongLog ( 5265): [ LibHandlerStub ] registerMessageType com.cmcm.letter.message.rong.notification.RequestJoinGroupMsgContent
03-20 02:24:32.475 I/RongLog ( 5265): [ LibHandlerStub ] registerMessageType com.cmcm.letter.message.rong.notification.GroupInfoMsgContent
03-20 02:24:32.476 I/RongLog ( 5265): [ LibHandlerStub ] registerMessageType com.cmcm.letter.message.rong.notification.CreateGroupMsgContent
03-20 02:24:32.477 I/RongLog ( 5265): [ LibHandlerStub ] registerMessageType com.cmcm.letter.message.rong.notification.LeaveGroupMsgContent
03-20 02:24:32.478 I/RongLog ( 5265): [ LibHandlerStub ] registerMessageType com.cmcm.letter.message.rong.notification.DismissGroupMsgContent
03-20 02:24:32.480 I/RongLog ( 5265): [ LibHandlerStub ] registerMessageType com.cmcm.letter.message.rong.notification.GroupCardMsgContent
03-20 02:24:32.482 I/RongLog ( 5265): [ LibHandlerStub ] registerMessageType com.cmcm.letter.message.rong.notification.AdminManageMsgContent
03-20 02:24:32.483 I/RongLog ( 5265): [ LibHandlerStub ] registerMessageType com.kxsimon.cmvideo.chat.msgcontent.GuestCountMsgContent
03-20 02:24:32.484 I/RongLog ( 5265): [ LibHandlerStub ] registerMessageType com.kxsimon.cmvideo.chat.msgcontent.MaskGameGiftMsgContent
03-20 02:24:32.485 I/RongLog ( 5265): [ LibHandlerStub ] registerMessageType com.kxsimon.cmvideo.chat.msgcontent.MaskGameLockingMsgContent
03-20 02:24:32.491 I/RongLog ( 5265): [ LibHandlerStub ] registerMessageType com.kxsimon.cmvideo.chat.msgcontent.MaskGameMaskMsgContent
03-20 02:24:32.492 I/RongLog ( 5265): [ LibHandlerStub ] registerMessageType com.kxsimon.cmvideo.chat.msgcontent.MaskGameRefreshMsgContent
03-20 02:24:32.493 I/RongLog ( 5265): [ LibHandlerStub ] registerMessageType com.kxsimon.cmvideo.chat.msgcontent.MaskGameRewardMsgContent
03-20 02:24:32.494 I/RongLog ( 5265): [ LibHandlerStub ] registerMessageType com.kxsimon.cmvideo.chat.msgcontent.MaskGameStartMsgContent
03-20 02:24:32.495 I/RongLog ( 5265): [ LibHandlerStub ] registerMessageType com.kxsimon.cmvideo.chat.msgcontent.HotValueMsgContent
03-20 02:24:32.499 I/RongLog ( 5265): [ LibHandlerStub ] registerMessageType com.kxsimon.cmvideo.chat.msgcontent.Interact2MsgContent
03-20 02:24:32.500 I/RongLog ( 5265): [ LibHandlerStub ] registerMessageType com.kxsimon.cmvideo.chat.msgcontent.InteractEndMsgContent
03-20 02:24:32.501 I/RongLog ( 5265): [ LibHandlerStub ] registerMessageType com.kxsimon.cmvideo.chat.msgcontent.InteractEndUserMsgContent
03-20 02:24:32.502 I/RongLog ( 5265): [ LibHandlerStub ] registerMessageType com.kxsimon.cmvideo.chat.msgcontent.InteractEntryMsgContent
03-20 02:24:32.508 I/RongLog ( 5265): [ LibHandlerStub ] registerMessageType com.kxsimon.cmvideo.chat.msgcontent.InteractMsgContent
03-20 02:24:32.509 I/RongLog ( 5265): [ LibHandlerStub ] registerMessageType com.kxsimon.cmvideo.chat.msgcontent.InteractPreviewMsgContent
03-20 02:24:32.510 I/RongLog ( 5265): [ LibHandlerStub ] registerMessageType com.kxsimon.cmvideo.chat.msgcontent.InteractSuccessMsgContent
03-20 02:24:32.511 I/RongLog ( 5265): [ LibHandlerStub ] registerMessageType com.kxsimon.cmvideo.chat.msgcontent.InteractSuccessResendMsgContent
03-20 02:24:32.512 I/RongLog ( 5265): [ LibHandlerStub ] registerMessageType com.kxsimon.cmvideo.chat.msgcontent.InteractSwitch2MsgContent
03-20 02:24:32.514 I/RongLog ( 5265): [ LibHandlerStub ] registerMessageType com.kxsimon.cmvideo.chat.msgcontent.InteractSwitchMsgContent
03-20 02:24:32.516 I/RongLog ( 5265): [ LibHandlerStub ] registerMessageType com.kxsimon.cmvideo.chat.msgcontent.JoinChatroomMsgContent
03-20 02:24:32.517 I/RongLog ( 5265): [ LibHandlerStub ] registerMessageType com.kxsimon.cmvideo.chat.msgcontent.LeaveChatroomMsgContent
03-20 02:24:32.518 I/RongLog ( 5265): [ LibHandlerStub ] registerMessageType com.cmcm.letter.message.rong.GroupTxtMsgContent
03-20 02:24:32.519 I/RongLog ( 5265): [ LibHandlerStub ] registerMessageType com.cmcm.letter.message.rong.LetterTxtMsgContent
03-20 02:24:32.521 I/RongLog ( 5265): [ LibHandlerStub ] registerMessageType com.cmcm.letter.message.rong.LetterSysMsgContent
03-20 02:24:32.522 I/RongLog ( 5265): [ LibHandlerStub ] registerMessageType com.kxsimon.cmvideo.chat.msgcontent.LevelUpMsgContent
03-20 02:24:32.523 I/RongLog ( 5265): [ LibHandlerStub ] registerMessageType com.kxsimon.cmvideo.chat.msgcontent.EatGameStatusMsgContent
03-20 02:24:32.524 I/RongLog ( 5265): [ LibHandlerStub ] registerMessageType com.kxsimon.cmvideo.chat.msgcontent.GameGuessMsgContent
03-20 02:24:32.525 I/RongLog ( 5265): [ LibHandlerStub ] registerMessageType com.kxsimon.cmvideo.chat.msgcontent.LiveShareDoneUVMsgContent
03-20 02:24:32.526 I/RongLog ( 5265): [ LibHandlerStub ] registerMessageType com.kxsimon.cmvideo.chat.msgcontent.LiveShowMsgContent
03-20 02:24:32.527 I/RongLog ( 5265): [ LibHandlerStub ] registerMessageType com.kxsimon.cmvideo.chat.msgcontent.LiveShowStarMsgContent
03-20 02:24:32.528 I/RongLog ( 5265): [ LibHandlerStub ] registerMessageType com.kxsimon.cmvideo.chat.msgcontent.LiveStatMsgContent
03-20 02:24:32.529 I/RongLog ( 5265): [ LibHandlerStub ] registerMessageType com.kxsimon.cmvideo.chat.msgcontent.LiveVideoStopMsgContent
03-20 02:24:32.530 I/RongLog ( 5265): [ LibHandlerStub ] registerMessageType com.kxsimon.cmvideo.chat.msgcontent.ManagerMsgContent
03-20 02:24:32.533 I/RongLog ( 5265): [ LibHandlerStub ] registerMessageType com.cmcm.match.message.msg.MtachFaildMsg
03-20 02:24:32.534 I/RongLog ( 5265): [ LibHandlerStub ] registerMessageType com.cmcm.match.message.msg.MatchActionMsg
03-20 02:24:32.535 I/RongLog ( 5265): [ LibHandlerStub ] registerMessageType com.cmcm.match.message.msg.MtachSuccessMsg
03-20 02:24:32.536 I/RongLog ( 5265): [ LibHandlerStub ] registerMessageType com.kxsimon.cmvideo.chat.msgcontent.GuardinMsgContent
03-20 02:24:32.537 I/RongLog ( 5265): [ LibHandlerStub ] registerMessageType com.kxsimon.cmvideo.chat.msgcontent.PraiseCountMsgContent
03-20 02:24:32.539 I/RongLog ( 5265): [ LibHandlerStub ] registerMessageType com.kxsimon.cmvideo.chat.msgcontent.PraiseMsgContent
03-20 02:24:32.540 I/RongLog ( 5265): [ LibHandlerStub ] registerMessageType com.kxsimon.cmvideo.chat.msgcontent.PromoteProductMsgContent
03-20 02:24:32.542 I/RongLog ( 5265): [ LibHandlerStub ] registerMessageType com.kxsimon.cmvideo.chat.msgcontent.RankAnimationMsgContent
03-20 02:24:32.543 I/RongLog ( 5265): [ LibHandlerStub ] registerMessageType com.kxsimon.cmvideo.chat.msgcontent.RankRefreshMsgContent
03-20 02:24:32.544 I/RongLog ( 5265): [ LibHandlerStub ] registerMessageType com.kxsimon.cmvideo.chat.msgcontent.ShareVideoMsgContent
03-20 02:24:32.545 I/RongLog ( 5265): [ LibHandlerStub ] registerMessageType com.kxsimon.cmvideo.chat.msgcontent.VidSucMsgContent
03-20 02:24:32.546 I/RongLog ( 5265): [ LibHandlerStub ] registerMessageType com.kxsimon.cmvideo.chat.myvoice.StarJoinChatroomBean
03-20 02:24:32.548 I/RongLog ( 5265): [ LibHandlerStub ] registerMessageType com.kxsimon.cmvideo.chat.msgcontent.StarMsgContent
03-20 02:24:32.549 I/RongLog ( 5265): [ LibHandlerStub ] registerMessageType com.kxsimon.cmvideo.chat.msgcontent.VoiceLiveThroughPopContent
03-20 02:24:32.550 I/RongLog ( 5265): [ LibHandlerStub ] registerMessageType com.kxsimon.cmvideo.chat.msgcontent.SystemMsgContent
03-20 02:24:32.552 I/RongLog ( 5265): [ LibHandlerStub ] registerMessageType com.kxsimon.cmvideo.chat.msgcontent.BonusTaskMsgContent
03-20 02:24:32.553 I/RongLog ( 5265): [ LibHandlerStub ] registerMessageType com.kxsimon.cmvideo.chat.msgcontent.LevelTempletStartMsgContent
03-20 02:24:32.555 I/RongLog ( 5265): [ LibHandlerStub ] registerMessageType com.kxsimon.cmvideo.chat.msgcontent.LevelTempletGiftMsgContent
03-20 02:24:32.556 I/RongLog ( 5265): [ LibHandlerStub ] registerMessageType com.cmcm.game.TempletRewardMsgContent
03-20 02:24:32.557 I/RongLog ( 5265): [ LibHandlerStub ] registerMessageType com.kxsimon.cmvideo.chat.msgcontent.LevelTempletStarRefreshMsgContent
03-20 02:24:32.558 I/RongLog ( 5265): [ LibHandlerStub ] registerMessageType com.kxsimon.cmvideo.chat.msgcontent.TopFansRankMsgContent
03-20 02:24:32.559 I/RongLog ( 5265): [ LibHandlerStub ] registerMessageType com.kxsimon.cmvideo.chat.msgcontent.WarAnimMsgContent
03-20 02:24:32.560 I/RongLog ( 5265): [ LibHandlerStub ] registerMessageType com.kxsimon.cmvideo.chat.msgcontent.WarGiftMsgContent
03-20 02:24:32.561 I/RongLog ( 5265): [ LibHandlerStub ] registerMessageType com.kxsimon.cmvideo.chat.msgcontent.WarRefreshMsgContent
03-20 02:24:32.562 I/RongLog ( 5265): [ LibHandlerStub ] registerMessageType com.kxsimon.cmvideo.chat.msgcontent.ActressAskFollowerMsgContent
03-20 02:24:32.564 I/RongLog ( 5265): [ LibHandlerStub ] registerMessageType com.kxsimon.cmvideo.chat.msgcontent.ChatConfigMsgContent
03-20 02:24:32.565 I/RongLog ( 5265): [ LibHandlerStub ] registerMessageType com.kxsimon.cmvideo.chat.msgcontent.ChatMultiMediaMsgContent
03-20 02:24:32.566 I/RongLog ( 5265): [ LibHandlerStub ] registerMessageType com.kxsimon.cmvideo.chat.msgcontent.GhostGameStartMsg
03-20 02:24:32.567 I/RongLog ( 5265): [ LibHandlerStub ] registerMessageType com.kxsimon.cmvideo.chat.msgcontent.EatGameRecommendMsgContent
03-20 02:24:32.568 I/RongLog ( 5265): [ LibHandlerStub ] registerMessageType com.kxsimon.cmvideo.chat.msgcontent.LiveTipsMsgContent
03-20 02:24:32.569 I/RongLog ( 5265): [ LibHandlerStub ] registerMessageType com.kxsimon.cmvideo.chat.msgcontent.TempletGameStartMsgContent
03-20 02:24:32.570 I/RongLog ( 5265): [ LibHandlerStub ] registerMessageType com.kxsimon.cmvideo.chat.msgcontent.PlanetGameStartMsgContent
03-20 02:24:32.572 I/RongLog ( 5265): [ LibHandlerStub ] registerMessageType com.kxsimon.cmvideo.chat.msgcontent.PlanetGiftMsgContent
03-20 02:24:32.573 I/RongLog ( 5265): [ LibHandlerStub ] registerMessageType com.kxsimon.cmvideo.chat.msgcontent.PlanetStarRefreshMsgContent
03-20 02:24:32.574 I/RongLog ( 5265): [ LibHandlerStub ] registerMessageType com.kxsimon.cmvideo.chat.msgcontent.UnFollowActressMsgContent
03-20 02:24:32.575 I/RongLog ( 5265): [ LibHandlerStub ] registerMessageType com.cmcm.game.trivia.message.TriviaGameNextQuestionContent
03-20 02:24:32.585 W/KInfoc  ( 5190): The data section count is not equal! table:kewl_bug_probe, count in format:3, count in data:5.
03-20 02:24:32.586 I/RongLog ( 5265): [ LibHandlerStub ] registerMessageType com.cmcm.game.trivia.message.TriviaGameQuestionPublishContent
03-20 02:24:32.589 I/base_log( 5190): [BugReport]/ mainCode : 2001, subCode : 117, reportInfo : web_socket NetworkType : 1, ScreenOn : true,  queryWebSocketConfig success
03-20 02:24:32.591 W/KInfoc  ( 5190): The data section count is not equal! table:kewl_bug_probe, count in format:3, count in data:5.
03-20 02:24:32.593 I/base_log( 5190): [BugReport]/ mainCode : 2001, subCode : 106, reportInfo : web_socket NetworkType : 1, ScreenOn : true,  No.1 WebSocket connecting : ws://34.227.218.83:9161, retryCount : 0 , connecting source : ws_config
03-20 02:24:32.600 I/RongLog ( 5265): [ LibHandlerStub ] registerMessageType com.kxsimon.cmvideo.chat.msgcontent.GiftWorldMsgContent
03-20 02:24:32.602 I/RongLog ( 5265): [ LibHandlerStub ] registerMessageType com.cmcm.user.bag.message.BagProduceInvalidMsg
03-20 02:24:32.603 I/RongLog ( 5265): [ LibHandlerStub ] registerMessageType com.cmcm.game.trivia.message.TriviaUserInviteContent
03-20 02:24:32.604 W/KInfoc  ( 5190): The data section count is not equal! table:kewl_bug_probe, count in format:3, count in data:5.
03-20 02:24:32.606 I/RongLog ( 5265): [ LibHandlerStub ] registerMessageType com.cmcm.game.trivia.message.TriviaGameEndContent
03-20 02:24:32.607 I/base_log( 5190): [BugReport]/ mainCode : 2001, subCode : 106, reportInfo : web_socket NetworkType : 1, ScreenOn : true,  No.0 WebSocket connecting : ws://34.227.218.83:9161, retryCount : 0 , connecting source : ws_config
03-20 02:24:32.607 I/RongLog ( 5265): [ LibHandlerStub ] registerMessageType com.kxsimon.cmvideo.chat.msgcontent.AnchorLevelUpMsgContent
03-20 02:24:32.609 I/RongLog ( 5265): [ LibHandlerStub ] registerMessageType com.kxsimon.cmvideo.chat.msgcontent.ChargePrizeMsgContent
03-20 02:24:32.610 I/RongLog ( 5265): [ LibHandlerStub ] registerMessageType com.kxsimon.cmvideo.chat.msgcontent.CardGiftMsgContent
03-20 02:24:32.611 I/RongLog ( 5265): [ LibHandlerStub ] registerMessageType com.kxsimon.cmvideo.chat.msgcontent.CardChestMsgContent
03-20 02:24:32.612 I/RongLog ( 5265): [ LibHandlerStub ] registerMessageType com.kxsimon.cmvideo.chat.msgcontent.LiveStarEndMsgContent
03-20 02:24:32.618 I/RongLog ( 5265): [ LibHandlerStub ] registerMessageType com.cmcm.game.catchdoll.msg.CatchDollRankChangeContent
03-20 02:24:32.619 I/RongLog ( 5265): [ LibHandlerStub ] registerMessageType com.cmcm.game.catchdoll.msg.CatchDollResultMsg
03-20 02:24:32.620 I/RongLog ( 5265): [ LibHandlerStub ] registerMessageType com.cmcm.game.trivia.message.CatchDollPayCallBackContent
03-20 02:24:32.623 I/RongLog ( 5265): [ LibHandlerStub ] registerMessageType com.kxsimon.cmvideo.chat.msgcontent.RedPacketMsgContent
03-20 02:24:32.624 I/RongLog ( 5265): [ LibHandlerStub ] registerMessageType com.kxsimon.cmvideo.chat.msgcontent.LiveStarGiftMsgContent
03-20 02:24:32.625 I/RongLog ( 5265): [ LibHandlerStub ] registerMessageType com.kxsimon.cmvideo.chat.msgcontent.CouponMsgContent
03-20 02:24:32.626 I/RongLog ( 5265): [ LibHandlerStub ] registerMessageType com.kxsimon.cmvideo.chat.msgcontent.LiveStarStartMsgContent
03-20 02:24:32.627 I/RongLog ( 5265): [ LibHandlerStub ] registerMessageType com.kxsimon.cmvideo.chat.msgcontent.PokemonGiftMsgContent
03-20 02:24:32.628 I/RongLog ( 5265): [ LibHandlerStub ] registerMessageType com.kxsimon.cmvideo.chat.msgcontent.PokemonLvMsgContent
03-20 02:24:32.629 I/RongLog ( 5265): [ LibHandlerStub ] registerMessageType com.cmcm.game.trivia.message.TriviaFreeReviveContent
03-20 02:24:32.631 I/RongLog ( 5265): [ LibHandlerStub ] registerMessageType com.kxsimon.cmvideo.chat.vcall.sevencontrol.msg.InteractSwitchVcallMsgContent
03-20 02:24:32.636 I/RongLog ( 5265): [ LibHandlerStub ] registerMessageType com.kxsimon.cmvideo.chat.vcall.sevencontrol.msg.InteractSevenSuccessMsgContent
03-20 02:24:32.639 I/RongLog ( 5265): [ LibHandlerStub ] registerMessageType com.kxsimon.cmvideo.chat.vcall.sevencontrol.msg.InteractSevenApplyMsgContent
03-20 02:24:32.641 I/RongLog ( 5265): [ LibHandlerStub ] registerMessageType com.kxsimon.cmvideo.chat.vcall.sevencontrol.msg.InteractSevenEndUserMsgContent
03-20 02:24:32.642 I/RongLog ( 5265): [ LibHandlerStub ] registerMessageType com.kxsimon.cmvideo.chat.vcall.sevencontrol.msg.InteractSevenEndContent
03-20 02:24:32.643 I/RongLog ( 5265): [ LibHandlerStub ] registerMessageType com.kxsimon.cmvideo.chat.vcall.sevencontrol.msg.SevenLiveApplyCancelMsgContent
03-20 02:24:32.644 I/RongLog ( 5265): [ LibHandlerStub ] registerMessageType com.kxsimon.cmvideo.chat.vcall.sevencontrol.msg.SevenUserMuteMsgContent
03-20 02:24:32.645 I/RongLog ( 5265): [ LibHandlerStub ] registerMessageType com.cmcm.game.catchdoll.msg.InteractDollGameStartContent
03-20 02:24:32.647 I/RongLog ( 5265): [ LibHandlerStub ] registerMessageType com.cmcm.game.catchdoll.msg.InteractDollGameEndContent
03-20 02:24:32.648 I/RongLog ( 5265): [ LibHandlerStub ] registerMessageType com.kxsimon.cmvideo.chat.msgcontent.EasterMsgContent
03-20 02:24:32.649 I/RongLog ( 5265): [ NativeClient ] registerCmdMsgType RC:RRRspMsg
03-20 02:24:32.650 I/RongLog ( 5265): [ NativeClient ] registerCmdMsgType RC:RRReqMsg
03-20 02:24:32.650 I/RongLog ( 5265): [ NativeClient ] registerCmdMsgType RC:ReadNtf
03-20 02:24:32.651 I/RongLog ( 5265): [ NativeClient ] registerCmdMsgType RC:SRSMsg
03-20 02:24:32.651 I/RongLog ( 5265): [ NativeClient ] registerCmdMsgType RC:RcCmd
03-20 02:24:32.652 I/RongLog ( 5265): [ NativeClient ] registerCmdMsgType RC:TypSts
03-20 02:24:32.658 W/KInfoc  ( 5190): The data section count is not equal! table:kewl_bug_probe, count in format:3, count in data:5.
03-20 02:24:32.660 I/base_log( 5190): [BugReport]/ mainCode : 2001, subCode : 101, reportInfo : web_socket NetworkType : 1, ScreenOn : true,  NetworkReceiver to connect
03-20 02:24:32.667 W/KInfoc  ( 5190): The data section count is not equal! table:kewl_bug_probe, count in format:3, count in data:5.
03-20 02:24:32.668 I/base_log( 5190): [BugReport]/ mainCode : 2001, subCode : 125, reportInfo : web_socket NetworkType : 1, ScreenOn : true,  startCommQuery, from : 5
03-20 02:24:32.678 D/RongLog ( 5190): [ RongIMClient ] ConnectRunnable do connect!
03-20 02:24:32.679 D/RongLog ( 5190): [ RongIMClient ] onStatusChange : cur = DISCONNECTED, to = CONNECTING, retry = 0
03-20 02:24:32.679 I/record_logger( 5190): ChatRoomClient::onConnectionStatusChanged:Connecting
03-20 02:24:32.690 I/cm.log.uipro( 5190): [IM][D]/ RY Connect change: CONNECTING
03-20 02:24:32.693 D/RongLog ( 5190): [ RongIMClient ] [connect] connect
03-20 02:24:32.702 D/RongLog ( 5265): [ NavigationClient ] [connect] getCMPServerString appKey:e5t4ouvptfuma, token:gBepr2jhUsah3Og4BSXVhFPWqPhQ4mh0EEwlWK8imqS+Tbgpj97RkkD8wSVlMSBTeSBhA43e9jAEX+UiEC4OnEbXUmG+sPQBoeJoV6Zc0qg=
03-20 02:24:32.707 D/RongLog ( 5265): [ NavigationClient ] [connect] isCacheValid:true
03-20 02:24:32.709 D/RongLog ( 5265): [ NavigationClient ] [connect] cmp from cache:117.79.145.228:8005,52.35.111.246:443,52.35.111.246:8005
03-20 02:24:32.711 D/RongLog ( 5265): [ NativeClient ] [connect] addObserver onSuccess
03-20 02:24:32.714 D/RongLog ( 5265): [ NativeClient ] [connect] times = 1
03-20 02:24:32.720 D/RongLog ( 5265): [ NativeClient ] [connect] device info: LGE, Nexus 5, 23, 2.8.6, WIFI, 
03-20 02:24:32.720 D/RongLog ( 5190): [ ConnectChangeReceiver ] intent : Intent { act=android.net.conn.CONNECTIVITY_CHANGE flg=0x4000010 (has extras) }
03-20 02:24:32.721 D/RongLog ( 5190): [ ConnectChangeReceiver ] network : true true
03-20 02:24:32.729 D/RongLog ( 5265): [ NativeClient ] [connect] nativeObj.Connect cmp:117.79.145.228:8005
03-20 02:24:32.779 D/RongLog ( 5190): [ ReConnectService ] RECONNECT Intent { cmp=com.cmcm.live/io.rong.imlib.ReConnectService (has extras) }
03-20 02:24:32.783 D/RongLog ( 5190): [ RongIMClient ] [connect] reconnect mConnectionStatus :CONNECTING
03-20 02:24:32.791 E/RongLog ( 5190): [ RongIMClient ] [connect] client is connecting!
03-20 02:24:32.862 I/record_logger( 5190): onRCLogInfoOccurred:P-reason-C;;;tcp_connect;;;ip:117.79.145.228,port:8005
03-20 02:24:32.867 I/base_log( 5190): [onRCLogInfoOccurred:]/ P-reason-C;;;tcp_connect;;;ip:117.79.145.228,port:8005
03-20 02:24:32.880 I/AppsFlyer_4.7.4( 4584): Status 200 ok
03-20 02:24:32.880 I/AppsFlyer_4.7.4( 4584): Connection call succeeded: {"response_not_json":""}
03-20 02:24:32.880 D/AppsFlyer_4.7.4( 4584): RD status is OFF
03-20 02:24:32.880 D/AppsFlyer_4.7.4( 4584): shut downing executor ...
03-20 02:24:32.885 D/AppsFlyer_4.7.4( 4584): shut downing executor ...
03-20 02:24:33.214 I/record_logger( 5190): onRCLogInfoOccurred:P-reason-C;;;send_connect;;;connect
03-20 02:24:33.217 I/base_log( 5190): [onRCLogInfoOccurred:]/ P-reason-C;;;send_connect;;;connect
03-20 02:24:33.231 W/KInfoc  ( 5190): The data section count is not equal! table:kewl_bug_probe, count in format:3, count in data:5.
03-20 02:24:33.235 I/base_log( 5190): [BugReport]/ mainCode : 2001, subCode : 103, reportInfo : web_socket NetworkType : 1, ScreenOn : true,  No.1 WebSocket onOpen, Router : ws://34.227.218.83:9161, response : Response{protocol=http/1.1, code=101, message=Switching Protocols, url=http://34.227.218.83:9161/}
03-20 02:24:33.296 W/UnsafeUtil( 5190): platform method missing - proto runtime falling back to safer methods: java.lang.NoSuchMethodException: getByte [long]
03-20 02:24:33.296 W/UnsafeUtil( 5190): platform method missing - proto runtime falling back to safer methods: java.lang.NoSuchMethodException: getByte [class java.lang.Object, long]
03-20 02:24:33.463 W/KInfoc  ( 5190): The data section count is not equal! table:kewl_bug_probe, count in format:3, count in data:5.
03-20 02:24:33.464 I/base_log( 5190): [BugReport]/ mainCode : 2001, subCode : 123, reportInfo : web_socket NetworkType : 1, ScreenOn : true,  No.1 sendRegisterMessage : header {
03-20 02:24:33.464 I/base_log( 5190):   version: 1
03-20 02:24:33.464 I/base_log( 5190):   sequence: 1
03-20 02:24:33.464 I/base_log( 5190):   type: kRegister
03-20 02:24:33.464 I/base_log( 5190):   register {
03-20 02:24:33.464 I/base_log( 5190):     userid: "917877848378048512"
03-20 02:24:33.464 I/base_log( 5190):     token: "hamie127b95bda6b7908659b4cedb8c8"
03-20 02:24:33.464 I/base_log( 5190):     appkey: "c1e980bb"
03-20 02:24:33.464 I/base_log( 5190):   }
03-20 02:24:33.464 I/base_log( 5190): }
03-20 02:24:33.464 I/base_log( 5190): body: "{\"version\":\"3.8.40\",\"plat\":\"android\",\"deviceId\":\"c9987370cfa065c5\",\"hb\":\"280\"}"
03-20 02:24:33.468 W/KInfoc  ( 5190): The data section count is not equal! table:kewl_bug_probe, count in format:3, count in data:5.
03-20 02:24:33.470 I/base_log( 5190): [BugReport]/ mainCode : 2001, subCode : 103, reportInfo : web_socket NetworkType : 1, ScreenOn : true,  No.0 WebSocket onOpen, Router : ws://34.227.218.83:9161, response : Response{protocol=http/1.1, code=101, message=Switching Protocols, url=http://34.227.218.83:9161/}
03-20 02:24:33.481 W/KInfoc  ( 5190): The data section count is not equal! table:kewl_bug_probe, count in format:3, count in data:5.
03-20 02:24:33.483 I/base_log( 5190): [BugReport]/ mainCode : 2001, subCode : 123, reportInfo : web_socket NetworkType : 1, ScreenOn : true,  No.0 sendRegisterMessage : header {
03-20 02:24:33.483 I/base_log( 5190):   version: 1
03-20 02:24:33.483 I/base_log( 5190):   sequence: 1
03-20 02:24:33.483 I/base_log( 5190):   type: kRegister
03-20 02:24:33.483 I/base_log( 5190):   register {
03-20 02:24:33.483 I/base_log( 5190):     userid: "917877848378048512"
03-20 02:24:33.483 I/base_log( 5190):     token: "hamie127b95bda6b7908659b4cedb8c8"
03-20 02:24:33.483 I/base_log( 5190):     appkey: "c1e980bb"
03-20 02:24:33.483 I/base_log( 5190):   }
03-20 02:24:33.483 I/base_log( 5190): }
03-20 02:24:33.483 I/base_log( 5190): body: "{\"version\":\"3.8.40\",\"plat\":\"android\",\"deviceId\":\"c9987370cfa065c5\",\"hb\":\"280\"}"
03-20 02:24:33.582 D/RongLog ( 5265): [ NativeClient ] [connect] operationComplete status:0
03-20 02:24:33.592 D/RongLog ( 5265): [ NativeClient ] [connect] tryConnect::onSuccess userId = 917877848378048512
03-20 02:24:33.592 D/RongLog ( 5265): [ WakeLockUtils ] startNextHeartbeat com.cmcm.live
03-20 02:24:33.597 D/RongLog ( 5190): [ RongIMClient ] [connect] callback onComplete
03-20 02:24:33.599 D/RongLog ( 5190): [ RongIMClient ] onStatusChange : cur = CONNECTING, to = CONNECTED, retry = 0
03-20 02:24:33.600 I/record_logger( 5190): ChatRoomClient::onConnectionStatusChanged:Connect Success.
03-20 02:24:33.607 I/cm.log.uipro( 5190): [IM][D]/ RY Connect change: CONNECTED
03-20 02:24:33.609 D/RongLog ( 5190): [ RongIMClient ] reJoinChatRoom : trySize = 0
03-20 02:24:33.651 W/KInfoc  ( 5190): The data section count is not equal! table:kewl_bug_probe, count in format:3, count in data:5.
03-20 02:24:33.660 I/base_log( 5190): [BugReport]/ mainCode : 2001, subCode : 107, reportInfo : web_socket NetworkType : 1, ScreenOn : true,  No.1 register ok
03-20 02:24:33.661 I/base_log( 5190): [web_socket]/ NetworkType : 1, ScreenOn : true,  No.1 scheduleHeartBeat, heartbeat interval : 280
03-20 02:24:33.717 I/ActivityManager(17992): Start proc 5412:com.cmcm.live:QALSERVICE/u0a278 for service com.cmcm.live/com.tencent.qalsdk.service.QalService
03-20 02:24:33.719 D/CleanMemoryManager( 4584): „ÄêcurrentPercent„Äë last clean result 58
03-20 02:24:33.730 D/EventBus( 4584): No subscribers registered for event class com.ksmobile.launcher.insertpage.g
03-20 02:24:33.730 D/EventBus( 4584): No subscribers registered for event class org.greenrobot.eventbus.NoSubscriberEvent
03-20 02:24:33.732 I/ActivityManager(17992): START u0 {flg=0x10000000 cmp=com.ksmobile.launcher/.wizard.AfterCleanSettingDefaultGuideActivity (has extras)} from uid 10284 on display 0
03-20 02:24:33.732 W/ActivityManager(17992): Activity start request from 10284 stopped
03-20 02:24:33.764 W/KInfoc  ( 5190): The data section count is not equal! table:kewl_bug_probe, count in format:3, count in data:5.
03-20 02:24:33.765 I/base_log( 5190): [BugReport]/ mainCode : 2001, subCode : 107, reportInfo : web_socket NetworkType : 1, ScreenOn : true,  No.0 register ok
03-20 02:24:33.778 I/base_log( 5190): [web_socket]/ NetworkType : 1, ScreenOn : true,  No.0 scheduleHeartBeat, heartbeat interval : 280
03-20 02:24:33.864 I/record_logger( 5190): ConnectionManager::connect to server success
03-20 02:24:33.865 I/base_log( 5190): [ConnectEvent][D]/  connected success
03-20 02:24:33.869 I/base_log( 5190): [ConnectEvent][D]/  connected success
03-20 02:24:33.886 W/Settings( 5412): Setting android_id has moved from android.provider.Settings.System to android.provider.Settings.Secure, returning read-only value.
03-20 02:24:33.929 W/CMRuntime( 5412): CMCDUMPER INITIALIZING ...
03-20 02:24:33.930 W/CMRuntime( 5412): CMCDUMPER INITIALIZE SUCCESSED!
03-20 02:24:33.997 D/audio_hw_primary(17775): out_set_parameters: enter: usecase(1: low-latency-playback) kvpairs: routing=2
03-20 02:24:33.997 I/ActivityManager(17992): START u0 {act=android.intent.action.MAIN cat=[android.intent.category.HOME] flg=0x10200000 cmp=android/com.android.internal.app.ResolverActivity (has extras)} from uid 1000 on display 0
03-20 02:24:34.007 W/Binder_5(18677): type=1400 audit(0.0:163769): avc: denied { ioctl } for path="socket:[5677379]" dev="sockfs" ino=5677379 ioctlcmd=7704 scontext=u:r:system_server:s0 tcontext=u:r:system_server:s0 tclass=unix_stream_socket permissive=0
03-20 02:24:34.033 D/AudioFlinger(17775): mixer(0xb4140000) throttle end: throttle time(4)
03-20 02:24:34.037 I/GoogleInputMethod(18923): onFinishInput() : Dummy InputConnection bound
03-20 02:24:34.038 I/GoogleInputMethod(18923): onStartInput() : Dummy InputConnection bound
03-20 02:24:34.007 W/Binder_5(18677): type=1400 audit(0.0:163770): avc: denied { ioctl } for path="socket:[5677379]" dev="sockfs" ino=5677379 ioctlcmd=7704 scontext=u:r:system_server:s0 tcontext=u:r:system_server:s0 tclass=unix_stream_socket permissive=0
03-20 02:24:34.077 I/GoogleInputMethod(18923): onFinishInput() : Dummy InputConnection bound
03-20 02:24:34.077 I/GoogleInputMethod(18923): onStartInput() : Dummy InputConnection bound
03-20 02:24:34.067 W/Binder_8(18974): type=1400 audit(0.0:163771): avc: denied { ioctl } for path="socket:[5684463]" dev="sockfs" ino=5684463 ioctlcmd=7704 scontext=u:r:system_server:s0 tcontext=u:r:system_server:s0 tclass=unix_stream_socket permissive=0
03-20 02:24:34.067 W/Binder_8(18974): type=1400 audit(0.0:163772): avc: denied { ioctl } for path="socket:[5684463]" dev="sockfs" ino=5684463 ioctlcmd=7704 scontext=u:r:system_server:s0 tcontext=u:r:system_server:s0 tclass=unix_stream_socket permissive=0
03-20 02:24:34.152 I/AppsFlyer_4.7.4( 4584): onBecameForeground
03-20 02:24:34.153 I/AppsFlyer_4.7.4( 4584): Last successful launch event: 2018-03-20_022421-0400. Sending launch (12913.0 ms)
03-20 02:24:34.157 W/Binder_8(18974): type=1400 audit(0.0:163773): avc: denied { ioctl } for path="socket:[5683759]" dev="sockfs" ino=5683759 ioctlcmd=7704 scontext=u:r:system_server:s0 tcontext=u:r:system_server:s0 tclass=unix_stream_socket permissive=0
03-20 02:24:34.157 W/Binder_8(18974): type=1400 audit(0.0:163774): avc: denied { ioctl } for path="socket:[5683759]" dev="sockfs" ino=5683759 ioctlcmd=7704 scontext=u:r:system_server:s0 tcontext=u:r:system_server:s0 tclass=unix_stream_socket permissive=0
03-20 02:24:34.194 I/art     ( 4584): Background sticky concurrent mark sweep GC freed 85423(6MB) AllocSpace objects, 81(5MB) LOS objects, 12% free, 81MB/92MB, paused 8.106ms total 82.080ms
03-20 02:24:34.215 D/WifiService(17992): New client listening to asynchronous messages
03-20 02:24:34.236 I/art     (17992): Background partial concurrent mark sweep GC freed 22912(1337KB) AllocSpace objects, 6(136KB) LOS objects, 31% free, 35MB/51MB, paused 5.214ms total 209.670ms
03-20 02:24:34.307 I/AppsFlyer_4.7.4( 4584): sendTrackingWithEvent from activity: com.ksmobile.launcher.wizard.AfterCleanSettingDefaultGuideActivity
03-20 02:24:34.307 I/AppsFlyer_4.7.4( 4584): Trying to fetch GAID..
03-20 02:24:34.415 I/AppsFlyer_4.7.4( 4584): ******* sendTrackingWithEvent: Launch
03-20 02:24:34.417 I/ActivityManager(17992): Displayed com.ksmobile.launcher/.wizard.AfterCleanSettingDefaultGuideActivity: +355ms
03-20 02:24:34.432 W/AppsFlyer_4.7.4( 4584): Exception while collecting facebook's attribution ID. 
03-20 02:24:34.436 I/AppsFlyer_4.7.4( 4584): IMEI was not collected.
03-20 02:24:34.455 I/AppsFlyer_4.7.4( 4584): AppsFlyer: first launch date: 2018-03-20_022419-0400
03-20 02:24:34.459 D/AppsFlyer_4.7.4( 4584): didConfigureTokenRefreshService=false
03-20 02:24:34.461 I/AppsFlyer_4.7.4( 4584): AppsFlyerLib.sendTrackingWithEvent
03-20 02:24:34.464 I/AppsFlyer_4.7.4( 4584): url: https://t.appsflyer.com/api/v4/androidevent?buildnumber=4.7.4&app_id=com.ksmobile.launcher
03-20 02:24:34.464 I/AppsFlyer_4.7.4( 4584): data: {"installAttribution":"{\"af_message\":\"organic install\",\"af_status\":\"Organic\"}","device":"hammerhead","firstLaunchDate":"2018-03-20_022419-0400","installDate":"2018-03-20_022413-0400","sdk":"23","carrier":"","deviceFingerPrintId":"00000000-555a-4ce5-ffff-ffffda3732cb","date1":"2018-03-20_022413-0400","tokenRefreshConfigured":false,"af_preinstalled":"false","advertiserIdEnabled":"true","iaecounter":"0","lang_code":"en","appsflyerKey":"G********************5","registeredUninstall":false,"app_version_name":"5.22.10","lang":"English","timepassedsincelastlaunch":"14","android_id":"c9987370cfa065c5","advertiserId":"6d482de2-4d8a-41f2-9934-fd89e3965594","isGaidWithGps":"true","deviceData":{"build_display_id":"M4B30Z","arch":"","cpu_abi2":"armeabi","cpu_abi":"armeabi-v7a"},"af_v2":"ef6da79a4107736dccae5e8242d64c910dc7fcb9","deviceType":"user","af_v":"0c722f6de0bfec78cd5b8f44fe1f2fc359ccc876","app_version_code":"52210","af_events_api":"1","platformextension":"android_native","network":"WIFI","operator":"","country":"US","date2":"2018-03-20_022413-0400","brand":"google","af_timestamp":"1521527074415","uid":"1521527053333-8213120026950774375","isFirstCall":"false","counter":"2","model":"Nexus 5","product":"hammerhead"}
03-20 02:24:35.641 D/AppsFlyer_4.7.4( 4584): response code: 200
03-20 02:24:36.047 W/Binder_B(19003): type=1400 audit(0.0:163775): avc: denied { ioctl } for path="socket:[5677379]" dev="sockfs" ino=5677379 ioctlcmd=7704 scontext=u:r:system_server:s0 tcontext=u:r:system_server:s0 tclass=unix_stream_socket permissive=0
03-20 02:24:36.094 W/System.err( 5287): java.net.SocketTimeoutException: failed to connect to /52.33.58.59 (port 8601) after 4000ms
03-20 02:24:36.094 W/System.err( 5287): 	at libcore.io.IoBridge.connectErrno(IoBridge.java:169)
03-20 02:24:36.094 W/System.err( 5287): 	at libcore.io.IoBridge.connect(IoBridge.java:122)
03-20 02:24:36.094 W/System.err( 5287): 	at java.net.PlainSocketImpl.connect(PlainSocketImpl.java:183)
03-20 02:24:36.094 W/System.err( 5287): 	at java.net.PlainSocketImpl.connect(PlainSocketImpl.java:452)
03-20 02:24:36.094 W/System.err( 5287): 	at java.net.Socket.connect(Socket.java:884)
03-20 02:24:36.094 W/System.err( 5287): 	at io.rong.push.core.PushClient.connect(PushClient.java:39)
03-20 02:24:36.094 W/System.err( 5287): 	at io.rong.push.core.PushConnectivityManager.internalConnect(PushConnectivityManager.java:250)
03-20 02:24:36.094 W/System.err( 5287): 	at io.rong.push.core.PushConnectivityManager.access$200(PushConnectivityManager.java:37)
03-20 02:24:36.094 W/System.err( 5287): 	at io.rong.push.core.PushConnectivityManager$DisconnectedState.processMessage(PushConnectivityManager.java:232)
03-20 02:24:36.094 W/System.err( 5287): 	at io.rong.push.common.stateMachine.StateMachine$SmHandler.processMsg(StateMachine.java:966)
03-20 02:24:36.095 W/System.err( 5287): 	at io.rong.push.common.stateMachine.StateMachine$SmHandler.handleMessage(StateMachine.java:789)
03-20 02:24:36.095 W/System.err( 5287): 	at android.os.Handler.dispatchMessage(Handler.java:102)
03-20 02:24:36.095 W/System.err( 5287): 	at android.os.Looper.loop(Looper.java:148)
03-20 02:24:36.095 W/System.err( 5287): 	at android.os.HandlerThread.run(HandlerThread.java:61)
03-20 02:24:36.102 I/GoogleInputMethod(18923): onFinishInput() : Dummy InputConnection bound
03-20 02:24:36.103 I/GoogleInputMethod(18923): onStartInput() : Dummy InputConnection bound
03-20 02:24:36.109 W/KInfoc  ( 5190): The data section count is not equal! table:kewl_im_tcp_connect_time2, count in format:19, count in data:21.
03-20 02:24:36.057 W/Binder_B(19003): type=1400 audit(0.0:163776): avc: denied { ioctl } for path="socket:[5677379]" dev="sockfs" ino=5677379 ioctlcmd=7704 scontext=u:r:system_server:s0 tcontext=u:r:system_server:s0 tclass=unix_stream_socket permissive=0
03-20 02:24:36.221 I/art     (17992): Background partial concurrent mark sweep GC freed 4100(233KB) AllocSpace objects, 0(0B) LOS objects, 31% free, 35MB/51MB, paused 2.434ms total 202.254ms
03-20 02:24:36.345 I/ActivityManager(17992): Start proc 5490:com.ksmobile.launcher:crash_service/u0a284 for service com.ksmobile.launcher/.crash_upload.CrashUploadService
03-20 02:24:36.347 D/AlarmReportService( 4584): init
03-20 02:24:36.494 D/liuwei  ( 5490): adfasd attachBaseContext base =   android.app.ContextImpl@e99eec6
03-20 02:24:36.500 D/liuwei  ( 5490): adfasd attachBaseContext onCreate =   com.ksmobile.launcher.LauncherApplication@16f2e87
03-20 02:24:36.523 W/Settings( 5490): Setting android_id has moved from android.provider.Settings.System to android.provider.Settings.Secure, returning read-only value.
03-20 02:24:36.577 W/IntentService[C( 5508): type=1400 audit(0.0:163777): avc: denied { read } for name="anr" dev="mmcblk0p28" ino=325761 scontext=u:r:untrusted_app:s0:c512,c768 tcontext=u:object_r:anr_data_file:s0 tclass=dir permissive=0
03-20 02:24:37.167 D/audio_hw_primary(17775): disable_audio_route: reset and update mixer path: low-latency-playback
03-20 02:24:37.167 D/audio_hw_primary(17775): disable_snd_device: snd_device(2: speaker)
03-20 02:24:37.516 D/audio_hw_primary(17775): out_set_parameters: enter: usecase(1: low-latency-playback) kvpairs: routing=2
03-20 02:24:37.527 D/audio_hw_primary(17775): select_devices: out_snd_device(2: speaker) in_snd_device(0: none)
03-20 02:24:37.527 D/msm8974_platform(17775): platform_send_audio_calibration: sending audio calibration for snd_device(2) acdb_id(15)
03-20 02:24:37.527 D/audio_hw_primary(17775): enable_snd_device: snd_device(2: speaker)
03-20 02:24:37.530 D/audio_hw_primary(17775): enable_audio_route: apply and update mixer path: low-latency-playback
03-20 02:24:37.536 V/PhoneStatusBar(18328): setLightsOn(true)
03-20 02:24:37.536 E/START_LAUNCHER( 4584): Launcher onResume = 1521527077536
03-20 02:24:37.538 D/CleanMemoryManager( 4584): „ÄêcurrentPercent„Äë last clean result 58
03-20 02:24:37.538 D/CleanMemoryManager( 4584): „ÄêonLoop„Äë58
03-20 02:24:37.540 V/default_launcher( 4584): gap last show less then 3 hours
03-20 02:24:37.540 D/Launcher( 4584): onResume: yanzhao
03-20 02:24:37.547 W/Binder_10(20640): type=1400 audit(0.0:163778): avc: denied { ioctl } for path="socket:[5677379]" dev="sockfs" ino=5677379 ioctlcmd=7704 scontext=u:r:system_server:s0 tcontext=u:r:system_server:s0 tclass=unix_stream_socket permissive=0
03-20 02:24:37.556 I/GoogleInputMethod(18923): onFinishInput() : Dummy InputConnection bound
03-20 02:24:37.558 I/GoogleInputMethod(18923): onStartInput() : Dummy InputConnection bound
03-20 02:24:37.560 E/szadxacac( 4584): notify:white:-1
03-20 02:24:37.547 W/Binder_10(20640): type=1400 audit(0.0:163779): avc: denied { ioctl } for path="socket:[5677379]" dev="sockfs" ino=5677379 ioctlcmd=7704 scontext=u:r:system_server:s0 tcontext=u:r:system_server:s0 tclass=unix_stream_socket permissive=0
03-20 02:24:37.599 D/AudioFlinger(17775): mixer(0xb4140000) throttle end: throttle time(10)
03-20 02:24:37.633 W/ActivityManager(17992): Finishing task with all activities already finished
03-20 02:24:37.633 W/ActivityManager(17992): Duplicate finish request for ActivityRecord{daa551 u0 android/com.android.internal.app.ResolverActivity t524 f}
03-20 02:24:37.783 W/SurfaceFlinger(  188): couldn't log to binary event log: overflow.
03-20 02:24:38.020 D/EventBus( 4584): No subscribers registered for event class com.ksmobile.launcher.insertpage.g
03-20 02:24:38.020 D/EventBus( 4584): No subscribers registered for event class org.greenrobot.eventbus.NoSubscriberEvent
03-20 02:24:38.021 I/ActivityManager(17992): START u0 {act=android.intent.action.MAIN cat=[android.intent.category.HOME] flg=0x10000000 cmp=com.ksmobile.launcher/.wizard.KResolverActivity21 (has extras)} from uid 10284 on display 0
03-20 02:24:38.030 E/START_LAUNCHER( 4584): Launcher onPause = 1521527078030  Ë∑ùÁ¶ªonResumeÁöÑÊó∂Èó¥‰∏∫ Ôºö 494
03-20 02:24:38.062 I/AppsFlyer_4.7.4( 4584): onBecameBackground
03-20 02:24:38.062 I/AppsFlyer_4.7.4( 4584): callStatsBackground background call
03-20 02:24:38.062 I/AppsFlyer_4.7.4( 4584): app went to background
03-20 02:24:38.063 D/AppsFlyer_4.7.4( 4584): Running callStats task (on current thread: Thread[pool-29-thread-1,5,main] )
03-20 02:24:38.064 I/AppsFlyer_4.7.4( 4584): call = https://stats.appsflyer.com/stats; size = 420 bytes; body = {"platform":"Android","advertiserId":"6d482de2-4d8a-41f2-9934-fd89e3965594","gcd_conversion_data_timing":"6","devkey":"G********************5","statType":"user_closed_app","originalAppsflyerId":"1521527053333-8213120026950774375","time_in_app":"3","deviceFingerPrintId":"00000000-555a-4ce5-ffff-ffffda3732cb","app_id":"com.ksmobile.launcher","uid":"1521527053333-8213120026950774375","channel":null,"launch_counter":"2"}
03-20 02:24:38.092 I/AppsFlyer_4.7.4( 4584): onBecameForeground
03-20 02:24:38.093 I/AppsFlyer_4.7.4( 4584): Last successful launch event: 2018-03-20_022435-0400. This launch is blocked: 2450.0 ms < 5 ms
03-20 02:24:38.087 W/Binder_D(19118): type=1400 audit(0.0:163780): avc: denied { ioctl } for path="socket:[5682697]" dev="sockfs" ino=5682697 ioctlcmd=7704 scontext=u:r:system_server:s0 tcontext=u:r:system_server:s0 tclass=unix_stream_socket permissive=0
03-20 02:24:38.087 W/Binder_D(19118): type=1400 audit(0.0:163781): avc: denied { ioctl } for path="socket:[5682697]" dev="sockfs" ino=5682697 ioctlcmd=7704 scontext=u:r:system_server:s0 tcontext=u:r:system_server:s0 tclass=unix_stream_socket permissive=0
03-20 02:24:38.180 D/EventBus( 4584): No subscribers registered for event class com.ksmobile.launcher.insertpage.g
03-20 02:24:38.180 D/EventBus( 4584): No subscribers registered for event class org.greenrobot.eventbus.NoSubscriberEvent
03-20 02:24:38.181 I/ActivityManager(17992): START u0 {flg=0x10000000 cmp=com.ksmobile.launcher/.wizard.MiddleOtherActivity (has extras)} from uid 10284 on display 0
03-20 02:24:38.192 V/PhoneStatusBar(18328): setLightsOn(true)
03-20 02:24:38.237 W/Binder_7(18969): type=1400 audit(0.0:163782): avc: denied { ioctl } for path="socket:[5677379]" dev="sockfs" ino=5677379 ioctlcmd=7704 scontext=u:r:system_server:s0 tcontext=u:r:system_server:s0 tclass=unix_stream_socket permissive=0
03-20 02:24:38.243 I/GoogleInputMethod(18923): onFinishInput() : Dummy InputConnection bound
03-20 02:24:38.245 I/GoogleInputMethod(18923): onStartInput() : Dummy InputConnection bound
03-20 02:24:38.237 W/Binder_7(18969): type=1400 audit(0.0:163783): avc: denied { ioctl } for path="socket:[5677379]" dev="sockfs" ino=5677379 ioctlcmd=7704 scontext=u:r:system_server:s0 tcontext=u:r:system_server:s0 tclass=unix_stream_socket permissive=0
03-20 02:24:38.276 I/ActivityManager(17992): START u0 {act=android.intent.action.MAIN cat=[android.intent.category.HOME] flg=0x10000000 cmp=android/com.android.internal.app.ResolverActivity (has extras)} from uid 10284 on display 0
03-20 02:24:38.277 W/Binder_8(18974): type=1400 audit(0.0:163784): avc: denied { ioctl } for path="socket:[5682700]" dev="sockfs" ino=5682700 ioctlcmd=7704 scontext=u:r:system_server:s0 tcontext=u:r:system_server:s0 tclass=unix_stream_socket permissive=0
03-20 02:24:38.277 W/Binder_8(18974): type=1400 audit(0.0:163785): avc: denied { ioctl } for path="socket:[5682700]" dev="sockfs" ino=5682700 ioctlcmd=7704 scontext=u:r:system_server:s0 tcontext=u:r:system_server:s0 tclass=unix_stream_socket permissive=0
03-20 02:24:38.397 W/Binder_5(18677): type=1400 audit(0.0:163786): avc: denied { ioctl } for path="socket:[5682704]" dev="sockfs" ino=5682704 ioctlcmd=7704 scontext=u:r:system_server:s0 tcontext=u:r:system_server:s0 tclass=unix_stream_socket permissive=0
03-20 02:24:38.397 W/Binder_5(18677): type=1400 audit(0.0:163787): avc: denied { ioctl } for path="socket:[5682704]" dev="sockfs" ino=5682704 ioctlcmd=7704 scontext=u:r:system_server:s0 tcontext=u:r:system_server:s0 tclass=unix_stream_socket permissive=0
03-20 02:24:38.439 I/AppsFlyer_4.7.4( 4584): Status 200 ok
03-20 02:24:38.439 I/AppsFlyer_4.7.4( 4584): Connection call succeeded: {"response_not_json":""}
03-20 02:24:38.439 D/AppsFlyer_4.7.4( 4584): RD status is OFF
03-20 02:24:38.439 D/AppsFlyer_4.7.4( 4584): shut downing executor ...
