03-20 02:24:13.489 W/PackageManager(17992): Unknown permission com.asus.launcher.permission.READ_SETTINGS in package com.ksmobile.launcher
03-20 02:24:13.489 W/PackageManager(17992): Unknown permission com.asus.launcher.permission.WRITE_SETTINGS in package com.ksmobile.launcher
03-20 02:24:13.489 W/PackageManager(17992): Unknown permission com.motorola.launcher3.permission.READ_SETTINGS in package com.ksmobile.launcher
03-20 02:24:13.489 W/PackageManager(17992): Unknown permission com.motorola.launcher3.permission.WRITE_SETTINGS in package com.ksmobile.launcher
03-20 02:24:13.489 W/PackageManager(17992): Unknown permission com.tct.launcher.permission.READ_SETTINGS in package com.ksmobile.launcher
03-20 02:24:13.489 W/PackageManager(17992): Unknown permission com.tct.launcher.permission.WRITE_SETTINGS in package com.ksmobile.launcher
03-20 02:24:13.489 W/PackageManager(17992): Unknown permission com.gionee.amisystem.permission.READ_SETTINGS in package com.ksmobile.launcher
03-20 02:24:13.489 W/PackageManager(17992): Unknown permission com.gionee.amisystem.permission.WRITE_SETTINGS in package com.ksmobile.launcher
03-20 02:24:13.489 W/PackageManager(17992): Unknown permission com.zte.mifavor.launcher.permission.READ_SETTINGS in package com.ksmobile.launcher
03-20 02:24:13.489 W/PackageManager(17992): Unknown permission com.zte.mifavor.launcher.permission.WRITE_SETTINGS in package com.ksmobile.launcher
03-20 02:24:13.489 W/PackageManager(17992): Unknown permission com.anddoes.launcher.permission.READ_SETTINGS in package com.ksmobile.launcher
03-20 02:24:13.489 W/PackageManager(17992): Unknown permission com.anddoes.launcher.permission.WRITE_SETTINGS in package com.ksmobile.launcher
03-20 02:24:13.489 W/PackageManager(17992): Unknown permission android.permission.READ_SETTINGS in package com.ksmobile.launcher
03-20 02:24:13.489 W/PackageManager(17992): Not granting permission android.permission.CAPTURE_AUDIO_HOTWORD to package com.ksmobile.launcher (protectionLevel=18 flags=0x38483e44)
03-20 02:24:13.489 W/PackageManager(17992): Not granting permission android.permission.MEDIA_CONTENT_CONTROL to package com.ksmobile.launcher (protectionLevel=18 flags=0x38483e44)
03-20 02:24:13.489 W/PackageManager(17992): Unknown permission com.android.launcher3.permission.INSTALL_SHORTCUT in package com.ksmobile.launcher
03-20 02:24:13.489 W/PackageManager(17992): Unknown permission com.android.launcher3.permission.UNINSTALL_SHORTCUT in package com.ksmobile.launcher
03-20 02:24:13.490 W/PackageManager(17992): Unknown permission com.samsung.android.providers.context.permission.WRITE_USE_APP_FEATURE_SURVEY in package com.ksmobile.launcher
03-20 02:24:13.490 W/PackageManager(17992): Not granting permission android.permission.GET_ACCOUNTS_PRIVILEGED to package com.ksmobile.launcher (protectionLevel=18 flags=0x38483e44)
03-20 02:24:13.490 W/PackageManager(17992): Not granting permission android.permission.CONTROL_INCALL_EXPERIENCE to package com.ksmobile.launcher (protectionLevel=18 flags=0x38483e44)
03-20 02:24:13.490 W/PackageManager(17992): Not granting permission com.android.voicemail.permission.WRITE_VOICEMAIL to package com.ksmobile.launcher (protectionLevel=18 flags=0x38483e44)
03-20 02:24:13.490 W/PackageManager(17992): Not granting permission com.android.voicemail.permission.READ_VOICEMAIL to package com.ksmobile.launcher (protectionLevel=18 flags=0x38483e44)
03-20 02:24:13.635 W/Settings(17992): Setting install_non_market_apps has moved from android.provider.Settings.Global to android.provider.Settings.Secure, returning read-only value.
03-20 02:24:13.635 I/art     (17992): Waiting for a blocking GC Explicit
03-20 02:24:13.663 I/art     (17992): WaitForGcToComplete blocked for 27.527ms for cause Explicit
03-20 02:24:13.663 I/art     (17992): Starting a blocking GC Explicit
03-20 02:24:13.741 I/art     (17992): Explicit concurrent mark sweep GC freed 89210(4MB) AllocSpace objects, 3(288KB) LOS objects, 31% free, 35MB/51MB, paused 1.193ms total 77.596ms
03-20 02:24:13.745 I/art     ( 4418): System.exit called, status: 0
03-20 02:24:13.745 I/AndroidRuntime( 4418): VM exiting with result code 0.
03-20 02:24:13.764 I/InputReader(17992): Reconfiguring input devices.  changes=0x00000010
03-20 02:24:13.805 I/ActivityManager(17992): Start proc 4515:com.google.android.partnersetup/u0a16 for broadcast com.google.android.partnersetup/.RlzPingBroadcastReceiver
03-20 02:24:13.811 D/CarrierServiceBindHelper(18968): Receive action: android.intent.action.PACKAGE_ADDED
03-20 02:24:13.811 D/CarrierServiceBindHelper(18968): mHandler: 3
03-20 02:24:13.811 D/CarrierConfigLoader(18968): mHandler: 9 phoneId: 0
03-20 02:24:13.850 D/Documents( 4000): Update found 8 roots in 81ms
03-20 02:24:13.867 W/System  ( 4515): ClassLoader referenced unknown path: /system/priv-app/GooglePartnerSetup/lib/arm
03-20 02:24:13.919 I/ActivityManager(17992): Killing 2463:com.google.android.apps.messaging:rcs/u0a67 (adj 15): empty #17
03-20 02:24:13.955 D/ActivityManager(17992): cleanUpApplicationRecord -- 2463
03-20 02:24:14.009 I/Finsky  ( 3901): [1] com.google.android.finsky.wear.WearSupportService.onStartCommand(21): Starting WearSupportService for auto_install
03-20 02:24:14.019 I/Finsky  ( 3901): [1] com.google.android.finsky.wear.ao.a(80): Connecting to wearable; initiated by: com.google.android.finsky.wear.WearSupportService
03-20 02:24:14.022 I/Finsky  ( 3901): [1] com.google.android.finsky.wear.WearSupportService.onStartCommand(21): Starting WearSupportService for send_installed_apps
03-20 02:24:14.030 I/WearableService(18786): Wearable Services not starting - Wear is not available on this device.
03-20 02:24:14.042 W/ConfigurationChimeraPro(18786): Got null configs for com.google.android.gms.chromesync -- metadata{ service_id: 51 }
03-20 02:24:14.046 W/WearableService(18786): onGetService - Wear is not available on this device.
03-20 02:24:14.047 E/Finsky  ( 3901): [1] com.google.android.finsky.wear.ar.a(3): onConnectionFailed: ConnectionResult{statusCode=API_UNAVAILABLE, resolution=null, message=null}
03-20 02:24:14.048 W/Finsky  ( 3901): [1] com.google.android.finsky.wear.ca.run(12): Dropping command=auto_install due to Gms not connected
03-20 02:24:14.048 I/Finsky  ( 3901): [1] com.google.android.finsky.wear.WearSupportService.b(67): Stopping WearSupportService
03-20 02:24:14.049 W/Finsky  ( 3901): [1] com.google.android.finsky.wear.ca.run(12): Dropping command=send_installed_apps due to Gms not connected
03-20 02:24:14.050 I/Finsky  ( 3901): [1] com.google.android.finsky.wear.WearSupportService.b(67): Stopping WearSupportService
03-20 02:24:14.072 I/Finsky  ( 3901): [1] com.google.android.finsky.scheduler.JobSchedulerEngine.a(61): Scheduling job with id: 9000
03-20 02:24:14.082 I/ChromeSync(18675): [Sync,SyncIntentOperation] Handling the intent: Intent { act=android.intent.action.PACKAGE_ADDED dat=package:com.ksmobile.launcher flg=0x4000010 cmp=com.google.android.gms/.chimera.GmsIntentOperationService (has extras) }.
03-20 02:24:14.155 I/Icing   (18675): IndexChimeraService.getServiceInterface callingPackage=com.google.android.gms componentName=AppsCorpus serviceId=36
03-20 02:24:14.155 I/Icing   (18675): IndexChimeraService.getServiceInterface callingPackage=com.google.android.gms componentName=AppsCorpus serviceId=32
03-20 02:24:14.179 I/Icing   (18675): Usage reports ok 0, Failed Usage reports 0, indexed 0, rejected 0, imm upload false
03-20 02:24:14.195 I/Icing   (18675): Usage reports ok 0, Failed Usage reports 0, indexed 0, rejected 0, imm upload false
03-20 02:24:15.276 I/Icing   (18675): Indexing 4B50E844EC973035396D40266FAC019ADBE2375C from com.google.android.gms
03-20 02:24:15.375 I/Icing   (18675): Indexing done 4B50E844EC973035396D40266FAC019ADBE2375C
03-20 02:24:15.382 I/IcingNotification(18923): Received intent: Intent { act=com.google.android.gms.icing.IME_NOTIFICATION flg=0x10 pkg=com.google.android.inputmethod.latin (has extras) }
03-20 02:24:15.910 D/audio_hw_primary(17775): out_set_parameters: enter: usecase(1: low-latency-playback) kvpairs: routing=2
03-20 02:24:15.912 I/ActivityManager(17992): START u0 {act=android.intent.action.MAIN cat=[android.intent.category.LAUNCHER] flg=0x10200000 cmp=com.ksmobile.launcher/.SplashActivity (has extras)} from uid 10026 on display 0
03-20 02:24:15.920 D/audio_hw_primary(17775): select_devices: out_snd_device(2: speaker) in_snd_device(0: none)
03-20 02:24:15.921 D/msm8974_platform(17775): platform_send_audio_calibration: sending audio calibration for snd_device(2) acdb_id(15)
03-20 02:24:15.921 D/audio_hw_primary(17775): enable_snd_device: snd_device(2: speaker)
03-20 02:24:15.925 D/audio_hw_primary(17775): enable_audio_route: apply and update mixer path: low-latency-playback
03-20 02:24:15.943 I/ActivityManager(17992): Start proc 4584:com.ksmobile.launcher/u0a284 for activity com.ksmobile.launcher/.SplashActivity
03-20 02:24:16.086 D/liuwei  ( 4584): adfasd attachBaseContext base =   android.app.ContextImpl@e99eec6
03-20 02:24:16.187 D/liuwei  ( 4584): adfasd attachBaseContext onCreate =   com.ksmobile.launcher.LauncherApplication@be161dd
03-20 02:24:16.252 W/ActivityManager(17992): Unable to start service Intent { act=com.ksmobile.pro.launcher.AIDL_SERVICE pkg=com.ksmobile.pro.launcher } U=0: not found
03-20 02:24:16.280 W/Settings( 4584): Setting android_id has moved from android.provider.Settings.System to android.provider.Settings.Secure, returning read-only value.
03-20 02:24:16.308 W/Settings( 4584): Setting android_id has moved from android.provider.Settings.System to android.provider.Settings.Secure, returning read-only value.
03-20 02:24:16.313 D/AppsFlyer_4.7.4( 4584): Build Number: 333
03-20 02:24:16.744 I/ActivityManager(17992): START u0 {act=android.intent.action.MAIN cat=[android.intent.category.HOME] flg=0x13200000 pkg=com.ksmobile.launcher cmp=com.ksmobile.launcher/.Launcher} from uid 10284 on display 0
03-20 02:24:16.808 W/Settings( 4584): Setting android_id has moved from android.provider.Settings.System to android.provider.Settings.Secure, returning read-only value.
03-20 02:24:16.846 I/sunlib  ( 4584): ÊòØÂê¶ÈõÜÊàêÊàêÂäü:true
03-20 02:24:16.847 W/Binder_4(  831): type=1400 audit(0.0:163162): avc: denied { ioctl } for path="socket:[5681582]" dev="sockfs" ino=5681582 ioctlcmd=7704 scontext=u:r:surfaceflinger:s0 tcontext=u:r:surfaceflinger:s0 tclass=unix_stream_socket permissive=0
03-20 02:24:16.847 W/Binder_4(  831): type=1400 audit(0.0:163163): avc: denied { ioctl } for path="socket:[5681582]" dev="sockfs" ino=5681582 ioctlcmd=7704 scontext=u:r:surfaceflinger:s0 tcontext=u:r:surfaceflinger:s0 tclass=unix_stream_socket permissive=0
03-20 02:24:17.004 W/CursorWrapperInner( 4584): Cursor finalized without prior close()
03-20 02:24:17.040 W/Settings( 4584): Setting android_id has moved from android.provider.Settings.System to android.provider.Settings.Secure, returning read-only value.
03-20 02:24:17.055 E/START_LAUNCHER( 4584): Launcher onResume = 1521527057055
03-20 02:24:17.055 I/AppsFlyer_4.7.4( 4584): onBecameForeground
03-20 02:24:17.056 I/AppsFlyer_4.7.4( 4584): Sending first launch for this session!
03-20 02:24:17.058 W/System.err( 4584): java.io.FileNotFoundException: /data/user/0/com.ksmobile.launcher/files/extra_config_file.ser: open failed: ENOENT (No such file or directory)
03-20 02:24:17.063 W/System.err( 4584): 	at libcore.io.IoBridge.open(IoBridge.java:452)
03-20 02:24:17.063 W/System.err( 4584): 	at java.io.FileInputStream.<init>(FileInputStream.java:76)
03-20 02:24:17.063 W/System.err( 4584): 	at com.ksmobile.launcher.extrascreen.extrapage.utils.g$4.call(ExtraConfigUtils.java:488)
03-20 02:24:17.064 W/System.err( 4584): 	at com.ksmobile.launcher.extrascreen.extrapage.utils.g$4.call(ExtraConfigUtils.java:476)
03-20 02:24:17.064 W/System.err( 4584): 	at c.d.a(Observable.java:10144)
03-20 02:24:17.064 W/System.err( 4584): 	at c.d.a.m$1.call(OperatorSubscribeOn.java:94)
03-20 02:24:17.065 W/System.err( 4584): 	at c.d.c.a$b$1.call(CachedThreadScheduler.java:230)
03-20 02:24:17.065 W/System.err( 4584): 	at c.d.c.f.run(ScheduledAction.java:55)
03-20 02:24:17.065 W/System.err( 4584): 	at java.util.concurrent.Executors$RunnableAdapter.call(Executors.java:423)
03-20 02:24:17.065 W/System.err( 4584): 	at java.util.concurrent.FutureTask.run(FutureTask.java:237)
03-20 02:24:17.065 W/System.err( 4584): 	at java.util.concurrent.ScheduledThreadPoolExecutor$ScheduledFutureTask.run(ScheduledThreadPoolExecutor.java:269)
03-20 02:24:17.065 W/System.err( 4584): 	at java.util.concurrent.ThreadPoolExecutor.runWorker(ThreadPoolExecutor.java:1113)
03-20 02:24:17.066 W/System.err( 4584): 	at java.util.concurrent.ThreadPoolExecutor$Worker.run(ThreadPoolExecutor.java:588)
03-20 02:24:17.066 W/System.err( 4584): 	at java.lang.Thread.run(Thread.java:818)
03-20 02:24:17.067 W/System.err( 4584): Caused by: android.system.ErrnoException: open failed: ENOENT (No such file or directory)
03-20 02:24:17.067 W/System.err( 4584): 	at libcore.io.Posix.open(Native Method)
03-20 02:24:17.067 W/System.err( 4584): 	at libcore.io.BlockGuardOs.open(BlockGuardOs.java:186)
03-20 02:24:17.067 W/System.err( 4584): 	at libcore.io.IoBridge.open(IoBridge.java:438)
03-20 02:24:17.067 W/System.err( 4584): 	... 13 more
03-20 02:24:17.104 V/default_launcher( 4584): first resume CM Launcher
03-20 02:24:17.106 D/Launcher( 4584): onResume: yanzhao
03-20 02:24:17.123 D/OpenGLRenderer( 4584): Use EGL_SWAP_BEHAVIOR_PRESERVED: true
03-20 02:24:17.117 W/Binder_3(  480): type=1400 audit(0.0:163164): avc: denied { ioctl } for path="socket:[5681603]" dev="sockfs" ino=5681603 ioctlcmd=7704 scontext=u:r:surfaceflinger:s0 tcontext=u:r:surfaceflinger:s0 tclass=unix_stream_socket permissive=0
03-20 02:24:17.117 W/Binder_3(  480): type=1400 audit(0.0:163165): avc: denied { ioctl } for path="socket:[5681603]" dev="sockfs" ino=5681603 ioctlcmd=7704 scontext=u:r:surfaceflinger:s0 tcontext=u:r:surfaceflinger:s0 tclass=unix_stream_socket permissive=0
03-20 02:24:17.147 W/Binder_D(19118): type=1400 audit(0.0:163166): avc: denied { ioctl } for path="socket:[5679701]" dev="sockfs" ino=5679701 ioctlcmd=7704 scontext=u:r:system_server:s0 tcontext=u:r:system_server:s0 tclass=unix_stream_socket permissive=0
03-20 02:24:17.147 W/Binder_D(19118): type=1400 audit(0.0:163167): avc: denied { ioctl } for path="socket:[5679701]" dev="sockfs" ino=5679701 ioctlcmd=7704 scontext=u:r:system_server:s0 tcontext=u:r:system_server:s0 tclass=unix_stream_socket permissive=0
03-20 02:24:17.162 I/WebViewFactory( 4584): Loading com.google.android.webview version 65.0.3325.109 (code 332510900)
03-20 02:24:17.206 I/art     ( 4584): Rejecting re-init on previously-failed class java.lang.Class<com.android.webview.chromium.TokenBindingManagerAdapter>
03-20 02:24:17.206 I/art     ( 4584): Rejecting re-init on previously-failed class java.lang.Class<com.android.webview.chromium.TokenBindingManagerAdapter>
03-20 02:24:17.211 I/art     ( 4584): Rejecting re-init on previously-failed class java.lang.Class<com.android.webview.chromium.ServiceWorkerControllerAdapter>
03-20 02:24:17.211 I/art     ( 4584): Rejecting re-init on previously-failed class java.lang.Class<com.android.webview.chromium.ServiceWorkerControllerAdapter>
03-20 02:24:17.212 I/AppsFlyer_4.7.4( 4584): sendTrackingWithEvent from activity: com.ksmobile.launcher.Launcher
03-20 02:24:17.213 I/AppsFlyer_4.7.4( 4584): Trying to fetch GAID..
03-20 02:24:17.220 I/cr_LibraryLoader( 4584): Time to load native libraries: 4 ms (timestamps 4705-4709)
03-20 02:24:17.237 I/chromium( 4584): [INFO:library_loader_hooks.cc(36)] Chromium logging enabled: level = 0, default verbosity = 0
03-20 02:24:17.237 I/cr_LibraryLoader( 4584): Expected native library version number "65.0.3325.109", actual native library version number "65.0.3325.109"
03-20 02:24:17.265 I/cr_BrowserStartup( 4584): Initializing chromium process, singleProcess=true
03-20 02:24:17.266 I/cr_base ( 4584): Android Locale: en_US requires .pak files: []
03-20 02:24:17.290 I/Adreno-EGL( 4584): <qeglDrvAPI_eglInitialize:379>: QUALCOMM Build: 10/21/15, 369a2ea, I96aee987eb
03-20 02:24:17.368 E/onSizeChanged( 4584): 0=24, 1=1392, 2=1080, 3=240
03-20 02:24:17.382 V/PhoneStatusBar(18328): setLightsOn(true)
03-20 02:24:17.387 I/OpenGLRenderer( 4584): Initialized EGL, version 1.4
03-20 02:24:17.432 W/System.err( 4584): java.io.FileNotFoundException: update_version
03-20 02:24:17.433 W/System.err( 4584): 	at android.content.res.AssetManager.openAsset(Native Method)
03-20 02:24:17.433 W/System.err( 4584): 	at android.content.res.AssetManager.open(AssetManager.java:313)
03-20 02:24:17.433 W/System.err( 4584): 	at android.content.res.AssetManager.open(AssetManager.java:287)
03-20 02:24:17.433 W/System.err( 4584): 	at com.ksmobile.business.sdk.e.j.c(DataVerManager.java:62)
03-20 02:24:17.433 W/System.err( 4584): 	at com.ksmobile.business.sdk.e.j.b(DataVerManager.java:48)
03-20 02:24:17.433 W/System.err( 4584): 	at com.ksmobile.business.sdk.e.b.k.a(UpdateManage.java:100)
03-20 02:24:17.433 W/System.err( 4584): 	at com.ksmobile.business.sdk.e.b.k.b(UpdateManage.java:42)
03-20 02:24:17.434 W/System.err( 4584): 	at com.ksmobile.business.sdk.e.h.l(DataManager.java:85)
03-20 02:24:17.434 W/System.err( 4584): 	at com.ksmobile.business.sdk.e.h.b(DataManager.java:15)
03-20 02:24:17.434 W/System.err( 4584): 	at com.ksmobile.business.sdk.e.h$2.run(DataManager.java:102)
03-20 02:24:17.434 W/System.err( 4584): 	at android.os.Handler.handleCallback(Handler.java:739)
03-20 02:24:17.434 W/System.err( 4584): 	at android.os.Handler.dispatchMessage(Handler.java:95)
03-20 02:24:17.434 W/System.err( 4584): 	at android.os.Looper.loop(Looper.java:148)
03-20 02:24:17.434 W/System.err( 4584): 	at android.os.HandlerThread.run(HandlerThread.java:61)
03-20 02:24:17.440 W/System.err( 4584): java.io.FileNotFoundException: update_version
03-20 02:24:17.440 W/System.err( 4584): 	at android.content.res.AssetManager.openAsset(Native Method)
03-20 02:24:17.441 W/System.err( 4584): 	at android.content.res.AssetManager.open(AssetManager.java:313)
03-20 02:24:17.441 W/System.err( 4584): 	at android.content.res.AssetManager.open(AssetManager.java:287)
03-20 02:24:17.442 W/System.err( 4584): 	at com.ksmobile.business.sdk.e.j.c(DataVerManager.java:62)
03-20 02:24:17.442 W/System.err( 4584): 	at com.ksmobile.business.sdk.e.j.b(DataVerManager.java:48)
03-20 02:24:17.442 W/System.err( 4584): 	at com.ksmobile.business.sdk.e.b.k.a(UpdateManage.java:100)
03-20 02:24:17.442 W/System.err( 4584): 	at com.ksmobile.business.sdk.e.b.k.b(UpdateManage.java:42)
03-20 02:24:17.442 W/System.err( 4584): 	at com.ksmobile.business.sdk.e.h.l(DataManager.java:85)
03-20 02:24:17.442 W/System.err( 4584): 	at com.ksmobile.business.sdk.e.h.b(DataManager.java:15)
03-20 02:24:17.442 W/System.err( 4584): 	at com.ksmobile.business.sdk.e.h$2.run(DataManager.java:102)
03-20 02:24:17.443 W/System.err( 4584): 	at android.os.Handler.handleCallback(Handler.java:739)
03-20 02:24:17.443 W/System.err( 4584): 	at android.os.Handler.dispatchMessage(Handler.java:95)
03-20 02:24:17.443 W/System.err( 4584): 	at android.os.Looper.loop(Looper.java:148)
03-20 02:24:17.443 W/System.err( 4584): 	at android.os.HandlerThread.run(HandlerThread.java:61)
03-20 02:24:17.491 I/AppsFlyer_4.7.4( 4584): ******* sendTrackingWithEvent: Launch
03-20 02:24:17.499 I/AppsFlyer_4.7.4( 4584): Initialising KeyStore..
03-20 02:24:17.502 D/ConnectivityService(17992): listenForNetwork for Listen from uid/pid:10284/4584 for NetworkRequest [ id=201, legacyType=-1, [ Capabilities: INTERNET&NOT_RESTRICTED&TRUSTED] ]
03-20 02:24:17.506 I/AppsFlyer_4.7.4( 4584): Creating a new key with alias: com.appsflyer,KSAppsFlyerId=1521527053333-8213120026950774375,KSAppsFlyerRICounter=0
03-20 02:24:17.584 I/SVG     ( 4584): Parsing complete in 102 millis.
03-20 02:24:17.627 W/Binder_E(20613): type=1400 audit(0.0:163168): avc: denied { ioctl } for path="socket:[5677380]" dev="sockfs" ino=5677380 ioctlcmd=7704 scontext=u:r:system_server:s0 tcontext=u:r:system_server:s0 tclass=unix_stream_socket permissive=0
03-20 02:24:17.627 W/Binder_E(20613): type=1400 audit(0.0:163169): avc: denied { ioctl } for path="socket:[5677380]" dev="sockfs" ino=5677380 ioctlcmd=7704 scontext=u:r:system_server:s0 tcontext=u:r:system_server:s0 tclass=unix_stream_socket permissive=0
03-20 02:24:17.637 W/Binder_B(19003): type=1400 audit(0.0:163170): avc: denied { ioctl } for path="socket:[5677379]" dev="sockfs" ino=5677379 ioctlcmd=7704 scontext=u:r:system_server:s0 tcontext=u:r:system_server:s0 tclass=unix_stream_socket permissive=0
03-20 02:24:17.637 W/Binder_B(19003): type=1400 audit(0.0:163171): avc: denied { ioctl } for path="socket:[5677379]" dev="sockfs" ino=5677379 ioctlcmd=7704 scontext=u:r:system_server:s0 tcontext=u:r:system_server:s0 tclass=unix_stream_socket permissive=0
03-20 02:24:17.636 I/ActivityManager(17992): Displayed com.ksmobile.launcher/.Launcher: +861ms (total +3m36s414ms)
03-20 02:24:17.648 I/GoogleInputMethod(18923): onFinishInput() : Dummy InputConnection bound
03-20 02:24:17.648 I/GoogleInputMethod(18923): onStartInput() : Dummy InputConnection bound
03-20 02:24:17.697 W/cr_CrashFileManager( 4584): /data/user/0/com.ksmobile.launcher/cache/WebView/Crash Reports does not exist or is not a directory
03-20 02:24:17.751 D/SVG     ( 4584): Unrecognized tag: title ()
03-20 02:24:17.751 D/SVG     ( 4584): Unrecognized tag: desc ()
03-20 02:24:17.754 W/SVG     ( 4584): Invalid transform ()
03-20 02:24:17.757 W/SVG     ( 4584): Invalid transform ()
03-20 02:24:17.758 I/SVG     ( 4584): Parsing complete in 17 millis.
03-20 02:24:18.405 D/ConnectivityService(17992): updateNetworkScore for NetworkAgentInfo [WIFI () - 101] to 60
03-20 02:24:18.576 D/SceneCollector( 4584): processLeakcanaryCloud
03-20 02:24:18.581 E/project ( 4584): extsdcard==/storage/emulated/0/Android/data/com.ksmobile.launcher/files
03-20 02:24:18.608 W/art     ( 4584): Before Android 4.1, method java.io.File com.ksmobile.leakcanary.report.CMHeapDumperEx.getHeapDumpFile() would have incorrectly overridden the package-private method in com.squareup.leakcanary.CMHeapDumper
03-20 02:24:18.631 D/CleanMemoryManager( 4584): „Äêtotal„Äë1899508
03-20 02:24:18.651 W/Settings( 4584): Setting android_id has moved from android.provider.Settings.System to android.provider.Settings.Secure, returning read-only value.
03-20 02:24:19.082 I/WearableService(18786): Wearable Services stopping
03-20 02:24:19.139 D/audio_hw_primary(17775): disable_audio_route: reset and update mixer path: low-latency-playback
03-20 02:24:19.139 D/audio_hw_primary(17775): disable_snd_device: snd_device(2: speaker)
03-20 02:24:19.288 I/ThermalEngine(  211): TM Id 'battery_LCD_monitor' Sensor 'batt_therm' - alarm raised 3 at 350.0 degC
03-20 02:24:19.288 E/ThermalEngine(  211): override action 5000
03-20 02:24:19.288 E/ThermalEngine(  211): Thermal-Server: Thermal received msg override 5000
03-20 02:24:19.288 E/ThermalEngine(  211): override_notify : SS mode 1 override 5000
03-20 02:24:19.316 I/ThermalEngine(  211): TM Id 'SKIN_THERMAL_management_1' Sensor 'xo_therm_pu2' - alarm raised 2 at 43.0 degC
03-20 02:24:19.316 I/ThermalEngine(  211): ACTION: CPU - Setting CPU[0] to 1574400
03-20 02:24:19.316 I/ThermalEngine(  211): ACTION: CPU - Setting CPU[1] to 1574400
03-20 02:24:19.316 I/ThermalEngine(  211): ACTION: CPU - Setting CPU[2] to 1574400
03-20 02:24:19.316 I/ThermalEngine(  211): ACTION: CPU - Setting CPU[3] to 1574400
03-20 02:24:19.316 I/ThermalEngine(  211): ACTION: LCD - Setting max LCD brightness to 204
03-20 02:24:19.760 W/AppsFlyer_4.7.4( 4584): Exception while collecting facebook's attribution ID. 
03-20 02:24:19.764 I/AppsFlyer_4.7.4( 4584): IMEI was not collected.
03-20 02:24:19.787 D/AppsFlyer_4.7.4( 4584): AppsFlyer: first launch detected
03-20 02:24:19.788 I/AppsFlyer_4.7.4( 4584): AppsFlyer: first launch date: 2018-03-20_022419-0400
03-20 02:24:19.791 D/AppsFlyer_4.7.4( 4584): didConfigureTokenRefreshService=false
03-20 02:24:19.796 I/AppsFlyer_4.7.4( 4584): AppsFlyerLib.sendTrackingWithEvent
03-20 02:24:19.799 I/AppsFlyer_4.7.4( 4584): url: https://t.appsflyer.com/api/v4/androidevent?buildnumber=4.7.4&app_id=com.ksmobile.launcher
03-20 02:24:19.800 I/AppsFlyer_4.7.4( 4584): data: {"device":"hammerhead","firstLaunchDate":"2018-03-20_022419-0400","installDate":"2018-03-20_022413-0400","sdk":"23","carrier":"","batteryLevel":"100.0","deviceFingerPrintId":"00000000-555a-4ce5-ffff-ffffda3732cb","date1":"2018-03-20_022413-0400","tokenRefreshConfigured":false,"af_preinstalled":"false","advertiserIdEnabled":"true","af_sdks":"0000000000","iaecounter":"0","lang_code":"en","appsflyerKey":"G********************5","registeredUninstall":false,"app_version_name":"5.22.10","lang":"English","timepassedsincelastlaunch":"0","android_id":"c9987370cfa065c5","advertiserId":"6d482de2-4d8a-41f2-9934-fd89e3965594","isGaidWithGps":"true","deviceData":{"build_display_id":"M4B30Z","arch":"","cpu_abi2":"armeabi","cpu_abi":"armeabi-v7a"},"af_v2":"2d2e4f0e55fe879be4d82d27533251aa0ef32686","deviceType":"user","af_v":"072a6f4e5b361b9e3835136d19fef001c2294057","app_version_code":"52210","af_events_api":"1","platformextension":"android_native","network":"WIFI","operator":"","country":"US","date2":"2018-03-20_022413-0400","brand":"google","af_timestamp":"1521527057491","uid":"1521527053333-8213120026950774375","isFirstCall":"true","counter":"1","model":"Nexus 5","product":"hammerhead"}
03-20 02:24:20.181 E/ActivityThread( 4584): Failed to find provider info for com.android.launcher2.settings
03-20 02:24:20.181 E/ActivityThread( 4584): Failed to find provider info for com.sec.android.app.launcher.settings
03-20 02:24:20.182 E/ActivityThread( 4584): Failed to find provider info for com.android.launcher2.Launcher.settings
03-20 02:24:20.185 E/onSizeChanged( 4584): 0=24, 1=1512, 2=1080, 3=264
03-20 02:24:20.318 I/art     (17992): Background partial concurrent mark sweep GC freed 53420(2MB) AllocSpace objects, 1(20KB) LOS objects, 31% free, 35MB/51MB, paused 1.406ms total 103.189ms
03-20 02:24:20.438 E/onSizeChanged( 4584): 0=24, 1=267, 2=1032, 3=1173
03-20 02:24:20.439 E/onSizeChanged( 4584): 0=24, 1=267, 2=1032, 3=1173
03-20 02:24:20.790 E/szadxacac( 4584): notify:white:-1
03-20 02:24:20.835 D/CleanMemoryManager( 4584): „ÄêcurrentPercent„Äë real result 60
03-20 02:24:20.852 E/Launcher.Folder( 4584): Folder order not properly persisted during bind
03-20 02:24:20.866 E/Launcher.Folder( 4584): Folder order not properly persisted during bind
03-20 02:24:20.878 E/Launcher.Folder( 4584): Folder order not properly persisted during bind
03-20 02:24:21.169 D/WifiService(17992): New client listening to asynchronous messages
03-20 02:24:21.171 D/ConnectivityManager( 4584): getMobileDataEnabled()+ subId=-1
03-20 02:24:21.172 D/PhoneInterfaceManager(18968): [PhoneIntfMgr] getDataEnabled: subId=-1 phoneId=-1
03-20 02:24:21.172 E/PhoneInterfaceManager(18968): [PhoneIntfMgr] getDataEnabled: no phone subId=-1 retVal=false
03-20 02:24:21.172 D/ConnectivityManager( 4584): getMobileDataEnabled()- subId=-1 retVal=false
03-20 02:24:21.176 D/BluetoothManagerService(17992): Added callback: android.bluetooth.IBluetoothManagerCallback$Stub$Proxy@ca05287:true
03-20 02:24:21.238 D/AppsFlyer_4.7.4( 4584): response code: 200
03-20 02:24:21.252 E/SQLiteLog( 4584): (1) no such table: app_category
03-20 02:24:21.256 I/AppsFlyer_4.7.4( 4584): Calling server for attribution url: https://api.appsflyer.com/install_data/v3/com.ksmobile.launcher?devkey=G********************5&device_id=1521527053333-8213120026950774375
03-20 02:24:21.326 W/GCM     (18786): Register request missing messenger
03-20 02:24:21.366 D/ConnectivityManager( 4584): getMobileDataEnabled()+ subId=-1
03-20 02:24:21.367 D/PhoneInterfaceManager(18968): [PhoneIntfMgr] getDataEnabled: subId=-1 phoneId=-1
03-20 02:24:21.367 E/PhoneInterfaceManager(18968): [PhoneIntfMgr] getDataEnabled: no phone subId=-1 retVal=false
03-20 02:24:21.367 D/ConnectivityManager( 4584): getMobileDataEnabled()- subId=-1 retVal=false
03-20 02:24:21.369 D/CleanMemoryManager( 4584): „ÄêcurrentPercent„Äë real result 61
03-20 02:24:21.479 W/Conscrypt(18786): Could not set socket write timeout: java.lang.reflect.InvocationTargetException
03-20 02:24:21.489 W/Conscrypt(18786): 	at java.lang.reflect.Method.invoke(Native Method)
03-20 02:24:21.489 W/Conscrypt(18786): 	at com.google.android.gms.org.conscrypt.Platform.setSocketWriteTimeout(com.google.android.gms@12221438@12.2.21 (438-188803320):13)
03-20 02:24:21.489 W/Conscrypt(18786): Caused by: android.system.ErrnoException: setsockopt failed: EBADF (Bad file descriptor)
03-20 02:24:21.490 W/Conscrypt(18786): 	at libcore.io.Posix.setsockoptTimeval(Native Method)
03-20 02:24:21.490 W/Conscrypt(18786): 	at libcore.io.ForwardingOs.setsockoptTimeval(ForwardingOs.java:156)
03-20 02:24:21.565 I/ActivityManager(17992): Start proc 4825:com.ksmobile.launcher:gcm_service/u0a284 for broadcast com.ksmobile.launcher/com.cmcm.push.gcm.sdk.GCMBroadcastReceiver
03-20 02:24:21.587 W/Conscrypt(18786): Could not set socket write timeout: java.lang.reflect.InvocationTargetException
03-20 02:24:21.587 W/Conscrypt(18786): 	at java.lang.reflect.Method.invoke(Native Method)
03-20 02:24:21.587 W/Conscrypt(18786): 	at com.google.android.gms.org.conscrypt.Platform.setSocketWriteTimeout(com.google.android.gms@12221438@12.2.21 (438-188803320):13)
03-20 02:24:21.587 W/Conscrypt(18786): Caused by: android.system.ErrnoException: setsockopt failed: EBADF (Bad file descriptor)
03-20 02:24:21.587 W/Conscrypt(18786): 	at libcore.io.Posix.setsockoptTimeval(Native Method)
03-20 02:24:21.587 W/Conscrypt(18786): 	at libcore.io.ForwardingOs.setsockoptTimeval(ForwardingOs.java:156)
03-20 02:24:21.694 D/liuwei  ( 4825): adfasd attachBaseContext base =   android.app.ContextImpl@e99eec6
03-20 02:24:21.697 D/liuwei  ( 4825): adfasd attachBaseContext onCreate =   com.ksmobile.launcher.LauncherApplication@16f2e87
03-20 02:24:21.729 W/Settings( 4825): Setting android_id has moved from android.provider.Settings.System to android.provider.Settings.Secure, returning read-only value.
03-20 02:24:21.764 D/AppsFlyer_4.7.4( 4825): Build Number: 333
03-20 02:24:21.773 W/GCM     (18786): Register request missing messenger
03-20 02:24:21.787 W/Settings( 4825): Setting android_id has moved from android.provider.Settings.System to android.provider.Settings.Secure, returning read-only value.
03-20 02:24:21.790 D/AppsFlyer_4.7.4( 4825): Loading properties..
03-20 02:24:21.797 D/AppsFlyer_4.7.4( 4825): Done loading properties: true
03-20 02:24:21.797 I/ProxyCache( 4584): Proxy cache server started. Ping it...
03-20 02:24:21.800 D/ProxyCache( 4584): Open connection  to http://127.0.0.1:46223/ping
03-20 02:24:21.802 D/ProxyCache( 4584): Accept new socket Socket[address=/127.0.0.1,port=59989,localPort=46223]
03-20 02:24:21.807 I/ProxyCache( 4584): Request to cache proxy:GetRequest{rangeOffset=0, partial=false, uri='ping'}
03-20 02:24:21.808 D/ProxyCache( 4584): Opened connections: 0
03-20 02:24:21.808 D/ProxyCache( 4584): Ping response: `ping ok`, pinged? true
03-20 02:24:21.811 W/ActivityManager(17992): Unable to start service Intent { act=com.google.android.c2dm.intent.REGISTRATION flg=0x10 pkg=com.ksmobile.launcher cmp=com.ksmobile.launcher/com.cleanmaster.gcm.AntitheftGcmIntentService (has extras) } U=0: not found
03-20 02:24:21.820 E/ActivityThread( 4584): Failed to find provider info for com.facebook.katana.provider.AttributionIdProvider
03-20 02:24:21.821 D/AdSettings( 4584): Test mode device hash: 1c4a4967ecffd112d403f86fdfc723ae
03-20 02:24:21.821 D/AdSettings( 4584): When testing your app with Facebook's ad units you must specify the device hashed ID to ensure the delivery of test ads, add the following code before loading an ad: AdSettings.addTestDevice("1c4a4967ecffd112d403f86fdfc723ae");
03-20 02:24:21.837 W/Binder_3(18367): type=1400 audit(0.0:163172): avc: denied { ioctl } for path="socket:[5680024]" dev="sockfs" ino=5680024 ioctlcmd=7704 scontext=u:r:system_server:s0 tcontext=u:r:system_server:s0 tclass=unix_stream_socket permissive=0
03-20 02:24:21.837 W/Binder_3(18367): type=1400 audit(0.0:163173): avc: denied { ioctl } for path="socket:[5680024]" dev="sockfs" ino=5680024 ioctlcmd=7704 scontext=u:r:system_server:s0 tcontext=u:r:system_server:s0 tclass=unix_stream_socket permissive=0
03-20 02:24:21.837 W/Binder_D(19118): type=1400 audit(0.0:163174): avc: denied { ioctl } for path="socket:[5678760]" dev="sockfs" ino=5678760 ioctlcmd=7704 scontext=u:r:system_server:s0 tcontext=u:r:system_server:s0 tclass=unix_stream_socket permissive=0
03-20 02:24:21.837 W/Binder_D(19118): type=1400 audit(0.0:163175): avc: denied { ioctl } for path="socket:[5678760]" dev="sockfs" ino=5678760 ioctlcmd=7704 scontext=u:r:system_server:s0 tcontext=u:r:system_server:s0 tclass=unix_stream_socket permissive=0
03-20 02:24:21.866 I/ActivityManager(17992): Killing 2562:com.google.android.play.games.ui/u0a65 (adj 15): empty #17
03-20 02:24:21.872 W/Settings( 4825): Setting android_id has moved from android.provider.Settings.System to android.provider.Settings.Secure, returning read-only value.
03-20 02:24:21.883 W/Settings( 4825): Setting android_id has moved from android.provider.Settings.System to android.provider.Settings.Secure, returning read-only value.
03-20 02:24:21.971 D/ActivityManager(17992): cleanUpApplicationRecord -- 2562
03-20 02:24:21.973 E/ActivityThread( 4584): Failed to find provider info for com.facebook.katana.provider.AttributionIdProvider
03-20 02:24:21.975 W/ActivityManager(17992): Unable to start service Intent { act=com.google.android.c2dm.intent.REGISTRATION flg=0x10 pkg=com.ksmobile.launcher cmp=com.ksmobile.launcher/com.cleanmaster.gcm.AntitheftGcmIntentService (has extras) } U=0: not found
03-20 02:24:21.999 D/IS_UNITY( 4584): false
03-20 02:24:22.019 W/Settings( 4825): Setting android_id has moved from android.provider.Settings.System to android.provider.Settings.Secure, returning read-only value.
03-20 02:24:22.027 W/Settings( 4825): Setting android_id has moved from android.provider.Settings.System to android.provider.Settings.Secure, returning read-only value.
03-20 02:24:22.030 W/System.err( 4584): org.json.JSONException: No value for data
03-20 02:24:22.037 W/System.err( 4584): 	at org.json.JSONObject.get(JSONObject.java:389)
03-20 02:24:22.037 W/System.err( 4584): 	at org.json.JSONObject.getJSONObject(JSONObject.java:609)
03-20 02:24:22.037 W/System.err( 4584): 	at com.cmcm.a.a.m.a(NewAppCategoryResponse.java:23)
03-20 02:24:22.037 W/System.err( 4584): 	at com.cmcm.a.a.f.b(CategoryHttpClient.java:216)
03-20 02:24:22.037 W/System.err( 4584): 	at com.cmcm.a.a.g.c(CategoryQueryTask.java:149)
03-20 02:24:22.037 W/System.err( 4584): 	at com.cmcm.a.a.g.c(CategoryQueryTask.java:129)
03-20 02:24:22.037 W/System.err( 4584): 	at com.cmcm.a.a.g.a(CategoryQueryTask.java:200)
03-20 02:24:22.037 W/System.err( 4584): 	at com.ksmobile.launcher.folder.c.a(FolderAllocManager.java:72)
03-20 02:24:22.037 W/System.err( 4584): 	at com.ksmobile.launcher.LauncherModel$g.e(LauncherModel.java:4462)
03-20 02:24:22.037 W/System.err( 4584): 	at com.ksmobile.launcher.LauncherModel$g.run(LauncherModel.java:3788)
03-20 02:24:22.037 W/System.err( 4584): 	at android.os.Handler.handleCallback(Handler.java:739)
03-20 02:24:22.037 W/System.err( 4584): 	at android.os.Handler.dispatchMessage(Handler.java:95)
03-20 02:24:22.037 W/System.err( 4584): 	at android.os.Looper.loop(Looper.java:148)
03-20 02:24:22.037 W/System.err( 4584): 	at android.os.HandlerThread.run(HandlerThread.java:61)
03-20 02:24:22.039 I/System.out( 4584): ----------------------- SAVE LOCAL : {com.google.android.youtube=(AppCatelog :pkg_name com.google.android.youtube  :category video_players), com.google.android.googlequicksearchbox=(AppCatelog :pkg_name com.google.android.googlequicksearchbox  :category tools), com.google.android.apps.docs.editors.docs=(AppCatelog :pkg_name com.google.android.apps.docs.editors.docs  :category productivity), com.cmcm.live=(AppCatelog :pkg_name com.cmcm.live  :category social), com.google.android.apps.docs.editors.sheets=(AppCatelog :pkg_name com.google.android.apps.docs.editors.sheets  :category productivity), com.google.android.apps.docs.editors.slides=(AppCatelog :pkg_name com.google.android.apps.docs.editors.slides  :category productivity), com.google.android.apps.messaging=(AppCatelog :pkg_name com.google.android.apps.messaging  :category social), com.google.android.apps.genie.geniewidget=(AppCatelog :pkg_name com.google.android.apps.genie.geniewidget  :category news_and_magazines), com.google.android.launcher=(AppCatelog :pkg_name com.google.android.launcher  :category tools), com.google.android.gm=(AppCatelog :pkg_name com.google.android.gm  :category communication), com.google.android.music=(AppCatelog :pkg_name com.google.android.music  :category music_and_audio), com.google.android.apps.docs=(AppCatelog :pkg_name com.google.android.apps.docs  :category productivity), com.google.android.apps.maps=(AppCatelog :pkg_name com.google.android.apps.maps  :category maps_and_navigation), com.google.android.apps.plus=(AppCatelog :pkg_name com.google.android.apps.plus  :category social), com.google.android.contacts=(AppCatelog :pkg_name com.google.android.contacts  :category communication), com.google.android.apps.fitness=(AppCatelog :pkg_name com.google.android.apps.fitness  :category health_and_fitness), com.android.chrome=(AppCatelog :pkg_name com.android.chrome  :category communication), com.google.android.videos=(AppCatelog :pkg_name com.google.android.videos  :category video_players), com.google.android.apps.photos=(AppCatelog :pkg_name com.google.android.apps.photos  :category photography), com.google.android.calendar=(AppCatelog :pkg_name com.google.android.calendar  :category productivity), com.google.android.apps.books=(AppCatelog :pkg_name com.google.android.apps.books  :category books_and_reference), com.google.android.keep=(AppCatelog :pkg_name com.google.android.keep  :category social), com.google.android.talk=(AppCatelog :pkg_name com.google.android.talk  :category social), com.google.android.play.games=(AppCatelog :pkg_name com.google.android.play.games  :category entertainment), com.google.android.apps.magazines=(AppCatelog :pkg_name com.google.android.apps.magazines  :category news_and_magazines)}
03-20 02:24:22.681 W/HanziToPinyin( 4584): There is no Chinese collator, HanziToPinyin is disabled
03-20 02:24:22.887 W/pool-22-thread-( 4890): type=1400 audit(0.0:163176): avc: denied { getattr } for path="/proc/sysrq-trigger" dev="proc" ino=4026533684 scontext=u:r:untrusted_app:s0:c512,c768 tcontext=u:object_r:proc_sysrq:s0 tclass=file permissive=0
03-20 02:24:22.900 I/ActivityManager(17992): Start proc 4896:com.ksmobile.launcher:service/u0a284 for content provider com.ksmobile.launcher/android.support.v4.content.FileProvider
03-20 02:24:22.887 W/pool-22-thread-( 4890): type=1400 audit(0.0:163177): avc: denied { getattr } for path="/proc/1" dev="proc" ino=3340272 scontext=u:r:untrusted_app:s0:c512,c768 tcontext=u:r:init:s0 tclass=dir permissive=0
03-20 02:24:22.887 W/pool-22-thread-( 4890): type=1400 audit(0.0:163178): avc: denied { getattr } for path="/proc/2" dev="proc" ino=5088366 scontext=u:r:untrusted_app:s0:c512,c768 tcontext=u:r:kernel:s0 tclass=dir permissive=0
03-20 02:24:22.887 W/pool-22-thread-( 4890): type=1400 audit(0.0:163179): avc: denied { getattr } for path="/proc/3" dev="proc" ino=5088367 scontext=u:r:untrusted_app:s0:c512,c768 tcontext=u:r:kernel:s0 tclass=dir permissive=0
03-20 02:24:22.887 W/pool-22-thread-( 4890): type=1400 audit(0.0:163180): avc: denied { getattr } for path="/proc/7" dev="proc" ino=5088368 scontext=u:r:untrusted_app:s0:c512,c768 tcontext=u:r:kernel:s0 tclass=dir permissive=0
03-20 02:24:22.887 W/pool-22-thread-( 4890): type=1400 audit(0.0:163181): avc: denied { getattr } for path="/proc/8" dev="proc" ino=5088369 scontext=u:r:untrusted_app:s0:c512,c768 tcontext=u:r:kernel:s0 tclass=dir permissive=0
03-20 02:24:22.887 W/pool-22-thread-( 4890): type=1400 audit(0.0:163182): avc: denied { getattr } for path="/proc/13" dev="proc" ino=5088370 scontext=u:r:untrusted_app:s0:c512,c768 tcontext=u:r:kernel:s0 tclass=dir permissive=0
03-20 02:24:22.887 W/pool-22-thread-( 4890): type=1400 audit(0.0:163183): avc: denied { getattr } for path="/proc/14" dev="proc" ino=5088371 scontext=u:r:untrusted_app:s0:c512,c768 tcontext=u:r:kernel:s0 tclass=dir permissive=0
03-20 02:24:22.887 W/pool-22-thread-( 4890): type=1400 audit(0.0:163184): avc: denied { getattr } for path="/proc/18" dev="proc" ino=5088372 scontext=u:r:untrusted_app:s0:c512,c768 tcontext=u:r:kernel:s0 tclass=dir permissive=0
03-20 02:24:22.887 W/pool-22-thread-( 4890): type=1400 audit(0.0:163185): avc: denied { getattr } for path="/proc/19" dev="proc" ino=5088373 scontext=u:r:untrusted_app:s0:c512,c768 tcontext=u:r:kernel:s0 tclass=dir permissive=0
03-20 02:24:22.887 W/pool-22-thread-( 4890): type=1400 audit(0.0:163186): avc: denied { getattr } for path="/proc/20" dev="proc" ino=5088374 scontext=u:r:untrusted_app:s0:c512,c768 tcontext=u:r:kernel:s0 tclass=dir permissive=0
03-20 02:24:22.887 W/pool-22-thread-( 4890): type=1400 audit(0.0:163187): avc: denied { getattr } for path="/proc/22" dev="proc" ino=5088375 scontext=u:r:untrusted_app:s0:c512,c768 tcontext=u:r:kernel:s0 tclass=dir permissive=0
03-20 02:24:22.887 W/pool-22-thread-( 4890): type=1400 audit(0.0:163188): avc: denied { getattr } for path="/proc/23" dev="proc" ino=5088376 scontext=u:r:untrusted_app:s0:c512,c768 tcontext=u:r:kernel:s0 tclass=dir permissive=0
03-20 02:24:22.887 W/pool-22-thread-( 4890): type=1400 audit(0.0:163189): avc: denied { getattr } for path="/proc/24" dev="proc" ino=5088377 scontext=u:r:untrusted_app:s0:c512,c768 tcontext=u:r:kernel:s0 tclass=dir permissive=0
03-20 02:24:22.887 W/pool-22-thread-( 4890): type=1400 audit(0.0:163190): avc: denied { getattr } for path="/proc/25" dev="proc" ino=5088378 scontext=u:r:untrusted_app:s0:c512,c768 tcontext=u:r:kernel:s0 tclass=dir permissive=0
03-20 02:24:22.887 W/pool-22-thread-( 4890): type=1400 audit(0.0:163191): avc: denied { getattr } for path="/proc/26" dev="proc" ino=5088379 scontext=u:r:untrusted_app:s0:c512,c768 tcontext=u:r:kernel:s0 tclass=dir permissive=0
03-20 02:24:22.887 W/pool-22-thread-( 4890): type=1400 audit(0.0:163192): avc: denied { getattr } for path="/proc/27" dev="proc" ino=5088380 scontext=u:r:untrusted_app:s0:c512,c768 tcontext=u:r:kernel:s0 tclass=dir permissive=0
03-20 02:24:22.897 W/pool-22-thread-( 4890): type=1400 audit(0.0:163193): avc: denied { getattr } for path="/proc/28" dev="proc" ino=5088381 scontext=u:r:untrusted_app:s0:c512,c768 tcontext=u:r:kernel:s0 tclass=dir permissive=0
03-20 02:24:22.897 W/pool-22-thread-( 4890): type=1400 audit(0.0:163194): avc: denied { getattr } for path="/proc/29" dev="proc" ino=5088382 scontext=u:r:untrusted_app:s0:c512,c768 tcontext=u:r:kernel:s0 tclass=dir permissive=0
03-20 02:24:22.897 W/pool-22-thread-( 4890): type=1400 audit(0.0:163195): avc: denied { getattr } for path="/proc/30" dev="proc" ino=5088383 scontext=u:r:untrusted_app:s0:c512,c768 tcontext=u:r:kernel:s0 tclass=dir permissive=0
03-20 02:24:22.897 W/pool-22-thread-( 4890): type=1400 audit(0.0:163196): avc: denied { getattr } for path="/proc/31" dev="proc" ino=5088384 scontext=u:r:untrusted_app:s0:c512,c768 tcontext=u:r:kernel:s0 tclass=dir permissive=0
03-20 02:24:23.010 D/liuwei  ( 4896): adfasd attachBaseContext base =   android.app.ContextImpl@e99eec6
03-20 02:24:23.123 D/liuwei  ( 4896): adfasd attachBaseContext onCreate =   com.ksmobile.launcher.LauncherApplication@e2109e
03-20 02:24:23.125 I/ActivityManager(17992): Killing 2142:com.google.android.calendar/u0a33 (adj 15): empty #17
03-20 02:24:23.221 D/ActivityManager(17992): cleanUpApplicationRecord -- 2142
03-20 02:24:23.233 W/Settings( 4896): Setting android_id has moved from android.provider.Settings.System to android.provider.Settings.Secure, returning read-only value.
03-20 02:24:23.248 W/System.err( 4584): java.io.FileNotFoundException: update_version
03-20 02:24:23.249 W/System.err( 4584): 	at android.content.res.AssetManager.openAsset(Native Method)
03-20 02:24:23.249 W/System.err( 4584): 	at android.content.res.AssetManager.open(AssetManager.java:313)
03-20 02:24:23.249 W/System.err( 4584): 	at android.content.res.AssetManager.open(AssetManager.java:287)
03-20 02:24:23.249 W/System.err( 4584): 	at com.ksmobile.launcher.j.k.c(DataVerManager.java:62)
03-20 02:24:23.249 W/System.err( 4584): 	at com.ksmobile.launcher.j.k.b(DataVerManager.java:48)
03-20 02:24:23.249 W/System.err( 4584): 	at com.ksmobile.launcher.j.a.k.a(UpdateManage.java:112)
03-20 02:24:23.249 W/System.err( 4584): 	at com.ksmobile.launcher.j.a.k.b(UpdateManage.java:44)
03-20 02:24:23.249 W/System.err( 4584): 	at com.ksmobile.launcher.j.i.l(DataManager.java:86)
03-20 02:24:23.249 W/System.err( 4584): 	at com.ksmobile.launcher.j.i.b(DataManager.java:12)
03-20 02:24:23.249 W/System.err( 4584): 	at com.ksmobile.launcher.j.i$2.run(DataManager.java:110)
03-20 02:24:23.249 W/System.err( 4584): 	at android.os.Handler.handleCallback(Handler.java:739)
03-20 02:24:23.249 W/System.err( 4584): 	at android.os.Handler.dispatchMessage(Handler.java:95)
03-20 02:24:23.249 W/System.err( 4584): 	at android.os.Looper.loop(Looper.java:148)
03-20 02:24:23.249 W/System.err( 4584): 	at android.os.HandlerThread.run(HandlerThread.java:61)
03-20 02:24:23.269 I/System.out( 4584): 2018-03-20
03-20 02:24:23.269 I/System.out( 4584): 2018-03-20
03-20 02:24:23.270 I/System.out( 4584): 2018-03-20
03-20 02:24:23.271 I/System.out( 4584): 2018-03-20
03-20 02:24:23.271 I/System.out( 4584): 2018-03-20
03-20 02:24:23.272 I/System.out( 4584): 2018-03-20
03-20 02:24:23.273 I/System.out( 4584): 2018-03-20
03-20 02:24:23.274 I/System.out( 4584): 2018-03-20
03-20 02:24:23.274 I/System.out( 4584): 2018-03-20
03-20 02:24:23.275 I/System.out( 4584): 2018-03-20
03-20 02:24:23.275 I/System.out( 4584): 2018-03-20
03-20 02:24:23.330 W/Settings( 4896): Setting android_id has moved from android.provider.Settings.System to android.provider.Settings.Secure, returning read-only value.
03-20 02:24:23.597 W/System  ( 4584): ClassLoader referenced unknown path: /data/data/com.google.android.gms/app_chimera/m/00000007/n/armeabi-v7a
03-20 02:24:23.597 W/System  ( 4584): ClassLoader referenced unknown path: /data/data/com.google.android.gms/app_chimera/m/00000007/n/armeabi
03-20 02:24:23.603 D/DynamitePackage( 4584): Instantiated singleton DynamitePackage.
03-20 02:24:23.603 D/DynamitePackage( 4584): Instantiating com.google.android.gms.ads.ChimeraAdLoaderBuilderCreatorImpl
03-20 02:24:23.662 I/Ads     ( 4584): Updating ad debug logging enablement.
03-20 02:24:23.793 I/dex2oat ( 4954): /system/bin/dex2oat --dex-file=/data/user/0/com.ksmobile.launcher/cache/1510898742191.jar --oat-file=/data/user/0/com.ksmobile.launcher/cache/1510898742191.dex
03-20 02:24:23.850 W/System.err( 4584): java.io.FileNotFoundException: /data/user/0/com.ksmobile.launcher/app_folder_push/pushed_app: open failed: ENOENT (No such file or directory)
03-20 02:24:23.850 W/System.err( 4584): 	at libcore.io.IoBridge.open(IoBridge.java:452)
03-20 02:24:23.850 W/System.err( 4584): 	at java.io.FileInputStream.<init>(FileInputStream.java:76)
03-20 02:24:23.850 W/System.err( 4584): 	at com.ksmobile.launcher.customitem.f.d(FolderPushData.java:252)
03-20 02:24:23.850 W/System.err( 4584): 	at com.ksmobile.launcher.k.a.c.b(FolderAppHandler.java:45)
03-20 02:24:23.850 W/System.err( 4584): 	at com.ksmobile.launcher.k.d.a(PushInqure.java:144)
03-20 02:24:23.850 W/System.err( 4584): 	at com.ksmobile.launcher.k.d.run(PushInqure.java:48)
03-20 02:24:23.850 W/System.err( 4584): 	at android.os.Handler.handleCallback(Handler.java:739)
03-20 02:24:23.850 W/System.err( 4584): 	at android.os.Handler.dispatchMessage(Handler.java:95)
03-20 02:24:23.850 W/System.err( 4584): 	at android.os.Looper.loop(Looper.java:148)
03-20 02:24:23.850 W/System.err( 4584): 	at android.os.HandlerThread.run(HandlerThread.java:61)
03-20 02:24:23.851 W/System.err( 4584): Caused by: android.system.ErrnoException: open failed: ENOENT (No such file or directory)
03-20 02:24:23.851 W/System.err( 4584): 	at libcore.io.Posix.open(Native Method)
03-20 02:24:23.851 W/System.err( 4584): 	at libcore.io.BlockGuardOs.open(BlockGuardOs.java:186)
03-20 02:24:23.851 W/System.err( 4584): 	at libcore.io.IoBridge.open(IoBridge.java:438)
03-20 02:24:23.851 W/System.err( 4584): 	... 9 more
03-20 02:24:23.851 W/System.err( 4584): java.lang.NullPointerException: Attempt to invoke virtual method 'int java.lang.String.length()' on a null object reference
03-20 02:24:23.851 W/System.err( 4584): 	at org.json.JSONTokener.nextCleanInternal(JSONTokener.java:116)
03-20 02:24:23.851 W/System.err( 4584): 	at org.json.JSONTokener.nextValue(JSONTokener.java:94)
03-20 02:24:23.851 W/System.err( 4584): 	at org.json.JSONArray.<init>(JSONArray.java:92)
03-20 02:24:23.851 W/System.err( 4584): 	at org.json.JSONArray.<init>(JSONArray.java:108)
03-20 02:24:23.852 W/System.err( 4584): 	at com.ksmobile.launcher.k.a.c.b(FolderAppHandler.java:47)
03-20 02:24:23.852 W/System.err( 4584): 	at com.ksmobile.launcher.k.d.a(PushInqure.java:144)
03-20 02:24:23.852 W/System.err( 4584): 	at com.ksmobile.launcher.k.d.run(PushInqure.java:48)
03-20 02:24:23.852 W/System.err( 4584): 	at android.os.Handler.handleCallback(Handler.java:739)
03-20 02:24:23.852 W/System.err( 4584): 	at android.os.Handler.dispatchMessage(Handler.java:95)
03-20 02:24:23.852 W/System.err( 4584): 	at android.os.Looper.loop(Looper.java:148)
03-20 02:24:23.852 W/System.err( 4584): 	at android.os.HandlerThread.run(HandlerThread.java:61)
03-20 02:24:23.891 I/Ads     ( 4584): Starting ad request.
