03-19 22:47:31.927 W/System  ( 4251): Ignoring header RC-User-Token because its value was null.
03-19 22:47:31.929 I/ActivityManager(17992): Start proc 4333:com.ksmobile.launcher:search/u0a282 for activity com.ksmobile.launcher/com.ksmobile.business.sdk.search.webview.SearchWebViewActivity
03-19 22:47:31.938 D/AudioFlinger(17775): mixer(0xb4140000) throttle end: throttle time(4)
03-19 22:47:31.950 I/base_log( 4204): [web_socket]/ NetworkType : 1, ScreenOn : true,  init
03-19 22:47:31.998 I/base_log( 4204): [BugReport]/ mainCode : 2001, subCode : 116, reportInfo : web_socket NetworkType : 1, ScreenOn : true,  load local token success
03-19 22:47:32.010 I/base_log( 4204): [BugReport]/ mainCode : 2001, subCode : 122, reportInfo : web_socket NetworkType : 1, ScreenOn : true,  start queryWebSocketConfig, url : http://jnav.live.ksmobile.net/get?vercode=38401915&ptvn=2&countryCode=US&api=23&channelid=200001&mcc=0&ver=3.8.40&os=android&cl=en&model=Nexus+5&cn2=
03-19 22:47:32.049 D/liuwei  ( 4333): adfasd attachBaseContext base =   android.app.ContextImpl@e99eec6
03-19 22:47:32.052 D/liuwei  ( 4333): adfasd attachBaseContext onCreate =   com.ksmobile.launcher.LauncherApplication@16f2e87
03-19 22:47:32.094 D/J4A     ( 4204): J4ALoader: OK: 'android.os.Build$VERSION' loaded
03-19 22:47:32.094 D/J4A     ( 4204): J4ALoader: OK: 'android.os.Build' loaded
03-19 22:47:32.094 D/J4A     ( 4204): J4ALoader: OK: 'java.nio.Buffer' loaded
03-19 22:47:32.094 D/J4A     ( 4204): J4ALoader: OK: 'java.nio.ByteBuffer' loaded
03-19 22:47:32.094 D/J4A     ( 4204): J4ALoader: OK: 'java.util.ArrayList' loaded
03-19 22:47:32.095 I/J4A     ( 4204): API-Level: 23
03-19 22:47:32.095 D/J4A     ( 4204): J4ALoader: OK: 'android.media.AudioTrack' loaded
03-19 22:47:32.095 D/J4A     ( 4204): J4ALoader: OK: 'android.media.MediaCodec$BufferInfo' loaded
03-19 22:47:32.095 D/J4A     ( 4204): J4ALoader: OK: 'android.media.MediaCodec' loaded
03-19 22:47:32.098 W/Settings( 4333): Setting android_id has moved from android.provider.Settings.System to android.provider.Settings.Secure, returning read-only value.
03-19 22:47:32.103 D/J4A     ( 4204): J4ALoader: OK: 'android.media.MediaFormat' loaded
03-19 22:47:32.103 D/J4A     ( 4204): J4ALoader: OK: 'android.media.PlaybackParams' loaded
03-19 22:47:32.103 D/J4A     ( 4204): J4ALoader: OK: 'android.os.Bundle' loaded
03-19 22:47:32.103 D/J4A     ( 4204): J4ALoader: OK: 'tv.danmaku.ijk.media.player.misc.IMediaDataSource' loaded
03-19 22:47:32.103 D/J4A     ( 4204): J4ALoader: OK: 'tv.danmaku.ijk.media.player.misc.IAndroidIO' loaded
03-19 22:47:32.107 D/J4A     ( 4204): J4ALoader: OK: 'tv.danmaku.ijk.media.player.IjkMediaPlayer' loaded
03-19 22:47:32.125 W/Settings( 4333): Setting android_id has moved from android.provider.Settings.System to android.provider.Settings.Secure, returning read-only value.
03-19 22:47:32.133 D/CMRuntime( 4204): CMIMNetwork Initializing ...
03-19 22:47:32.133 D/CMRuntime( 4204): CMIMNetwork Initialized!
03-19 22:47:32.163 D/RongLog ( 4204): [ RongIMClient ] onServiceConnected mConnectionStatus = DISCONNECTED
03-19 22:47:32.178 I/WebViewFactory( 4333): Loading com.google.android.webview version 65.0.3325.109 (code 332510900)
03-19 22:47:32.182 I/RongLog ( 4204): [ ModuleManager ] init
03-19 22:47:32.184 I/RongLog ( 4204): [ ModuleManager ] Can not find RongCallClient module.
03-19 22:47:32.186 I/RongLog ( 4204): [ RealTimeLocationManager ] init false
03-19 22:47:32.192 W/ResourceType( 4204): No package identifier when getting value for resource number 0x00000000
03-19 22:47:32.199 W/ResourceType( 4204): Invalid package identifier when getting bag for resource number 0x00000000
03-19 22:47:32.200 I/RongLog ( 4251): [ LibHandlerStub ] registerMessageType io.rong.imlib.location.message.RealTimeLocationStartMessage
03-19 22:47:32.202 I/RongLog ( 4251): [ LibHandlerStub ] registerMessageType io.rong.imlib.location.message.RealTimeLocationJoinMessage
03-19 22:47:32.203 I/RongLog ( 4251): [ NativeClient ] registerCmdMsgType RC:RLJoin
03-19 22:47:32.204 I/RongLog ( 4251): [ LibHandlerStub ] registerMessageType io.rong.imlib.location.message.RealTimeLocationQuitMessage
03-19 22:47:32.206 I/RongLog ( 4251): [ NativeClient ] registerCmdMsgType RC:RLQuit
03-19 22:47:32.207 I/RongLog ( 4251): [ LibHandlerStub ] registerMessageType io.rong.imlib.location.message.RealTimeLocationStatusMessage
03-19 22:47:32.208 I/RongLog ( 4251): [ NativeClient ] registerCmdMsgType RC:RL
03-19 22:47:32.209 I/RongLog ( 4204): [ CustomServiceManager ] init false
03-19 22:47:32.214 I/RongLog ( 4251): [ LibHandlerStub ] registerMessageType io.rong.message.CSHandShakeMessage
03-19 22:47:32.217 I/RongLog ( 4251): [ NativeClient ] registerCmdMsgType RC:CsHs
03-19 22:47:32.217 I/RongLog ( 4251): [ LibHandlerStub ] registerMessageType io.rong.message.CSHandShakeResponseMessage
03-19 22:47:32.218 I/RongLog ( 4251): [ NativeClient ] registerCmdMsgType RC:CsHsR
03-19 22:47:32.219 I/RongLog ( 4251): [ LibHandlerStub ] registerMessageType io.rong.message.CSChangeModeMessage
03-19 22:47:32.220 I/RongLog ( 4251): [ NativeClient ] registerCmdMsgType RC:CsCha
03-19 22:47:32.221 I/RongLog ( 4251): [ LibHandlerStub ] registerMessageType io.rong.message.CSChangeModeResponseMessage
03-19 22:47:32.222 I/RongLog ( 4251): [ NativeClient ] registerCmdMsgType RC:CsChaR
03-19 22:47:32.225 I/RongLog ( 4251): [ LibHandlerStub ] registerMessageType io.rong.message.CSSuspendMessage
03-19 22:47:32.226 I/RongLog ( 4251): [ NativeClient ] registerCmdMsgType RC:CsSp
03-19 22:47:32.228 I/RongLog ( 4251): [ LibHandlerStub ] registerMessageType io.rong.message.CSTerminateMessage
03-19 22:47:32.229 I/RongLog ( 4251): [ NativeClient ] registerCmdMsgType RC:CsEnd
03-19 22:47:32.229 I/RongLog ( 4251): [ LibHandlerStub ] registerMessageType io.rong.message.CSEvaluateMessage
03-19 22:47:32.230 I/RongLog ( 4251): [ NativeClient ] registerCmdMsgType RC:CsEva
03-19 22:47:32.230 I/RongLog ( 4251): [ LibHandlerStub ] registerMessageType io.rong.message.CSUpdateMessage
03-19 22:47:32.232 I/RongLog ( 4251): [ NativeClient ] registerCmdMsgType RC:CsUpdate
03-19 22:47:32.232 I/RongLog ( 4251): [ LibHandlerStub ] registerMessageType io.rong.message.CSPullEvaluateMessage
03-19 22:47:32.233 I/RongLog ( 4251): [ NativeClient ] registerCmdMsgType RC:CsPullEva
03-19 22:47:32.234 I/RongLog ( 4251): [ LibHandlerStub ] registerMessageType io.rong.message.CSPullLeaveMessage
03-19 22:47:32.235 I/RongLog ( 4251): [ NativeClient ] registerCmdMsgType RC:CsPLM
03-19 22:47:32.236 I/RongLog ( 4251): [ LibHandlerStub ] registerMessageType io.rong.message.CSLeaveMessage
03-19 22:47:32.237 I/RongLog ( 4251): [ NativeClient ] registerCmdMsgType RC:CsLM
03-19 22:47:32.237 I/RongLog ( 4204): [ RongIMClient ] initMessageReceiver
03-19 22:47:32.245 D/IJKMEDIA( 4204): IjkMediaPlayer_native_setLogLevel(3)
03-19 22:47:32.245 D/IJKMEDIA( 4204): moncleanup
03-19 22:47:32.248 I/RongLog ( 4251): [ LibHandlerStub ] registerMessageType io.rong.message.TextMessage
03-19 22:47:32.249 I/RongLog ( 4251): [ LibHandlerStub ] registerMessageType io.rong.message.VoiceMessage
03-19 22:47:32.251 I/RongLog ( 4251): [ LibHandlerStub ] registerMessageType io.rong.message.ImageMessage
03-19 22:47:32.258 I/RongLog ( 4251): [ LibHandlerStub ] registerMessageType io.rong.message.LocationMessage
03-19 22:47:32.259 I/RongLog ( 4251): [ LibHandlerStub ] registerMessageType io.rong.message.CommandNotificationMessage
03-19 22:47:32.259 I/RongLog ( 4251): [ LibHandlerStub ] registerMessageType io.rong.message.ContactNotificationMessage
03-19 22:47:32.260 I/RongLog ( 4251): [ LibHandlerStub ] registerMessageType io.rong.message.RichContentMessage
03-19 22:47:32.261 I/RongLog ( 4251): [ LibHandlerStub ] registerMessageType io.rong.message.PublicServiceMultiRichContentMessage
03-19 22:47:32.262 I/RongLog ( 4251): [ LibHandlerStub ] registerMessageType io.rong.message.PublicServiceRichContentMessage
03-19 22:47:32.262 I/RongLog ( 4251): [ LibHandlerStub ] registerMessageType io.rong.message.PublicServiceCommandMessage
03-19 22:47:32.263 I/RongLog ( 4251): [ LibHandlerStub ] registerMessageType io.rong.message.ProfileNotificationMessage
03-19 22:47:32.264 I/RongLog ( 4251): [ LibHandlerStub ] registerMessageType io.rong.message.HandshakeMessage
03-19 22:47:32.265 I/RongLog ( 4251): [ LibHandlerStub ] registerMessageType io.rong.message.InformationNotificationMessage
03-19 22:47:32.266 I/RongLog ( 4251): [ LibHandlerStub ] registerMessageType io.rong.message.DiscussionNotificationMessage
03-19 22:47:32.267 I/RongLog ( 4251): [ LibHandlerStub ] registerMessageType io.rong.message.SuspendMessage
03-19 22:47:32.268 I/RongLog ( 4251): [ LibHandlerStub ] registerMessageType io.rong.message.ReadReceiptMessage
03-19 22:47:32.268 I/RongLog ( 4251): [ LibHandlerStub ] registerMessageType io.rong.message.CommandMessage
03-19 22:47:32.269 I/RongLog ( 4251): [ LibHandlerStub ] registerMessageType io.rong.imlib.TypingMessage.TypingStatusMessage
03-19 22:47:32.269 I/RongLog ( 4251): [ LibHandlerStub ] registerMessageType io.rong.message.RecallCommandMessage
03-19 22:47:32.270 I/RongLog ( 4251): [ LibHandlerStub ] registerMessageType io.rong.message.RecallNotificationMessage
03-19 22:47:32.271 I/RongLog ( 4251): [ LibHandlerStub ] registerMessageType io.rong.message.ReadReceiptRequestMessage
03-19 22:47:32.272 I/RongLog ( 4251): [ LibHandlerStub ] registerMessageType io.rong.message.ReadReceiptResponseMessage
03-19 22:47:32.273 I/RongLog ( 4251): [ LibHandlerStub ] registerMessageType io.rong.message.SyncReadStatusMessage
03-19 22:47:32.273 I/RongLog ( 4251): [ LibHandlerStub ] registerMessageType io.rong.message.GroupNotificationMessage
03-19 22:47:32.275 I/RongLog ( 4251): [ LibHandlerStub ] registerMessageType io.rong.message.FileMessage
03-19 22:47:32.276 I/RongLog ( 4251): [ LibHandlerStub ] registerMessageType com.kxsimon.cmvideo.chat.msgcontent.AdminForbidMsgContent
03-19 22:47:32.276 W/KInfoc  ( 4204): The data section count is not equal! table:kewl_bug_probe, count in format:3, count in data:5.
03-19 22:47:32.277 I/RongLog ( 4251): [ LibHandlerStub ] registerMessageType com.kxsimon.cmvideo.chat.msgcontent.AnchorLeaveMsgContent
03-19 22:47:32.277 I/RongLog ( 4251): [ LibHandlerStub ] registerMessageType com.kxsimon.cmvideo.chat.msgcontent.AnnounceMsgContent
03-19 22:47:32.278 I/RongLog ( 4251): [ LibHandlerStub ] registerMessageType com.kxsimon.cmvideo.chat.msgcontent.BonusMsgContent
03-19 22:47:32.278 I/RongLog ( 4251): [ LibHandlerStub ] registerMessageType com.kxsimon.cmvideo.chat.msgcontent.BulletinMsgContent
03-19 22:47:32.279 W/KInfoc  ( 4204): The data section count is not equal! table:kewl_bug_probe, count in format:3, count in data:5.
03-19 22:47:32.279 I/RongLog ( 4251): [ LibHandlerStub ] registerMessageType com.kxsimon.cmvideo.chat.msgcontent.BulletinShopMsgContent
03-19 22:47:32.279 I/RongLog ( 4251): [ LibHandlerStub ] registerMessageType com.kxsimon.cmvideo.chat.msgcontent.GuessChangedMsgContent
03-19 22:47:32.280 I/RongLog ( 4251): [ LibHandlerStub ] registerMessageType com.kxsimon.cmvideo.chat.msgcontent.GuessSuccessMsgContent
03-19 22:47:32.283 I/art     ( 4333): Rejecting re-init on previously-failed class java.lang.Class<com.android.webview.chromium.TokenBindingManagerAdapter>
03-19 22:47:32.283 I/art     ( 4333): Rejecting re-init on previously-failed class java.lang.Class<com.android.webview.chromium.TokenBindingManagerAdapter>
03-19 22:47:32.288 I/art     ( 4333): Rejecting re-init on previously-failed class java.lang.Class<com.android.webview.chromium.ServiceWorkerControllerAdapter>
03-19 22:47:32.289 I/art     ( 4333): Rejecting re-init on previously-failed class java.lang.Class<com.android.webview.chromium.ServiceWorkerControllerAdapter>
03-19 22:47:32.291 I/RongLog ( 4251): [ LibHandlerStub ] registerMessageType com.cmcm.user.hostTag.InteractHostTagContent
03-19 22:47:32.292 I/RongLog ( 4251): [ LibHandlerStub ] registerMessageType com.kxsimon.cmvideo.chat.msgcontent.DanmakuMsgContent
03-19 22:47:32.293 I/RongLog ( 4251): [ LibHandlerStub ] registerMessageType com.kxsimon.cmvideo.chat.msgcontent.DiamondGameMsgContent
03-19 22:47:32.293 I/RongLog ( 4251): [ LibHandlerStub ] registerMessageType com.kxsimon.cmvideo.chat.msgcontent.DiamondGameRecommendMsgContent
03-19 22:47:32.294 I/RongLog ( 4251): [ LibHandlerStub ] registerMessageType com.kxsimon.cmvideo.chat.msgcontent.FollowActressMsgContent
03-19 22:47:32.294 I/cr_LibraryLoader( 4333): Time to load native libraries: 1 ms (timestamps 9782-9783)
03-19 22:47:32.295 I/RongLog ( 4251): [ LibHandlerStub ] registerMessageType com.kxsimon.cmvideo.chat.msgcontent.ForbidSpeakMsgContent
03-19 22:47:32.295 I/RongLog ( 4251): [ LibHandlerStub ] registerMessageType com.kxsimon.cmvideo.chat.msgcontent.GiftRankGameMsgContent
03-19 22:47:32.296 I/RongLog ( 4251): [ LibHandlerStub ] registerMessageType com.kxsimon.cmvideo.chat.msgcontent.GiftMsgContent
03-19 22:47:32.296 I/RongLog ( 4251): [ LibHandlerStub ] registerMessageType com.kxsimon.cmvideo.chat.msgcontent.GiftsFallMsgContent
03-19 22:47:32.297 I/RongLog ( 4251): [ LibHandlerStub ] registerMessageType com.kxsimon.cmvideo.chat.msgcontent.GlobalForbidMsgContent
03-19 22:47:32.298 I/RongLog ( 4251): [ LibHandlerStub ] registerMessageType com.kxsimon.cmvideo.chat.msgcontent.GroupLiveApplyCancelMsgContent
03-19 22:47:32.298 I/RongLog ( 4251): [ LibHandlerStub ] registerMessageType com.cmcm.letter.message.rong.notification.InviteJoinGroupResultMsgContent
03-19 22:47:32.299 I/RongLog ( 4251): [ LibHandlerStub ] registerMessageType com.cmcm.letter.message.rong.notification.InviteJoinGroupMsgContent
03-19 22:47:32.300 I/RongLog ( 4251): [ LibHandlerStub ] registerMessageType com.cmcm.letter.message.rong.notification.RequestJoinGroupResultMsgContent
03-19 22:47:32.301 I/RongLog ( 4251): [ LibHandlerStub ] registerMessageType com.cmcm.letter.message.rong.notification.RequestJoinGroupMsgContent
03-19 22:47:32.301 I/RongLog ( 4251): [ LibHandlerStub ] registerMessageType com.cmcm.letter.message.rong.notification.GroupInfoMsgContent
03-19 22:47:32.302 I/RongLog ( 4251): [ LibHandlerStub ] registerMessageType com.cmcm.letter.message.rong.notification.CreateGroupMsgContent
03-19 22:47:32.302 I/RongLog ( 4251): [ LibHandlerStub ] registerMessageType com.cmcm.letter.message.rong.notification.LeaveGroupMsgContent
03-19 22:47:32.303 I/RongLog ( 4251): [ LibHandlerStub ] registerMessageType com.cmcm.letter.message.rong.notification.DismissGroupMsgContent
03-19 22:47:32.304 I/RongLog ( 4251): [ LibHandlerStub ] registerMessageType com.cmcm.letter.message.rong.notification.GroupCardMsgContent
03-19 22:47:32.304 I/RongLog ( 4251): [ LibHandlerStub ] registerMessageType com.cmcm.letter.message.rong.notification.AdminManageMsgContent
03-19 22:47:32.305 I/RongLog ( 4251): [ LibHandlerStub ] registerMessageType com.kxsimon.cmvideo.chat.msgcontent.GuestCountMsgContent
03-19 22:47:32.305 I/RongLog ( 4251): [ LibHandlerStub ] registerMessageType com.kxsimon.cmvideo.chat.msgcontent.MaskGameGiftMsgContent
03-19 22:47:32.306 I/RongLog ( 4251): [ LibHandlerStub ] registerMessageType com.kxsimon.cmvideo.chat.msgcontent.MaskGameLockingMsgContent
03-19 22:47:32.307 I/RongLog ( 4251): [ LibHandlerStub ] registerMessageType com.kxsimon.cmvideo.chat.msgcontent.MaskGameMaskMsgContent
03-19 22:47:32.308 I/RongLog ( 4251): [ LibHandlerStub ] registerMessageType com.kxsimon.cmvideo.chat.msgcontent.MaskGameRefreshMsgContent
03-19 22:47:32.308 I/RongLog ( 4251): [ LibHandlerStub ] registerMessageType com.kxsimon.cmvideo.chat.msgcontent.MaskGameRewardMsgContent
03-19 22:47:32.309 I/RongLog ( 4251): [ LibHandlerStub ] registerMessageType com.kxsimon.cmvideo.chat.msgcontent.MaskGameStartMsgContent
03-19 22:47:32.310 I/RongLog ( 4251): [ LibHandlerStub ] registerMessageType com.kxsimon.cmvideo.chat.msgcontent.HotValueMsgContent
03-19 22:47:32.310 I/RongLog ( 4251): [ LibHandlerStub ] registerMessageType com.kxsimon.cmvideo.chat.msgcontent.Interact2MsgContent
03-19 22:47:32.311 I/RongLog ( 4251): [ LibHandlerStub ] registerMessageType com.kxsimon.cmvideo.chat.msgcontent.InteractEndMsgContent
03-19 22:47:32.312 I/RongLog ( 4251): [ LibHandlerStub ] registerMessageType com.kxsimon.cmvideo.chat.msgcontent.InteractEndUserMsgContent
03-19 22:47:32.312 I/RongLog ( 4251): [ LibHandlerStub ] registerMessageType com.kxsimon.cmvideo.chat.msgcontent.InteractEntryMsgContent
03-19 22:47:32.313 I/RongLog ( 4251): [ LibHandlerStub ] registerMessageType com.kxsimon.cmvideo.chat.msgcontent.InteractMsgContent
03-19 22:47:32.314 I/RongLog ( 4251): [ LibHandlerStub ] registerMessageType com.kxsimon.cmvideo.chat.msgcontent.InteractPreviewMsgContent
03-19 22:47:32.315 I/RongLog ( 4251): [ LibHandlerStub ] registerMessageType com.kxsimon.cmvideo.chat.msgcontent.InteractSuccessMsgContent
03-19 22:47:32.316 I/RongLog ( 4251): [ LibHandlerStub ] registerMessageType com.kxsimon.cmvideo.chat.msgcontent.InteractSuccessResendMsgContent
03-19 22:47:32.317 I/RongLog ( 4251): [ LibHandlerStub ] registerMessageType com.kxsimon.cmvideo.chat.msgcontent.InteractSwitch2MsgContent
03-19 22:47:32.322 I/RongLog ( 4251): [ LibHandlerStub ] registerMessageType com.kxsimon.cmvideo.chat.msgcontent.InteractSwitchMsgContent
03-19 22:47:32.324 I/RongLog ( 4251): [ LibHandlerStub ] registerMessageType com.kxsimon.cmvideo.chat.msgcontent.JoinChatroomMsgContent
03-19 22:47:32.325 I/RongLog ( 4251): [ LibHandlerStub ] registerMessageType com.kxsimon.cmvideo.chat.msgcontent.LeaveChatroomMsgContent
03-19 22:47:32.325 I/RongLog ( 4251): [ LibHandlerStub ] registerMessageType com.cmcm.letter.message.rong.GroupTxtMsgContent
03-19 22:47:32.326 I/RongLog ( 4251): [ LibHandlerStub ] registerMessageType com.cmcm.letter.message.rong.LetterTxtMsgContent
03-19 22:47:32.327 I/RongLog ( 4251): [ LibHandlerStub ] registerMessageType com.cmcm.letter.message.rong.LetterSysMsgContent
03-19 22:47:32.327 I/RongLog ( 4251): [ LibHandlerStub ] registerMessageType com.kxsimon.cmvideo.chat.msgcontent.LevelUpMsgContent
03-19 22:47:32.328 I/RongLog ( 4251): [ LibHandlerStub ] registerMessageType com.kxsimon.cmvideo.chat.msgcontent.EatGameStatusMsgContent
03-19 22:47:32.328 I/RongLog ( 4251): [ LibHandlerStub ] registerMessageType com.kxsimon.cmvideo.chat.msgcontent.GameGuessMsgContent
03-19 22:47:32.329 I/RongLog ( 4251): [ LibHandlerStub ] registerMessageType com.kxsimon.cmvideo.chat.msgcontent.LiveShareDoneUVMsgContent
03-19 22:47:32.329 I/RongLog ( 4251): [ LibHandlerStub ] registerMessageType com.kxsimon.cmvideo.chat.msgcontent.LiveShowMsgContent
03-19 22:47:32.330 I/RongLog ( 4251): [ LibHandlerStub ] registerMessageType com.kxsimon.cmvideo.chat.msgcontent.LiveShowStarMsgContent
03-19 22:47:32.331 I/RongLog ( 4251): [ LibHandlerStub ] registerMessageType com.kxsimon.cmvideo.chat.msgcontent.LiveStatMsgContent
03-19 22:47:32.332 I/RongLog ( 4251): [ LibHandlerStub ] registerMessageType com.kxsimon.cmvideo.chat.msgcontent.LiveVideoStopMsgContent
03-19 22:47:32.333 I/RongLog ( 4251): [ LibHandlerStub ] registerMessageType com.kxsimon.cmvideo.chat.msgcontent.ManagerMsgContent
03-19 22:47:32.333 I/chromium( 4333): [INFO:library_loader_hooks.cc(36)] Chromium logging enabled: level = 0, default verbosity = 0
03-19 22:47:32.333 I/cr_LibraryLoader( 4333): Expected native library version number "65.0.3325.109", actual native library version number "65.0.3325.109"
03-19 22:47:32.333 I/RongLog ( 4251): [ LibHandlerStub ] registerMessageType com.cmcm.match.message.msg.MtachFaildMsg
03-19 22:47:32.334 I/RongLog ( 4251): [ LibHandlerStub ] registerMessageType com.cmcm.match.message.msg.MatchActionMsg
03-19 22:47:32.335 I/RongLog ( 4251): [ LibHandlerStub ] registerMessageType com.cmcm.match.message.msg.MtachSuccessMsg
03-19 22:47:32.335 I/RongLog ( 4251): [ LibHandlerStub ] registerMessageType com.kxsimon.cmvideo.chat.msgcontent.GuardinMsgContent
03-19 22:47:32.336 I/RongLog ( 4251): [ LibHandlerStub ] registerMessageType com.kxsimon.cmvideo.chat.msgcontent.PraiseCountMsgContent
03-19 22:47:32.337 I/RongLog ( 4251): [ LibHandlerStub ] registerMessageType com.kxsimon.cmvideo.chat.msgcontent.PraiseMsgContent
03-19 22:47:32.338 I/RongLog ( 4251): [ LibHandlerStub ] registerMessageType com.kxsimon.cmvideo.chat.msgcontent.PromoteProductMsgContent
03-19 22:47:32.338 I/RongLog ( 4251): [ LibHandlerStub ] registerMessageType com.kxsimon.cmvideo.chat.msgcontent.RankAnimationMsgContent
03-19 22:47:32.339 I/RongLog ( 4251): [ LibHandlerStub ] registerMessageType com.kxsimon.cmvideo.chat.msgcontent.RankRefreshMsgContent
03-19 22:47:32.343 I/Ads     (16909): Trying mediation network: 
03-19 22:47:32.343 I/Ads     (16909): Instantiating mediation adapter: com.google.DummyAdapter
03-19 22:47:32.343 I/Ads     (16909): No fill from any mediation ad networks.
03-19 22:47:32.344 W/Ads     (16909): Failed to load ad: 3
03-19 22:47:32.350 D/DynamitePackage(16909): Instantiating com.google.android.gms.ads.ChimeraAdLoaderBuilderCreatorImpl
03-19 22:47:32.352 I/Ads     (16909): Starting ad request.
03-19 22:47:32.352 I/Ads     (16909): Use AdRequest.Builder.addTestDevice("80CB0F9622AA0F3FEACB782AEFCCBA6C") to get test ads on this device.
03-19 22:47:32.352 I/Ads     (16909): Webview loading for native ads.
03-19 22:47:32.366 I/RongLog ( 4251): [ LibHandlerStub ] registerMessageType com.kxsimon.cmvideo.chat.msgcontent.ShareVideoMsgContent
03-19 22:47:32.367 I/RongLog ( 4251): [ LibHandlerStub ] registerMessageType com.kxsimon.cmvideo.chat.msgcontent.VidSucMsgContent
03-19 22:47:32.367 I/RongLog ( 4251): [ LibHandlerStub ] registerMessageType com.kxsimon.cmvideo.chat.myvoice.StarJoinChatroomBean
03-19 22:47:32.368 I/RongLog ( 4251): [ LibHandlerStub ] registerMessageType com.kxsimon.cmvideo.chat.msgcontent.StarMsgContent
03-19 22:47:32.369 I/RongLog ( 4251): [ LibHandlerStub ] registerMessageType com.kxsimon.cmvideo.chat.msgcontent.VoiceLiveThroughPopContent
03-19 22:47:32.374 I/RongLog ( 4251): [ LibHandlerStub ] registerMessageType com.kxsimon.cmvideo.chat.msgcontent.SystemMsgContent
03-19 22:47:32.379 W/Ads     (16909): Not retrying to fetch app settings
03-19 22:47:32.387 I/RongLog ( 4251): [ LibHandlerStub ] registerMessageType com.kxsimon.cmvideo.chat.msgcontent.BonusTaskMsgContent
03-19 22:47:32.390 I/RongLog ( 4251): [ LibHandlerStub ] registerMessageType com.kxsimon.cmvideo.chat.msgcontent.LevelTempletStartMsgContent
03-19 22:47:32.394 I/RongLog ( 4251): [ LibHandlerStub ] registerMessageType com.kxsimon.cmvideo.chat.msgcontent.LevelTempletGiftMsgContent
03-19 22:47:32.395 I/RongLog ( 4251): [ LibHandlerStub ] registerMessageType com.cmcm.game.TempletRewardMsgContent
03-19 22:47:32.396 I/RongLog ( 4251): [ LibHandlerStub ] registerMessageType com.kxsimon.cmvideo.chat.msgcontent.LevelTempletStarRefreshMsgContent
03-19 22:47:32.397 I/RongLog ( 4251): [ LibHandlerStub ] registerMessageType com.kxsimon.cmvideo.chat.msgcontent.TopFansRankMsgContent
03-19 22:47:32.398 I/RongLog ( 4251): [ LibHandlerStub ] registerMessageType com.kxsimon.cmvideo.chat.msgcontent.WarAnimMsgContent
03-19 22:47:32.399 I/RongLog ( 4251): [ LibHandlerStub ] registerMessageType com.kxsimon.cmvideo.chat.msgcontent.WarGiftMsgContent
03-19 22:47:32.400 I/RongLog ( 4251): [ LibHandlerStub ] registerMessageType com.kxsimon.cmvideo.chat.msgcontent.WarRefreshMsgContent
03-19 22:47:32.400 I/RongLog ( 4251): [ LibHandlerStub ] registerMessageType com.kxsimon.cmvideo.chat.msgcontent.ActressAskFollowerMsgContent
03-19 22:47:32.401 I/RongLog ( 4251): [ LibHandlerStub ] registerMessageType com.kxsimon.cmvideo.chat.msgcontent.ChatConfigMsgContent
03-19 22:47:32.402 I/RongLog ( 4251): [ LibHandlerStub ] registerMessageType com.kxsimon.cmvideo.chat.msgcontent.ChatMultiMediaMsgContent
03-19 22:47:32.404 I/RongLog ( 4251): [ LibHandlerStub ] registerMessageType com.kxsimon.cmvideo.chat.msgcontent.GhostGameStartMsg
03-19 22:47:32.405 I/RongLog ( 4251): [ LibHandlerStub ] registerMessageType com.kxsimon.cmvideo.chat.msgcontent.EatGameRecommendMsgContent
03-19 22:47:32.406 W/cr_AwBrowserProcess( 4333): Failed to create lock file /data/user/0/com.ksmobile.launcher/app_webview/webview_data.lock
03-19 22:47:32.406 W/cr_AwBrowserProcess( 4333): java.io.IOException: fcntl failed: EAGAIN (Try again)
03-19 22:47:32.406 W/cr_AwBrowserProcess( 4333): 	at java.nio.FileChannelImpl.basicLock(FileChannelImpl.java:123)
03-19 22:47:32.406 W/cr_AwBrowserProcess( 4333): 	at java.nio.FileChannelImpl.tryLock(FileChannelImpl.java:181)
03-19 22:47:32.406 W/cr_AwBrowserProcess( 4333): 	at java.nio.channels.FileChannel.tryLock(FileChannel.java:584)
03-19 22:47:32.406 W/cr_AwBrowserProcess( 4333): 	at com.android.webview.chromium.WebViewChromiumFactoryProvider.startChromiumLocked(WebViewChromiumFactoryProvider.java:212)
03-19 22:47:32.406 W/cr_AwBrowserProcess( 4333): 	at com.android.webview.chromium.WebViewChromiumFactoryProvider.ensureChromiumStartedLocked(WebViewChromiumFactoryProvider.java:150)
03-19 22:47:32.406 W/cr_AwBrowserProcess( 4333): 	at com.android.webview.chromium.WebViewChromiumFactoryProvider.startYourEngines(WebViewChromiumFactoryProvider.java:267)
03-19 22:47:32.406 W/cr_AwBrowserProcess( 4333): 	at com.android.webview.chromium.WebViewChromium.init(WebViewChromium.java:29)
03-19 22:47:32.406 W/cr_AwBrowserProcess( 4333): 	at android.webkit.WebView.<init>(WebView.java:606)
03-19 22:47:32.406 W/cr_AwBrowserProcess( 4333): 	at android.webkit.WebView.<init>(WebView.java:542)
03-19 22:47:32.406 W/cr_AwBrowserProcess( 4333): 	at android.webkit.WebView.<init>(WebView.java:525)
03-19 22:47:32.406 W/cr_AwBrowserProcess( 4333): 	at android.webkit.WebView.<init>(WebView.java:512)
03-19 22:47:32.406 W/cr_AwBrowserProcess( 4333): 	at java.lang.reflect.Constructor.newInstance(Native Method)
03-19 22:47:32.406 W/cr_AwBrowserProcess( 4333): 	at android.view.LayoutInflater.createView(LayoutInflater.java:619)
03-19 22:47:32.406 W/cr_AwBrowserProcess( 4333): 	at com.android.internal.policy.PhoneLayoutInflater.onCreateView(PhoneLayoutInflater.java:58)
03-19 22:47:32.406 W/cr_AwBrowserProcess( 4333): 	at android.view.LayoutInflater.onCreateView(LayoutInflater.java:694)
03-19 22:47:32.406 W/cr_AwBrowserProcess( 4333): 	at android.view.LayoutInflater.createViewFromTag(LayoutInflater.java:762)
03-19 22:47:32.406 W/cr_AwBrowserProcess( 4333): 	at android.view.LayoutInflater.createViewFromTag(LayoutInflater.java:704)
03-19 22:47:32.406 W/cr_AwBrowserProcess( 4333): 	at android.view.LayoutInflater.rInflate(LayoutInflater.java:835)
03-19 22:47:32.406 W/cr_AwBrowserProcess( 4333): 	at android.view.LayoutInflater.rInflateChildren(LayoutInflater.java:798)
03-19 22:47:32.406 W/cr_AwBrowserProcess( 4333): 	at android.view.LayoutInflater.rInflate(LayoutInflater.java:838)
03-19 22:47:32.406 W/cr_AwBrowserProcess( 4333): 	at android.view.LayoutInflater.rInflateChildren(LayoutInflater.java:798)
03-19 22:47:32.406 W/cr_AwBrowserProcess( 4333): 	at android.view.LayoutInflater.rInflate(LayoutInflater.java:838)
03-19 22:47:32.406 W/cr_AwBrowserProcess( 4333): 	at android.view.LayoutInflater.rInflateChildren(LayoutInflater.java:798)
03-19 22:47:32.406 W/cr_AwBrowserProcess( 4333): 	at android.view.LayoutInflater.inflate(LayoutInflater.java:515)
03-19 22:47:32.406 W/cr_AwBrowserProcess( 4333): 	at android.view.LayoutInflater.inflate(LayoutInflater.java:423)
03-19 22:47:32.406 W/cr_AwBrowserProcess( 4333): 	at android.view.LayoutInflater.inflate(LayoutInflater.java:374)
03-19 22:47:32.406 W/cr_AwBrowserProcess( 4333): 	at com.android.internal.policy.PhoneWindow.setContentView(PhoneWindow.java:393)
03-19 22:47:32.406 W/cr_AwBrowserProcess( 4333): 	at android.app.Activity.setContentView(Activity.java:2172)
03-19 22:47:32.406 W/cr_AwBrowserProcess( 4333): 	at com.ksmobile.business.sdk.search.webview.SearchWebViewActivity.onCreate(SearchWebViewActivity.java:101)
03-19 22:47:32.406 W/cr_AwBrowserProcess( 4333): 	at android.app.Activity.performCreate(Activity.java:6251)
03-19 22:47:32.406 W/cr_AwBrowserProcess( 4333): 	at android.app.Instrumentation.callActivityOnCreate(Instrumentation.java:1107)
03-19 22:47:32.406 W/cr_AwBrowserProcess( 4333): 	at android.app.ActivityThread.performLaunchActivity(ActivityThread.java:2369)
03-19 22:47:32.406 W/cr_AwBrowserProcess( 4333): 	at android.app.ActivityThread.handleLaunchActivity(ActivityThread.java:2476)
03-19 22:47:32.406 W/cr_AwBrowserProcess( 4333): 	at android.app.ActivityThread.-wrap11(ActivityThread.java)
03-19 22:47:32.406 W/cr_AwBrowserProcess( 4333): 	at android.app.ActivityThread$H.handleMessage(ActivityThread.java:1344)
03-19 22:47:32.406 W/cr_AwBrowserProcess( 4333): 	at android.os.Handler.dispatchMessage(Handler.java:102)
03-19 22:47:32.406 W/cr_AwBrowserProcess( 4333): 	at android.os.Looper.loop(Looper.java:148)
03-19 22:47:32.406 W/cr_AwBrowserProcess( 4333): 	at android.app.ActivityThread.main(ActivityThread.java:5417)
03-19 22:47:32.406 W/cr_AwBrowserProcess( 4333): 	at java.lang.reflect.Method.invoke(Native Method)
03-19 22:47:32.406 W/cr_AwBrowserProcess( 4333): 	at com.android.internal.os.ZygoteInit$MethodAndArgsCaller.run(ZygoteInit.java:726)
03-19 22:47:32.406 W/cr_AwBrowserProcess( 4333): 	at com.android.internal.os.ZygoteInit.main(ZygoteInit.java:616)
03-19 22:47:32.406 W/cr_AwBrowserProcess( 4333): Caused by: android.system.ErrnoException: fcntl failed: EAGAIN (Try again)
03-19 22:47:32.406 W/cr_AwBrowserProcess( 4333): 	at libcore.io.Posix.fcntlFlock(Native Method)
03-19 22:47:32.406 W/cr_AwBrowserProcess( 4333): 	at libcore.io.ForwardingOs.fcntlFlock(ForwardingOs.java:70)
03-19 22:47:32.406 W/cr_AwBrowserProcess( 4333): 	at java.nio.FileChannelImpl.basicLock(FileChannelImpl.java:121)
03-19 22:47:32.406 W/cr_AwBrowserProcess( 4333): 	... 40 more
03-19 22:47:32.406 W/cr_AwBrowserProcess( 4333): Using WebView from more than one process at once with the same data directory is not supported. https://crbug.com/558377
03-19 22:47:32.412 I/RongLog ( 4251): [ LibHandlerStub ] registerMessageType com.kxsimon.cmvideo.chat.msgcontent.LiveTipsMsgContent
03-19 22:47:32.415 I/RongLog ( 4251): [ LibHandlerStub ] registerMessageType com.kxsimon.cmvideo.chat.msgcontent.TempletGameStartMsgContent
03-19 22:47:32.419 I/RongLog ( 4251): [ LibHandlerStub ] registerMessageType com.kxsimon.cmvideo.chat.msgcontent.PlanetGameStartMsgContent
03-19 22:47:32.420 I/RongLog ( 4251): [ LibHandlerStub ] registerMessageType com.kxsimon.cmvideo.chat.msgcontent.PlanetGiftMsgContent
03-19 22:47:32.424 I/RongLog ( 4251): [ LibHandlerStub ] registerMessageType com.kxsimon.cmvideo.chat.msgcontent.PlanetStarRefreshMsgContent
03-19 22:47:32.424 I/RongLog ( 4251): [ LibHandlerStub ] registerMessageType com.kxsimon.cmvideo.chat.msgcontent.UnFollowActressMsgContent
03-19 22:47:32.432 I/RongLog ( 4251): [ LibHandlerStub ] registerMessageType com.cmcm.game.trivia.message.TriviaGameNextQuestionContent
03-19 22:47:32.435 I/RongLog ( 4251): [ LibHandlerStub ] registerMessageType com.cmcm.game.trivia.message.TriviaGameQuestionPublishContent
03-19 22:47:32.436 I/Ads     (16909): Javascript has loaded for native ads.
03-19 22:47:32.436 I/RongLog ( 4251): [ LibHandlerStub ] registerMessageType com.kxsimon.cmvideo.chat.msgcontent.GiftWorldMsgContent
03-19 22:47:32.443 I/cr_BrowserStartup( 4333): Initializing chromium process, singleProcess=true
03-19 22:47:32.445 I/cr_base ( 4333): Android Locale: en_US requires .pak files: []
03-19 22:47:32.445 I/RongLog ( 4251): [ LibHandlerStub ] registerMessageType com.cmcm.user.bag.message.BagProduceInvalidMsg
03-19 22:47:32.446 I/RongLog ( 4251): [ LibHandlerStub ] registerMessageType com.cmcm.game.trivia.message.TriviaUserInviteContent
03-19 22:47:32.448 I/RongLog ( 4251): [ LibHandlerStub ] registerMessageType com.cmcm.game.trivia.message.TriviaGameEndContent
03-19 22:47:32.449 I/RongLog ( 4251): [ LibHandlerStub ] registerMessageType com.kxsimon.cmvideo.chat.msgcontent.AnchorLevelUpMsgContent
03-19 22:47:32.451 I/AppsFlyer_4.7.4(16909): onBecameBackground
03-19 22:47:32.451 I/AppsFlyer_4.7.4(16909): callStatsBackground background call
03-19 22:47:32.451 I/AppsFlyer_4.7.4(16909): app went to background
03-19 22:47:32.452 I/RongLog ( 4251): [ LibHandlerStub ] registerMessageType com.kxsimon.cmvideo.chat.msgcontent.ChargePrizeMsgContent
03-19 22:47:32.454 I/RongLog ( 4251): [ LibHandlerStub ] registerMessageType com.kxsimon.cmvideo.chat.msgcontent.CardGiftMsgContent
03-19 22:47:32.455 D/AppsFlyer_4.7.4(16909): Running callStats task (on current thread: Thread[pool-63-thread-1,5,main] )
03-19 22:47:32.455 I/AppsFlyer_4.7.4(16909): call = https://stats.appsflyer.com/stats; size = 423 bytes; body = {"platform":"Android","advertiserId":"6d482de2-4d8a-41f2-9934-fd89e3965594","gcd_conversion_data_timing":"6","devkey":"G********************5","statType":"user_closed_app","originalAppsflyerId":"1521459908839-4360450586797451470","time_in_app":"1305","deviceFingerPrintId":"00000000-555a-4ce5-ffff-ffffda3732cb","app_id":"com.ksmobile.launcher","uid":"1521459908839-4360450586797451470","channel":null,"launch_counter":"3"}
03-19 22:47:32.456 I/RongLog ( 4251): [ LibHandlerStub ] registerMessageType com.kxsimon.cmvideo.chat.msgcontent.CardChestMsgContent
03-19 22:47:32.459 I/RongLog ( 4251): [ LibHandlerStub ] registerMessageType com.kxsimon.cmvideo.chat.msgcontent.LiveStarEndMsgContent
03-19 22:47:32.460 I/RongLog ( 4251): [ LibHandlerStub ] registerMessageType com.cmcm.game.catchdoll.msg.CatchDollRankChangeContent
03-19 22:47:32.462 I/RongLog ( 4251): [ LibHandlerStub ] registerMessageType com.cmcm.game.catchdoll.msg.CatchDollResultMsg
03-19 22:47:32.463 I/RongLog ( 4251): [ LibHandlerStub ] registerMessageType com.cmcm.game.trivia.message.CatchDollPayCallBackContent
03-19 22:47:32.464 I/RongLog ( 4251): [ LibHandlerStub ] registerMessageType com.kxsimon.cmvideo.chat.msgcontent.RedPacketMsgContent
03-19 22:47:32.464 I/RongLog ( 4251): [ LibHandlerStub ] registerMessageType com.kxsimon.cmvideo.chat.msgcontent.LiveStarGiftMsgContent
03-19 22:47:32.465 I/RongLog ( 4251): [ LibHandlerStub ] registerMessageType com.kxsimon.cmvideo.chat.msgcontent.CouponMsgContent
03-19 22:47:32.466 I/RongLog ( 4251): [ LibHandlerStub ] registerMessageType com.kxsimon.cmvideo.chat.msgcontent.LiveStarStartMsgContent
03-19 22:47:32.467 I/RongLog ( 4251): [ LibHandlerStub ] registerMessageType com.kxsimon.cmvideo.chat.msgcontent.PokemonGiftMsgContent
03-19 22:47:32.469 I/RongLog ( 4251): [ LibHandlerStub ] registerMessageType com.kxsimon.cmvideo.chat.msgcontent.PokemonLvMsgContent
03-19 22:47:32.475 I/RongLog ( 4251): [ LibHandlerStub ] registerMessageType com.cmcm.game.trivia.message.TriviaFreeReviveContent
03-19 22:47:32.479 I/RongLog ( 4251): [ LibHandlerStub ] registerMessageType com.kxsimon.cmvideo.chat.vcall.sevencontrol.msg.InteractSwitchVcallMsgContent
03-19 22:47:32.486 I/RongLog ( 4251): [ LibHandlerStub ] registerMessageType com.kxsimon.cmvideo.chat.vcall.sevencontrol.msg.InteractSevenSuccessMsgContent
03-19 22:47:32.487 I/RongLog ( 4251): [ LibHandlerStub ] registerMessageType com.kxsimon.cmvideo.chat.vcall.sevencontrol.msg.InteractSevenApplyMsgContent
03-19 22:47:32.489 I/RongLog ( 4251): [ LibHandlerStub ] registerMessageType com.kxsimon.cmvideo.chat.vcall.sevencontrol.msg.InteractSevenEndUserMsgContent
03-19 22:47:32.490 I/RongLog ( 4251): [ LibHandlerStub ] registerMessageType com.kxsimon.cmvideo.chat.vcall.sevencontrol.msg.InteractSevenEndContent
03-19 22:47:32.491 I/RongLog ( 4251): [ LibHandlerStub ] registerMessageType com.kxsimon.cmvideo.chat.vcall.sevencontrol.msg.SevenLiveApplyCancelMsgContent
03-19 22:47:32.494 I/RongLog ( 4251): [ LibHandlerStub ] registerMessageType com.kxsimon.cmvideo.chat.vcall.sevencontrol.msg.SevenUserMuteMsgContent
03-19 22:47:32.504 I/RongLog ( 4251): [ LibHandlerStub ] registerMessageType com.cmcm.game.catchdoll.msg.InteractDollGameStartContent
03-19 22:47:32.507 I/RongLog ( 4251): [ LibHandlerStub ] registerMessageType com.cmcm.game.catchdoll.msg.InteractDollGameEndContent
03-19 22:47:32.509 I/RongLog ( 4251): [ LibHandlerStub ] registerMessageType com.kxsimon.cmvideo.chat.msgcontent.EasterMsgContent
03-19 22:47:32.511 I/RongLog ( 4251): [ NativeClient ] registerCmdMsgType RC:RRRspMsg
03-19 22:47:32.512 I/RongLog ( 4251): [ NativeClient ] registerCmdMsgType RC:RRReqMsg
03-19 22:47:32.515 I/RongLog ( 4251): [ NativeClient ] registerCmdMsgType RC:ReadNtf
03-19 22:47:32.515 I/RongLog ( 4251): [ NativeClient ] registerCmdMsgType RC:SRSMsg
03-19 22:47:32.516 I/RongLog ( 4251): [ NativeClient ] registerCmdMsgType RC:RcCmd
03-19 22:47:32.517 I/RongLog ( 4251): [ NativeClient ] registerCmdMsgType RC:TypSts
03-19 22:47:32.528 I/base_log( 4204): [BugReport]/ mainCode : 2001, subCode : 101, reportInfo : web_socket NetworkType : 1, ScreenOn : true,  NetworkReceiver to connect
03-19 22:47:32.528 I/base_log( 4204): [BugReport]/ mainCode : 2001, subCode : 125, reportInfo : web_socket NetworkType : 1, ScreenOn : true,  startCommQuery, from : 5
03-19 22:47:32.530 W/KInfoc  ( 4204): The data section count is not equal! table:kewl_bug_probe, count in format:3, count in data:5.
03-19 22:47:32.542 W/KInfoc  ( 4204): The data section count is not equal! table:kewl_bug_probe, count in format:3, count in data:5.
03-19 22:47:32.543 D/RongLog ( 4204): [ ConnectChangeReceiver ] intent : Intent { act=android.net.conn.CONNECTIVITY_CHANGE flg=0x4000010 (has extras) }
03-19 22:47:32.548 D/RongLog ( 4204): [ ConnectChangeReceiver ] network : true true
03-19 22:47:32.558 I/Adreno-EGL( 4333): <qeglDrvAPI_eglInitialize:379>: QUALCOMM Build: 10/21/15, 369a2ea, I96aee987eb
03-19 22:47:32.578 D/RongLog ( 4204): [ ReConnectService ] RECONNECT Intent { cmp=com.cmcm.live/io.rong.imlib.ReConnectService (has extras) }
03-19 22:47:32.586 D/RongLog ( 4204): [ RongIMClient ] [connect] reconnect mConnectionStatus :DISCONNECTED
03-19 22:47:32.601 I/InputDispatcher(17992): Dropping event because there is no touchable window at (395, 235).
03-19 22:47:32.601 W/InputManager(17992): Input event injection from pid 3771 failed.
03-19 22:47:32.609 W/InputManager(17992): Input event injection from pid 3771 failed.
03-19 22:47:32.616 I/base_log( 4204): [getRoomYunAccessToken][D]/ getServerToken 1
03-19 22:47:32.623 W/InputManager(17992): Input event injection from pid 3771 failed.
03-19 22:47:32.626 W/InputManager(17992): Input event injection from pid 3771 failed.
03-19 22:47:32.632 W/InputManager(17992): Input event injection from pid 3771 failed.
03-19 22:47:32.634 W/InputManager(17992): Input event injection from pid 3771 failed.
03-19 22:47:32.634 I/record_logger( 4204): ConnectionManager::connect stoken =gBepr2jhUsah3Og4BSXVhFPWqPhQ4mh0EEwlWK8imqS+Tbgpj97RkkD8wSVlMSBTeSBhA43e9jAEX+UiEC4OnEbXUmG+sPQBoeJoV6Zc0qg=
03-19 22:47:32.635 I/base_log( 4204): [realConnect][D]/ java.lang.Throwable
03-19 22:47:32.635 I/base_log( 4204): 	at com.cmcm.letter.util.ConnectionManager.f(ConnectionManager.java:147)
03-19 22:47:32.635 I/base_log( 4204): 	at com.cmcm.letter.util.ConnectionManager.onEventMainThread(ConnectionManager.java:314)
03-19 22:47:32.635 I/base_log( 4204): 	at java.lang.reflect.Method.invoke(Native Method)
03-19 22:47:32.635 I/base_log( 4204): 	at de.greenrobot.event.EventBus.b(EventBus.java:515)
03-19 22:47:32.635 I/base_log( 4204): 	at de.greenrobot.event.EventBus.a(EventBus.java:509)
03-19 22:47:32.635 I/base_log( 4204): 	at de.greenrobot.event.c.handleMessage(HandlerPoster.java:67)
03-19 22:47:32.635 I/base_log( 4204): 	at android.os.Handler.dispatchMessage(Handler.java:102)
03-19 22:47:32.635 I/base_log( 4204): 	at android.os.Looper.loop(Looper.java:148)
03-19 22:47:32.635 I/base_log( 4204): 	at android.app.ActivityThread.main(ActivityThread.java:5417)
03-19 22:47:32.635 I/base_log( 4204): 	at java.lang.reflect.Method.invoke(Native Method)
03-19 22:47:32.635 I/base_log( 4204): 	at com.android.internal.os.ZygoteInit$MethodAndArgsCaller.run(ZygoteInit.java:726)
03-19 22:47:32.635 I/base_log( 4204): 	at com.android.internal.os.ZygoteInit.main(ZygoteInit.java:616)
03-19 22:47:32.635 W/InputManager(17992): Input event injection from pid 3771 failed.
03-19 22:47:32.637 D/RongLog ( 4204): [ RongIMClient ] onStatusChange : cur = DISCONNECTED, to = CONNECTING, retry = 0
03-19 22:47:32.637 I/record_logger( 4204): ChatRoomClient::onConnectionStatusChanged:Connecting
03-19 22:47:32.637 W/InputManager(17992): Input event injection from pid 3771 failed.
03-19 22:47:32.639 W/InputManager(17992): Input event injection from pid 3771 failed.
03-19 22:47:32.641 W/InputManager(17992): Input event injection from pid 3771 failed.
03-19 22:47:32.644 W/InputManager(17992): Input event injection from pid 3771 failed.
03-19 22:47:32.652 W/InputManager(17992): Input event injection from pid 3771 failed.
03-19 22:47:32.654 W/InputManager(17992): Input event injection from pid 3771 failed.
03-19 22:47:32.655 I/cm.log.uipro( 4204): [IM][D]/ RY Connect change: CONNECTING
03-19 22:47:32.656 D/RongLog ( 4204): [ RongIMClient ] [connect] connect
03-19 22:47:32.665 D/RongLog ( 4251): [ NavigationClient ] [connect] getCMPServerString appKey:e5t4ouvptfuma, token:gBepr2jhUsah3Og4BSXVhFPWqPhQ4mh0EEwlWK8imqS+Tbgpj97RkkD8wSVlMSBTeSBhA43e9jAEX+UiEC4OnEbXUmG+sPQBoeJoV6Zc0qg=
03-19 22:47:32.667 D/RongLog ( 4251): [ NavigationClient ] [connect] isCacheValid:false
03-19 22:47:32.668 E/chromium( 4333): [ERROR:connection.cc(1945)] Web sqlite error 5, errno 0: database is locked, sql: PRAGMA auto_vacuum
03-19 22:47:32.669 E/chromium( 4333): [ERROR:connection.cc(1945)] Web sqlite error 5, errno 0: database is locked, sql: PRAGMA journal_mode = TRUNCATE
03-19 22:47:32.670 D/RongLog ( 4251): [ NavigationClient ] [connect] request appKey:e5t4ouvptfuma, token:gBepr2jhUsah3Og4BSXVhFPWqPhQ4mh0EEwlWK8imqS+Tbgpj97RkkD8wSVlMSBTeSBhA43e9jAEX+UiEC4OnEbXUmG+sPQBoeJoV6Zc0qg=, forceUpdate:false
03-19 22:47:32.681 I/base_log( 4204): [BugReport]/ mainCode : 2001, subCode : 117, reportInfo : web_socket NetworkType : 1, ScreenOn : true,  queryWebSocketConfig success
03-19 22:47:32.681 W/KInfoc  ( 4204): The data section count is not equal! table:kewl_bug_probe, count in format:3, count in data:5.
03-19 22:47:32.683 I/base_log( 4204): [BugReport]/ mainCode : 2001, subCode : 106, reportInfo : web_socket NetworkType : 1, ScreenOn : true,  No.1 WebSocket connecting : ws://34.227.218.119:9161, retryCount : 0 , connecting source : ws_config
03-19 22:47:32.683 W/KInfoc  ( 4204): The data section count is not equal! table:kewl_bug_probe, count in format:3, count in data:5.
03-19 22:47:32.689 W/KInfoc  ( 4204): The data section count is not equal! table:kewl_bug_probe, count in format:3, count in data:5.
03-19 22:47:32.690 I/base_log( 4204): [BugReport]/ mainCode : 2001, subCode : 106, reportInfo : web_socket NetworkType : 1, ScreenOn : true,  No.0 WebSocket connecting : ws://34.227.218.119:9161, retryCount : 0 , connecting source : ws_config
03-19 22:47:32.715 I/art     ( 4333): Rejecting re-init on previously-failed class java.lang.Class<com.android.webview.chromium.WebViewContentsClientAdapter$7>
03-19 22:47:32.715 I/art     ( 4333): Rejecting re-init on previously-failed class java.lang.Class<com.android.webview.chromium.WebViewContentsClientAdapter$7>
03-19 22:47:32.716 I/art     ( 4333): Rejecting re-init on previously-failed class java.lang.Class<com.android.webview.chromium.WebViewContentsClientAdapter$3>
03-19 22:47:32.716 I/art     ( 4333): Rejecting re-init on previously-failed class java.lang.Class<com.android.webview.chromium.WebViewContentsClientAdapter$3>
03-19 22:47:32.734 D/ConnectivityService(17992): listenForNetwork for Listen from uid/pid:10282/4333 for NetworkRequest [ id=169, legacyType=-1, [ Capabilities: INTERNET&NOT_RESTRICTED&TRUSTED] ]
03-19 22:47:32.737 W/Binder_1(  309): type=1400 audit(0.0:160168): avc: denied { ioctl } for path="socket:[5540000]" dev="sockfs" ino=5540000 ioctlcmd=7704 scontext=u:r:surfaceflinger:s0 tcontext=u:r:surfaceflinger:s0 tclass=unix_stream_socket permissive=0
03-19 22:47:32.737 W/Binder_1(  309): type=1400 audit(0.0:160169): avc: denied { ioctl } for path="socket:[5540000]" dev="sockfs" ino=5540000 ioctlcmd=7704 scontext=u:r:surfaceflinger:s0 tcontext=u:r:surfaceflinger:s0 tclass=unix_stream_socket permissive=0
03-19 22:47:32.800 E/libEGL  ( 4333): validate_display:255 error 3008 (EGL_BAD_DISPLAY)
03-19 22:47:32.801 D/BluetoothManagerService(17992): Added callback: android.bluetooth.IBluetoothManagerCallback$Stub$Proxy@6c749b1:true
03-19 22:47:32.807 W/Binder_5( 3780): type=1400 audit(0.0:160170): avc: denied { ioctl } for path="socket:[5540006]" dev="sockfs" ino=5540006 ioctlcmd=7704 scontext=u:r:surfaceflinger:s0 tcontext=u:r:surfaceflinger:s0 tclass=unix_stream_socket permissive=0
03-19 22:47:32.811 D/OpenGLRenderer( 4333): Use EGL_SWAP_BEHAVIOR_PRESERVED: true
03-19 22:47:32.807 W/Binder_5( 3780): type=1400 audit(0.0:160171): avc: denied { ioctl } for path="socket:[5540006]" dev="sockfs" ino=5540006 ioctlcmd=7704 scontext=u:r:surfaceflinger:s0 tcontext=u:r:surfaceflinger:s0 tclass=unix_stream_socket permissive=0
03-19 22:47:32.837 W/Binder_3(18367): type=1400 audit(0.0:160172): avc: denied { ioctl } for path="socket:[5538255]" dev="sockfs" ino=5538255 ioctlcmd=7704 scontext=u:r:system_server:s0 tcontext=u:r:system_server:s0 tclass=unix_stream_socket permissive=0
03-19 22:47:32.837 W/Binder_3(18367): type=1400 audit(0.0:160173): avc: denied { ioctl } for path="socket:[5538255]" dev="sockfs" ino=5538255 ioctlcmd=7704 scontext=u:r:system_server:s0 tcontext=u:r:system_server:s0 tclass=unix_stream_socket permissive=0
03-19 22:47:32.917 D/ConnectivityService(17992): listenForNetwork for Listen from uid/pid:10282/4333 for NetworkRequest [ id=170, legacyType=-1, [ Capabilities: INTERNET&NOT_RESTRICTED&TRUSTED] ]
03-19 22:47:32.953 W/VideoCapabilities( 4333): Unrecognized profile 2130706433 for video/avc
03-19 22:47:32.965 I/OpenGLRenderer( 4333): Initialized EGL, version 1.4
03-19 22:47:33.009 I/VideoCapabilities( 4333): Unsupported profile 4 for video/mp4v-es
03-19 22:47:33.009 I/AppsFlyer_4.7.4(16909): Status 200 ok
03-19 22:47:33.009 I/AppsFlyer_4.7.4(16909): Connection call succeeded: {"response_not_json":""}
03-19 22:47:33.009 D/AppsFlyer_4.7.4(16909): RD status is OFF
03-19 22:47:33.009 D/AppsFlyer_4.7.4(16909): shut downing executor ...
03-19 22:47:33.016 I/Ads     (16909): Ad finished loading.
03-19 22:47:33.025 D/AppsFlyer_4.7.4(16909): shut downing executor ...
03-19 22:47:33.027 E/shenzhixinxxx(16909): admob:true
03-19 22:47:33.029 I/sunlib  ( 4333): 是否集成成功:true
03-19 22:47:33.081 W/Settings( 4333): Setting android_id has moved from android.provider.Settings.System to android.provider.Settings.Secure, returning read-only value.
03-19 22:47:33.117 I/ActivityManager(17992): Displayed com.ksmobile.launcher/com.ksmobile.business.sdk.search.webview.SearchWebViewActivity: +1s198ms
03-19 22:47:33.107 W/Binder_7(18969): type=1400 audit(0.0:160174): avc: denied { ioctl } for path="socket:[5538287]" dev="sockfs" ino=5538287 ioctlcmd=7704 scontext=u:r:system_server:s0 tcontext=u:r:system_server:s0 tclass=unix_stream_socket permissive=0
03-19 22:47:33.107 W/Binder_7(18969): type=1400 audit(0.0:160175): avc: denied { ioctl } for path="socket:[5538287]" dev="sockfs" ino=5538287 ioctlcmd=7704 scontext=u:r:system_server:s0 tcontext=u:r:system_server:s0 tclass=unix_stream_socket permissive=0
03-19 22:47:33.117 W/Binder_3(18367): type=1400 audit(0.0:160176): avc: denied { ioctl } for path="socket:[5538286]" dev="sockfs" ino=5538286 ioctlcmd=7704 scontext=u:r:system_server:s0 tcontext=u:r:system_server:s0 tclass=unix_stream_socket permissive=0
03-19 22:47:33.117 W/Binder_3(18367): type=1400 audit(0.0:160177): avc: denied { ioctl } for path="socket:[5538286]" dev="sockfs" ino=5538286 ioctlcmd=7704 scontext=u:r:system_server:s0 tcontext=u:r:system_server:s0 tclass=unix_stream_socket permissive=0
03-19 22:47:33.124 I/GoogleInputMethod(18923): onFinishInput() : Dummy InputConnection bound
03-19 22:47:33.124 I/GoogleInputMethod(18923): onStartInput() : Dummy InputConnection bound
03-19 22:47:33.156 W/cr_CrashFileManager( 4333): /data/user/0/com.ksmobile.launcher/cache/WebView/Crash Reports does not exist or is not a directory
03-19 22:47:33.191 I/Ads     (16909): Ad impression.
03-19 22:47:33.208 W/System.err( 4333): java.io.FileNotFoundException: update_version
03-19 22:47:33.208 W/System.err( 4333): 	at android.content.res.AssetManager.openAsset(Native Method)
03-19 22:47:33.208 W/System.err( 4333): 	at android.content.res.AssetManager.open(AssetManager.java:313)
03-19 22:47:33.208 W/System.err( 4333): 	at android.content.res.AssetManager.open(AssetManager.java:287)
03-19 22:47:33.208 W/System.err( 4333): 	at com.ksmobile.business.sdk.e.j.c(DataVerManager.java:62)
03-19 22:47:33.208 W/System.err( 4333): 	at com.ksmobile.business.sdk.e.j.b(DataVerManager.java:48)
03-19 22:47:33.208 W/System.err( 4333): 	at com.ksmobile.business.sdk.e.b.k.a(UpdateManage.java:100)
03-19 22:47:33.208 W/System.err( 4333): 	at com.ksmobile.business.sdk.e.b.k.b(UpdateManage.java:42)
03-19 22:47:33.208 W/System.err( 4333): 	at com.ksmobile.business.sdk.e.h.l(DataManager.java:85)
03-19 22:47:33.208 W/System.err( 4333): 	at com.ksmobile.business.sdk.e.h.b(DataManager.java:15)
03-19 22:47:33.208 W/System.err( 4333): 	at com.ksmobile.business.sdk.e.h$2.run(DataManager.java:102)
03-19 22:47:33.208 W/System.err( 4333): 	at android.os.Handler.handleCallback(Handler.java:739)
03-19 22:47:33.208 W/System.err( 4333): 	at android.os.Handler.dispatchMessage(Handler.java:95)
03-19 22:47:33.208 W/System.err( 4333): 	at android.os.Looper.loop(Looper.java:148)
03-19 22:47:33.208 W/System.err( 4333): 	at android.os.HandlerThread.run(HandlerThread.java:61)
03-19 22:47:33.278 D/RongLog ( 4251): [ NativeClient ] [connect] addObserver onSuccess
03-19 22:47:33.282 D/RongLog ( 4251): [ NativeClient ] [connect] times = 1
03-19 22:47:33.284 I/RongLog ( 4251): [ NavigationClient ] request end: 200, force = false
