--------- beginning of system
03-19 22:46:33.915 W/BroadcastQueue(17992): Skipping deliver [background] BroadcastRecord{aa922fc u-1 android.net.conn.CONNECTIVITY_CHANGE} to ReceiverList{d94dd85 3639 (unknown name)/2000/u-1 remote:93cecce}: process crashing
--------- beginning of main
03-19 22:47:09.307 D/DiningRoom(16909): DiningRoom update
03-19 22:47:11.201 D/AndroidRuntime( 3771): >>>>>> START com.android.internal.os.RuntimeInit uid 2000 <<<<<<
03-19 22:47:11.204 D/AndroidRuntime( 3771): CheckJNI is OFF
03-19 22:47:11.239 D/ICU     ( 3771): No timezone override file found: /data/misc/zoneinfo/current/icu/icu_tzdata.dat
03-19 22:47:11.277 E/dex2oat ( 3785): Failed to create oat file: /data/dalvik-cache/arm/sdcard@monkey.jar@classes.dex: Permission denied
03-19 22:47:11.277 I/dex2oat ( 3785): dex2oat took 589.636us (threads: 4) 
03-19 22:47:11.281 W/art     ( 3771): Failed execv(/system/bin/dex2oat --runtime-arg -classpath --runtime-arg /sdcard/monkey.jar:/sdcard/framework.jar --instruction-set=arm --instruction-set-features=smp,div,atomic_ldrd_strd --runtime-arg -Xrelocate --boot-image=/system/framework/boot.art --runtime-arg -Xms64m --runtime-arg -Xmx512m --instruction-set-variant=krait --instruction-set-features=default --dex-file=/sdcard/monkey.jar --oat-file=/data/dalvik-cache/arm/sdcard@monkey.jar@classes.dex) because non-0 exit status
03-19 22:47:11.307 D/DiningRoom(16909): DiningRoom update
03-19 22:47:11.327 E/dex2oat ( 3788): Failed to create oat file: /data/dalvik-cache/arm/sdcard@framework.jar@classes.dex: Permission denied
03-19 22:47:11.327 I/dex2oat ( 3788): dex2oat took 603.177us (threads: 4) 
03-19 22:47:11.331 W/art     ( 3771): Failed execv(/system/bin/dex2oat --runtime-arg -classpath --runtime-arg /sdcard/monkey.jar:/sdcard/framework.jar --instruction-set=arm --instruction-set-features=smp,div,atomic_ldrd_strd --runtime-arg -Xrelocate --boot-image=/system/framework/boot.art --runtime-arg -Xms64m --runtime-arg -Xmx512m --instruction-set-variant=krait --instruction-set-features=default --dex-file=/sdcard/framework.jar --oat-file=/data/dalvik-cache/arm/sdcard@framework.jar@classes.dex) because non-0 exit status
03-19 22:47:11.402 I/Radio-JNI( 3771): register_android_hardware_Radio DONE
03-19 22:47:11.422 D/AndroidRuntime( 3771): Calling main entry tv.panda.test.monkey.Monkey
03-19 22:47:11.538 E/System  ( 3771): Unable to open zip file: /sdcard/framework.jar
03-19 22:47:11.538 E/System  ( 3771): java.util.zip.ZipException: Not a zip archive
03-19 22:47:11.538 E/System  ( 3771): 	at java.util.zip.ZipFile.readCentralDir(ZipFile.java:397)
03-19 22:47:11.538 E/System  ( 3771): 	at java.util.zip.ZipFile.<init>(ZipFile.java:175)
03-19 22:47:11.538 E/System  ( 3771): 	at java.util.zip.ZipFile.<init>(ZipFile.java:131)
03-19 22:47:11.538 E/System  ( 3771): 	at dalvik.system.DexPathList$Element.maybeInit(DexPathList.java:452)
03-19 22:47:11.538 E/System  ( 3771): 	at dalvik.system.DexPathList$Element.findResource(DexPathList.java:499)
03-19 22:47:11.538 E/System  ( 3771): 	at dalvik.system.DexPathList.findResources(DexPathList.java:378)
03-19 22:47:11.538 E/System  ( 3771): 	at dalvik.system.BaseDexClassLoader.findResources(BaseDexClassLoader.java:72)
03-19 22:47:11.538 E/System  ( 3771): 	at java.lang.ClassLoader.getResources(ClassLoader.java:425)
03-19 22:47:11.538 E/System  ( 3771): 	at javax.xml.xpath.XPathFactoryFinder.createServiceFileIterator(XPathFactoryFinder.java:332)
03-19 22:47:11.538 E/System  ( 3771): 	at javax.xml.xpath.XPathFactoryFinder._newFactory(XPathFactoryFinder.java:200)
03-19 22:47:11.538 E/System  ( 3771): 	at javax.xml.xpath.XPathFactoryFinder.newFactory(XPathFactoryFinder.java:147)
03-19 22:47:11.538 E/System  ( 3771): 	at javax.xml.xpath.XPathFactory.newInstance(XPathFactory.java:148)
03-19 22:47:11.538 E/System  ( 3771): 	at javax.xml.xpath.XPathFactory.newInstance(XPathFactory.java:69)
03-19 22:47:11.538 E/System  ( 3771): 	at tv.panda.test.monkey.ape.model.XPathBuilder.<init>(XPathBuilder.kt:8)
03-19 22:47:11.538 E/System  ( 3771): 	at tv.panda.test.monkey.ape.model.XPathBuilder.<clinit>(XPathBuilder.kt:7)
03-19 22:47:11.538 E/System  ( 3771): 	at tv.panda.test.monkey.ape.model.BlackWidgetReader.build(BlackWidgetReader.kt:21)
03-19 22:47:11.538 E/System  ( 3771): 	at tv.panda.test.monkey.ape.model.BlackWidgetReader.read(BlackWidgetReader.kt:65)
03-19 22:47:11.538 E/System  ( 3771): 	at tv.panda.test.monkey.ape.model.BlackWidgetController.<clinit>(BlackWidgetController.kt:30)
03-19 22:47:11.538 E/System  ( 3771): 	at tv.panda.test.monkey.Monkey.<init>(Monkey.kt:100)
03-19 22:47:11.538 E/System  ( 3771): 	at tv.panda.test.monkey.Monkey$Companion.main(Monkey.kt:1164)
03-19 22:47:11.538 E/System  ( 3771): 	at tv.panda.test.monkey.Monkey.main(Monkey.kt)
03-19 22:47:11.538 E/System  ( 3771): 	at com.android.internal.os.RuntimeInit.nativeFinishInit(Native Method)
03-19 22:47:11.538 E/System  ( 3771): 	at com.android.internal.os.RuntimeInit.main(RuntimeInit.java:251)
03-19 22:47:12.511 D/ConnectivityService(17992): notifyType CAP_CHANGED for NetworkAgentInfo [WIFI () - 101]
03-19 22:47:12.783 W/BroadcastQueue(17992): Skipping deliver [background] BroadcastRecord{54d6618 u-1 android.net.conn.CONNECTIVITY_CHANGE} to ReceiverList{59ff871 3771 (unknown name)/2000/u-1 remote:9591b8a}: process crashing
03-19 22:47:13.308 D/DiningRoom(16909): DiningRoom update
03-19 22:47:14.217 W/Binder_7(18969): type=1400 audit(0.0:159975): avc: denied { ioctl } for path="socket:[5539131]" dev="sockfs" ino=5539131 ioctlcmd=7704 scontext=u:r:system_server:s0 tcontext=u:r:system_server:s0 tclass=unix_stream_socket permissive=0
03-19 22:47:14.217 W/Binder_7(18969): type=1400 audit(0.0:159976): avc: denied { ioctl } for path="socket:[5539131]" dev="sockfs" ino=5539131 ioctlcmd=7704 scontext=u:r:system_server:s0 tcontext=u:r:system_server:s0 tclass=unix_stream_socket permissive=0
03-19 22:47:14.227 W/Binder_2(18005): type=1400 audit(0.0:159977): avc: denied { ioctl } for path="socket:[5539133]" dev="sockfs" ino=5539133 ioctlcmd=7704 scontext=u:r:system_server:s0 tcontext=u:r:system_server:s0 tclass=unix_stream_socket permissive=0
03-19 22:47:14.227 W/Binder_2(18005): type=1400 audit(0.0:159978): avc: denied { ioctl } for path="socket:[5539133]" dev="sockfs" ino=5539133 ioctlcmd=7704 scontext=u:r:system_server:s0 tcontext=u:r:system_server:s0 tclass=unix_stream_socket permissive=0
03-19 22:47:14.313 E/ActivityThread(16909): Failed to find provider info for com.facebook.katana.provider.AttributionIdProvider
03-19 22:47:14.326 D/IS_UNITY(16909): false
03-19 22:47:14.850 D/DynamitePackage(16909): Instantiating com.google.android.gms.ads.ChimeraAdLoaderBuilderCreatorImpl
03-19 22:47:14.857 I/Ads     (16909): Starting ad request.
03-19 22:47:14.857 I/Ads     (16909): Use AdRequest.Builder.addTestDevice("80CB0F9622AA0F3FEACB782AEFCCBA6C") to get test ads on this device.
03-19 22:47:14.857 I/Ads     (16909): Webview loading for native ads.
03-19 22:47:14.930 I/ActivityManager(17992): START u0 {act=android.intent.action.MAIN cat=[android.intent.category.LAUNCHER] flg=0x10200000 cmp=com.ksmobile.launcher/.Launcher} from uid 2000 on display 0
03-19 22:47:14.936 E/START_LAUNCHER(16909): Launcher onPause = 1521514034936  距离onResume的时间为 ： 1285818
03-19 22:47:14.945 D/CheetahPetMainScreenTip(16909): onPageBeginMoving: 
03-19 22:47:14.945 D/CheetahPetMainScreenTip(16909): onPageBeginMoving: 
03-19 22:47:14.945 D/CheetahPetMainScreenTip(16909): onPageBeginMoving: 
03-19 22:47:14.945 D/CheetahPetMainScreenTip(16909): onPageBeginMoving: 
03-19 22:47:14.947 E/START_LAUNCHER(16909): Launcher onResume = 1521514034947
03-19 22:47:14.949 D/CleanMemoryManager(16909): 【currentPercent】 real result 63
03-19 22:47:14.949 D/CleanMemoryManager(16909): 【onLoop】63
03-19 22:47:14.951 V/default_launcher(16909): CM Launcher is Defalut!
03-19 22:47:14.951 D/Launcher(16909): onResume: yanzhao
03-19 22:47:15.007 E/szadxacac(16909): notify:white:-1
03-19 22:47:15.123 I/Ads     (16909): Javascript has loaded for native ads.
03-19 22:47:15.137 W/Herrevad(18675): [2888] vgx.b: Invalid mccmnc 
03-19 22:47:15.139 W/Herrevad(18675): [2888] vgx.b: Invalid mccmnc 
03-19 22:47:15.307 D/DiningRoom(16909): DiningRoom update
03-19 22:47:15.562 D/ConnectivityService(17992): notifyType CAP_CHANGED for NetworkAgentInfo [WIFI () - 101]
03-19 22:47:15.575 D/CheetahPetMainScreenTip(16909): onPageEndMoving: 
03-19 22:47:15.575 D/CheetahPetMainScreenTip(16909): onPageEndMoving: 
03-19 22:47:15.575 D/CheetahPetMainScreenTip(16909): onPageEndMoving: 
03-19 22:47:15.575 D/CheetahPetMainScreenTip(16909): onPageEndMoving: 
03-19 22:47:15.575 D/CheetahPetMainScreenTip(16909): onPageEndMoving: 
03-19 22:47:15.840 I/Ads     (16909): Trying mediation network: 
03-19 22:47:15.840 I/Ads     (16909): Instantiating mediation adapter: com.google.DummyAdapter
03-19 22:47:15.850 I/Ads     (16909): No fill from any mediation ad networks.
03-19 22:47:15.851 W/Ads     (16909): Failed to load ad: 3
03-19 22:47:15.857 W/Binder_10(20640): type=1400 audit(0.0:159979): avc: denied { ioctl } for path="socket:[5539217]" dev="sockfs" ino=5539217 ioctlcmd=7704 scontext=u:r:system_server:s0 tcontext=u:r:system_server:s0 tclass=unix_stream_socket permissive=0
03-19 22:47:15.857 W/Binder_10(20640): type=1400 audit(0.0:159980): avc: denied { ioctl } for path="socket:[5539217]" dev="sockfs" ino=5539217 ioctlcmd=7704 scontext=u:r:system_server:s0 tcontext=u:r:system_server:s0 tclass=unix_stream_socket permissive=0
03-19 22:47:15.857 W/Binder_C(19117): type=1400 audit(0.0:159981): avc: denied { ioctl } for path="socket:[5539219]" dev="sockfs" ino=5539219 ioctlcmd=7704 scontext=u:r:system_server:s0 tcontext=u:r:system_server:s0 tclass=unix_stream_socket permissive=0
03-19 22:47:15.857 W/Binder_C(19117): type=1400 audit(0.0:159982): avc: denied { ioctl } for path="socket:[5539219]" dev="sockfs" ino=5539219 ioctlcmd=7704 scontext=u:r:system_server:s0 tcontext=u:r:system_server:s0 tclass=unix_stream_socket permissive=0
03-19 22:47:15.943 E/ActivityThread(16909): Failed to find provider info for com.facebook.katana.provider.AttributionIdProvider
03-19 22:47:15.956 D/IS_UNITY(16909): false
03-19 22:47:16.269 D/DynamitePackage(16909): Instantiating com.google.android.gms.ads.ChimeraAdLoaderBuilderCreatorImpl
03-19 22:47:16.274 I/Ads     (16909): Starting ad request.
03-19 22:47:16.274 I/Ads     (16909): Use AdRequest.Builder.addTestDevice("80CB0F9622AA0F3FEACB782AEFCCBA6C") to get test ads on this device.
03-19 22:47:16.274 I/Ads     (16909): Webview loading for native ads.
03-19 22:47:16.341 W/Ads     (16909): Not retrying to fetch app settings
03-19 22:47:16.425 I/Ads     (16909): Javascript has loaded for native ads.
03-19 22:47:16.592 I/art     (17992): Background partial concurrent mark sweep GC freed 132916(6MB) AllocSpace objects, 31(832KB) LOS objects, 31% free, 35MB/51MB, paused 1.037ms total 103.055ms
03-19 22:47:17.308 D/DiningRoom(16909): DiningRoom update
03-19 22:47:17.335 W/CursorWrapperInner(16909): Cursor finalized without prior close()
03-19 22:47:17.351 I/Ads     (16909): Ad finished loading.
03-19 22:47:19.308 D/DiningRoom(16909): DiningRoom update
03-19 22:47:21.309 D/DiningRoom(16909): DiningRoom update
03-19 22:47:23.309 D/DiningRoom(16909): DiningRoom update
03-19 22:47:25.309 D/DiningRoom(16909): DiningRoom update
03-19 22:47:26.427 D/audio_hw_primary(17775): out_set_parameters: enter: usecase(1: low-latency-playback) kvpairs: routing=2
03-19 22:47:26.430 W/System.err(16909): android.content.pm.PackageManager$NameNotFoundException: ComponentInfo{com.sec.android.app.clockpackage/com.sec.android.app.clockpackage.ClockPackage}
03-19 22:47:26.434 W/System.err(16909): 	at android.app.ApplicationPackageManager.getActivityInfo(ApplicationPackageManager.java:342)
03-19 22:47:26.434 W/System.err(16909): 	at com.ksmobile.launcher.cmbase.a.x.a(SystemClockUtil.java:101)
03-19 22:47:26.434 W/System.err(16909): 	at com.ksmobile.launcher.cmbase.a.x.a(SystemClockUtil.java:39)
03-19 22:47:26.434 W/System.err(16909): 	at com.ksmobile.launcher.customitem.view.ClockBaseView$2.run(ClockBaseView.java:301)
03-19 22:47:26.434 W/System.err(16909): 	at java.lang.Thread.run(Thread.java:818)
03-19 22:47:26.434 W/System.err(16909): android.content.pm.PackageManager$NameNotFoundException: ComponentInfo{com.android.deskclock/com.android.deskclock.DeskClockTabActivity}
03-19 22:47:26.434 W/System.err(16909): 	at android.app.ApplicationPackageManager.getActivityInfo(ApplicationPackageManager.java:342)
03-19 22:47:26.434 W/System.err(16909): 	at com.ksmobile.launcher.cmbase.a.x.a(SystemClockUtil.java:101)
03-19 22:47:26.434 W/System.err(16909): 	at com.ksmobile.launcher.cmbase.a.x.a(SystemClockUtil.java:39)
03-19 22:47:26.434 W/System.err(16909): 	at com.ksmobile.launcher.customitem.view.ClockBaseView$2.run(ClockBaseView.java:301)
03-19 22:47:26.434 W/System.err(16909): 	at java.lang.Thread.run(Thread.java:818)
03-19 22:47:26.435 W/System.err(16909): android.content.pm.PackageManager$NameNotFoundException: ComponentInfo{com.htc.android.worldclock/com.htc.android.worldclock.WorldClockTabControl}
03-19 22:47:26.435 W/System.err(16909): 	at android.app.ApplicationPackageManager.getActivityInfo(ApplicationPackageManager.java:342)
03-19 22:47:26.435 W/System.err(16909): 	at com.ksmobile.launcher.cmbase.a.x.a(SystemClockUtil.java:101)
03-19 22:47:26.435 W/System.err(16909): 	at com.ksmobile.launcher.cmbase.a.x.a(SystemClockUtil.java:39)
03-19 22:47:26.435 W/System.err(16909): 	at com.ksmobile.launcher.customitem.view.ClockBaseView$2.run(ClockBaseView.java:301)
03-19 22:47:26.435 W/System.err(16909): 	at java.lang.Thread.run(Thread.java:818)
03-19 22:47:26.435 W/System.err(16909): android.content.pm.PackageManager$NameNotFoundException: ComponentInfo{com.android.deskclock/com.android.deskclock.DeskClock}
03-19 22:47:26.435 W/System.err(16909): 	at android.app.ApplicationPackageManager.getActivityInfo(ApplicationPackageManager.java:342)
03-19 22:47:26.435 W/System.err(16909): 	at com.ksmobile.launcher.cmbase.a.x.a(SystemClockUtil.java:101)
03-19 22:47:26.435 W/System.err(16909): 	at com.ksmobile.launcher.cmbase.a.x.a(SystemClockUtil.java:39)
03-19 22:47:26.435 W/System.err(16909): 	at com.ksmobile.launcher.customitem.view.ClockBaseView$2.run(ClockBaseView.java:301)
03-19 22:47:26.435 W/System.err(16909): 	at java.lang.Thread.run(Thread.java:818)
03-19 22:47:26.437 I/ActivityManager(17992): START u0 {act=android.intent.action.MAIN cat=[android.intent.category.LAUNCHER] cmp=com.google.android.deskclock/com.android.deskclock.DeskClock} from uid 10282 on display 0
03-19 22:47:26.438 D/audio_hw_primary(17775): select_devices: out_snd_device(2: speaker) in_snd_device(0: none)
03-19 22:47:26.438 D/msm8974_platform(17775): platform_send_audio_calibration: sending audio calibration for snd_device(2) acdb_id(15)
03-19 22:47:26.438 D/audio_hw_primary(17775): enable_snd_device: snd_device(2: speaker)
03-19 22:47:26.441 D/audio_hw_primary(17775): enable_audio_route: apply and update mixer path: low-latency-playback
03-19 22:47:26.722 E/point_info(16909): onSingleTapConfirmed
03-19 22:47:27.151 D/CleanMemoryManager(16909): 【currentPercent】 real result 63
03-19 22:47:27.154 D/audio_hw_primary(17775): out_set_parameters: enter: usecase(1: low-latency-playback) kvpairs: routing=2
03-19 22:47:27.157 W/Binder_3(18367): type=1400 audit(0.0:159983): avc: denied { ioctl } for path="socket:[5533451]" dev="sockfs" ino=5533451 ioctlcmd=7704 scontext=u:r:system_server:s0 tcontext=u:r:system_server:s0 tclass=unix_stream_socket permissive=0
03-19 22:47:27.157 W/Binder_3(18367): type=1400 audit(0.0:159984): avc: denied { ioctl } for path="socket:[5533451]" dev="sockfs" ino=5533451 ioctlcmd=7704 scontext=u:r:system_server:s0 tcontext=u:r:system_server:s0 tclass=unix_stream_socket permissive=0
03-19 22:47:27.157 W/Binder_1(18003): type=1400 audit(0.0:159985): avc: denied { ioctl } for path="socket:[5539385]" dev="sockfs" ino=5539385 ioctlcmd=7704 scontext=u:r:system_server:s0 tcontext=u:r:system_server:s0 tclass=unix_stream_socket permissive=0
03-19 22:47:27.157 W/Binder_1(18003): type=1400 audit(0.0:159986): avc: denied { ioctl } for path="socket:[5539385]" dev="sockfs" ino=5539385 ioctlcmd=7704 scontext=u:r:system_server:s0 tcontext=u:r:system_server:s0 tclass=unix_stream_socket permissive=0
03-19 22:47:27.245 E/ActivityThread(16909): Failed to find provider info for com.facebook.katana.provider.AttributionIdProvider
03-19 22:47:27.247 D/DynamitePackage(16909): Instantiating com.google.android.gms.ads.ChimeraAdLoaderBuilderCreatorImpl
03-19 22:47:27.279 I/ActivityManager(17992): Start proc 4037:com.ksmobile.launcher:service/u0a282 for content provider com.ksmobile.launcher/com.cleanmaster.sharepro.ShareConfigProvider
03-19 22:47:27.359 D/liuwei  ( 4037): adfasd attachBaseContext base =   android.app.ContextImpl@e99eec6
03-19 22:47:27.379 D/liuwei  ( 4037): adfasd attachBaseContext onCreate =   com.ksmobile.launcher.LauncherApplication@e2109e
03-19 22:47:27.397 W/Settings(16909): Setting android_id has moved from android.provider.Settings.System to android.provider.Settings.Secure, returning read-only value.
03-19 22:47:27.403 D/CleanMemoryManager(16909): 【currentPercent】 real result 64
03-19 22:47:27.418 I/Ads     (16909): Starting ad request.
03-19 22:47:27.419 I/Ads     (16909): Use AdRequest.Builder.addTestDevice("80CB0F9622AA0F3FEACB782AEFCCBA6C") to get test ads on this device.
03-19 22:47:27.419 I/Ads     (16909): Webview loading for native ads.
03-19 22:47:27.425 D/IS_UNITY(16909): false
03-19 22:47:27.447 W/BoostScanEngine( 4055): type=1400 audit(0.0:159987): avc: denied { getattr } for name="1" dev="proc" ino=3340272 scontext=u:r:untrusted_app:s0:c512,c768 tcontext=u:r:init:s0 tclass=dir permissive=0
03-19 22:47:27.434 W/Settings( 4037): Setting android_id has moved from android.provider.Settings.System to android.provider.Settings.Secure, returning read-only value.
03-19 22:47:27.472 D/DiningRoom(16909): DiningRoom update
03-19 22:47:27.477 I/ActivityManager(17992): Killing 32625:com.google.android.dialer/u0a12 (adj 15): empty #17
03-19 22:47:27.447 W/BoostScanEngine( 4055): type=1400 audit(0.0:159988): avc: denied { getattr } for name="2" dev="proc" ino=5088366 scontext=u:r:untrusted_app:s0:c512,c768 tcontext=u:r:kernel:s0 tclass=dir permissive=0
03-19 22:47:27.447 W/BoostScanEngine( 4055): type=1400 audit(0.0:159989): avc: denied { getattr } for name="3" dev="proc" ino=5088367 scontext=u:r:untrusted_app:s0:c512,c768 tcontext=u:r:kernel:s0 tclass=dir permissive=0
03-19 22:47:27.447 W/BoostScanEngine( 4055): type=1400 audit(0.0:159990): avc: denied { getattr } for name="7" dev="proc" ino=5088368 scontext=u:r:untrusted_app:s0:c512,c768 tcontext=u:r:kernel:s0 tclass=dir permissive=0
03-19 22:47:27.447 W/BoostScanEngine( 4055): type=1400 audit(0.0:159991): avc: denied { getattr } for name="8" dev="proc" ino=5088369 scontext=u:r:untrusted_app:s0:c512,c768 tcontext=u:r:kernel:s0 tclass=dir permissive=0
03-19 22:47:27.447 W/BoostScanEngine( 4055): type=1400 audit(0.0:159992): avc: denied { getattr } for name="13" dev="proc" ino=5088370 scontext=u:r:untrusted_app:s0:c512,c768 tcontext=u:r:kernel:s0 tclass=dir permissive=0
03-19 22:47:27.447 W/BoostScanEngine( 4055): type=1400 audit(0.0:159993): avc: denied { getattr } for name="14" dev="proc" ino=5088371 scontext=u:r:untrusted_app:s0:c512,c768 tcontext=u:r:kernel:s0 tclass=dir permissive=0
03-19 22:47:27.457 W/BoostScanEngine( 4055): type=1400 audit(0.0:159994): avc: denied { getattr } for name="18" dev="proc" ino=5088372 scontext=u:r:untrusted_app:s0:c512,c768 tcontext=u:r:kernel:s0 tclass=dir permissive=0
03-19 22:47:27.457 W/BoostScanEngine( 4055): type=1400 audit(0.0:159995): avc: denied { getattr } for name="19" dev="proc" ino=5088373 scontext=u:r:untrusted_app:s0:c512,c768 tcontext=u:r:kernel:s0 tclass=dir permissive=0
03-19 22:47:27.457 W/BoostScanEngine( 4055): type=1400 audit(0.0:159996): avc: denied { getattr } for name="20" dev="proc" ino=5088374 scontext=u:r:untrusted_app:s0:c512,c768 tcontext=u:r:kernel:s0 tclass=dir permissive=0
03-19 22:47:27.457 W/BoostScanEngine( 4055): type=1400 audit(0.0:159997): avc: denied { getattr } for name="22" dev="proc" ino=5088375 scontext=u:r:untrusted_app:s0:c512,c768 tcontext=u:r:kernel:s0 tclass=dir permissive=0
03-19 22:47:27.457 W/BoostScanEngine( 4055): type=1400 audit(0.0:159998): avc: denied { getattr } for name="23" dev="proc" ino=5088376 scontext=u:r:untrusted_app:s0:c512,c768 tcontext=u:r:kernel:s0 tclass=dir permissive=0
03-19 22:47:27.457 W/BoostScanEngine( 4055): type=1400 audit(0.0:159999): avc: denied { getattr } for name="24" dev="proc" ino=5088377 scontext=u:r:untrusted_app:s0:c512,c768 tcontext=u:r:kernel:s0 tclass=dir permissive=0
03-19 22:47:27.457 W/BoostScanEngine( 4055): type=1400 audit(0.0:160000): avc: denied { getattr } for name="25" dev="proc" ino=5088378 scontext=u:r:untrusted_app:s0:c512,c768 tcontext=u:r:kernel:s0 tclass=dir permissive=0
03-19 22:47:27.457 W/BoostScanEngine( 4055): type=1400 audit(0.0:160001): avc: denied { getattr } for name="26" dev="proc" ino=5088379 scontext=u:r:untrusted_app:s0:c512,c768 tcontext=u:r:kernel:s0 tclass=dir permissive=0
03-19 22:47:27.457 W/BoostScanEngine( 4055): type=1400 audit(0.0:160002): avc: denied { getattr } for name="27" dev="proc" ino=5088380 scontext=u:r:untrusted_app:s0:c512,c768 tcontext=u:r:kernel:s0 tclass=dir permissive=0
03-19 22:47:27.457 W/BoostScanEngine( 4055): type=1400 audit(0.0:160003): avc: denied { getattr } for name="28" dev="proc" ino=5088381 scontext=u:r:untrusted_app:s0:c512,c768 tcontext=u:r:kernel:s0 tclass=dir permissive=0
03-19 22:47:27.457 W/BoostScanEngine( 4055): type=1400 audit(0.0:160004): avc: denied { getattr } for name="29" dev="proc" ino=5088382 scontext=u:r:untrusted_app:s0:c512,c768 tcontext=u:r:kernel:s0 tclass=dir permissive=0
03-19 22:47:27.457 W/BoostScanEngine( 4055): type=1400 audit(0.0:160005): avc: denied { getattr } for name="30" dev="proc" ino=5088383 scontext=u:r:untrusted_app:s0:c512,c768 tcontext=u:r:kernel:s0 tclass=dir permissive=0
03-19 22:47:27.457 W/BoostScanEngine( 4055): type=1400 audit(0.0:160006): avc: denied { getattr } for name="31" dev="proc" ino=5088384 scontext=u:r:untrusted_app:s0:c512,c768 tcontext=u:r:kernel:s0 tclass=dir permissive=0
03-19 22:47:27.457 W/BoostScanEngine( 4055): type=1400 audit(0.0:160007): avc: denied { getattr } for name="32" dev="proc" ino=5088385 scontext=u:r:untrusted_app:s0:c512,c768 tcontext=u:r:kernel:s0 tclass=dir permissive=0
03-19 22:47:27.457 W/BoostScanEngine( 4055): type=1400 audit(0.0:160008): avc: denied { getattr } for name="33" dev="proc" ino=5088386 scontext=u:r:untrusted_app:s0:c512,c768 tcontext=u:r:kernel:s0 tclass=dir permissive=0
03-19 22:47:27.457 W/BoostScanEngine( 4055): type=1400 audit(0.0:160009): avc: denied { getattr } for name="34" dev="proc" ino=5088387 scontext=u:r:untrusted_app:s0:c512,c768 tcontext=u:r:kernel:s0 tclass=dir permissive=0
03-19 22:47:27.457 W/BoostScanEngine( 4055): type=1400 audit(0.0:160010): avc: denied { getattr } for name="35" dev="proc" ino=5088388 scontext=u:r:untrusted_app:s0:c512,c768 tcontext=u:r:kernel:s0 tclass=dir permissive=0
03-19 22:47:27.457 W/BoostScanEngine( 4055): type=1400 audit(0.0:160011): avc: denied { getattr } for name="36" dev="proc" ino=5088389 scontext=u:r:untrusted_app:s0:c512,c768 tcontext=u:r:kernel:s0 tclass=dir permissive=0
03-19 22:47:27.457 W/BoostScanEngine( 4055): type=1400 audit(0.0:160012): avc: denied { getattr } for name="37" dev="proc" ino=5088390 scontext=u:r:untrusted_app:s0:c512,c768 tcontext=u:r:kernel:s0 tclass=dir permissive=0
03-19 22:47:27.457 W/BoostScanEngine( 4055): type=1400 audit(0.0:160013): avc: denied { getattr } for name="38" dev="proc" ino=5088391 scontext=u:r:untrusted_app:s0:c512,c768 tcontext=u:r:kernel:s0 tclass=dir permissive=0
03-19 22:47:27.457 W/BoostScanEngine( 4055): type=1400 audit(0.0:160014): avc: denied { getattr } for name="39" dev="proc" ino=5088392 scontext=u:r:untrusted_app:s0:c512,c768 tcontext=u:r:kernel:s0 tclass=dir permissive=0
03-19 22:47:27.457 W/BoostScanEngine( 4055): type=1400 audit(0.0:160015): avc: denied { getattr } for name="40" dev="proc" ino=5088393 scontext=u:r:untrusted_app:s0:c512,c768 tcontext=u:r:kernel:s0 tclass=dir permissive=0
03-19 22:47:27.516 W/Settings( 4037): Setting android_id has moved from android.provider.Settings.System to android.provider.Settings.Secure, returning read-only value.
03-19 22:47:27.457 W/BoostScanEngine( 4055): type=1400 audit(0.0:160016): avc: denied { getattr } for name="41" dev="proc" ino=5088394 scontext=u:r:untrusted_app:s0:c512,c768 tcontext=u:r:kernel:s0 tclass=dir permissive=0
03-19 22:47:27.457 W/BoostScanEngine( 4055): type=1400 audit(0.0:160017): avc: denied { getattr } for name="42" dev="proc" ino=5088395 scontext=u:r:untrusted_app:s0:c512,c768 tcontext=u:r:kernel:s0 tclass=dir permissive=0
03-19 22:47:27.457 W/BoostScanEngine( 4055): type=1400 audit(0.0:160018): avc: denied { getattr } for name="43" dev="proc" ino=5088396 scontext=u:r:untrusted_app:s0:c512,c768 tcontext=u:r:kernel:s0 tclass=dir permissive=0
03-19 22:47:27.457 W/BoostScanEngine( 4055): type=1400 audit(0.0:160019): avc: denied { getattr } for name="44" dev="proc" ino=5088397 scontext=u:r:untrusted_app:s0:c512,c768 tcontext=u:r:kernel:s0 tclass=dir permissive=0
03-19 22:47:27.457 W/BoostScanEngine( 4055): type=1400 audit(0.0:160020): avc: denied { getattr } for name="45" dev="proc" ino=5088398 scontext=u:r:untrusted_app:s0:c512,c768 tcontext=u:r:kernel:s0 tclass=dir permissive=0
03-19 22:47:27.562 E/point_info(16909): onSingleTapConfirmed
03-19 22:47:27.564 D/ActivityManager(17992): cleanUpApplicationRecord -- 32625
03-19 22:47:27.608 I/Ads     (16909): Javascript has loaded for native ads.
03-19 22:47:27.782 D/DynamitePackage(16909): Instantiating com.google.android.gms.ads.ChimeraAdLoaderBuilderCreatorImpl
03-19 22:47:27.784 I/Ads     (16909): Starting ad request.
03-19 22:47:27.784 I/Ads     (16909): Use AdRequest.Builder.addTestDevice("80CB0F9622AA0F3FEACB782AEFCCBA6C") to get test ads on this device.
03-19 22:47:27.784 I/Ads     (16909): Webview loading for native ads.
03-19 22:47:27.812 W/Ads     (16909): Not retrying to fetch app settings
03-19 22:47:27.869 I/Ads     (16909): Javascript has loaded for native ads.
03-19 22:47:28.006 I/Ads     (16909): Received log message: <Google:HTML> Cannot read property 'tracking_urls_and_actions' of undefined
03-19 22:47:28.012 W/Ads     (16909): Failed to load ad: 3
03-19 22:47:28.015 D/DynamitePackage(16909): Instantiating com.google.android.gms.ads.ChimeraAdLoaderBuilderCreatorImpl
03-19 22:47:28.021 I/Ads     (16909): Starting ad request.
03-19 22:47:28.021 I/Ads     (16909): Use AdRequest.Builder.addTestDevice("80CB0F9622AA0F3FEACB782AEFCCBA6C") to get test ads on this device.
03-19 22:47:28.021 I/Ads     (16909): Webview loading for native ads.
03-19 22:47:28.037 W/Ads     (16909): Not retrying to fetch app settings
03-19 22:47:28.095 I/Ads     (16909): Javascript has loaded for native ads.
03-19 22:47:28.122 D/AndroidRuntime( 4049): >>>>>> START com.android.internal.os.RuntimeInit uid 2000 <<<<<<
03-19 22:47:28.126 D/AndroidRuntime( 4049): CheckJNI is OFF
03-19 22:47:28.165 D/ICU     ( 4049): No timezone override file found: /data/misc/zoneinfo/current/icu/icu_tzdata.dat
03-19 22:47:28.200 I/Radio-JNI( 4049): register_android_hardware_Radio DONE
03-19 22:47:28.221 D/AndroidRuntime( 4049): Calling main entry com.android.commands.input.Input
03-19 22:47:28.222 I/Input   ( 4049): injectKeyEvent: KeyEvent { action=ACTION_DOWN, keyCode=KEYCODE_BACK, scanCode=0, metaState=0, flags=0x0, repeatCount=0, eventTime=570445711, downTime=570445711, deviceId=-1, source=0x101 }
03-19 22:47:28.225 I/Input   ( 4049): injectKeyEvent: KeyEvent { action=ACTION_UP, keyCode=KEYCODE_BACK, scanCode=0, metaState=0, flags=0x0, repeatCount=0, eventTime=570445711, downTime=570445711, deviceId=-1, source=0x101 }
03-19 22:47:28.226 D/AndroidRuntime( 4049): Shutting down VM
03-19 22:47:28.557 I/Ads     (16909): Trying mediation network: 
03-19 22:47:28.567 I/Ads     (16909): Instantiating mediation adapter: com.google.DummyAdapter
03-19 22:47:28.568 I/Ads     (16909): No fill from any mediation ad networks.
03-19 22:47:28.572 W/Ads     (16909): Failed to load ad: 3
03-19 22:47:28.578 D/DynamitePackage(16909): Instantiating com.google.android.gms.ads.ChimeraAdLoaderBuilderCreatorImpl
03-19 22:47:28.579 I/Ads     (16909): Starting ad request.
03-19 22:47:28.580 I/Ads     (16909): Use AdRequest.Builder.addTestDevice("80CB0F9622AA0F3FEACB782AEFCCBA6C") to get test ads on this device.
03-19 22:47:28.580 I/Ads     (16909): Webview loading for native ads.
03-19 22:47:28.615 W/Ads     (16909): Not retrying to fetch app settings
03-19 22:47:28.650 I/Ads     (16909): Ad finished loading.
03-19 22:47:28.719 I/Ads     (16909): Javascript has loaded for native ads.
03-19 22:47:28.919 E/point_info(16909): onSingleTapConfirmed
03-19 22:47:29.325 D/DiningRoom(16909): DiningRoom update
03-19 22:47:29.376 I/art     (16909): Background sticky concurrent mark sweep GC freed 123181(6MB) AllocSpace objects, 86(5MB) LOS objects, 20% free, 49MB/62MB, paused 9.912ms total 71.130ms
03-19 22:47:29.384 I/Ads     (16909): Ad finished loading.
03-19 22:47:29.617 E/point_info(16909): onSingleTapConfirmed
03-19 22:47:29.900 E/onetap  (16909): [scan]: pkg=com.github.uiautomator   mem=14835712
03-19 22:47:29.900 E/onetap  (16909): [scan]: pkg=com.cmcm.live   mem=70011904
03-19 22:47:29.900 E/onetap  (16909): [scan]: pkg=com.google.android.apps.messaging   mem=18318336
03-19 22:47:29.900 E/onetap  (16909): [scan]: pkg=com.android.providers.downloads.ui   mem=8954880
03-19 22:47:29.900 E/onetap  (16909): [scan]: pkg=com.google.android.instantapps.supervisor   mem=10129408
03-19 22:47:29.900 E/onetap  (16909): [scan]: pkg=com.google.android.dialer   mem=0
03-19 22:47:29.900 E/onetap  (16909): [scan]: pkg=com.cmcm.shorts   mem=44311552
03-19 22:47:29.900 E/onetap  (16909): [scan]: pkg=com.google.android.tts   mem=46588928
03-19 22:47:29.900 E/onetap  (16909): [scan]: pkg=com.google.android.keep   mem=11335680
03-19 22:47:29.900 E/onetap  (16909): [scan]: pkg=com.google.android.play.games   mem=7205888
03-19 22:47:29.901 D/CleanMemoryManager(16909): 【currentPercent】 real result 64
03-19 22:47:29.902 D/CleanMemoryManager(16909): 【currentPercent】 last clean result 53
03-19 22:47:29.902 D/CleanMemoryManager(16909): 【onLoop】53
03-19 22:47:29.902 E/onetap  (16909): [cleanresult]: count=10   cleanmemsize=231692288
03-19 22:47:29.923 E/onetap  (16909): [kill]: pkg=com.github.uiautomator
03-19 22:47:29.923 I/ActivityManager(17992): Killing 8748:com.cmcm.live/u0a278 (adj 9): kill background
03-19 22:47:29.959 D/WifiService(17992): Client connection lost with reason: 4
03-19 22:47:29.991 D/ActivityManager(17992): cleanUpApplicationRecord -- 8748
03-19 22:47:29.993 W/ActivityManager(17992): Scheduling restart of crashed service com.cmcm.live/com.app.infoc.MainService in 1000ms
03-19 22:47:29.993 I/ActivityManager(17992): Killing 8941:com.cmcm.live:QALSERVICE/u0a278 (adj 0): kill background
03-19 22:47:29.994 D/RongLog ( 8592): [ RongService ] onUnbind, pid=8592
03-19 22:47:29.994 D/RongLog ( 8592): [ RongService ] onDestroy, pid=8592
03-19 22:47:30.002 I/Process ( 8592): Sending signal. PID: 8592 SIG: 9
03-19 22:47:30.009 V/default_launcher(16909): checking defaut launcher....
03-19 22:47:30.014 D/WifiService(17992): Client connection lost with reason: 4
03-19 22:47:30.041 D/ActivityManager(17992): cleanUpApplicationRecord -- 8941
03-19 22:47:30.041 W/ActivityManager(17992): Scheduling restart of crashed service com.cmcm.live/com.tencent.qalsdk.service.QalService in 10952ms
03-19 22:47:30.042 I/ActivityManager(17992): Killing 8592:com.cmcm.live:ipc/u0a278 (adj 0): kill background
03-19 22:47:30.051 D/ActivityManager(17992): cleanUpApplicationRecord -- 8592
03-19 22:47:30.051 I/ActivityManager(17992): Killing 8366:io.rong.push/u0a278 (adj 15): kill background
03-19 22:47:30.081 D/ActivityManager(17992): cleanUpApplicationRecord -- 8366
03-19 22:47:30.081 W/ActivityManager(17992): Scheduling restart of crashed service com.cmcm.live/io.rong.push.PushService in 20912ms
03-19 22:47:30.082 W/ActivityManager(17992): Spurious death for ProcessRecord{2699744 0:com.cmcm.live/u0a278}, curProc for 8748: null
03-19 22:47:30.082 E/onetap  (16909): [kill]: pkg=com.cmcm.live
03-19 22:47:30.082 W/ActivityManager(17992): Spurious death for ProcessRecord{f645916 0:com.cmcm.live:QALSERVICE/u0a278}, curProc for 8941: null
03-19 22:47:30.083 W/ActivityManager(17992): Spurious death for ProcessRecord{de2d297 0:com.cmcm.live:ipc/u0a278}, curProc for 8592: null
03-19 22:47:30.083 W/ActivityManager(17992): Spurious death for ProcessRecord{d87dc84 0:io.rong.push/u0a278}, curProc for 8366: null
03-19 22:47:30.083 I/ActivityManager(17992): Killing 32753:com.google.android.apps.messaging/u0a67 (adj 13): kill background
03-19 22:47:30.121 D/ActivityManager(17992): cleanUpApplicationRecord -- 32753
03-19 22:47:30.125 I/ActivityManager(17992): Killing 337:com.google.android.apps.messaging:rcs/u0a67 (adj 13): kill background
03-19 22:47:30.211 D/ActivityManager(17992): cleanUpApplicationRecord -- 337
03-19 22:47:30.212 E/onetap  (16909): [kill]: pkg=com.google.android.apps.messaging
03-19 22:47:30.213 W/ActivityManager(17992): Spurious death for ProcessRecord{f45c108 0:com.google.android.apps.messaging/u0a67}, curProc for 32753: null
03-19 22:47:30.213 W/ActivityManager(17992): Spurious death for ProcessRecord{7e5e412 0:com.google.android.apps.messaging:rcs/u0a67}, curProc for 337: null
03-19 22:47:30.213 E/onetap  (16909): [kill]: pkg=com.android.providers.downloads.ui
03-19 22:47:30.214 I/ActivityManager(17992): Killing 32693:com.google.android.instantapps.supervisor/u0a94 (adj 15): kill background
03-19 22:47:30.224 D/audio_hw_primary(17775): out_set_parameters: enter: usecase(1: low-latency-playback) kvpairs: routing=2
03-19 22:47:30.260 D/AudioFlinger(17775): mixer(0xb4140000) throttle end: throttle time(4)
03-19 22:47:30.291 D/ActivityManager(17992): cleanUpApplicationRecord -- 32693
03-19 22:47:30.293 W/ActivityManager(17992): Spurious death for ProcessRecord{ecae443 0:com.google.android.instantapps.supervisor/u0a94}, curProc for 32693: null
03-19 22:47:30.294 E/onetap  (16909): [kill]: pkg=com.google.android.instantapps.supervisor
03-19 22:47:30.295 E/onetap  (16909): [kill]: pkg=com.google.android.dialer
03-19 22:47:30.295 I/ActivityManager(17992): Killing 18731:com.cmcm.shorts/u0a271 (adj 15): kill background
03-19 22:47:30.321 D/WifiService(17992): Client connection lost with reason: 4
03-19 22:47:30.355 D/ActivityManager(17992): cleanUpApplicationRecord -- 18731
03-19 22:47:30.357 W/ActivityManager(17992): Scheduling restart of crashed service com.cmcm.shorts/com.app.infoc.MainService in 30636ms
03-19 22:47:30.357 I/ActivityManager(17992): Killing 18785:io.rong.push/u0a271 (adj 8): kill background
03-19 22:47:30.368 D/RongLog (18768): [ RongService ] onUnbind, pid=18768
03-19 22:47:30.368 D/RongLog (18768): [ RongService ] onDestroy, pid=18768
03-19 22:47:30.378 I/Process (18768): Sending signal. PID: 18768 SIG: 9
03-19 22:47:30.421 D/ActivityManager(17992): cleanUpApplicationRecord -- 18785
03-19 22:47:30.421 W/ActivityManager(17992): Scheduling restart of crashed service com.cmcm.shorts/io.rong.push.PushService in 40572ms
03-19 22:47:30.421 I/ActivityManager(17992): Killing 18768:com.cmcm.shorts:ipc/u0a271 (adj 0): kill background
03-19 22:47:30.441 D/ActivityManager(17992): cleanUpApplicationRecord -- 18768
03-19 22:47:30.442 E/onetap  (16909): [kill]: pkg=com.cmcm.shorts
03-19 22:47:30.443 W/ActivityManager(17992): Spurious death for ProcessRecord{ba72d21 0:com.cmcm.shorts/u0a271}, curProc for 18731: null
03-19 22:47:30.444 W/ActivityManager(17992): Spurious death for ProcessRecord{a214c6d 0:com.cmcm.shorts:ipc/u0a271}, curProc for 18768: null
03-19 22:47:30.447 I/ActivityManager(17992): Killing 303:com.google.android.tts/u0a52 (adj 13): kill background
03-19 22:47:30.480 D/DynamitePackage(16909): Instantiating com.google.android.gms.ads.ChimeraNativeAdViewDelegateCreatorImpl
03-19 22:47:30.481 D/ActivityManager(17992): cleanUpApplicationRecord -- 303
03-19 22:47:30.482 E/onetap  (16909): [kill]: pkg=com.google.android.tts
03-19 22:47:30.482 W/ActivityManager(17992): Spurious death for ProcessRecord{ec4f0a2 0:io.rong.push/u0a271}, curProc for 18785: null
03-19 22:47:30.482 W/ActivityManager(17992): Spurious death for ProcessRecord{8f3109b 0:com.google.android.tts/u0a52}, curProc for 303: null
03-19 22:47:30.482 I/ActivityManager(17992): Killing 32719:com.google.android.keep/u0a71 (adj 13): kill background
03-19 22:47:30.498 D/DynamitePackage(16909): Instantiating com.google.android.gms.ads.ChimeraNativeAdViewDelegateCreatorImpl
03-19 22:47:30.502 D/DynamitePackage(16909): Instantiating com.google.android.gms.ads.ChimeraNativeAdViewDelegateCreatorImpl
03-19 22:47:30.507 D/DynamitePackage(16909): Instantiating com.google.android.gms.ads.ChimeraNativeAdViewDelegateCreatorImpl
03-19 22:47:30.521 D/ActivityManager(17992): cleanUpApplicationRecord -- 32719
03-19 22:47:30.523 E/onetap  (16909): [kill]: pkg=com.google.android.keep
03-19 22:47:30.523 W/ActivityManager(17992): Spurious death for ProcessRecord{9dd6433 0:com.google.android.keep/u0a71}, curProc for 32719: null
03-19 22:47:30.523 I/ActivityManager(17992): Killing 427:com.google.android.play.games.ui/u0a65 (adj 13): kill background
03-19 22:47:30.571 D/ActivityManager(17992): cleanUpApplicationRecord -- 427
03-19 22:47:30.572 E/onetap  (16909): [kill]: pkg=com.google.android.play.games
03-19 22:47:30.572 W/ActivityManager(17992): Spurious death for ProcessRecord{4a2992d 0:com.google.android.play.games.ui/u0a65}, curProc for 427: null
03-19 22:47:30.609 E/point_info(16909): onSingleTapConfirmed
03-19 22:47:30.618 D/DynamitePackage(16909): Instantiating com.google.android.gms.ads.ChimeraAdLoaderBuilderCreatorImpl
03-19 22:47:30.646 I/Ads     (16909): Starting ad request.
03-19 22:47:30.647 I/Ads     (16909): Use AdRequest.Builder.addTestDevice("80CB0F9622AA0F3FEACB782AEFCCBA6C") to get test ads on this device.
03-19 22:47:30.647 I/Ads     (16909): Webview loading for native ads.
03-19 22:47:30.664 W/Ads     (16909): Not retrying to fetch app settings
03-19 22:47:30.784 I/Ads     (16909): Javascript has loaded for native ads.
03-19 22:47:31.029 I/ActivityManager(17992): Start proc 4204:com.cmcm.live/u0a278 for service com.cmcm.live/com.app.infoc.MainService
03-19 22:47:31.071 I/Ads     (16909): Received log message: <Google:HTML> Cannot read property 'tracking_urls_and_actions' of undefined
03-19 22:47:31.095 W/Ads     (16909): Failed to load ad: 3
03-19 22:47:31.112 I/ActivityManager(17992): START u0 {act=android.intent.action.MAIN cat=[android.intent.category.LAUNCHER] flg=0x10200000 cmp=com.google.android.GoogleCamera/com.android.camera.CameraLauncher bnds=[773,385][905,517]} from uid 10282 on display 0
03-19 22:47:31.114 D/audio_hw_primary(17775): out_set_parameters: enter: usecase(1: low-latency-playback) kvpairs: routing=2
03-19 22:47:31.114 D/CleanMemoryManager(16909): 【resetCleanResult】
03-19 22:47:31.117 W/Binder_8(18974): type=1400 audit(0.0:160164): avc: denied { ioctl } for path="socket:[5533679]" dev="sockfs" ino=5533679 ioctlcmd=7704 scontext=u:r:system_server:s0 tcontext=u:r:system_server:s0 tclass=unix_stream_socket permissive=0
03-19 22:47:31.117 W/Binder_8(18974): type=1400 audit(0.0:160165): avc: denied { ioctl } for path="socket:[5533679]" dev="sockfs" ino=5533679 ioctlcmd=7704 scontext=u:r:system_server:s0 tcontext=u:r:system_server:s0 tclass=unix_stream_socket permissive=0
03-19 22:47:31.117 W/Binder_4(18376): type=1400 audit(0.0:160166): avc: denied { ioctl } for path="socket:[5533681]" dev="sockfs" ino=5533681 ioctlcmd=7704 scontext=u:r:system_server:s0 tcontext=u:r:system_server:s0 tclass=unix_stream_socket permissive=0
03-19 22:47:31.117 W/Binder_4(18376): type=1400 audit(0.0:160167): avc: denied { ioctl } for path="socket:[5533681]" dev="sockfs" ino=5533681 ioctlcmd=7704 scontext=u:r:system_server:s0 tcontext=u:r:system_server:s0 tclass=unix_stream_socket permissive=0
03-19 22:47:31.195 I/GMPM    ( 4204): App measurement is starting up
03-19 22:47:31.202 E/ActivityThread(16909): Failed to find provider info for com.facebook.katana.provider.AttributionIdProvider
03-19 22:47:31.228 D/IS_UNITY(16909): false
03-19 22:47:31.272 W/Settings( 4204): Setting android_id has moved from android.provider.Settings.System to android.provider.Settings.Secure, returning read-only value.
03-19 22:47:31.309 D/DiningRoom(16909): DiningRoom update
03-19 22:47:31.320 W/CMRuntime( 4204): CMCDUMPER INITIALIZING ...
03-19 22:47:31.320 W/CMRuntime( 4204): CMCDUMPER INITIALIZE SUCCESSED!
03-19 22:47:31.404 W/ResourceType( 4204): No package identifier when getting value for resource number 0x00000000
03-19 22:47:31.434 W/System.err( 4204): java.lang.NullPointerException: Attempt to invoke virtual method 'java.lang.String[] java.lang.String.split(java.lang.String)' on a null object reference
03-19 22:47:31.434 W/System.err( 4204): 	at com.siyanhui.mojif.bqlive.a.b.<init>(Unknown Source)
03-19 22:47:31.434 W/System.err( 4204): 	at Commons.readAssetsFileLineString :cn2错误
03-19 22:47:31.435 W/System.err( 4204): com.siyanhui.mojif.bqlive.a.b.<clinit>(Unknown Source)
03-19 22:47:31.435 W/System.err( 4204): 	at com.siyanhui.mojif.bqlive.a.c.b(Unknown Source)
03-19 22:47:31.435 W/System.err( 4204): 	at com.siyanhui.mojif.bqlive.a.c$1.handleMessage(Unknown Source)
03-19 22:47:31.436 W/System.err( 4204): 	at android.os.Handler.dispatchMessage(Handler.java:102)
03-19 22:47:31.436 W/System.err( 4204): 	at android.os.Looper.loop(Looper.java:148)
03-19 22:47:31.436 W/System.err( 4204): 	at android.os.HandlerThread.run(HandlerThread.java:61)
03-19 22:47:31.445 I/RongLog ( 4204): [ RongIMClient ] RongIMClient
03-19 22:47:31.448 W/Settings( 4204): Setting android_id has moved from android.provider.Settings.System to android.provider.Settings.Secure, returning read-only value.
03-19 22:47:31.464 D/RongLog ( 4204): [ RongIMClient ] init : com.cmcm.live, com.cmcm.live
03-19 22:47:31.491 I/ActivityManager(17992): Start proc 4251:com.cmcm.live:ipc/u0a278 for service com.cmcm.live/io.rong.imlib.ipc.RongService
03-19 22:47:31.491 I/base_log( 4204): [GCMLog][D]/ Is registered on server: true
03-19 22:47:31.553 I/ActivityManager(17992): Start proc 4273:io.rong.push/u0a278 for service com.cmcm.live/io.rong.push.PushService
03-19 22:47:31.560 I/base_log( 4204): [push_trivia][D]/ TriviaNotificationPresenter init isInit false
03-19 22:47:31.563 I/base_log( 4204): [push_trivia][D]/ TriviaNotificationPresenter loadData 
03-19 22:47:31.565 I/base_log( 4204): [push_trivia][D]/ loadData isShow = false workingDay =   weekend =   timezone = 0  showOnLive = false
03-19 22:47:31.567 I/base_log( 4204): [push_trivia][D]/ delayTimeMillis  55080000
03-19 22:47:31.568 I/base_log( 4204): [push_trivia][D]/ setAlarm code 10000 time 1521569131558 时间 Tue Mar 20 14:05:31 EDT 2018
03-19 22:47:31.572 I/base_log( 4204): [push_trivia][D]/ registerReceiver
03-19 22:47:31.645 W/Settings( 4273): Setting android_id has moved from android.provider.Settings.System to android.provider.Settings.Secure, returning read-only value.
03-19 22:47:31.645 W/Settings( 4251): Setting android_id has moved from android.provider.Settings.System to android.provider.Settings.Secure, returning read-only value.
03-19 22:47:31.663 I/base_log( 4204): [ConnectionManager][D]/  mConnectState = 0
03-19 22:47:31.666 I/base_log( 4204): [realConnect][D]/ java.lang.Throwable
03-19 22:47:31.666 I/base_log( 4204): 	at com.cmcm.letter.util.ConnectionManager.f(ConnectionManager.java:147)
03-19 22:47:31.666 I/base_log( 4204): 	at com.cmcm.letter.util.ConnectionManager.b(ConnectionManager.java:114)
03-19 22:47:31.666 I/base_log( 4204): 	at com.app.infoc.MainService.onCreate(MainService.java:80)
03-19 22:47:31.666 I/base_log( 4204): 	at android.app.ActivityThread.handleCreateService(ActivityThread.java:2877)
03-19 22:47:31.666 I/base_log( 4204): 	at android.app.ActivityThread.-wrap4(ActivityThread.java)
03-19 22:47:31.666 I/base_log( 4204): 	at android.app.ActivityThread$H.handleMessage(ActivityThread.java:1427)
03-19 22:47:31.666 I/base_log( 4204): 	at android.os.Handler.dispatchMessage(Handler.java:102)
03-19 22:47:31.666 I/base_log( 4204): 	at android.os.Looper.loop(Looper.java:148)
03-19 22:47:31.666 I/base_log( 4204): 	at android.app.ActivityThread.main(ActivityThread.java:5417)
03-19 22:47:31.666 I/base_log( 4204): 	at java.lang.reflect.Method.invoke(Native Method)
03-19 22:47:31.666 I/base_log( 4204): 	at com.android.internal.os.ZygoteInit$MethodAndArgsCaller.run(ZygoteInit.java:726)
03-19 22:47:31.666 I/base_log( 4204): 	at com.android.internal.os.ZygoteInit.main(ZygoteInit.java:616)
03-19 22:47:31.675 W/CMRuntime( 4273): CMCDUMPER INITIALIZING ...
03-19 22:47:31.675 W/CMRuntime( 4273): CMCDUMPER INITIALIZE SUCCESSED!
03-19 22:47:31.685 I/RongLog ( 4273): [ RongIMClient ] RongIMClient
03-19 22:47:31.694 D/RongLog ( 4273): [ RongIMClient ] init : io.rong.push, com.cmcm.live
03-19 22:47:31.694 E/RongLog ( 4273): [ RongIMClient ] SDK should init in main process.
03-19 22:47:31.709 W/CMRuntime( 4251): CMCDUMPER INITIALIZING ...
03-19 22:47:31.709 W/CMRuntime( 4251): CMCDUMPER INITIALIZE SUCCESSED!
03-19 22:47:31.715 W/System.err( 4273): java.io.FileNotFoundException: armeabi-v7a/push_daemon
03-19 22:47:31.716 D/DynamitePackage(16909): Instantiating com.google.android.gms.ads.ChimeraAdLoaderBuilderCreatorImpl
03-19 22:47:31.718 W/System.err( 4273): 	at android.content.res.AssetManager.openAsset(Native Method)
03-19 22:47:31.719 W/System.err( 4273): 	at android.content.res.AssetManager.open(AssetManager.java:313)
03-19 22:47:31.719 W/System.err( 4273): 	at android.content.res.AssetManager.open(AssetManager.java:287)
03-19 22:47:31.719 W/System.err( 4273): 	at io.rong.push.core.PushDaemon.copyAssets(PushDaemon.java:105)
03-19 22:47:31.719 W/System.err( 4273): 	at io.rong.push.core.PushDaemon.installDaemon(PushDaemon.java:35)
03-19 22:47:31.719 W/System.err( 4273): 	at io.rong.push.core.PushDaemon.access$100(PushDaemon.java:22)
03-19 22:47:31.719 W/System.err( 4273): 	at io.rong.push.core.PushDaemon$1.run(PushDaemon.java:75)
03-19 22:47:31.719 W/System.err( 4273): 	at java.lang.Thread.run(Thread.java:818)
03-19 22:47:31.720 I/Ads     (16909): Starting ad request.
03-19 22:47:31.721 I/Ads     (16909): Use AdRequest.Builder.addTestDevice("80CB0F9622AA0F3FEACB782AEFCCBA6C") to get test ads on this device.
03-19 22:47:31.721 I/Ads     (16909): Webview loading for native ads.
03-19 22:47:31.725 I/RongLog ( 4251): [ RongIMClient ] RongIMClient
03-19 22:47:31.748 W/Ads     (16909): Not retrying to fetch app settings
03-19 22:47:31.762 D/WifiService(17992): New client listening to asynchronous messages
03-19 22:47:31.763 W/Settings( 4204): Setting android_id has moved from android.provider.Settings.System to android.provider.Settings.Secure, returning read-only value.
03-19 22:47:31.767 I/base_log( 4204): [InitApplication][D]/ Version: 3.8.40 Device: Nexus 5 Time: 2018-03-19 22:47:31
03-19 22:47:31.768 W/Settings( 4204): Setting android_id has moved from android.provider.Settings.System to android.provider.Settings.Secure, returning read-only value.
03-19 22:47:31.794 D/RongLog ( 4251): [ RongIMClient ] init : com.cmcm.live:ipc, com.cmcm.live
03-19 22:47:31.796 E/RongLog ( 4251): [ RongIMClient ] SDK should init in main process.
03-19 22:47:31.797 W/art     ( 4204): Suspending all threads took: 11.906ms
03-19 22:47:31.799 D/RongLog ( 4251): [ RongService ] onCreate, pid=4251
03-19 22:47:31.802 D/RongLog ( 4251): [ RongService ] onBind, pid=4251
03-19 22:47:31.809 I/System  ( 4204): Failed to destroy process 4310
03-19 22:47:31.809 I/System  ( 4204): android.system.ErrnoException: kill failed: ESRCH (No such process)
03-19 22:47:31.809 I/System  ( 4204): 	at libcore.io.Posix.kill(Native Method)
03-19 22:47:31.809 I/System  ( 4204): 	at libcore.io.ForwardingOs.kill(ForwardingOs.java:105)
03-19 22:47:31.809 I/System  ( 4204): 	at java.lang.ProcessManager$ProcessImpl.destroy(ProcessManager.java:260)
03-19 22:47:31.809 I/System  ( 4204): 	at com.kxsimon.push.common.utils.DeviceParams.a(DeviceParams.java:519)
03-19 22:47:31.809 I/System  ( 4204): 	at com.kxsimon.push.common.utils.DeviceParams.a(DeviceParams.java:3484)
03-19 22:47:31.809 I/System  ( 4204): 	at com.kxsimon.push.mipush.manager.MiPushManager.c(MiPushManager.java:111)
03-19 22:47:31.809 I/System  ( 4204): 	at com.kxsimon.push.common.utils.PushHelper$1.run(PushHelper.java:2051)
03-19 22:47:31.809 I/System  ( 4204): 	at java.util.concurrent.ThreadPoolExecutor.runWorker(ThreadPoolExecutor.java:1113)
03-19 22:47:31.809 I/System  ( 4204): 	at java.util.concurrent.ThreadPoolExecutor$Worker.run(ThreadPoolExecutor.java:588)
03-19 22:47:31.809 I/System  ( 4204): 	at java.lang.Thread.run(Thread.java:818)
03-19 22:47:31.828 I/Ads     (16909): Javascript has loaded for native ads.
03-19 22:47:31.836 I/cm.log.uipro( 4204): [JSLOG][D]/ start update local web.
03-19 22:47:31.877 I/cm.log.uipro( 4204): [JSLOG][D]/ finish update local web.
03-19 22:47:31.899 I/ActivityManager(17992): START u0 {dat=https://search.yahoo.com/... cmp=com.ksmobile.launcher/com.ksmobile.business.sdk.search.webview.SearchWebViewActivity (has extras)} from uid 10282 on display 0
03-19 22:47:31.902 D/audio_hw_primary(17775): out_set_parameters: enter: usecase(1: low-latency-playback) kvpairs: routing=2
03-19 22:47:31.909 D/RongLog ( 4251): [ RongLog ] RLog start upload log file.
03-19 22:47:31.914 E/START_LAUNCHER(16909): Launcher onPause = 1521514051914  距离onResume的时间为 ： 16967
