03-19 22:47:52.867 W/Binder_D(19118): type=1400 audit(0.0:160203): avc: denied { ioctl } for path="socket:[5542082]" dev="sockfs" ino=5542082 ioctlcmd=7704 scontext=u:r:system_server:s0 tcontext=u:r:system_server:s0 tclass=unix_stream_socket permissive=0
03-19 22:47:52.867 W/Binder_10(20640): type=1400 audit(0.0:160204): avc: denied { ioctl } for path="socket:[5542084]" dev="sockfs" ino=5542084 ioctlcmd=7704 scontext=u:r:system_server:s0 tcontext=u:r:system_server:s0 tclass=unix_stream_socket permissive=0
03-19 22:47:52.867 W/Binder_10(20640): type=1400 audit(0.0:160205): avc: denied { ioctl } for path="socket:[5542084]" dev="sockfs" ino=5542084 ioctlcmd=7704 scontext=u:r:system_server:s0 tcontext=u:r:system_server:s0 tclass=unix_stream_socket permissive=0
03-19 22:47:52.952 E/ActivityThread(16909): Failed to find provider info for com.facebook.katana.provider.AttributionIdProvider
03-19 22:47:52.965 D/IS_UNITY(16909): false
03-19 22:47:53.035 I/AppsFlyer_4.7.4(16909): onBecameBackground
03-19 22:47:53.035 I/AppsFlyer_4.7.4(16909): callStatsBackground background call
03-19 22:47:53.035 I/AppsFlyer_4.7.4(16909): app went to background
03-19 22:47:53.038 D/AppsFlyer_4.7.4(16909): Running callStats task (on current thread: Thread[pool-73-thread-1,5,main] )
03-19 22:47:53.038 I/AppsFlyer_4.7.4(16909): call = https://stats.appsflyer.com/stats; size = 421 bytes; body = {"platform":"Android","advertiserId":"6d482de2-4d8a-41f2-9934-fd89e3965594","gcd_conversion_data_timing":"6","devkey":"G********************5","statType":"user_closed_app","originalAppsflyerId":"1521459908839-4360450586797451470","time_in_app":"17","deviceFingerPrintId":"00000000-555a-4ce5-ffff-ffffda3732cb","app_id":"com.ksmobile.launcher","uid":"1521459908839-4360450586797451470","channel":null,"launch_counter":"4"}
03-19 22:47:53.047 W/Settings( 5148): Setting android_id has moved from android.provider.Settings.System to android.provider.Settings.Secure, returning read-only value.
03-19 22:47:53.078 W/CMRuntime( 5148): CMCDUMPER INITIALIZING ...
03-19 22:47:53.078 W/CMRuntime( 5148): CMCDUMPER INITIALIZE SUCCESSED!
03-19 22:47:53.130 D/WifiService(17992): New client listening to asynchronous messages
03-19 22:47:53.157 W/Binder_5( 3780): type=1400 audit(0.0:160206): avc: denied { ioctl } for path="socket:[5543174]" dev="sockfs" ino=5543174 ioctlcmd=7704 scontext=u:r:surfaceflinger:s0 tcontext=u:r:surfaceflinger:s0 tclass=unix_stream_socket permissive=0
03-19 22:47:53.157 W/Binder_5( 3780): type=1400 audit(0.0:160207): avc: denied { ioctl } for path="socket:[5543174]" dev="sockfs" ino=5543174 ioctlcmd=7704 scontext=u:r:surfaceflinger:s0 tcontext=u:r:surfaceflinger:s0 tclass=unix_stream_socket permissive=0
03-19 22:47:53.165 D/OpenGLRenderer( 5090): Use EGL_SWAP_BEHAVIOR_PRESERVED: true
03-19 22:47:53.171 I/InputDispatcher(17992): Dropping event because there is no touchable window at (498, 510).
03-19 22:47:53.171 W/InputManager(17992): Input event injection from pid 3771 failed.
03-19 22:47:53.176 W/InputManager(17992): Input event injection from pid 3771 failed.
03-19 22:47:53.167 W/Binder_C(19117): type=1400 audit(0.0:160208): avc: denied { ioctl } for path="socket:[5543189]" dev="sockfs" ino=5543189 ioctlcmd=7704 scontext=u:r:system_server:s0 tcontext=u:r:system_server:s0 tclass=unix_stream_socket permissive=0
03-19 22:47:53.167 W/Binder_C(19117): type=1400 audit(0.0:160209): avc: denied { ioctl } for path="socket:[5543189]" dev="sockfs" ino=5543189 ioctlcmd=7704 scontext=u:r:system_server:s0 tcontext=u:r:system_server:s0 tclass=unix_stream_socket permissive=0
03-19 22:47:53.234 I/sunlib  ( 5090): 是否集成成功:true
03-19 22:47:53.281 I/art     ( 5090): Background sticky concurrent mark sweep GC freed 24238(2MB) AllocSpace objects, 35(1580KB) LOS objects, 22% free, 18MB/23MB, paused 6.689ms total 69.863ms
03-19 22:47:53.314 D/DynamitePackage(16909): Instantiating com.google.android.gms.ads.ChimeraAdLoaderBuilderCreatorImpl
03-19 22:47:53.315 D/DiningRoom(16909): DiningRoom update
03-19 22:47:53.316 I/Ads     (16909): Starting ad request.
03-19 22:47:53.316 I/Ads     (16909): Use AdRequest.Builder.addTestDevice("80CB0F9622AA0F3FEACB782AEFCCBA6C") to get test ads on this device.
03-19 22:47:53.316 I/Ads     (16909): Webview loading for native ads.
03-19 22:47:53.377 I/Ads     (16909): Javascript has loaded for native ads.
03-19 22:47:53.421 W/System  ( 5090): ClassLoader referenced unknown path: /data/data/com.google.android.gms/app_chimera/m/00000007/n/armeabi-v7a
03-19 22:47:53.421 W/System  ( 5090): ClassLoader referenced unknown path: /data/data/com.google.android.gms/app_chimera/m/00000007/n/armeabi
03-19 22:47:53.439 D/DynamitePackage( 5090): Instantiated singleton DynamitePackage.
03-19 22:47:53.439 D/DynamitePackage( 5090): Instantiating com.google.android.gms.ads.ChimeraAdManagerCreatorImpl
03-19 22:47:53.499 I/Ads     ( 5090): Updating ad debug logging enablement.
03-19 22:47:53.534 I/Ads     ( 5090): Starting ad request.
03-19 22:47:53.535 I/Ads     ( 5090): Use AdRequest.Builder.addTestDevice("80CB0F9622AA0F3FEACB782AEFCCBA6C") to get test ads on this device.
03-19 22:47:53.551 I/WebViewFactory( 5090): Loading com.google.android.webview version 65.0.3325.109 (code 332510900)
03-19 22:47:53.587 I/art     ( 5090): Rejecting re-init on previously-failed class java.lang.Class<com.android.webview.chromium.TokenBindingManagerAdapter>
03-19 22:47:53.587 I/art     ( 5090): Rejecting re-init on previously-failed class java.lang.Class<com.android.webview.chromium.TokenBindingManagerAdapter>
03-19 22:47:53.594 I/art     ( 5090): Rejecting re-init on previously-failed class java.lang.Class<com.android.webview.chromium.ServiceWorkerControllerAdapter>
03-19 22:47:53.595 I/art     ( 5090): Rejecting re-init on previously-failed class java.lang.Class<com.android.webview.chromium.ServiceWorkerControllerAdapter>
03-19 22:47:53.601 I/cr_LibraryLoader( 5090): Time to load native libraries: 2 ms (timestamps 1088-1090)
03-19 22:47:53.619 I/chromium( 5090): [INFO:library_loader_hooks.cc(36)] Chromium logging enabled: level = 0, default verbosity = 0
03-19 22:47:53.619 I/cr_LibraryLoader( 5090): Expected native library version number "65.0.3325.109", actual native library version number "65.0.3325.109"
03-19 22:47:53.638 W/cr_AwBrowserProcess( 5090): Failed to create lock file /data/user/0/com.ksmobile.launcher/app_webview/webview_data.lock
03-19 22:47:53.638 W/cr_AwBrowserProcess( 5090): java.io.IOException: fcntl failed: EAGAIN (Try again)
03-19 22:47:53.638 W/cr_AwBrowserProcess( 5090): 	at java.nio.FileChannelImpl.basicLock(FileChannelImpl.java:123)
03-19 22:47:53.638 W/cr_AwBrowserProcess( 5090): 	at java.nio.FileChannelImpl.tryLock(FileChannelImpl.java:181)
03-19 22:47:53.638 W/cr_AwBrowserProcess( 5090): 	at java.nio.channels.FileChannel.tryLock(FileChannel.java:584)
03-19 22:47:53.638 W/cr_AwBrowserProcess( 5090): 	at com.android.webview.chromium.WebViewChromiumFactoryProvider.startChromiumLocked(WebViewChromiumFactoryProvider.java:212)
03-19 22:47:53.638 W/cr_AwBrowserProcess( 5090): 	at com.android.webview.chromium.WebViewChromiumFactoryProvider.ensureChromiumStartedLocked(WebViewChromiumFactoryProvider.java:150)
03-19 22:47:53.638 W/cr_AwBrowserProcess( 5090): 	at com.android.webview.chromium.WebViewChromiumFactoryProvider.startYourEngines(WebViewChromiumFactoryProvider.java:267)
03-19 22:47:53.638 W/cr_AwBrowserProcess( 5090): 	at com.android.webview.chromium.WebViewChromium.init(WebViewChromium.java:29)
03-19 22:47:53.638 W/cr_AwBrowserProcess( 5090): 	at android.webkit.WebView.<init>(WebView.java:606)
03-19 22:47:53.638 W/cr_AwBrowserProcess( 5090): 	at android.webkit.WebView.<init>(WebView.java:542)
03-19 22:47:53.638 W/cr_AwBrowserProcess( 5090): 	at android.webkit.WebView.<init>(WebView.java:525)
03-19 22:47:53.638 W/cr_AwBrowserProcess( 5090): 	at android.webkit.WebView.<init>(WebView.java:512)
03-19 22:47:53.638 W/cr_AwBrowserProcess( 5090): 	at android.webkit.WebView.<init>(WebView.java:502)
03-19 22:47:53.638 W/cr_AwBrowserProcess( 5090): 	at com.google.android.gms.ads.internal.webview.m.<init>(com.google.android.gms.DynamiteModulesA@12221438@12.2.21 (438-188803320):1)
03-19 22:47:53.638 W/cr_AwBrowserProcess( 5090): 	at com.google.android.gms.ads.internal.webview.j.call(com.google.android.gms.DynamiteModulesA@12221438@12.2.21 (438-188803320):6)
03-19 22:47:53.638 W/cr_AwBrowserProcess( 5090): 	at com.google.android.gms.ads.internal.util.bq.a(com.google.android.gms.DynamiteModulesA@12221438@12.2.21 (438-188803320):23)
03-19 22:47:53.638 W/cr_AwBrowserProcess( 5090): 	at com.google.android.gms.ads.internal.webview.g.a(com.google.android.gms.DynamiteModulesA@12221438@12.2.21 (438-188803320):8)
03-19 22:47:53.638 W/cr_AwBrowserProcess( 5090): 	at com.google.android.gms.ads.internal.js.c.<init>(com.google.android.gms.DynamiteModulesA@12221438@12.2.21 (438-188803320):9)
03-19 22:47:53.638 W/cr_AwBrowserProcess( 5090): 	at com.google.android.gms.ads.internal.js.m.run(Unknown Source)
03-19 22:47:53.638 W/cr_AwBrowserProcess( 5090): 	at com.google.android.gms.ads.internal.util.future.ac.execute(com.google.android.gms.DynamiteModulesA@12221438@12.2.21 (438-188803320):4)
03-19 22:47:53.638 W/cr_AwBrowserProcess( 5090): 	at com.google.android.gms.ads.internal.js.l.a(com.google.android.gms.DynamiteModulesA@12221438@12.2.21 (438-188803320):17)
03-19 22:47:53.638 W/cr_AwBrowserProcess( 5090): 	at com.google.android.gms.ads.internal.js.l.a(com.google.android.gms.DynamiteModulesA@12221438@12.2.21 (438-188803320):27)
03-19 22:47:53.638 W/cr_AwBrowserProcess( 5090): 	at com.google.android.gms.ads.internal.js.function.b.b(com.google.android.gms.DynamiteModulesA@12221438@12.2.21 (438-188803320):4)
03-19 22:47:53.638 W/cr_AwBrowserProcess( 5090): 	at com.google.android.gms.ads.internal.ab.a(com.google.android.gms.DynamiteModulesA@12221438@12.2.21 (438-188803320):55)
03-19 22:47:53.638 W/cr_AwBrowserProcess( 5090): 	at com.google.android.gms.ads.internal.ab.a(com.google.android.gms.DynamiteModulesA@12221438@12.2.21 (438-188803320):9)
03-19 22:47:53.638 W/cr_AwBrowserProcess( 5090): 	at com.google.android.gms.ads.internal.d.a(com.google.android.gms.DynamiteModulesA@12221438@12.2.21 (438-188803320):22)
03-19 22:47:53.638 W/cr_AwBrowserProcess( 5090): 	at com.google.android.gms.ads.internal.d.a(com.google.android.gms.DynamiteModulesA@12221438@12.2.21 (438-188803320):49)
03-19 22:47:53.638 W/cr_AwBrowserProcess( 5090): 	at com.google.android.gms.ads.internal.aj.a(com.google.android.gms.DynamiteModulesA@12221438@12.2.21 (438-188803320):26)
03-19 22:47:53.638 W/cr_AwBrowserProcess( 5090): 	at com.google.android.gms.ads.internal.a.b(com.google.android.gms.DynamiteModulesA@12221438@12.2.21 (438-188803320):140)
03-19 22:47:53.638 W/cr_AwBrowserProcess( 5090): 	at com.google.android.gms.ads.internal.interstitial.ai.b(com.google.android.gms.DynamiteModulesA@12221438@12.2.21 (438-188803320):80)
03-19 22:47:53.638 W/cr_AwBrowserProcess( 5090): 	at com.google.android.gms.ads.internal.client.ak.onTransact(com.google.android.gms.DynamiteModulesA@12221438@12.2.21 (438-188803320):19)
03-19 22:47:53.638 W/cr_AwBrowserProcess( 5090): 	at android.os.Binder.transact(Binder.java:387)
03-19 22:47:53.638 W/cr_AwBrowserProcess( 5090): 	at com.google.android.gms.internal.zzet$zza$zza.zzb(Unknown Source)
03-19 22:47:53.638 W/cr_AwBrowserProcess( 5090): 	at com.google.android.gms.internal.zzfg.a(Unknown Source)
03-19 22:47:53.638 W/cr_AwBrowserProcess( 5090): 	at com.google.android.gms.ads.InterstitialAd.loadAd(Unknown Source)
03-19 22:47:53.638 W/cr_AwBrowserProcess( 5090): 	at com.ksmobile.launcher.business.a.i.d(WallpaperInterAdProvider.java:90)
03-19 22:47:53.638 W/cr_AwBrowserProcess( 5090): 	at com.ksmobile.launcher.business.a.i.b(WallpaperInterAdProvider.java:65)
03-19 22:47:53.638 W/cr_AwBrowserProcess( 5090): 	at com.ksmobile.launcher.wallpaper.PersonalizationActivity.s(PersonalizationActivity.java:1639)
03-19 22:47:53.638 W/cr_AwBrowserProcess( 5090): 	at com.ksmobile.launcher.wallpaper.PersonalizationActivity.f(PersonalizationActivity.java:98)
03-19 22:47:53.638 W/cr_AwBrowserProcess( 5090): 	at com.ksmobile.launcher.wallpaper.PersonalizationActivity$m.b(PersonalizationActivity.java:1364)
03-19 22:47:53.638 W/cr_AwBrowserProcess( 5090): 	at com.ksmobile.launcher.theme.ai$1.onServiceConnected(ThemeShowHelper.java:6
03-19 22:47:53.638 W/cr_AwBrowserProcess( 5090): Using WebView from more than one process at once with the same data directory is not supported. https://crbug.com/558377
03-19 22:47:53.654 I/cr_BrowserStartup( 5090): Initializing chromium process, singleProcess=true
03-19 22:47:53.654 I/cr_base ( 5090): Android Locale: en_US requires .pak files: []
03-19 22:47:53.677 I/Adreno-EGL( 5090): <qeglDrvAPI_eglInitialize:379>: QUALCOMM Build: 10/21/15, 369a2ea, I96aee987eb
03-19 22:47:53.718 E/chromium( 5090): [ERROR:connection.cc(1945)] Web sqlite error 5, errno 0: database is locked, sql: PRAGMA auto_vacuum
03-19 22:47:53.718 E/chromium( 5090): [ERROR:connection.cc(1945)] Web sqlite error 5, errno 0: database is locked, sql: PRAGMA journal_mode = TRUNCATE
03-19 22:47:53.727 I/Ads     (16909): Trying mediation network: 
03-19 22:47:53.734 I/Ads     (16909): Instantiating mediation adapter: com.google.DummyAdapter
03-19 22:47:53.734 I/Ads     (16909): No fill from any mediation ad networks.
03-19 22:47:53.738 I/art     ( 5090): Rejecting re-init on previously-failed class java.lang.Class<com.android.webview.chromium.WebViewContentsClientAdapter$7>
03-19 22:47:53.739 I/art     ( 5090): Rejecting re-init on previously-failed class java.lang.Class<com.android.webview.chromium.WebViewContentsClientAdapter$7>
03-19 22:47:53.740 I/art     ( 5090): Rejecting re-init on previously-failed class java.lang.Class<com.android.webview.chromium.WebViewContentsClientAdapter$3>
03-19 22:47:53.741 I/art     ( 5090): Rejecting re-init on previously-failed class java.lang.Class<com.android.webview.chromium.WebViewContentsClientAdapter$3>
03-19 22:47:53.742 W/Ads     (16909): Failed to load ad: 3
03-19 22:47:53.749 D/DynamitePackage(16909): Instantiating com.google.android.gms.ads.ChimeraAdLoaderBuilderCreatorImpl
03-19 22:47:53.752 I/Ads     (16909): Starting ad request.
03-19 22:47:53.752 I/Ads     (16909): Use AdRequest.Builder.addTestDevice("80CB0F9622AA0F3FEACB782AEFCCBA6C") to get test ads on this device.
03-19 22:47:53.752 I/Ads     (16909): Webview loading for native ads.
03-19 22:47:53.776 D/ConnectivityService(17992): listenForNetwork for Listen from uid/pid:10282/5090 for NetworkRequest [ id=172, legacyType=-1, [ Capabilities: INTERNET&NOT_RESTRICTED&TRUSTED] ]
03-19 22:47:53.780 W/Ads     (16909): Not retrying to fetch app settings
03-19 22:47:53.792 I/AppsFlyer_4.7.4(16909): Status 200 ok
03-19 22:47:53.792 I/AppsFlyer_4.7.4(16909): Connection call succeeded: {"response_not_json":""}
03-19 22:47:53.792 D/AppsFlyer_4.7.4(16909): RD status is OFF
03-19 22:47:53.792 D/AppsFlyer_4.7.4(16909): shut downing executor ...
03-19 22:47:53.792 D/AppsFlyer_4.7.4(16909): shut downing executor ...
03-19 22:47:53.836 I/Ads     (16909): Javascript has loaded for native ads.
03-19 22:47:53.840 D/BluetoothManagerService(17992): Added callback: android.bluetooth.IBluetoothManagerCallback$Stub$Proxy@9831819:true
03-19 22:47:53.864 E/libEGL  ( 5090): validate_display:255 error 3008 (EGL_BAD_DISPLAY)
03-19 22:47:53.876 I/Choreographer( 5090): Skipped 41 frames!  The application may be doing too much work on its main thread.
03-19 22:47:53.923 W/Ads     ( 5090): Invoke Firebase method getInstance error.
03-19 22:47:53.923 W/Ads     ( 5090): The Google Mobile Ads SDK will not integrate with Firebase. Admob/Firebase integration requires the latest Firebase SDK jar, but Firebase SDK is either missing or out of date
03-19 22:47:53.962 W/VideoCapabilities( 5090): Unrecognized profile 2130706433 for video/avc
03-19 22:47:53.994 I/VideoCapabilities( 5090): Unsupported profile 4 for video/mp4v-es
03-19 22:47:54.009 I/OpenGLRenderer( 5090): Initialized EGL, version 1.4
03-19 22:47:54.132 W/Ads     ( 5090): Update ad debug logging enablement as false
03-19 22:47:54.149 D/ConnectivityService(17992): listenForNetwork for Listen from uid/pid:10282/5090 for NetworkRequest [ id=173, legacyType=-1, [ Capabilities: INTERNET&NOT_RESTRICTED&TRUSTED] ]
03-19 22:47:54.155 W/ViewRootImpl( 5090): Dropping event due to no window focus: MotionEvent { action=ACTION_MOVE, actionButton=0, id[0]=0, x[0]=3.0, y[0]=79.0, toolType[0]=TOOL_TYPE_UNKNOWN, buttonState=0, metaState=0, flags=0x0, edgeFlags=0x0, pointerCount=1, historySize=9, eventTime=570471512, downTime=-1, deviceId=0, source=0x10004 }
03-19 22:47:54.165 W/View    ( 5090): requestLayout() improperly called by com.ksmobile.launcher.widget.pulltorefresh.PullToRefreshListView$InternalListViewSDK9{8253c57 VFED.VC.. ......ID 0,0-1080,1533 #102000a android:id/list} during layout: running second layout pass
03-19 22:47:54.165 W/View    ( 5090): requestLayout() improperly called by com.ksmobile.launcher.widget.pulltorefresh.PullToRefreshListView$InternalListViewSDK9{912af0c VFED.VC.. ......ID 0,0-1080,1533 #102000a android:id/list} during layout: running second layout pass
03-19 22:47:54.165 W/View    ( 5090): requestLayout() improperly called by android.widget.TextView{d9c8d14 V.ED..... ......ID 0,0-371,52 #7f10034e app:id/pull_to_refresh_text} during layout: running second layout pass
03-19 22:47:54.166 W/View    ( 5090): requestLayout() improperly called by android.widget.ProgressBar{b811a57 V.ED..... ......I. 0,0-0,0 #7f10034d app:id/pull_to_refresh_progress} during layout: running second layout pass
03-19 22:47:54.166 W/View    ( 5090): requestLayout() improperly called by android.widget.TextView{aa2c313 V.ED..... ......ID 0,0-371,52 #7f10034e app:id/pull_to_refresh_text} during layout: running second layout pass
03-19 22:47:54.166 W/View    ( 5090): requestLayout() improperly called by android.widget.ProgressBar{248e944 V.ED..... ......I. 0,0-0,0 #7f10034d app:id/pull_to_refresh_progress} during layout: running second layout pass
03-19 22:47:54.271 W/ViewRootImpl( 5090): Dropping event due to no window focus: KeyEvent { action=ACTION_DOWN, keyCode=KEYCODE_MENU, scanCode=0, metaState=0, flags=0x8, repeatCount=0, eventTime=570471517, downTime=570471517, deviceId=-1, source=0x101 }
03-19 22:47:54.271 W/ViewRootImpl( 5090): Cancelling event due to no window focus: KeyEvent { action=ACTION_UP, keyCode=KEYCODE_MENU, scanCode=0, metaState=0, flags=0x28, repeatCount=0, eventTime=570471648, downTime=570471648, deviceId=-1, source=0x101 }
03-19 22:47:54.271 W/ViewRootImpl( 5090): Cancelling event due to no window focus: KeyEvent { action=ACTION_UP, keyCode=KEYCODE_MENU, scanCode=0, metaState=0, flags=0x28, repeatCount=0, eventTime=570471648, downTime=570471648, deviceId=-1, source=0x101 }
03-19 22:47:54.271 W/ViewRootImpl( 5090): Cancelling event due to no window focus: KeyEvent { action=ACTION_UP, keyCode=KEYCODE_MENU, scanCode=0, metaState=0, flags=0x28, repeatCount=0, eventTime=570471648, downTime=570471648, deviceId=-1, source=0x101 }
03-19 22:47:54.271 W/ViewRootImpl( 5090): Cancelling event due to no window focus: KeyEvent { action=ACTION_UP, keyCode=KEYCODE_MENU, scanCode=0, metaState=0, flags=0x28, repeatCount=0, eventTime=570471648, downTime=570471648, deviceId=-1, source=0x101 }
03-19 22:47:54.271 W/ViewRootImpl( 5090): Cancelling event due to no window focus: KeyEvent { action=ACTION_UP, keyCode=KEYCODE_MENU, scanCode=0, metaState=0, flags=0x28, repeatCount=0, eventTime=570471648, downTime=570471648, deviceId=-1, source=0x101 }
03-19 22:47:54.271 W/ViewRootImpl( 5090): Cancelling event due to no window focus: KeyEvent { action=ACTION_UP, keyCode=KEYCODE_MENU, scanCode=0, metaState=0, flags=0x28, repeatCount=0, eventTime=570471648, downTime=570471648, deviceId=-1, source=0x101 }
03-19 22:47:54.279 I/ActivityManager(17992): Displayed com.ksmobile.launcher/.wallpaper.PersonalizationActivity: +1s768ms
03-19 22:47:54.277 W/Binder_2(18005): type=1400 audit(0.0:160210): avc: denied { ioctl } for path="socket:[5544015]" dev="sockfs" ino=5544015 ioctlcmd=7704 scontext=u:r:system_server:s0 tcontext=u:r:system_server:s0 tclass=unix_stream_socket permissive=0
03-19 22:47:54.277 W/Binder_2(18005): type=1400 audit(0.0:160211): avc: denied { ioctl } for path="socket:[5544015]" dev="sockfs" ino=5544015 ioctlcmd=7704 scontext=u:r:system_server:s0 tcontext=u:r:system_server:s0 tclass=unix_stream_socket permissive=0
03-19 22:47:54.309 I/GoogleInputMethod(18923): onFinishInput() : Dummy InputConnection bound
03-19 22:47:54.309 I/GoogleInputMethod(18923): onStartInput() : Dummy InputConnection bound
03-19 22:47:54.297 W/Binder_10(20640): type=1400 audit(0.0:160212): avc: denied { ioctl } for path="socket:[5544014]" dev="sockfs" ino=5544014 ioctlcmd=7704 scontext=u:r:system_server:s0 tcontext=u:r:system_server:s0 tclass=unix_stream_socket permissive=0
03-19 22:47:54.297 W/Binder_10(20640): type=1400 audit(0.0:160213): avc: denied { ioctl } for path="socket:[5544014]" dev="sockfs" ino=5544014 ioctlcmd=7704 scontext=u:r:system_server:s0 tcontext=u:r:system_server:s0 tclass=unix_stream_socket permissive=0
03-19 22:47:54.369 W/View    ( 5090): requestLayout() improperly called by com.ksmobile.launcher.widget.pulltorefresh.PullToRefreshListView$InternalListViewSDK9{8253c57 VFED.VC.. ......ID 0,0-1080,1533 #102000a android:id/list} during second layout pass: posting in next frame
03-19 22:47:54.369 W/View    ( 5090): requestLayout() improperly called by com.ksmobile.launcher.widget.pulltorefresh.PullToRefreshListView$InternalListViewSDK9{912af0c VFED.VC.. ......ID 0,0-1080,1533 #102000a android:id/list} during second layout pass: posting in next frame
03-19 22:47:54.370 W/View    ( 5090): requestLayout() improperly called by android.widget.TextView{9318eba V.ED..... ......ID 0,0-360,52 #7f10034e app:id/pull_to_refresh_text} during second layout pass: posting in next frame
03-19 22:47:54.370 W/View    ( 5090): requestLayout() improperly called by android.widget.ProgressBar{eb63a2d V.ED..... ......ID 6,6-81,81 #7f10034d app:id/pull_to_refresh_progress} during second layout pass: posting in next frame
03-19 22:47:54.370 W/View    ( 5090): requestLayout() improperly called by android.widget.TextView{a138598 V.ED..... ......ID 0,0-360,52 #7f10034e app:id/pull_to_refresh_text} during second layout pass: posting in next frame
03-19 22:47:54.370 W/View    ( 5090): requestLayout() improperly called by android.widget.ProgressBar{51eab62 V.ED..... ......ID 6,6-81,81 #7f10034d app:id/pull_to_refresh_progress} during second layout pass: posting in next frame
03-19 22:47:54.370 W/View    ( 5090): requestLayout() improperly called by android.widget.TextView{7db3ad3 V.ED..... ......ID 0,0-360,52 #7f10034e app:id/pull_to_refresh_text} during second layout pass: posting in next frame
03-19 22:47:54.370 W/View    ( 5090): requestLayout() improperly called by android.widget.ProgressBar{61304f3 V.ED..... ......ID 6,6-81,81 #7f10034d app:id/pull_to_refresh_progress} during second layout pass: posting in next frame
03-19 22:47:54.370 W/View    ( 5090): requestLayout() improperly called by android.widget.TextView{b2c2399 V.ED..... ......ID 0,0-360,52 #7f10034e app:id/pull_to_refresh_text} during second layout pass: posting in next frame
03-19 22:47:54.370 W/View    ( 5090): requestLayout() improperly called by android.widget.ProgressBar{88d55b0 V.ED..... ......ID 6,6-81,81 #7f10034d app:id/pull_to_refresh_progress} during second layout pass: posting in next frame
03-19 22:47:54.384 W/cr_CrashFileManager( 5090): /data/user/0/com.ksmobile.launcher/cache/WebView/Crash Reports does not exist or is not a directory
03-19 22:47:54.425 I/chromium( 5090): [INFO:CONSOLE(0)] "Document was loaded from Application Cache with manifest https://googleads.g.doubleclick.net/mads/static/mad/sdk/native/sdk-core-v40-loader.appcache", source: https://googleads.g.doubleclick.net/mads/static/mad/sdk/native/sdk-core-v40-loader.html (0)
03-19 22:47:54.426 I/chromium( 5090): [INFO:CONSOLE(0)] "Application Cache Checking event", source: https://googleads.g.doubleclick.net/mads/static/mad/sdk/native/sdk-core-v40-loader.html (0)
03-19 22:47:54.426 I/chromium( 5090): [INFO:CONSOLE(0)] "Application Cache NoUpdate event", source: https://googleads.g.doubleclick.net/mads/static/mad/sdk/native/sdk-core-v40-loader.html (0)
03-19 22:47:54.465 I/art     (18675): Background partial concurrent mark sweep GC freed 59057(4MB) AllocSpace objects, 78(3MB) LOS objects, 31% free, 35MB/51MB, paused 1.196ms total 105.673ms
03-19 22:47:54.506 I/Ads     (16909): Ad finished loading.
03-19 22:47:54.508 E/shenzhixinxxx(16909): admob:true
03-19 22:47:54.721 E/chromium( 5090): [ERROR:connection.cc(1945)] Web sqlite error 5, errno 0: database is locked, sql: PRAGMA cache_size=32
03-19 22:47:54.722 E/chromium( 5090): [ERROR:connection.cc(1945)] Web sqlite error 5, errno 0: database is locked, sql: SELECT name FROM sqlite_master WHERE type=? AND name=? COLLATE NOCASE
03-19 22:47:54.722 E/chromium( 5090): [ERROR:connection.cc(1945)] Web sqlite error 5, errno 0: database is locked, sql: SELECT name FROM sqlite_master WHERE type=? AND name=? COLLATE NOCASE
03-19 22:47:54.722 E/chromium( 5090): [ERROR:connection.cc(1945)] Web sqlite error 5, errno 0: database is locked, sql: SELECT COUNT(*) FROM sqlite_master
03-19 22:47:54.723 E/chromium( 5090): [ERROR:connection.cc(1945)] Web sqlite error 5, errno 0: database is locked, sql: SELECT name FROM sqlite_master WHERE type=? AND name=? COLLATE NOCASE
03-19 22:47:54.723 E/chromium( 5090): [ERROR:connection.cc(1945)] Web sqlite error 5, errno 0: database is locked, sql: CREATE TABLE meta(key LONGVARCHAR NOT NULL UNIQUE PRIMARY KEY, value LONGVARCHAR)
03-19 22:47:54.723 E/chromium( 5090): [ERROR:web_database_backend.cc(113)] Cannot initialize the web database: 1
03-19 22:47:54.724 W/chromium( 5090): [WARNING:aw_form_database_service.cc(24)] initializing autocomplete database failed
03-19 22:47:54.819 I/Ads     ( 5090): Trying mediation network: null
03-19 22:47:54.820 I/Ads     ( 5090): Instantiating mediation adapter: com.google.ads.mediation.admob.AdMobAdapter
03-19 22:47:54.821 W/Ads     ( 5090): Server parameters: {"pubid":"ca-app-pub-9562374406307677\/6142017948"}
03-19 22:47:54.833 D/DynamitePackage( 5090): Instantiating com.google.android.gms.ads.ChimeraAdManagerCreatorImpl
03-19 22:47:54.860 I/Ads     ( 5090): Starting ad request.
03-19 22:47:54.861 I/Ads     ( 5090): Use AdRequest.Builder.addTestDevice("80CB0F9622AA0F3FEACB782AEFCCBA6C") to get test ads on this device.
03-19 22:47:54.865 W/Ads     ( 5090): Not retrying to fetch app settings
03-19 22:47:55.155 D/audio_hw_primary(17775): out_set_parameters: enter: usecase(1: low-latency-playback) kvpairs: routing=2
03-19 22:47:55.189 D/AudioFlinger(17775): mixer(0xb4140000) throttle end: throttle time(7)
03-19 22:47:55.312 D/DiningRoom(16909): DiningRoom update
03-19 22:47:55.511 I/Ads     ( 5090): Ad finished loading.
03-19 22:47:55.525 I/Ads     ( 5090): Ad finished loading.
03-19 22:47:55.855 D/audio_hw_primary(17775): out_set_parameters: enter: usecase(1: low-latency-playback) kvpairs: routing=2
03-19 22:47:55.878 W/KInfoc  ( 4905): The data section count is not equal! table:kewl_im_tcp_connect_time2, count in format:19, count in data:21.
03-19 22:47:55.889 D/AudioFlinger(17775): mixer(0xb4140000) throttle end: throttle time(7)
03-19 22:47:56.113 D/addThemeData( 5090): type:DATA_NEW postion:0
03-19 22:47:56.141 D/addThemeData( 5090): type:DATA_NEW postion:1
03-19 22:47:56.157 D/addThemeData( 5090): type:DATA_NEW postion:2
03-19 22:47:56.242 D/addThemeData( 5090): type:DATA_HOT postion:0
03-19 22:47:56.252 D/addThemeData( 5090): type:DATA_HOT postion:1
03-19 22:47:56.267 D/addThemeData( 5090): type:DATA_HOT postion:2
03-19 22:47:56.271 W/View    ( 5090): requestLayout() improperly called by com.ksmobile.launcher.widget.pulltorefresh.PullToRefreshListView$InternalListViewSDK9{8253c57 VFED.VC.. ......I. 0,0-1080,1533 #102000a android:id/list} during layout: running second layout pass
03-19 22:47:56.271 W/View    ( 5090): requestLayout() improperly called by com.ksmobile.launcher.widget.pulltorefresh.PullToRefreshListView$InternalListViewSDK9{912af0c VFED.VC.. ......I. 0,0-1080,1533 #102000a android:id/list} during layout: running second layout pass
03-19 22:47:56.539 W/View    ( 5090): requestLayout() improperly called by com.ksmobile.launcher.widget.pulltorefresh.PullToRefreshListView$InternalListViewSDK9{8253c57 VFED.VC.. ......I. 0,0-1080,1533 #102000a android:id/list} during layout: running second layout pass
03-19 22:47:56.539 W/View    ( 5090): requestLayout() improperly called by com.ksmobile.launcher.widget.pulltorefresh.PullToRefreshListView$InternalListViewSDK9{912af0c VFED.VC.. ......I. 0,0-1080,1533 #102000a android:id/list} during layout: running second layout pass
03-19 22:47:57.311 D/DiningRoom(16909): DiningRoom update
03-19 22:47:57.395 D/audio_hw_primary(17775): out_set_parameters: enter: usecase(1: low-latency-playback) kvpairs: routing=2
03-19 22:47:57.429 D/AudioFlinger(17775): mixer(0xb4140000) throttle end: throttle time(7)
03-19 22:47:57.770 D/ConnectivityService(17992): notifyType CAP_CHANGED for NetworkAgentInfo [WIFI () - 101]
03-19 22:47:58.054 D/AndroidRuntime( 5374): >>>>>> START com.android.internal.os.RuntimeInit uid 2000 <<<<<<
03-19 22:47:58.058 D/AndroidRuntime( 5374): CheckJNI is OFF
03-19 22:47:58.097 D/ICU     ( 5374): No timezone override file found: /data/misc/zoneinfo/current/icu/icu_tzdata.dat
03-19 22:47:58.135 I/Radio-JNI( 5374): register_android_hardware_Radio DONE
03-19 22:47:58.157 D/AndroidRuntime( 5374): Calling main entry com.android.commands.input.Input
03-19 22:47:58.158 I/Input   ( 5374): injectKeyEvent: KeyEvent { action=ACTION_DOWN, keyCode=KEYCODE_BACK, scanCode=0, metaState=0, flags=0x0, repeatCount=0, eventTime=570475647, downTime=570475647, deviceId=-1, source=0x101 }
03-19 22:47:58.163 I/Input   ( 5374): injectKeyEvent: KeyEvent { action=ACTION_UP, keyCode=KEYCODE_BACK, scanCode=0, metaState=0, flags=0x0, repeatCount=0, eventTime=570475647, downTime=570475647, deviceId=-1, source=0x101 }
03-19 22:47:58.177 D/AndroidRuntime( 5374): Shutting down VM
03-19 22:47:58.232 I/ActivityManager(17992): START u0 {act=android.intent.action.VIEW dat=https://play.google.com/... flg=0x10000000 pkg=com.android.vending cmp=com.android.vending/com.google.android.finsky.activities.MainActivity} from uid 10282 on display 0
03-19 22:47:58.242 D/audio_hw_primary(17775): out_set_parameters: enter: usecase(1: low-latency-playback) kvpairs: routing=2
03-19 22:47:58.935 I/ActivityManager(17992): START u0 {act=android.intent.action.MAIN cat=[android.intent.category.LAUNCHER] flg=0x10200000 cmp=com.ksmobile.launcher/.SplashActivity} from uid 2000 on display 0
03-19 22:47:59.311 D/DiningRoom(16909): DiningRoom update
03-19 22:47:59.652 I/ActivityManager(17992): START u0 {act=android.intent.action.VIEW dat=https://play.google.com/... flg=0x10000000 pkg=com.android.vending cmp=com.android.vending/com.google.android.finsky.activities.MainActivity} from uid 10282 on display 0
03-19 22:47:59.655 D/audio_hw_primary(17775): out_set_parameters: enter: usecase(1: low-latency-playback) kvpairs: routing=2
03-19 22:47:59.692 D/AudioFlinger(17775): mixer(0xb4140000) throttle end: throttle time(4)
03-19 22:48:00.425 D/audio_hw_primary(17775): out_set_parameters: enter: usecase(1: low-latency-playback) kvpairs: routing=2
03-19 22:48:01.008 I/ActivityManager(17992): Start proc 5432:com.cmcm.shorts/u0a271 for service com.cmcm.shorts/com.app.infoc.MainService
03-19 22:48:01.184 I/ThermalEngine(  211): TM Id 'SKIN_THERMAL_management_1' Sensor 'xo_therm_pu2' - alarm raised 1 at 40.0 degC
03-19 22:48:01.184 I/ThermalEngine(  211): ACTION: CPU - Setting CPU[0] to 1958400
03-19 22:48:01.184 I/ThermalEngine(  211): ACTION: CPU - Setting CPU[1] to 1958400
03-19 22:48:01.184 I/ThermalEngine(  211): ACTION: CPU - Setting CPU[2] to 1958400
03-19 22:48:01.184 I/ThermalEngine(  211): ACTION: CPU - Setting CPU[3] to 1958400
03-19 22:48:01.185 I/ThermalEngine(  211): ACTION: LCD - Setting max LCD brightness to 229
03-19 22:48:01.305 I/GMPM    ( 5432): App measurement is starting up
03-19 22:48:01.311 D/DiningRoom(16909): DiningRoom update
03-19 22:48:01.322 W/Settings( 5432): Setting android_id has moved from android.provider.Settings.System to android.provider.Settings.Secure, returning read-only value.
03-19 22:48:01.397 D/RongLog ( 5432): [ RongIMClient ] init : com.cmcm.shorts, com.cmcm.shorts
03-19 22:48:01.407 I/RongLog ( 5432): [ RongIMClient ] RongIMClient
03-19 22:48:01.435 D/ImageLoader( 5432): Initialize ImageLoader with configuration
03-19 22:48:01.443 I/ActivityManager(17992): Start proc 5458:com.cmcm.shorts:ipc/u0a271 for service com.cmcm.shorts/io.rong.imlib.ipc.RongService
03-19 22:48:01.482 I/ActivityManager(17992): Start proc 5473:io.rong.push/u0a271 for service com.cmcm.shorts/io.rong.push.PushService
03-19 22:48:01.542 D/RongLog ( 5458): [ RongIMClient ] init : com.cmcm.shorts:ipc, com.cmcm.shorts
03-19 22:48:01.542 E/RongLog ( 5458): [ RongIMClient ] SDK should init in main process.
03-19 22:48:01.556 W/Settings( 5458): Setting android_id has moved from android.provider.Settings.System to android.provider.Settings.Secure, returning read-only value.
03-19 22:48:01.556 W/Settings( 5473): Setting android_id has moved from android.provider.Settings.System to android.provider.Settings.Secure, returning read-only value.
03-19 22:48:01.564 D/RongLog ( 5473): [ RongIMClient ] init : io.rong.push, com.cmcm.shorts
03-19 22:48:01.564 E/RongLog ( 5473): [ RongIMClient ] SDK should init in main process.
03-19 22:48:01.570 D/ImageLoader( 5458): Initialize ImageLoader with configuration
03-19 22:48:01.575 W/System.err( 5432): Commons.readAssetsFileLineString :cn2错误
03-19 22:48:01.589 D/ImageLoader( 5473): Initialize ImageLoader with configuration
03-19 22:48:01.676 W/Settings( 5432): Setting android_id has moved from android.provider.Settings.System to android.provider.Settings.Secure, returning read-only value.
03-19 22:48:01.676 W/Settings( 5432): Setting android_id has moved from android.provider.Settings.System to android.provider.Settings.Secure, returning read-only value.
03-19 22:48:01.686 I/cm.log.uipro( 5432): [JSLOG][D]/ start update local web.
03-19 22:48:01.694 I/base_log( 5432): [InitApplication][D]/ Version: 2.1.3 Device: Nexus 5 Time: 2018-03-19 22:48:01
03-19 22:48:01.704 D/J4A     ( 5458): J4ALoader: OK: 'android.os.Build$VERSION' loaded
03-19 22:48:01.704 D/J4A     ( 5458): J4ALoader: OK: 'android.os.Build' loaded
03-19 22:48:01.704 D/J4A     ( 5458): J4ALoader: OK: 'java.nio.Buffer' loaded
03-19 22:48:01.704 D/J4A     ( 5458): J4ALoader: OK: 'java.nio.ByteBuffer' loaded
03-19 22:48:01.704 D/J4A     ( 5458): J4ALoader: OK: 'java.util.ArrayList' loaded
03-19 22:48:01.705 I/J4A     ( 5458): API-Level: 23
03-19 22:48:01.705 D/J4A     ( 5458): J4ALoader: OK: 'android.media.AudioTrack' loaded
03-19 22:48:01.706 D/J4A     ( 5458): J4ALoader: OK: 'android.media.MediaCodec$BufferInfo' loaded
03-19 22:48:01.706 D/J4A     ( 5458): J4ALoader: OK: 'android.media.MediaCodec' loaded
03-19 22:48:01.708 D/J4A     ( 5458): J4ALoader: OK: 'android.media.MediaFormat' loaded
03-19 22:48:01.708 D/J4A     ( 5458): J4ALoader: OK: 'android.media.PlaybackParams' loaded
03-19 22:48:01.708 D/J4A     ( 5458): J4ALoader: OK: 'android.os.Bundle' loaded
03-19 22:48:01.708 D/J4A     ( 5458): J4ALoader: OK: 'tv.danmaku.ijk.media.player.misc.IMediaDataSource' loaded
03-19 22:48:01.709 D/J4A     ( 5458): J4ALoader: OK: 'tv.danmaku.ijk.media.player.misc.IAndroidIO' loaded
03-19 22:48:01.709 D/J4A     ( 5458): J4ALoader: OK: 'tv.danmaku.ijk.media.player.IjkMediaPlayer' loaded
03-19 22:48:01.713 D/J4A     ( 5473): J4ALoader: OK: 'android.os.Build$VERSION' loaded
03-19 22:48:01.713 D/J4A     ( 5473): J4ALoader: OK: 'android.os.Build' loaded
03-19 22:48:01.713 D/J4A     ( 5473): J4ALoader: OK: 'java.nio.Buffer' loaded
03-19 22:48:01.713 D/J4A     ( 5473): J4ALoader: OK: 'java.nio.ByteBuffer' loaded
03-19 22:48:01.713 D/J4A     ( 5473): J4ALoader: OK: 'java.util.ArrayList' loaded
03-19 22:48:01.714 I/J4A     ( 5473): API-Level: 23
03-19 22:48:01.714 D/J4A     ( 5473): J4ALoader: OK: 'android.media.AudioTrack' loaded
03-19 22:48:01.714 D/J4A     ( 5473): J4ALoader: OK: 'android.media.MediaCodec$BufferInfo' loaded
03-19 22:48:01.714 D/J4A     ( 5473): J4ALoader: OK: 'android.media.MediaCodec' loaded
03-19 22:48:01.714 D/J4A     ( 5473): J4ALoader: OK: 'android.media.MediaFormat' loaded
03-19 22:48:01.715 D/J4A     ( 5473): J4ALoader: OK: 'android.media.PlaybackParams' loaded
03-19 22:48:01.715 D/J4A     ( 5473): J4ALoader: OK: 'android.os.Bundle' loaded
03-19 22:48:01.715 D/J4A     ( 5473): J4ALoader: OK: 'tv.danmaku.ijk.media.player.misc.IMediaDataSource' loaded
03-19 22:48:01.715 D/J4A     ( 5473): J4ALoader: OK: 'tv.danmaku.ijk.media.player.misc.IAndroidIO' loaded
03-19 22:48:01.715 D/J4A     ( 5473): J4ALoader: OK: 'tv.danmaku.ijk.media.player.IjkMediaPlayer' loaded
03-19 22:48:01.738 I/cm.log.uipro( 5432): [JSLOG][D]/ finish update local web.
03-19 22:48:01.740 D/IJKMEDIA( 5458): IjkMediaPlayer_native_setLogLevel(3)
03-19 22:48:01.740 D/IJKMEDIA( 5458): moncleanup
03-19 22:48:01.746 W/ResourceType( 5458): No package identifier when getting value for resource number 0x00000000
03-19 22:48:01.751 D/RongLog ( 5458): [ RongService ] onCreate, pid=5458
03-19 22:48:01.762 D/IJKMEDIA( 5473): IjkMediaPlayer_native_setLogLevel(3)
03-19 22:48:01.762 D/IJKMEDIA( 5473): moncleanup
03-19 22:48:01.764 D/RongLog ( 5458): [ RongService ] onBind, pid=5458
03-19 22:48:01.770 W/ResourceType( 5473): No package identifier when getting value for resource number 0x00000000
03-19 22:48:01.807 D/J4A     ( 5432): J4ALoader: OK: 'android.os.Build$VERSION' loaded
03-19 22:48:01.807 D/J4A     ( 5432): J4ALoader: OK: 'android.os.Build' loaded
03-19 22:48:01.807 D/J4A     ( 5432): J4ALoader: OK: 'java.nio.Buffer' loaded
03-19 22:48:01.807 D/J4A     ( 5432): J4ALoader: OK: 'java.nio.ByteBuffer' loaded
03-19 22:48:01.807 D/J4A     ( 5432): J4ALoader: OK: 'java.util.ArrayList' loaded
03-19 22:48:01.807 I/J4A     ( 5432): API-Level: 23
03-19 22:48:01.807 D/J4A     ( 5432): J4ALoader: OK: 'android.media.AudioTrack' loaded
03-19 22:48:01.807 D/J4A     ( 5432): J4ALoader: OK: 'android.media.MediaCodec$BufferInfo' loaded
03-19 22:48:01.807 D/J4A     ( 5432): J4ALoader: OK: 'android.media.MediaCodec' loaded
03-19 22:48:01.808 D/J4A     ( 5432): J4ALoader: OK: 'android.media.MediaFormat' loaded
03-19 22:48:01.808 D/J4A     ( 5432): J4ALoader: OK: 'android.media.PlaybackParams' loaded
03-19 22:48:01.808 D/J4A     ( 5432): J4ALoader: OK: 'android.os.Bundle' loaded
03-19 22:48:01.808 D/J4A     ( 5432): J4ALoader: OK: 'tv.danmaku.ijk.media.player.misc.IMediaDataSource' loaded
03-19 22:48:01.808 D/J4A     ( 5432): J4ALoader: OK: 'tv.danmaku.ijk.media.player.misc.IAndroidIO' loaded
03-19 22:48:01.808 D/J4A     ( 5432): J4ALoader: OK: 'tv.danmaku.ijk.media.player.IjkMediaPlayer' loaded
03-19 22:48:01.822 I/RongLog ( 5458): [ NativeClient ] init db path = /data/user/0/com.cmcm.shorts/files
03-19 22:48:01.836 W/System.err( 5473): java.io.FileNotFoundException: armeabi-v7a/push_daemon
03-19 22:48:01.836 W/System.err( 5473): 	at android.content.res.AssetManager.openAsset(Native Method)
03-19 22:48:01.836 W/System.err( 5473): 	at android.content.res.AssetManager.open(AssetManager.java:313)
03-19 22:48:01.836 W/System.err( 5473): 	at android.content.res.AssetManager.open(AssetManager.java:287)
03-19 22:48:01.836 W/System.err( 5473): 	at io.rong.push.core.PushDaemon.copyAssets(PushDaemon.java:105)
03-19 22:48:01.836 W/System.err( 5473): 	at io.rong.push.core.PushDaemon.installDaemon(PushDaemon.java:35)
03-19 22:48:01.836 W/System.err( 5473): 	at io.rong.push.core.PushDaemon.access$100(PushDaemon.java:22)
03-19 22:48:01.836 W/System.err( 5473): 	at io.rong.push.core.PushDaemon$1.run(PushDaemon.java:75)
03-19 22:48:01.836 W/System.err( 5473): 	at java.lang.Thread.run(Thread.java:818)
03-19 22:48:01.846 D/RongLog ( 5458): [ RongLog ] RLog init.
03-19 22:48:01.868 D/RongLog ( 5458): [ RongLog ] upload_log, sMonitorMode = 0
03-19 22:48:01.878 D/IJKMEDIA( 5432): IjkMediaPlayer_native_setLogLevel(3)
03-19 22:48:01.878 D/IJKMEDIA( 5432): moncleanup
03-19 22:48:01.884 W/ResourceType( 5432): No package identifier when getting value for resource number 0x00000000
03-19 22:48:01.897 I/base_log( 5432): [zxhtest_trivia][D]/ TriviaNotificationPresenter init isInit false
03-19 22:48:01.899 I/base_log( 5432): [zxhtest_trivia][D]/ TriviaNotificationPresenter loadData 
03-19 22:48:01.903 I/base_log( 5432): [zxhtest_trivia][D]/ postAlarm error delayTimeMillis < 0 -1
03-19 22:48:01.906 I/base_log( 5432): [zxhtest_trivia][D]/ registerAlarmReceiver
03-19 22:48:01.908 I/base_log( 5432): [zxhtest_trivia][D]/ registerCloudDataChangeReceiver
03-19 22:48:01.911 I/base_log( 5432): [zxhtest_trivia][D]/ registerTimeChangedReceiver
03-19 22:48:01.956 I/base_log( 5432): [ConnectionManager][D]/  mConnectState = 0
03-19 22:48:01.960 I/base_log( 5432): [realConnect][D]/ java.lang.Throwable
03-19 22:48:01.960 I/base_log( 5432): 	at com.cmcm.letter.util.ConnectionManager.e(ConnectionManager.java:128)
03-19 22:48:01.960 I/base_log( 5432): 	at com.cmcm.letter.util.ConnectionManager.b(ConnectionManager.java:114)
03-19 22:48:01.960 I/base_log( 5432): 	at com.app.infoc.MainService.onCreate(MainService.java:59)
03-19 22:48:01.960 I/base_log( 5432): 	at android.app.ActivityThread.handleCreateService(ActivityThread.java:2877)
03-19 22:48:01.960 I/base_log( 5432): 	at android.app.ActivityThread.-wrap4(ActivityThread.java)
03-19 22:48:01.960 I/base_log( 5432): 	at android.app.ActivityThread$H.handleMessage(ActivityThread.java:1427)
03-19 22:48:01.960 I/base_log( 5432): 	at android.os.Handler.dispatchMessage(Handler.java:102)
03-19 22:48:01.960 I/base_log( 5432): 	at android.os.Looper.loop(Looper.java:148)
03-19 22:48:01.960 I/base_log( 5432): 	at android.app.ActivityThread.main(ActivityThread.java:5417)
03-19 22:48:01.960 I/base_log( 5432): 	at java.lang.reflect.Method.invoke(Native Method)
03-19 22:48:01.960 I/base_log( 5432): 	at com.android.internal.os.ZygoteInit$MethodAndArgsCaller.run(ZygoteInit.java:726)
03-19 22:48:01.960 I/base_log( 5432): 	at com.android.internal.os.ZygoteInit.main(ZygoteInit.java:616)
03-19 22:48:01.975 W/Settings( 5432): Setting android_id has moved from android.provider.Settings.System to android.provider.Settings.Secure, returning read-only value.
03-19 22:48:01.978 D/WifiService(17992): New client listening to asynchronous messages
03-19 22:48:01.978 W/Settings( 5432): Setting android_id has moved from android.provider.Settings.System to android.provider.Settings.Secure, returning read-only value.
03-19 22:48:01.981 W/Settings( 5432): Setting android_id has moved from android.provider.Settings.System to android.provider.Settings.Secure, returning read-only value.
03-19 22:48:02.015 I/record_logger( 5432): [cmim:client] start()
03-19 22:48:02.016 I/record_logger( 5432): [cmim:app] start()
03-19 22:48:02.016 I/record_logger( 5432): [cmim:app] start(). creating worker thread.
03-19 22:48:02.019 I/record_logger( 5432): [cmim:network] start()
03-19 22:48:02.019 I/record_logger( 5432): [cmim:network] start(): starting worker thread.
03-19 22:48:02.026 I/RongLog ( 5432): [ RongIMClient ] initMessageReceiver
03-19 22:48:02.050 I/RongLog ( 5432): [ ModuleManager ] init
03-19 22:48:02.050 I/RongLog ( 5432): [ ModuleManager ] Can not find RongCallClient module.
03-19 22:48:02.051 I/RongLog ( 5432): [ RealTimeLocationManager ] init false
03-19 22:48:02.064 W/ResourceType( 5432): No package identifier when getting value for resource number 0x00000000
03-19 22:48:02.065 W/ResourceType( 5432): Invalid package identifier when getting bag for resource number 0x00000000
03-19 22:48:02.069 I/RongLog ( 5432): [ CustomServiceManager ] init false
03-19 22:48:02.077 D/RongLog ( 5432): [ RongIMClient ] onServiceConnected mConnectionStatus = DISCONNECTED
03-19 22:48:02.086 D/RongLog ( 5432): [ ConnectChangeReceiver ] intent : Intent { act=android.net.conn.CONNECTIVITY_CHANGE flg=0x4000010 (has extras) }
03-19 22:48:02.087 D/RongLog ( 5432): [ ConnectChangeReceiver ] network : true false
03-19 22:48:02.088 E/RongLog ( 5432): [ ConnectChangeReceiver ] Network exception : true, false
03-19 22:48:03.060 I/record_logger( 5432): [cmim:network] WorkerHandler: MSG_DO_CONNECT
03-19 22:48:03.060 I/record_logger( 5432): [cmim:client] connectStatus: CS_NOT_CONNECTED -> CS_CONNECTING
03-19 22:48:03.064 I/cm.log.uipro( 5432): [IM][D]/ CMIM Connect change: CS_CONNECTING
03-19 22:48:03.065 I/record_logger( 5432): [cmim:network] doConnect(). im.live.ksmobile.net:80
03-19 22:48:03.067 I/record_logger( 5432): [IMReporter] kid=1, reason=[]
03-19 22:48:03.068 W/Settings( 5432): Setting android_id has moved from android.provider.Settings.System to android.provider.Settings.Secure, returning read-only value.
03-19 22:48:03.311 D/DiningRoom(16909): DiningRoom update
03-19 22:48:03.313 D/audio_hw_primary(17775): out_set_parameters: enter: usecase(1: low-latency-playback) kvpairs: routing=2
03-19 22:48:03.350 D/AudioFlinger(17775): mixer(0xb4140000) throttle end: throttle time(4)
03-19 22:48:03.703 W/System.err( 4981): java.net.SocketException: recvfrom failed: ECONNRESET (Connection reset by peer)
03-19 22:48:03.703 W/System.err( 4981): 	at libcore.io.IoBridge.maybeThrowAfterRecvfrom(IoBridge.java:588)
03-19 22:48:03.703 W/System.err( 4981): 	at libcore.io.IoBridge.recvfrom(IoBridge.java:552)
03-19 22:48:03.703 W/System.err( 4981): 	at java.net.PlainSocketImpl.read(PlainSocketImpl.java:481)
03-19 22:48:03.703 W/System.err( 4981): 	at java.net.PlainSocketImpl.-wrap0(PlainSocketImpl.java)
03-19 22:48:03.703 W/System.err( 4981): 	at java.net.PlainSocketImpl$PlainSocketInputStream.read(PlainSocketImpl.java:237)
03-19 22:48:03.703 W/System.err( 4981): 	at libcore.io.Streams.readSingleByte(Streams.java:41)
03-19 22:48:03.704 W/System.err( 4981): 	at java.net.PlainSocketImpl$PlainSocketInputStream.read(PlainSocketImpl.java:233)
03-19 22:48:03.704 W/System.err( 4981): 	at io.rong.push.core.PushProtocalStack$MessageInputStream.readMessage(PushProtocalStack.java:670)
03-19 22:48:03.704 W/System.err( 4981): 	at io.rong.push.core.PushClient$PushReader.run(PushClient.java:181)
03-19 22:48:03.704 W/System.err( 4981): Caused by: android.system.ErrnoException: recvfrom failed: ECONNRESET (Connection reset by peer)
03-19 22:48:03.704 W/System.err( 4981): 	at libcore.io.Posix.recvfromBytes(Native Method)
03-19 22:48:03.705 W/System.err( 4981): 	at libcore.io.Posix.recvfrom(Posix.java:189)
03-19 22:48:03.705 W/System.err( 4981): 	at libcore.io.BlockGuardOs.recvfrom(BlockGuardOs.java:250)
03-19 22:48:03.705 W/System.err( 4981): 	at libcore.io.IoBridge.recvfrom(IoBridge.java:549)
03-19 22:48:03.705 W/System.err( 4981): 	... 7 more
03-19 22:48:03.831 W/AppsFlyer_4.7.4(16909): killing non-finished tasks
03-19 22:48:04.894 W/System  ( 3771): A resource was acquired at attached stack trace but never released. See java.io.Closeable for information on avoiding resource leaks.
03-19 22:48:04.895 W/System  ( 3771): java.lang.Throwable: Explicit termination method 'close' not called
03-19 22:48:04.895 W/System  ( 3771): 	at dalvik.system.CloseGuard.open(CloseGuard.java:180)
03-19 22:48:04.895 W/System  ( 3771): 	at java.io.FileInputStream.<init>(FileInputStream.java:78)
03-19 22:48:04.895 W/System  ( 3771): 	at tv.panda.test.monkey.ape.model.BlackWidgetReader.read(BlackWidgetReader.kt:56)
03-19 22:48:04.895 W/System  ( 3771): 	at tv.panda.test.monkey.ape.model.BlackWidgetController.<clinit>(BlackWidgetController.kt:30)
03-19 22:48:04.895 W/System  ( 3771): 	at tv.panda.test.monkey.Monkey.<init>(Monkey.kt:100)
03-19 22:48:04.895 W/System  ( 3771): 	at tv.panda.test.monkey.Monkey$Companion.main(Monkey.kt:1164)
03-19 22:48:04.895 W/System  ( 3771): 	at tv.panda.test.monkey.Monkey.main(Monkey.kt)
03-19 22:48:04.895 W/System  ( 3771): 	at com.android.internal.os.RuntimeInit.nativeFinishInit(Native Method)
03-19 22:48:04.895 W/System  ( 3771): 	at com.android.internal.os.RuntimeInit.main(RuntimeInit.java:251)
03-19 22:48:04.905 I/ActivityManager(17992): START u0 {act=android.intent.action.VIEW dat=https://play.google.com/... flg=0x10000000 pkg=com.android.vending cmp=com.android.vending/com.google.android.finsky.activities.MainActivity} from uid 10282 on display 0
03-19 22:48:04.913 D/audio_hw_primary(17775): out_set_parameters: enter: usecase(1: low-latency-playback) kvpairs: routing=2
03-19 22:48:04.950 D/AudioFlinger(17775): mixer(0xb4140000) throttle end: throttle time(4)
03-19 22:48:05.067 I/art     ( 5090): Background partial concurrent mark sweep GC freed 10710(859KB) AllocSpace objects, 15(16MB) LOS objects, 23% free, 51MB/67MB, paused 7.481ms total 33.479ms
03-19 22:48:05.311 D/DiningRoom(16909): DiningRoom update
03-19 22:48:05.569 I/ActivityManager(17992): Waited long enough for: ServiceRecord{c0e8a07 u0 com.cmcm.live/io.rong.push.PushService}
03-19 22:48:05.653 D/audio_hw_primary(17775): out_set_parameters: enter: usecase(1: low-latency-playback) kvpairs: routing=2
03-19 22:48:05.680 I/GoogleInputMethod(18923): onFinishInput() : Dummy InputConnection bound
03-19 22:48:05.680 I/GoogleInputMethod(18923): onStartInput() : Dummy InputConnection bound
03-19 22:48:05.690 D/AudioFlinger(17775): mixer(0xb4140000) throttle end: throttle time(4)
03-19 22:48:05.667 W/Binder_10(20640): type=1400 audit(0.0:160214): avc: denied { ioctl } for path="socket:[5544014]" dev="sockfs" ino=5544014 ioctlcmd=7704 scontext=u:r:system_server:s0 tcontext=u:r:system_server:s0 tclass=unix_stream_socket permissive=0
