03-19 22:47:49.658 I/Ads     (16909): Received log message: <Google:HTML> Cannot read property 'tracking_urls_and_actions' of undefined
03-19 22:47:49.663 W/Ads     (16909): Failed to load ad: 3
03-19 22:47:49.668 D/DynamitePackage(16909): Instantiating com.google.android.gms.ads.ChimeraAdLoaderBuilderCreatorImpl
03-19 22:47:49.676 I/Ads     (16909): Starting ad request.
03-19 22:47:49.676 I/Ads     (16909): Use AdRequest.Builder.addTestDevice("80CB0F9622AA0F3FEACB782AEFCCBA6C") to get test ads on this device.
03-19 22:47:49.676 I/Ads     (16909): Webview loading for native ads.
03-19 22:47:49.713 W/Ads     (16909): Not retrying to fetch app settings
03-19 22:47:49.752 I/Ads     (16909): Javascript has loaded for native ads.
03-19 22:47:49.797 I/Ads     (16909): Javascript has loaded for native ads.
03-19 22:47:49.835 E/point_info(16909): onSingleTapConfirmed
03-19 22:47:49.920 I/Ads     (16909): Ad finished loading.
03-19 22:47:50.045 I/ActivityManager(17992): Start proc 4905:com.cmcm.live/u0a278 for service com.cmcm.live/com.app.infoc.MainService
03-19 22:47:50.126 I/GMPM    ( 4905): App measurement is starting up
03-19 22:47:50.131 I/Ads     (16909): Trying mediation network: 
03-19 22:47:50.134 I/Ads     (16909): Instantiating mediation adapter: com.google.DummyAdapter
03-19 22:47:50.134 I/Ads     (16909): No fill from any mediation ad networks.
03-19 22:47:50.135 W/Ads     (16909): Failed to load ad: 3
03-19 22:47:50.194 W/Settings( 4905): Setting android_id has moved from android.provider.Settings.System to android.provider.Settings.Secure, returning read-only value.
03-19 22:47:50.216 I/Ads     (16909): Trying mediation network: 
03-19 22:47:50.217 I/Ads     (16909): Instantiating mediation adapter: com.google.DummyAdapter
03-19 22:47:50.224 I/Ads     (16909): No fill from any mediation ad networks.
03-19 22:47:50.224 W/Ads     (16909): Failed to load ad: 3
03-19 22:47:50.272 W/CMRuntime( 4905): CMCDUMPER INITIALIZING ...
03-19 22:47:50.272 W/CMRuntime( 4905): CMCDUMPER INITIALIZE SUCCESSED!
03-19 22:47:50.343 W/ResourceType( 4905): No package identifier when getting value for resource number 0x00000000
03-19 22:47:50.360 W/System.err( 4905): java.lang.NullPointerException: Attempt to invoke virtual method 'java.lang.String[] java.lang.String.split(java.lang.String)' on a null object reference
03-19 22:47:50.360 W/System.err( 4905): 	at com.siyanhui.mojif.bqlive.a.b.<init>(Unknown Source)
03-19 22:47:50.360 W/System.err( 4905): 	at com.siyanhui.mojif.bqlive.a.b.<clinit>(Unknown Source)
03-19 22:47:50.360 W/System.err( 4905): 	at com.siyanhui.mojif.bqlive.a.c.b(Unknown Source)
03-19 22:47:50.360 W/System.err( 4905): 	at com.siyanhui.mojif.bqlive.a.c$1.handleMessage(Unknown Source)
03-19 22:47:50.360 W/System.err( 4905): 	at android.os.Handler.dispatchMessage(Handler.java:102)
03-19 22:47:50.360 W/System.err( 4905): 	at android.os.Looper.loop(Looper.java:148)
03-19 22:47:50.360 W/System.err( 4905): 	at android.os.HandlerThread.run(HandlerThread.java:61)
03-19 22:47:50.366 W/System.err( 4905): Commons.readAssetsFileLineString :cn2错误
03-19 22:47:50.376 I/RongLog ( 4905): [ RongIMClient ] RongIMClient
03-19 22:47:50.382 W/Settings( 4905): Setting android_id has moved from android.provider.Settings.System to android.provider.Settings.Secure, returning read-only value.
03-19 22:47:50.395 D/RongLog ( 4905): [ RongIMClient ] init : com.cmcm.live, com.cmcm.live
03-19 22:47:50.433 I/base_log( 4905): [GCMLog][D]/ Is registered on server: true
03-19 22:47:50.447 I/ActivityManager(17992): Start proc 4955:com.cmcm.live:ipc/u0a278 for service com.cmcm.live/io.rong.imlib.ipc.RongService
03-19 22:47:50.552 I/System  ( 4905): Failed to destroy process 4974
03-19 22:47:50.554 I/base_log( 4905): [InitApplication][D]/ Version: 3.8.40 Device: Nexus 5 Time: 2018-03-19 22:47:50
03-19 22:47:50.563 W/Settings( 4955): Setting android_id has moved from android.provider.Settings.System to android.provider.Settings.Secure, returning read-only value.
03-19 22:47:50.567 I/ActivityManager(17992): Start proc 4981:io.rong.push/u0a278 for service com.cmcm.live/io.rong.push.PushService
03-19 22:47:50.586 I/base_log( 4905): [push_trivia][D]/ TriviaNotificationPresenter init isInit false
03-19 22:47:50.588 I/base_log( 4905): [push_trivia][D]/ TriviaNotificationPresenter loadData 
03-19 22:47:50.590 I/base_log( 4905): [push_trivia][D]/ loadData isShow = false workingDay =   weekend =   timezone = 0  showOnLive = false
03-19 22:47:50.591 I/System  ( 4905): android.system.ErrnoException: kill failed: ESRCH (No such process)
03-19 22:47:50.591 I/System  ( 4905): 	at libcore.io.Posix.kill(Native Method)
03-19 22:47:50.591 I/System  ( 4905): 	at libcore.io.ForwardingOs.kill(ForwardingOs.java:105)
03-19 22:47:50.591 I/System  ( 4905): 	at java.lang.ProcessManager$ProcessImpl.destroy(ProcessManager.java:260)
03-19 22:47:50.591 I/System  ( 4905): 	at com.kxsimon.push.common.utils.DeviceParams.a(DeviceParams.java:519)
03-19 22:47:50.591 I/System  ( 4905): 	at com.kxsimon.push.common.utils.DeviceParams.a(DeviceParams.java:3480)
03-19 22:47:50.591 I/System  ( 4905): 	at com.kxsimon.push.mipush.manager.MiPushManager.c(MiPushManager.java:111)
03-19 22:47:50.591 I/System  ( 4905): 	at com.kxsimon.push.common.utils.PushHelper$1.run(PushHelper.java:2051)
03-19 22:47:50.591 I/System  ( 4905): 	at java.util.concurrent.ThreadPoolExecutor.runWorker(ThreadPoolExecutor.java:1113)
03-19 22:47:50.591 I/System  ( 4905): 	at java.util.concurrent.ThreadPoolExecutor$Worker.run(ThreadPoolExecutor.java:588)
03-19 22:47:50.591 I/System  ( 4905): 	at java.lang.Thread.run(Thread.java:818)
03-19 22:47:50.605 I/base_log( 4905): [push_trivia][D]/ delayTimeMillis  55080000
03-19 22:47:50.606 I/base_log( 4905): [push_trivia][D]/ setAlarm code 10000 time 1521569150602 时间 Tue Mar 20 14:05:50 EDT 2018
03-19 22:47:50.607 I/base_log( 4905): [push_trivia][D]/ registerReceiver
03-19 22:47:50.613 I/cm.log.uipro( 4905): [JSLOG][D]/ start update local web.
03-19 22:47:50.635 W/CMRuntime( 4955): CMCDUMPER INITIALIZING ...
03-19 22:47:50.635 W/CMRuntime( 4955): CMCDUMPER INITIALIZE SUCCESSED!
03-19 22:47:50.637 I/cm.log.uipro( 4905): [JSLOG][D]/ finish update local web.
03-19 22:47:50.659 I/RongLog ( 4955): [ RongIMClient ] RongIMClient
03-19 22:47:50.670 D/RongLog ( 4955): [ RongIMClient ] init : com.cmcm.live:ipc, com.cmcm.live
03-19 22:47:50.672 E/RongLog ( 4955): [ RongIMClient ] SDK should init in main process.
03-19 22:47:50.675 D/RongLog ( 4955): [ RongService ] onCreate, pid=4955
03-19 22:47:50.676 D/RongLog ( 4955): [ RongService ] onBind, pid=4955
03-19 22:47:50.691 W/Settings( 4981): Setting android_id has moved from android.provider.Settings.System to android.provider.Settings.Secure, returning read-only value.
03-19 22:47:50.699 I/record_logger( 4905): ConnectionManager::connect stoken =gBepr2jhUsah3Og4BSXVhFPWqPhQ4mh0EEwlWK8imqS+Tbgpj97RkkD8wSVlMSBTeSBhA43e9jAEX+UiEC4OnEbXUmG+sPQBoeJoV6Zc0qg=
03-19 22:47:50.699 I/base_log( 4905): [ConnectionManager][D]/  mConnectState = 0
03-19 22:47:50.699 D/RongLog ( 4905): [ RongIMClient ] [connect] mLibHandler is null, connect waiting for bind service
03-19 22:47:50.700 I/base_log( 4905): [realConnect][D]/ java.lang.Throwable
03-19 22:47:50.700 I/base_log( 4905): 	at com.cmcm.letter.util.ConnectionManager.f(ConnectionManager.java:147)
03-19 22:47:50.700 I/base_log( 4905): 	at com.cmcm.letter.util.ConnectionManager.b(ConnectionManager.java:114)
03-19 22:47:50.700 I/base_log( 4905): 	at com.app.infoc.MainService.onCreate(MainService.java:80)
03-19 22:47:50.700 I/base_log( 4905): 	at android.app.ActivityThread.handleCreateService(ActivityThread.java:2877)
03-19 22:47:50.700 I/base_log( 4905): 	at android.app.ActivityThread.-wrap4(ActivityThread.java)
03-19 22:47:50.700 I/base_log( 4905): 	at android.app.ActivityThread$H.handleMessage(ActivityThread.java:1427)
03-19 22:47:50.700 I/base_log( 4905): 	at android.os.Handler.dispatchMessage(Handler.java:102)
03-19 22:47:50.700 I/base_log( 4905): 	at android.os.Looper.loop(Looper.java:148)
03-19 22:47:50.700 I/base_log( 4905): 	at android.app.ActivityThread.main(ActivityThread.java:5417)
03-19 22:47:50.700 I/base_log( 4905): 	at java.lang.reflect.Method.invoke(Native Method)
03-19 22:47:50.700 I/base_log( 4905): 	at com.android.internal.os.ZygoteInit$MethodAndArgsCaller.run(ZygoteInit.java:726)
03-19 22:47:50.700 I/base_log( 4905): 	at com.android.internal.os.ZygoteInit.main(ZygoteInit.java:616)
03-19 22:47:50.720 W/CMRuntime( 4981): CMCDUMPER INITIALIZING ...
03-19 22:47:50.720 W/CMRuntime( 4981): CMCDUMPER INITIALIZE SUCCESSED!
03-19 22:47:50.731 I/RongLog ( 4981): [ RongIMClient ] RongIMClient
03-19 22:47:50.750 D/RongLog ( 4981): [ RongIMClient ] init : io.rong.push, com.cmcm.live
03-19 22:47:50.752 E/RongLog ( 4981): [ RongIMClient ] SDK should init in main process.
03-19 22:47:50.756 D/RongLog ( 4955): [ RongLog ] RLog start upload log file.
03-19 22:47:50.766 W/System  ( 4955): Ignoring header RC-User-Token because its value was null.
03-19 22:47:50.770 W/System.err( 4981): java.io.FileNotFoundException: armeabi-v7a/push_daemon
03-19 22:47:50.770 W/System.err( 4981): 	at android.content.res.AssetManager.openAsset(Native Method)
03-19 22:47:50.770 W/System.err( 4981): 	at android.content.res.AssetManager.open(AssetManager.java:313)
03-19 22:47:50.770 W/System.err( 4981): 	at android.content.res.AssetManager.open(AssetManager.java:287)
03-19 22:47:50.770 W/System.err( 4981): 	at io.rong.push.core.PushDaemon.copyAssets(PushDaemon.java:105)
03-19 22:47:50.770 W/System.err( 4981): 	at io.rong.push.core.PushDaemon.installDaemon(PushDaemon.java:35)
03-19 22:47:50.770 W/System.err( 4981): 	at io.rong.push.core.PushDaemon.access$100(PushDaemon.java:22)
03-19 22:47:50.770 W/System.err( 4981): 	at io.rong.push.core.PushDaemon$1.run(PushDaemon.java:75)
03-19 22:47:50.770 W/System.err( 4981): 	at java.lang.Thread.run(Thread.java:818)
03-19 22:47:50.771 V/default_launcher(16909): checking defaut launcher....
03-19 22:47:50.773 I/base_log( 4905): [web_socket]/ NetworkType : 1, ScreenOn : true,  init
03-19 22:47:50.780 I/base_log( 4905): [BugReport]/ mainCode : 2001, subCode : 116, reportInfo : web_socket NetworkType : 1, ScreenOn : true,  load local token success
03-19 22:47:50.796 D/J4A     ( 4905): J4ALoader: OK: 'android.os.Build$VERSION' loaded
03-19 22:47:50.796 D/J4A     ( 4905): J4ALoader: OK: 'android.os.Build' loaded
03-19 22:47:50.796 D/J4A     ( 4905): J4ALoader: OK: 'java.nio.Buffer' loaded
03-19 22:47:50.796 D/J4A     ( 4905): J4ALoader: OK: 'java.nio.ByteBuffer' loaded
03-19 22:47:50.796 D/J4A     ( 4905): J4ALoader: OK: 'java.util.ArrayList' loaded
03-19 22:47:50.797 I/J4A     ( 4905): API-Level: 23
03-19 22:47:50.797 D/J4A     ( 4905): J4ALoader: OK: 'android.media.AudioTrack' loaded
03-19 22:47:50.797 D/J4A     ( 4905): J4ALoader: OK: 'android.media.MediaCodec$BufferInfo' loaded
03-19 22:47:50.797 D/J4A     ( 4905): J4ALoader: OK: 'android.media.MediaCodec' loaded
03-19 22:47:50.798 D/J4A     ( 4905): J4ALoader: OK: 'android.media.MediaFormat' loaded
03-19 22:47:50.798 D/J4A     ( 4905): J4ALoader: OK: 'android.media.PlaybackParams' loaded
03-19 22:47:50.798 D/J4A     ( 4905): J4ALoader: OK: 'android.os.Bundle' loaded
03-19 22:47:50.799 D/J4A     ( 4905): J4ALoader: OK: 'tv.danmaku.ijk.media.player.misc.IMediaDataSource' loaded
03-19 22:47:50.799 D/J4A     ( 4905): J4ALoader: OK: 'tv.danmaku.ijk.media.player.misc.IAndroidIO' loaded
03-19 22:47:50.799 D/J4A     ( 4905): J4ALoader: OK: 'tv.danmaku.ijk.media.player.IjkMediaPlayer' loaded
03-19 22:47:50.800 D/WifiService(17992): New client listening to asynchronous messages
03-19 22:47:50.801 W/Settings( 4905): Setting android_id has moved from android.provider.Settings.System to android.provider.Settings.Secure, returning read-only value.
03-19 22:47:50.811 I/base_log( 4905): [BugReport]/ mainCode : 2001, subCode : 122, reportInfo : web_socket NetworkType : 1, ScreenOn : true,  start queryWebSocketConfig, url : http://jnav.live.ksmobile.net/get?vercode=38401915&ptvn=2&countryCode=US&api=23&channelid=200001&mcc=0&ver=3.8.40&os=android&cl=en&model=Nexus+5&cn2=
03-19 22:47:50.832 D/CMRuntime( 4905): CMIMNetwork Initializing ...
03-19 22:47:50.832 D/CMRuntime( 4905): CMIMNetwork Initialized!
03-19 22:47:50.845 D/RongLog ( 4905): [ RongIMClient ] onServiceConnected mConnectionStatus = DISCONNECTED
03-19 22:47:50.853 I/RongLog ( 4905): [ ModuleManager ] init
03-19 22:47:50.854 I/RongLog ( 4905): [ ModuleManager ] Can not find RongCallClient module.
03-19 22:47:50.856 I/RongLog ( 4905): [ RealTimeLocationManager ] init false
03-19 22:47:50.862 W/ResourceType( 4905): No package identifier when getting value for resource number 0x00000000
03-19 22:47:50.863 W/ResourceType( 4905): Invalid package identifier when getting bag for resource number 0x00000000
03-19 22:47:50.864 I/RongLog ( 4955): [ LibHandlerStub ] registerMessageType io.rong.imlib.location.message.RealTimeLocationStartMessage
03-19 22:47:50.870 I/RongLog ( 4955): [ LibHandlerStub ] registerMessageType io.rong.imlib.location.message.RealTimeLocationJoinMessage
03-19 22:47:50.871 I/RongLog ( 4955): [ NativeClient ] registerCmdMsgType RC:RLJoin
03-19 22:47:50.872 I/RongLog ( 4955): [ LibHandlerStub ] registerMessageType io.rong.imlib.location.message.RealTimeLocationQuitMessage
03-19 22:47:50.873 I/RongLog ( 4955): [ NativeClient ] registerCmdMsgType RC:RLQuit
03-19 22:47:50.877 I/RongLog ( 4955): [ LibHandlerStub ] registerMessageType io.rong.imlib.location.message.RealTimeLocationStatusMessage
03-19 22:47:50.878 I/RongLog ( 4955): [ NativeClient ] registerCmdMsgType RC:RL
03-19 22:47:50.878 D/IJKMEDIA( 4905): IjkMediaPlayer_native_setLogLevel(3)
03-19 22:47:50.878 D/IJKMEDIA( 4905): moncleanup
03-19 22:47:50.879 I/RongLog ( 4905): [ CustomServiceManager ] init false
03-19 22:47:50.882 I/RongLog ( 4955): [ LibHandlerStub ] registerMessageType io.rong.message.CSHandShakeMessage
03-19 22:47:50.883 I/RongLog ( 4955): [ NativeClient ] registerCmdMsgType RC:CsHs
03-19 22:47:50.884 I/RongLog ( 4955): [ LibHandlerStub ] registerMessageType io.rong.message.CSHandShakeResponseMessage
03-19 22:47:50.884 I/RongLog ( 4955): [ NativeClient ] registerCmdMsgType RC:CsHsR
03-19 22:47:50.885 I/RongLog ( 4955): [ LibHandlerStub ] registerMessageType io.rong.message.CSChangeModeMessage
03-19 22:47:50.885 I/RongLog ( 4955): [ NativeClient ] registerCmdMsgType RC:CsCha
03-19 22:47:50.886 I/RongLog ( 4955): [ LibHandlerStub ] registerMessageType io.rong.message.CSChangeModeResponseMessage
03-19 22:47:50.887 I/RongLog ( 4955): [ NativeClient ] registerCmdMsgType RC:CsChaR
03-19 22:47:50.887 I/RongLog ( 4955): [ LibHandlerStub ] registerMessageType io.rong.message.CSSuspendMessage
03-19 22:47:50.888 I/RongLog ( 4955): [ NativeClient ] registerCmdMsgType RC:CsSp
03-19 22:47:50.888 I/RongLog ( 4955): [ LibHandlerStub ] registerMessageType io.rong.message.CSTerminateMessage
03-19 22:47:50.889 I/RongLog ( 4955): [ NativeClient ] registerCmdMsgType RC:CsEnd
03-19 22:47:50.889 I/RongLog ( 4955): [ LibHandlerStub ] registerMessageType io.rong.message.CSEvaluateMessage
03-19 22:47:50.890 I/RongLog ( 4955): [ NativeClient ] registerCmdMsgType RC:CsEva
03-19 22:47:50.890 I/RongLog ( 4955): [ LibHandlerStub ] registerMessageType io.rong.message.CSUpdateMessage
03-19 22:47:50.891 I/RongLog ( 4955): [ NativeClient ] registerCmdMsgType RC:CsUpdate
03-19 22:47:50.892 I/RongLog ( 4955): [ LibHandlerStub ] registerMessageType io.rong.message.CSPullEvaluateMessage
03-19 22:47:50.892 I/RongLog ( 4955): [ NativeClient ] registerCmdMsgType RC:CsPullEva
03-19 22:47:50.893 W/KInfoc  ( 4905): The data section count is not equal! table:kewl_bug_probe, count in format:3, count in data:5.
03-19 22:47:50.893 I/RongLog ( 4955): [ LibHandlerStub ] registerMessageType io.rong.message.CSPullLeaveMessage
03-19 22:47:50.893 I/RongLog ( 4955): [ NativeClient ] registerCmdMsgType RC:CsPLM
03-19 22:47:50.894 I/RongLog ( 4955): [ LibHandlerStub ] registerMessageType io.rong.message.CSLeaveMessage
03-19 22:47:50.895 I/RongLog ( 4955): [ NativeClient ] registerCmdMsgType RC:CsLM
03-19 22:47:50.895 I/RongLog ( 4905): [ RongIMClient ] initMessageReceiver
03-19 22:47:50.896 W/KInfoc  ( 4905): The data section count is not equal! table:kewl_bug_probe, count in format:3, count in data:5.
03-19 22:47:50.906 I/RongLog ( 4955): [ LibHandlerStub ] registerMessageType io.rong.message.TextMessage
03-19 22:47:50.907 I/RongLog ( 4955): [ LibHandlerStub ] registerMessageType io.rong.message.VoiceMessage
03-19 22:47:50.908 I/RongLog ( 4955): [ LibHandlerStub ] registerMessageType io.rong.message.ImageMessage
03-19 22:47:50.914 I/RongLog ( 4955): [ LibHandlerStub ] registerMessageType io.rong.message.LocationMessage
03-19 22:47:50.915 I/RongLog ( 4955): [ LibHandlerStub ] registerMessageType io.rong.message.CommandNotificationMessage
03-19 22:47:50.915 I/RongLog ( 4955): [ LibHandlerStub ] registerMessageType io.rong.message.ContactNotificationMessage
03-19 22:47:50.916 I/RongLog ( 4955): [ LibHandlerStub ] registerMessageType io.rong.message.RichContentMessage
03-19 22:47:50.917 I/RongLog ( 4955): [ LibHandlerStub ] registerMessageType io.rong.message.PublicServiceMultiRichContentMessage
03-19 22:47:50.918 I/RongLog ( 4955): [ LibHandlerStub ] registerMessageType io.rong.message.PublicServiceRichContentMessage
03-19 22:47:50.919 I/RongLog ( 4955): [ LibHandlerStub ] registerMessageType io.rong.message.PublicServiceCommandMessage
03-19 22:47:50.919 I/RongLog ( 4955): [ LibHandlerStub ] registerMessageType io.rong.message.ProfileNotificationMessage
03-19 22:47:50.920 I/RongLog ( 4955): [ LibHandlerStub ] registerMessageType io.rong.message.HandshakeMessage
03-19 22:47:50.921 I/RongLog ( 4955): [ LibHandlerStub ] registerMessageType io.rong.message.InformationNotificationMessage
03-19 22:47:50.922 I/RongLog ( 4955): [ LibHandlerStub ] registerMessageType io.rong.message.DiscussionNotificationMessage
03-19 22:47:50.922 I/RongLog ( 4955): [ LibHandlerStub ] registerMessageType io.rong.message.SuspendMessage
03-19 22:47:50.923 I/RongLog ( 4955): [ LibHandlerStub ] registerMessageType io.rong.message.ReadReceiptMessage
03-19 22:47:50.924 I/RongLog ( 4955): [ LibHandlerStub ] registerMessageType io.rong.message.CommandMessage
03-19 22:47:50.925 I/RongLog ( 4955): [ LibHandlerStub ] registerMessageType io.rong.imlib.TypingMessage.TypingStatusMessage
03-19 22:47:50.926 I/RongLog ( 4955): [ LibHandlerStub ] registerMessageType io.rong.message.RecallCommandMessage
03-19 22:47:50.927 I/RongLog ( 4955): [ LibHandlerStub ] registerMessageType io.rong.message.RecallNotificationMessage
03-19 22:47:50.928 I/RongLog ( 4955): [ LibHandlerStub ] registerMessageType io.rong.message.ReadReceiptRequestMessage
03-19 22:47:50.928 I/RongLog ( 4955): [ LibHandlerStub ] registerMessageType io.rong.message.ReadReceiptResponseMessage
03-19 22:47:50.929 I/RongLog ( 4955): [ LibHandlerStub ] registerMessageType io.rong.message.SyncReadStatusMessage
03-19 22:47:50.930 I/RongLog ( 4955): [ LibHandlerStub ] registerMessageType io.rong.message.GroupNotificationMessage
03-19 22:47:50.930 I/RongLog ( 4955): [ LibHandlerStub ] registerMessageType io.rong.message.FileMessage
03-19 22:47:50.931 I/RongLog ( 4955): [ LibHandlerStub ] registerMessageType com.kxsimon.cmvideo.chat.msgcontent.AdminForbidMsgContent
03-19 22:47:50.933 I/RongLog ( 4955): [ LibHandlerStub ] registerMessageType com.kxsimon.cmvideo.chat.msgcontent.AnchorLeaveMsgContent
03-19 22:47:50.933 I/RongLog ( 4955): [ LibHandlerStub ] registerMessageType com.kxsimon.cmvideo.chat.msgcontent.AnnounceMsgContent
03-19 22:47:50.934 I/RongLog ( 4955): [ LibHandlerStub ] registerMessageType com.kxsimon.cmvideo.chat.msgcontent.BonusMsgContent
03-19 22:47:50.934 I/RongLog ( 4955): [ LibHandlerStub ] registerMessageType com.kxsimon.cmvideo.chat.msgcontent.BulletinMsgContent
03-19 22:47:50.935 I/RongLog ( 4955): [ LibHandlerStub ] registerMessageType com.kxsimon.cmvideo.chat.msgcontent.BulletinShopMsgContent
03-19 22:47:50.936 I/RongLog ( 4955): [ LibHandlerStub ] registerMessageType com.kxsimon.cmvideo.chat.msgcontent.GuessChangedMsgContent
03-19 22:47:50.936 I/RongLog ( 4955): [ LibHandlerStub ] registerMessageType com.kxsimon.cmvideo.chat.msgcontent.GuessSuccessMsgContent
03-19 22:47:50.937 I/RongLog ( 4955): [ LibHandlerStub ] registerMessageType com.cmcm.user.hostTag.InteractHostTagContent
03-19 22:47:50.938 I/RongLog ( 4955): [ LibHandlerStub ] registerMessageType com.kxsimon.cmvideo.chat.msgcontent.DanmakuMsgContent
03-19 22:47:50.938 I/RongLog ( 4955): [ LibHandlerStub ] registerMessageType com.kxsimon.cmvideo.chat.msgcontent.DiamondGameMsgContent
03-19 22:47:50.939 I/RongLog ( 4955): [ LibHandlerStub ] registerMessageType com.kxsimon.cmvideo.chat.msgcontent.DiamondGameRecommendMsgContent
03-19 22:47:50.939 I/RongLog ( 4955): [ LibHandlerStub ] registerMessageType com.kxsimon.cmvideo.chat.msgcontent.FollowActressMsgContent
03-19 22:47:50.940 I/RongLog ( 4955): [ LibHandlerStub ] registerMessageType com.kxsimon.cmvideo.chat.msgcontent.ForbidSpeakMsgContent
03-19 22:47:50.940 I/RongLog ( 4955): [ LibHandlerStub ] registerMessageType com.kxsimon.cmvideo.chat.msgcontent.GiftRankGameMsgContent
03-19 22:47:50.941 I/RongLog ( 4955): [ LibHandlerStub ] registerMessageType com.kxsimon.cmvideo.chat.msgcontent.GiftMsgContent
03-19 22:47:50.942 I/RongLog ( 4955): [ LibHandlerStub ] registerMessageType com.kxsimon.cmvideo.chat.msgcontent.GiftsFallMsgContent
03-19 22:47:50.942 I/RongLog ( 4955): [ LibHandlerStub ] registerMessageType com.kxsimon.cmvideo.chat.msgcontent.GlobalForbidMsgContent
03-19 22:47:50.943 I/RongLog ( 4955): [ LibHandlerStub ] registerMessageType com.kxsimon.cmvideo.chat.msgcontent.GroupLiveApplyCancelMsgContent
03-19 22:47:50.943 I/RongLog ( 4955): [ LibHandlerStub ] registerMessageType com.cmcm.letter.message.rong.notification.InviteJoinGroupResultMsgContent
03-19 22:47:50.944 I/RongLog ( 4955): [ LibHandlerStub ] registerMessageType com.cmcm.letter.message.rong.notification.InviteJoinGroupMsgContent
03-19 22:47:50.945 I/RongLog ( 4955): [ LibHandlerStub ] registerMessageType com.cmcm.letter.message.rong.notification.RequestJoinGroupResultMsgContent
03-19 22:47:50.945 I/RongLog ( 4955): [ LibHandlerStub ] registerMessageType com.cmcm.letter.message.rong.notification.RequestJoinGroupMsgContent
03-19 22:47:50.946 I/RongLog ( 4955): [ LibHandlerStub ] registerMessageType com.cmcm.letter.message.rong.notification.GroupInfoMsgContent
03-19 22:47:50.946 I/RongLog ( 4955): [ LibHandlerStub ] registerMessageType com.cmcm.letter.message.rong.notification.CreateGroupMsgContent
03-19 22:47:50.947 I/RongLog ( 4955): [ LibHandlerStub ] registerMessageType com.cmcm.letter.message.rong.notification.LeaveGroupMsgContent
03-19 22:47:50.948 I/RongLog ( 4955): [ LibHandlerStub ] registerMessageType com.cmcm.letter.message.rong.notification.DismissGroupMsgContent
03-19 22:47:50.948 I/RongLog ( 4955): [ LibHandlerStub ] registerMessageType com.cmcm.letter.message.rong.notification.GroupCardMsgContent
03-19 22:47:50.949 I/RongLog ( 4955): [ LibHandlerStub ] registerMessageType com.cmcm.letter.message.rong.notification.AdminManageMsgContent
03-19 22:47:50.950 I/RongLog ( 4955): [ LibHandlerStub ] registerMessageType com.kxsimon.cmvideo.chat.msgcontent.GuestCountMsgContent
03-19 22:47:50.950 I/RongLog ( 4955): [ LibHandlerStub ] registerMessageType com.kxsimon.cmvideo.chat.msgcontent.MaskGameGiftMsgContent
03-19 22:47:50.951 I/RongLog ( 4955): [ LibHandlerStub ] registerMessageType com.kxsimon.cmvideo.chat.msgcontent.MaskGameLockingMsgContent
03-19 22:47:50.952 I/RongLog ( 4955): [ LibHandlerStub ] registerMessageType com.kxsimon.cmvideo.chat.msgcontent.MaskGameMaskMsgContent
03-19 22:47:50.952 I/RongLog ( 4955): [ LibHandlerStub ] registerMessageType com.kxsimon.cmvideo.chat.msgcontent.MaskGameRefreshMsgContent
03-19 22:47:50.953 I/RongLog ( 4955): [ LibHandlerStub ] registerMessageType com.kxsimon.cmvideo.chat.msgcontent.MaskGameRewardMsgContent
03-19 22:47:50.954 I/RongLog ( 4955): [ LibHandlerStub ] registerMessageType com.kxsimon.cmvideo.chat.msgcontent.MaskGameStartMsgContent
03-19 22:47:50.954 I/RongLog ( 4955): [ LibHandlerStub ] registerMessageType com.kxsimon.cmvideo.chat.msgcontent.HotValueMsgContent
03-19 22:47:50.955 I/RongLog ( 4955): [ LibHandlerStub ] registerMessageType com.kxsimon.cmvideo.chat.msgcontent.Interact2MsgContent
03-19 22:47:50.956 I/RongLog ( 4955): [ LibHandlerStub ] registerMessageType com.kxsimon.cmvideo.chat.msgcontent.InteractEndMsgContent
03-19 22:47:50.956 I/RongLog ( 4955): [ LibHandlerStub ] registerMessageType com.kxsimon.cmvideo.chat.msgcontent.InteractEndUserMsgContent
03-19 22:47:50.957 I/RongLog ( 4955): [ LibHandlerStub ] registerMessageType com.kxsimon.cmvideo.chat.msgcontent.InteractEntryMsgContent
03-19 22:47:50.958 I/RongLog ( 4955): [ LibHandlerStub ] registerMessageType com.kxsimon.cmvideo.chat.msgcontent.InteractMsgContent
03-19 22:47:50.958 I/RongLog ( 4955): [ LibHandlerStub ] registerMessageType com.kxsimon.cmvideo.chat.msgcontent.InteractPreviewMsgContent
03-19 22:47:50.959 I/RongLog ( 4955): [ LibHandlerStub ] registerMessageType com.kxsimon.cmvideo.chat.msgcontent.InteractSuccessMsgContent
03-19 22:47:50.960 I/RongLog ( 4955): [ LibHandlerStub ] registerMessageType com.kxsimon.cmvideo.chat.msgcontent.InteractSuccessResendMsgContent
03-19 22:47:50.961 I/RongLog ( 4955): [ LibHandlerStub ] registerMessageType com.kxsimon.cmvideo.chat.msgcontent.InteractSwitch2MsgContent
03-19 22:47:50.962 I/RongLog ( 4955): [ LibHandlerStub ] registerMessageType com.kxsimon.cmvideo.chat.msgcontent.InteractSwitchMsgContent
03-19 22:47:50.963 I/RongLog ( 4955): [ LibHandlerStub ] registerMessageType com.kxsimon.cmvideo.chat.msgcontent.JoinChatroomMsgContent
03-19 22:47:50.963 I/RongLog ( 4955): [ LibHandlerStub ] registerMessageType com.kxsimon.cmvideo.chat.msgcontent.LeaveChatroomMsgContent
03-19 22:47:50.964 I/RongLog ( 4955): [ LibHandlerStub ] registerMessageType com.cmcm.letter.message.rong.GroupTxtMsgContent
03-19 22:47:50.964 I/RongLog ( 4955): [ LibHandlerStub ] registerMessageType com.cmcm.letter.message.rong.LetterTxtMsgContent
03-19 22:47:50.965 D/audio_hw_primary(17775): out_set_parameters: enter: usecase(1: low-latency-playback) kvpairs: routing=2
03-19 22:47:50.965 I/RongLog ( 4955): [ LibHandlerStub ] registerMessageType com.cmcm.letter.message.rong.LetterSysMsgContent
03-19 22:47:50.965 I/RongLog ( 4955): [ LibHandlerStub ] registerMessageType com.kxsimon.cmvideo.chat.msgcontent.LevelUpMsgContent
03-19 22:47:50.966 I/RongLog ( 4955): [ LibHandlerStub ] registerMessageType com.kxsimon.cmvideo.chat.msgcontent.EatGameStatusMsgContent
03-19 22:47:50.967 I/RongLog ( 4955): [ LibHandlerStub ] registerMessageType com.kxsimon.cmvideo.chat.msgcontent.GameGuessMsgContent
03-19 22:47:50.967 I/RongLog ( 4955): [ LibHandlerStub ] registerMessageType com.kxsimon.cmvideo.chat.msgcontent.LiveShareDoneUVMsgContent
03-19 22:47:50.968 I/RongLog ( 4955): [ LibHandlerStub ] registerMessageType com.kxsimon.cmvideo.chat.msgcontent.LiveShowMsgContent
03-19 22:47:50.968 I/RongLog ( 4955): [ LibHandlerStub ] registerMessageType com.kxsimon.cmvideo.chat.msgcontent.LiveShowStarMsgContent
03-19 22:47:50.969 I/RongLog ( 4955): [ LibHandlerStub ] registerMessageType com.kxsimon.cmvideo.chat.msgcontent.LiveStatMsgContent
03-19 22:47:50.969 I/RongLog ( 4955): [ LibHandlerStub ] registerMessageType com.kxsimon.cmvideo.chat.msgcontent.LiveVideoStopMsgContent
03-19 22:47:50.970 I/RongLog ( 4955): [ LibHandlerStub ] registerMessageType com.kxsimon.cmvideo.chat.msgcontent.ManagerMsgContent
03-19 22:47:50.970 I/RongLog ( 4955): [ LibHandlerStub ] registerMessageType com.cmcm.match.message.msg.MtachFaildMsg
03-19 22:47:50.971 I/RongLog ( 4955): [ LibHandlerStub ] registerMessageType com.cmcm.match.message.msg.MatchActionMsg
03-19 22:47:50.972 I/RongLog ( 4955): [ LibHandlerStub ] registerMessageType com.cmcm.match.message.msg.MtachSuccessMsg
03-19 22:47:50.973 I/RongLog ( 4955): [ LibHandlerStub ] registerMessageType com.kxsimon.cmvideo.chat.msgcontent.GuardinMsgContent
03-19 22:47:50.973 I/RongLog ( 4955): [ LibHandlerStub ] registerMessageType com.kxsimon.cmvideo.chat.msgcontent.PraiseCountMsgContent
03-19 22:47:50.974 I/RongLog ( 4955): [ LibHandlerStub ] registerMessageType com.kxsimon.cmvideo.chat.msgcontent.PraiseMsgContent
03-19 22:47:50.975 I/RongLog ( 4955): [ LibHandlerStub ] registerMessageType com.kxsimon.cmvideo.chat.msgcontent.PromoteProductMsgContent
03-19 22:47:50.975 I/RongLog ( 4955): [ LibHandlerStub ] registerMessageType com.kxsimon.cmvideo.chat.msgcontent.RankAnimationMsgContent
03-19 22:47:50.976 I/RongLog ( 4955): [ LibHandlerStub ] registerMessageType com.kxsimon.cmvideo.chat.msgcontent.RankRefreshMsgContent
03-19 22:47:50.977 I/RongLog ( 4955): [ LibHandlerStub ] registerMessageType com.kxsimon.cmvideo.chat.msgcontent.ShareVideoMsgContent
03-19 22:47:50.977 I/RongLog ( 4955): [ LibHandlerStub ] registerMessageType com.kxsimon.cmvideo.chat.msgcontent.VidSucMsgContent
03-19 22:47:50.978 I/RongLog ( 4955): [ LibHandlerStub ] registerMessageType com.kxsimon.cmvideo.chat.myvoice.StarJoinChatroomBean
03-19 22:47:50.978 I/RongLog ( 4955): [ LibHandlerStub ] registerMessageType com.kxsimon.cmvideo.chat.msgcontent.StarMsgContent
03-19 22:47:50.979 I/RongLog ( 4955): [ LibHandlerStub ] registerMessageType com.kxsimon.cmvideo.chat.msgcontent.VoiceLiveThroughPopContent
03-19 22:47:50.979 I/RongLog ( 4955): [ LibHandlerStub ] registerMessageType com.kxsimon.cmvideo.chat.msgcontent.SystemMsgContent
03-19 22:47:50.980 I/RongLog ( 4955): [ LibHandlerStub ] registerMessageType com.kxsimon.cmvideo.chat.msgcontent.BonusTaskMsgContent
03-19 22:47:50.980 I/RongLog ( 4955): [ LibHandlerStub ] registerMessageType com.kxsimon.cmvideo.chat.msgcontent.LevelTempletStartMsgContent
03-19 22:47:50.981 I/RongLog ( 4955): [ LibHandlerStub ] registerMessageType com.kxsimon.cmvideo.chat.msgcontent.LevelTempletGiftMsgContent
03-19 22:47:50.982 I/RongLog ( 4955): [ LibHandlerStub ] registerMessageType com.cmcm.game.TempletRewardMsgContent
03-19 22:47:50.982 I/RongLog ( 4955): [ LibHandlerStub ] registerMessageType com.kxsimon.cmvideo.chat.msgcontent.LevelTempletStarRefreshMsgContent
03-19 22:47:50.983 I/RongLog ( 4955): [ LibHandlerStub ] registerMessageType com.kxsimon.cmvideo.chat.msgcontent.TopFansRankMsgContent
03-19 22:47:50.983 I/RongLog ( 4955): [ LibHandlerStub ] registerMessageType com.kxsimon.cmvideo.chat.msgcontent.WarAnimMsgContent
03-19 22:47:50.984 I/RongLog ( 4955): [ LibHandlerStub ] registerMessageType com.kxsimon.cmvideo.chat.msgcontent.WarGiftMsgContent
03-19 22:47:50.985 I/RongLog ( 4955): [ LibHandlerStub ] registerMessageType com.kxsimon.cmvideo.chat.msgcontent.WarRefreshMsgContent
03-19 22:47:50.985 I/RongLog ( 4955): [ LibHandlerStub ] registerMessageType com.kxsimon.cmvideo.chat.msgcontent.ActressAskFollowerMsgContent
03-19 22:47:50.986 I/RongLog ( 4955): [ LibHandlerStub ] registerMessageType com.kxsimon.cmvideo.chat.msgcontent.ChatConfigMsgContent
03-19 22:47:50.986 I/RongLog ( 4955): [ LibHandlerStub ] registerMessageType com.kxsimon.cmvideo.chat.msgcontent.ChatMultiMediaMsgContent
03-19 22:47:50.987 I/RongLog ( 4955): [ LibHandlerStub ] registerMessageType com.kxsimon.cmvideo.chat.msgcontent.GhostGameStartMsg
03-19 22:47:50.987 I/RongLog ( 4955): [ LibHandlerStub ] registerMessageType com.kxsimon.cmvideo.chat.msgcontent.EatGameRecommendMsgContent
03-19 22:47:50.988 I/RongLog ( 4955): [ LibHandlerStub ] registerMessageType com.kxsimon.cmvideo.chat.msgcontent.LiveTipsMsgContent
03-19 22:47:50.988 I/RongLog ( 4955): [ LibHandlerStub ] registerMessageType com.kxsimon.cmvideo.chat.msgcontent.TempletGameStartMsgContent
03-19 22:47:50.989 I/RongLog ( 4955): [ LibHandlerStub ] registerMessageType com.kxsimon.cmvideo.chat.msgcontent.PlanetGameStartMsgContent
03-19 22:47:50.989 I/RongLog ( 4955): [ LibHandlerStub ] registerMessageType com.kxsimon.cmvideo.chat.msgcontent.PlanetGiftMsgContent
03-19 22:47:50.990 I/RongLog ( 4955): [ LibHandlerStub ] registerMessageType com.kxsimon.cmvideo.chat.msgcontent.PlanetStarRefreshMsgContent
03-19 22:47:50.990 I/RongLog ( 4955): [ LibHandlerStub ] registerMessageType com.kxsimon.cmvideo.chat.msgcontent.UnFollowActressMsgContent
03-19 22:47:50.991 I/RongLog ( 4955): [ LibHandlerStub ] registerMessageType com.cmcm.game.trivia.message.TriviaGameNextQuestionContent
03-19 22:47:50.992 I/RongLog ( 4955): [ LibHandlerStub ] registerMessageType com.cmcm.game.trivia.message.TriviaGameQuestionPublishContent
03-19 22:47:50.992 I/RongLog ( 4955): [ LibHandlerStub ] registerMessageType com.kxsimon.cmvideo.chat.msgcontent.GiftWorldMsgContent
03-19 22:47:50.993 I/RongLog ( 4955): [ LibHandlerStub ] registerMessageType com.cmcm.user.bag.message.BagProduceInvalidMsg
03-19 22:47:50.994 I/RongLog ( 4955): [ LibHandlerStub ] registerMessageType com.cmcm.game.trivia.message.TriviaUserInviteContent
03-19 22:47:50.994 I/RongLog ( 4955): [ LibHandlerStub ] registerMessageType com.cmcm.game.trivia.message.TriviaGameEndContent
03-19 22:47:50.995 I/RongLog ( 4955): [ LibHandlerStub ] registerMessageType com.kxsimon.cmvideo.chat.msgcontent.AnchorLevelUpMsgContent
03-19 22:47:50.995 I/RongLog ( 4955): [ LibHandlerStub ] registerMessageType com.kxsimon.cmvideo.chat.msgcontent.ChargePrizeMsgContent
03-19 22:47:50.996 I/RongLog ( 4955): [ LibHandlerStub ] registerMessageType com.kxsimon.cmvideo.chat.msgcontent.CardGiftMsgContent
03-19 22:47:50.997 I/RongLog ( 4955): [ LibHandlerStub ] registerMessageType com.kxsimon.cmvideo.chat.msgcontent.CardChestMsgContent
03-19 22:47:50.997 I/RongLog ( 4955): [ LibHandlerStub ] registerMessageType com.kxsimon.cmvideo.chat.msgcontent.LiveStarEndMsgContent
03-19 22:47:50.998 I/RongLog ( 4955): [ LibHandlerStub ] registerMessageType com.cmcm.game.catchdoll.msg.CatchDollRankChangeContent
03-19 22:47:50.998 I/RongLog ( 4955): [ LibHandlerStub ] registerMessageType com.cmcm.game.catchdoll.msg.CatchDollResultMsg
03-19 22:47:50.999 I/RongLog ( 4955): [ LibHandlerStub ] registerMessageType com.cmcm.game.trivia.message.CatchDollPayCallBackContent
03-19 22:47:50.999 I/RongLog ( 4955): [ LibHandlerStub ] registerMessageType com.kxsimon.cmvideo.chat.msgcontent.RedPacketMsgContent
03-19 22:47:51.000 I/RongLog ( 4955): [ LibHandlerStub ] registerMessageType com.kxsimon.cmvideo.chat.msgcontent.LiveStarGiftMsgContent
03-19 22:47:51.000 I/RongLog ( 4955): [ LibHandlerStub ] registerMessageType com.kxsimon.cmvideo.chat.msgcontent.CouponMsgContent
03-19 22:47:51.001 I/RongLog ( 4955): [ LibHandlerStub ] registerMessageType com.kxsimon.cmvideo.chat.msgcontent.LiveStarStartMsgContent
03-19 22:47:51.001 I/RongLog ( 4955): [ LibHandlerStub ] registerMessageType com.kxsimon.cmvideo.chat.msgcontent.PokemonGiftMsgContent
03-19 22:47:51.002 I/RongLog ( 4955): [ LibHandlerStub ] registerMessageType com.kxsimon.cmvideo.chat.msgcontent.PokemonLvMsgContent
03-19 22:47:51.002 I/RongLog ( 4955): [ LibHandlerStub ] registerMessageType com.cmcm.game.trivia.message.TriviaFreeReviveContent
03-19 22:47:51.003 I/RongLog ( 4955): [ LibHandlerStub ] registerMessageType com.kxsimon.cmvideo.chat.vcall.sevencontrol.msg.InteractSwitchVcallMsgContent
03-19 22:47:51.004 I/RongLog ( 4955): [ LibHandlerStub ] registerMessageType com.kxsimon.cmvideo.chat.vcall.sevencontrol.msg.InteractSevenSuccessMsgContent
03-19 22:47:51.006 I/RongLog ( 4955): [ LibHandlerStub ] registerMessageType com.kxsimon.cmvideo.chat.vcall.sevencontrol.msg.InteractSevenApplyMsgContent
03-19 22:47:51.006 I/RongLog ( 4955): [ LibHandlerStub ] registerMessageType com.kxsimon.cmvideo.chat.vcall.sevencontrol.msg.InteractSevenEndUserMsgContent
03-19 22:47:51.007 I/RongLog ( 4955): [ LibHandlerStub ] registerMessageType com.kxsimon.cmvideo.chat.vcall.sevencontrol.msg.InteractSevenEndContent
03-19 22:47:51.008 I/RongLog ( 4955): [ LibHandlerStub ] registerMessageType com.kxsimon.cmvideo.chat.vcall.sevencontrol.msg.SevenLiveApplyCancelMsgContent
03-19 22:47:51.008 I/RongLog ( 4955): [ LibHandlerStub ] registerMessageType com.kxsimon.cmvideo.chat.vcall.sevencontrol.msg.SevenUserMuteMsgContent
03-19 22:47:51.009 I/RongLog ( 4955): [ LibHandlerStub ] registerMessageType com.cmcm.game.catchdoll.msg.InteractDollGameStartContent
03-19 22:47:51.010 I/RongLog ( 4955): [ LibHandlerStub ] registerMessageType com.cmcm.game.catchdoll.msg.InteractDollGameEndContent
03-19 22:47:51.010 I/RongLog ( 4955): [ LibHandlerStub ] registerMessageType com.kxsimon.cmvideo.chat.msgcontent.EasterMsgContent
03-19 22:47:51.011 I/RongLog ( 4955): [ NativeClient ] registerCmdMsgType RC:RRRspMsg
03-19 22:47:51.011 I/RongLog ( 4955): [ NativeClient ] registerCmdMsgType RC:RRReqMsg
03-19 22:47:51.012 I/RongLog ( 4955): [ NativeClient ] registerCmdMsgType RC:ReadNtf
03-19 22:47:51.012 I/RongLog ( 4955): [ NativeClient ] registerCmdMsgType RC:SRSMsg
03-19 22:47:51.012 I/RongLog ( 4955): [ NativeClient ] registerCmdMsgType RC:RcCmd
03-19 22:47:51.012 I/RongLog ( 4955): [ NativeClient ] registerCmdMsgType RC:TypSts
03-19 22:47:51.016 I/base_log( 4905): [BugReport]/ mainCode : 2001, subCode : 101, reportInfo : web_socket NetworkType : 1, ScreenOn : true,  NetworkReceiver to connect
03-19 22:47:51.018 W/KInfoc  ( 4905): The data section count is not equal! table:kewl_bug_probe, count in format:3, count in data:5.
03-19 22:47:51.019 I/base_log( 4905): [BugReport]/ mainCode : 2001, subCode : 125, reportInfo : web_socket NetworkType : 1, ScreenOn : true,  startCommQuery, from : 5
03-19 22:47:51.020 W/KInfoc  ( 4905): The data section count is not equal! table:kewl_bug_probe, count in format:3, count in data:5.
03-19 22:47:51.024 D/RongLog ( 4905): [ RongIMClient ] ConnectRunnable do connect!
03-19 22:47:51.025 D/RongLog ( 4905): [ RongIMClient ] onStatusChange : cur = DISCONNECTED, to = CONNECTING, retry = 0
03-19 22:47:51.026 I/record_logger( 4905): ChatRoomClient::onConnectionStatusChanged:Connecting
03-19 22:47:51.029 I/cm.log.uipro( 4905): [IM][D]/ RY Connect change: CONNECTING
03-19 22:47:51.029 D/RongLog ( 4905): [ RongIMClient ] [connect] connect
03-19 22:47:51.034 D/RongLog ( 4955): [ NavigationClient ] [connect] getCMPServerString appKey:e5t4ouvptfuma, token:gBepr2jhUsah3Og4BSXVhFPWqPhQ4mh0EEwlWK8imqS+Tbgpj97RkkD8wSVlMSBTeSBhA43e9jAEX+UiEC4OnEbXUmG+sPQBoeJoV6Zc0qg=
03-19 22:47:51.036 D/RongLog ( 4955): [ NavigationClient ] [connect] isCacheValid:true
03-19 22:47:51.037 D/RongLog ( 4955): [ NavigationClient ] [connect] cmp from cache:117.79.145.228:8005,52.35.111.246:443,52.35.111.246:8005
03-19 22:47:51.039 D/RongLog ( 4955): [ NativeClient ] [connect] addObserver onSuccess
03-19 22:47:51.040 D/RongLog ( 4955): [ NativeClient ] [connect] times = 1
03-19 22:47:51.040 D/RongLog ( 4905): [ ConnectChangeReceiver ] intent : Intent { act=android.net.conn.CONNECTIVITY_CHANGE flg=0x4000010 (has extras) }
03-19 22:47:51.041 D/RongLog ( 4905): [ ConnectChangeReceiver ] network : true true
03-19 22:47:51.042 D/RongLog ( 4955): [ NativeClient ] [connect] device info: LGE, Nexus 5, 23, 2.8.6, WIFI, 
03-19 22:47:51.043 D/RongLog ( 4955): [ NativeClient ] [connect] nativeObj.Connect cmp:117.79.145.228:8005
03-19 22:47:51.052 D/RongLog ( 4905): [ ReConnectService ] RECONNECT Intent { cmp=com.cmcm.live/io.rong.imlib.ReConnectService (has extras) }
03-19 22:47:51.052 D/RongLog ( 4905): [ RongIMClient ] [connect] reconnect mConnectionStatus :CONNECTING
03-19 22:47:51.054 E/RongLog ( 4905): [ RongIMClient ] [connect] client is connecting!
03-19 22:47:51.084 I/record_logger( 4905): onRCLogInfoOccurred:P-reason-C;;;tcp_connect;;;ip:117.79.145.228,port:8005
03-19 22:47:51.085 I/base_log( 4905): [onRCLogInfoOccurred:]/ P-reason-C;;;tcp_connect;;;ip:117.79.145.228,port:8005
03-19 22:47:51.256 E/point_info(16909): onSingleTapConfirmed
03-19 22:47:51.318 D/DiningRoom(16909): DiningRoom update
03-19 22:47:51.373 W/KInfoc  ( 4905): The data section count is not equal! table:kewl_bug_probe, count in format:3, count in data:5.
03-19 22:47:51.374 I/base_log( 4905): [BugReport]/ mainCode : 2001, subCode : 117, reportInfo : web_socket NetworkType : 1, ScreenOn : true,  queryWebSocketConfig success
03-19 22:47:51.375 W/KInfoc  ( 4905): The data section count is not equal! table:kewl_bug_probe, count in format:3, count in data:5.
03-19 22:47:51.376 I/base_log( 4905): [BugReport]/ mainCode : 2001, subCode : 106, reportInfo : web_socket NetworkType : 1, ScreenOn : true,  No.1 WebSocket connecting : ws://34.227.218.83:9161, retryCount : 0 , connecting source : ws_config
03-19 22:47:51.392 W/KInfoc  ( 4905): The data section count is not equal! table:kewl_bug_probe, count in format:3, count in data:5.
03-19 22:47:51.398 I/base_log( 4905): [BugReport]/ mainCode : 2001, subCode : 106, reportInfo : web_socket NetworkType : 1, ScreenOn : true,  No.0 WebSocket connecting : ws://34.227.218.83:9161, retryCount : 0 , connecting source : ws_config
03-19 22:47:51.415 I/record_logger( 4905): onRCLogInfoOccurred:P-reason-C;;;send_connect;;;connect
03-19 22:47:51.418 I/base_log( 4905): [onRCLogInfoOccurred:]/ P-reason-C;;;send_connect;;;connect
03-19 22:47:51.683 D/audio_hw_primary(17775): out_set_parameters: enter: usecase(1: low-latency-playback) kvpairs: routing=2
03-19 22:47:51.755 D/ConnectivityService(17992): notifyType CAP_CHANGED for NetworkAgentInfo [WIFI () - 101]
03-19 22:47:51.788 D/RongLog ( 4955): [ NativeClient ] [connect] operationComplete status:0
03-19 22:47:51.795 D/RongLog ( 4955): [ NativeClient ] [connect] tryConnect::onSuccess userId = 917877848378048512
03-19 22:47:51.800 D/RongLog ( 4955): [ WakeLockUtils ] startNextHeartbeat com.cmcm.live
03-19 22:47:51.810 D/RongLog ( 4905): [ RongIMClient ] [connect] callback onComplete
03-19 22:47:51.812 D/RongLog ( 4905): [ RongIMClient ] onStatusChange : cur = CONNECTING, to = CONNECTED, retry = 0
03-19 22:47:51.813 I/record_logger( 4905): ChatRoomClient::onConnectionStatusChanged:Connect Success.
03-19 22:47:51.816 I/cm.log.uipro( 4905): [IM][D]/ RY Connect change: CONNECTED
03-19 22:47:51.816 I/base_log( 4905): [ConnectEvent][D]/  connected success
03-19 22:47:51.818 D/RongLog ( 4905): [ RongIMClient ] reJoinChatRoom : trySize = 0
03-19 22:47:51.818 I/record_logger( 4905): ConnectionManager::connect to server success
03-19 22:47:51.820 I/base_log( 4905): [ConnectEvent][D]/  connected success
03-19 22:47:51.855 D/DynamitePackage(16909): Instantiating com.google.android.gms.ads.ChimeraAdLoaderBuilderCreatorImpl
03-19 22:47:51.863 I/Ads     (16909): Starting ad request.
03-19 22:47:51.863 I/Ads     (16909): Use AdRequest.Builder.addTestDevice("80CB0F9622AA0F3FEACB782AEFCCBA6C") to get test ads on this device.
03-19 22:47:51.863 I/Ads     (16909): Webview loading for native ads.
03-19 22:47:51.892 W/Ads     (16909): Not retrying to fetch app settings
03-19 22:47:52.000 E/point_info(16909): onSingleTapConfirmed
03-19 22:47:52.024 I/art     (18675): Background sticky concurrent mark sweep GC freed 37028(3MB) AllocSpace objects, 54(2MB) LOS objects, 14% free, 36MB/42MB, paused 6.140ms total 97.705ms
03-19 22:47:52.036 W/KInfoc  ( 4905): The data section count is not equal! table:kewl_bug_probe, count in format:3, count in data:5.
03-19 22:47:52.038 I/base_log( 4905): [BugReport]/ mainCode : 2001, subCode : 103, reportInfo : web_socket NetworkType : 1, ScreenOn : true,  No.0 WebSocket onOpen, Router : ws://34.227.218.83:9161, response : Response{protocol=http/1.1, code=101, message=Switching Protocols, url=http://34.227.218.83:9161/}
03-19 22:47:52.044 I/Ads     (16909): Javascript has loaded for native ads.
03-19 22:47:52.072 W/UnsafeUtil( 4905): platform method missing - proto runtime falling back to safer methods: java.lang.NoSuchMethodException: getByte [long]
03-19 22:47:52.072 W/UnsafeUtil( 4905): platform method missing - proto runtime falling back to safer methods: java.lang.NoSuchMethodException: getByte [class java.lang.Object, long]
03-19 22:47:52.109 I/art     (17992): Background partial concurrent mark sweep GC freed 29836(2MB) AllocSpace objects, 16(336KB) LOS objects, 31% free, 35MB/51MB, paused 1.662ms total 126.177ms
03-19 22:47:52.134 W/KInfoc  ( 4905): The data section count is not equal! table:kewl_bug_probe, count in format:3, count in data:5.
03-19 22:47:52.135 I/base_log( 4905): [BugReport]/ mainCode : 2001, subCode : 123, reportInfo : web_socket NetworkType : 1, ScreenOn : true,  No.0 sendRegisterMessage : header {
03-19 22:47:52.135 I/base_log( 4905):   version: 1
03-19 22:47:52.135 I/base_log( 4905):   sequence: 1
03-19 22:47:52.135 I/base_log( 4905):   type: kRegister
03-19 22:47:52.135 I/base_log( 4905):   register {
03-19 22:47:52.135 I/base_log( 4905):     userid: "917877848378048512"
03-19 22:47:52.135 I/base_log( 4905):     token: "hamie127b95bda6b7908659b4cedb8c8"
03-19 22:47:52.135 I/base_log( 4905):     appkey: "c1e980bb"
03-19 22:47:52.135 I/base_log( 4905):   }
03-19 22:47:52.135 I/base_log( 4905): }
03-19 22:47:52.135 I/base_log( 4905): body: "{\"version\":\"3.8.40\",\"plat\":\"android\",\"deviceId\":\"c9987370cfa065c5\",\"hb\":\"280\"}"
03-19 22:47:52.137 W/KInfoc  ( 4905): The data section count is not equal! table:kewl_bug_probe, count in format:3, count in data:5.
03-19 22:47:52.138 I/base_log( 4905): [BugReport]/ mainCode : 2001, subCode : 103, reportInfo : web_socket NetworkType : 1, ScreenOn : true,  No.1 WebSocket onOpen, Router : ws://34.227.218.83:9161, response : Response{protocol=http/1.1, code=101, message=Switching Protocols, url=http://34.227.218.83:9161/}
03-19 22:47:52.140 I/base_log( 4905): [BugReport]/ mainCode : 2001, subCode : 123, reportInfo : web_socket NetworkType : 1, ScreenOn : true,  No.1 sendRegisterMessage : header {
03-19 22:47:52.140 I/base_log( 4905):   version: 1
03-19 22:47:52.140 I/base_log( 4905):   sequence: 1
03-19 22:47:52.140 I/base_log( 4905):   type: kRegister
03-19 22:47:52.140 I/base_log( 4905):   register {
03-19 22:47:52.140 I/base_log( 4905):     userid: "917877848378048512"
03-19 22:47:52.140 I/base_log( 4905):     token: "hamie127b95bda6b7908659b4cedb8c8"
03-19 22:47:52.140 I/base_log( 4905):     appkey: "c1e980bb"
03-19 22:47:52.140 I/base_log( 4905):   }
03-19 22:47:52.140 I/base_log( 4905): }
03-19 22:47:52.140 I/base_log( 4905): body: "{\"version\":\"3.8.40\",\"plat\":\"android\",\"deviceId\":\"c9987370cfa065c5\",\"hb\":\"280\"}"
03-19 22:47:52.141 W/KInfoc  ( 4905): The data section count is not equal! table:kewl_bug_probe, count in format:3, count in data:5.
03-19 22:47:52.397 W/KInfoc  ( 4905): The data section count is not equal! table:kewl_bug_probe, count in format:3, count in data:5.
03-19 22:47:52.400 I/base_log( 4905): [BugReport]/ mainCode : 2001, subCode : 107, reportInfo : web_socket NetworkType : 1, ScreenOn : true,  No.0 register ok
03-19 22:47:52.408 I/base_log( 4905): [web_socket]/ NetworkType : 1, ScreenOn : true,  No.0 scheduleHeartBeat, heartbeat interval : 280
03-19 22:47:52.426 W/KInfoc  ( 4905): The data section count is not equal! table:kewl_bug_probe, count in format:3, count in data:5.
03-19 22:47:52.428 I/base_log( 4905): [BugReport]/ mainCode : 2001, subCode : 107, reportInfo : web_socket NetworkType : 1, ScreenOn : true,  No.1 register ok
03-19 22:47:52.432 I/base_log( 4905): [web_socket]/ NetworkType : 1, ScreenOn : true,  No.1 scheduleHeartBeat, heartbeat interval : 280
03-19 22:47:52.481 I/ActivityManager(17992): START u0 {flg=0x10000000 cmp=com.ksmobile.launcher/.wallpaper.PersonalizationActivity (has extras)} from uid 10282 on display 0
03-19 22:47:52.494 E/START_LAUNCHER(16909): Launcher onPause = 1521514072494  距离onResume的时间为 ： 16728
03-19 22:47:52.495 D/audio_hw_primary(17775): out_set_parameters: enter: usecase(1: low-latency-playback) kvpairs: routing=2
03-19 22:47:52.521 I/ActivityManager(17992): Start proc 5090:com.ksmobile.launcher:wallpaper/u0a282 for activity com.ksmobile.launcher/.wallpaper.PersonalizationActivity
03-19 22:47:52.529 D/AudioFlinger(17775): mixer(0xb4140000) throttle end: throttle time(7)
03-19 22:47:52.615 D/liuwei  ( 5090): adfasd attachBaseContext base =   android.app.ContextImpl@e99eec6
03-19 22:47:52.627 D/liuwei  ( 5090): adfasd attachBaseContext onCreate =   com.ksmobile.launcher.LauncherApplication@fee21b4
03-19 22:47:52.651 I/art     (16909): Background partial concurrent mark sweep GC freed 144624(6MB) AllocSpace objects, 84(20MB) LOS objects, 18% free, 68MB/84MB, paused 2.533ms total 123.270ms
03-19 22:47:52.687 W/Settings( 5090): Setting android_id has moved from android.provider.Settings.System to android.provider.Settings.Secure, returning read-only value.
03-19 22:47:52.718 W/Settings( 5090): Setting android_id has moved from android.provider.Settings.System to android.provider.Settings.Secure, returning read-only value.
03-19 22:47:52.768 I/Ads     (16909): Received log message: <Google:HTML> Cannot read property 'tracking_urls_and_actions' of undefined
03-19 22:47:52.767 W/Binder_3(  480): type=1400 audit(0.0:160200): avc: denied { ioctl } for path="socket:[5540746]" dev="sockfs" ino=5540746 ioctlcmd=7704 scontext=u:r:surfaceflinger:s0 tcontext=u:r:surfaceflinger:s0 tclass=unix_stream_socket permissive=0
03-19 22:47:52.767 W/Binder_3(  480): type=1400 audit(0.0:160201): avc: denied { ioctl } for path="socket:[5540746]" dev="sockfs" ino=5540746 ioctlcmd=7704 scontext=u:r:surfaceflinger:s0 tcontext=u:r:surfaceflinger:s0 tclass=unix_stream_socket permissive=0
03-19 22:47:52.845 W/Ads     (16909): Failed to load ad: 3
03-19 22:47:52.869 I/ActivityManager(17992): Start proc 5148:com.cmcm.live:QALSERVICE/u0a278 for service com.cmcm.live/com.tencent.qalsdk.service.QalService
03-19 22:47:52.867 W/Binder_D(19118): type=1400 audit(0.0:160202): avc: denied { ioctl } for path="socket:[5542082]" dev="sockfs" ino=5542082 ioctlcmd=7704 scontext=u:r:system_server:s0 tcontext=u:r:system_server:s0 tclass=unix_stream_socket permissive=0
